******************************************************************************
                  TI ARM Linker PC v16.9.7                     
******************************************************************************
>> Linked Fri Apr 06 16:16:06 2018

OUTPUT FILE NAME:   <temporalbehavior.out>
ENTRY POINT SYMBOL: "_c_int00"  address: 00001e79


MEMORY CONFIGURATION

         name            origin    length      used     unused   attr    fill
----------------------  --------  ---------  --------  --------  ----  --------
  FLASH                 00000000   00040000  00002450  0003dbb0  R  X
  SRAM                  20000000   00008000  0000048c  00007b74  RW X


SEGMENT ALLOCATION MAP

run origin  load origin   length   init length attrs members
----------  ----------- ---------- ----------- ----- -------
00000000    00000000    00002450   00002450    r-x
  00000000    00000000    0000026c   0000026c    r-- .intvecs
  0000026c    0000026c    00001d9c   00001d9c    r-x .text
  00002008    00002008    00000408   00000408    r-- .const
  00002410    00002410    00000040   00000040    r-- .cinit
20000000    20000000    0000048c   00000000    rw-
  20000000    20000000    0000026c   00000000    rw- .vtable
  2000026c    2000026c    00000200   00000000    rw- .stack
  2000046c    2000046c    00000020   00000000    rw- .data


SECTION ALLOCATION MAP

 output                                  attributes/
section   page    origin      length       input sections
--------  ----  ----------  ----------   ----------------
.intvecs   0    00000000    0000026c     
                  00000000    0000026c     tm4c123gh6pm_startup_ccs.obj (.intvecs)

.text      0    0000026c    00001d9c     
                  0000026c    00000f60     sysctl.obj (.text)
                  000011cc    00000656     timer.obj (.text)
                  00001822    00000002     rtsv7M4_T_le_v4SPD16_eabi.lib : mpu_init.obj (.text)
                  00001824    000003c0     interrupt.obj (.text)
                  00001be4    000000a4     main.obj (.text)
                  00001c88    0000009c     rtsv7M4_T_le_v4SPD16_eabi.lib : memcpy_t2.obj (.text)
                  00001d24    0000007a                                   : memset_t2.obj (.text)
                  00001d9e    00000002                                   : startup.obj (.text)
                  00001da0    00000070                                   : autoinit.obj (.text)
                  00001e10    00000068                                   : copy_decompress_lzss.obj (.text:decompress:lzss)
                  00001e78    00000054                                   : boot.obj (.text)
                  00001ecc    00000054                                   : exit.obj (.text)
                  00001f20    0000004c                                   : cpy_tbl.obj (.text)
                  00001f6c    0000003e     cpu.obj (.text)
                  00001faa    00000002     --HOLE-- [fill = 0]
                  00001fac    00000018     rtsv7M4_T_le_v4SPD16_eabi.lib : args_main.obj (.text)
                  00001fc4    00000014                                   : _lock.obj (.text)
                  00001fd8    0000000e                                   : copy_decompress_none.obj (.text:decompress:none)
                  00001fe6    0000000c                                   : copy_zero_init.obj (.text:decompress:ZI)
                  00001ff2    0000000c     tm4c123gh6pm_startup_ccs.obj (.text)
                  00001ffe    00000006     sysctl.obj (.text:SysCtlDelay)
                  00002004    00000004     rtsv7M4_T_le_v4SPD16_eabi.lib : pre_init.obj (.text)

.const     0    00002008    00000408     
                  00002008    000001b0     sysctl.obj (.const:g_pppui32XTALtoVCO)
                  000021b8    0000009c     interrupt.obj (.const:g_pui32Regs)
                  00002254    0000006c     sysctl.obj (.const:g_pui32Xtals)
                  000022c0    00000060     timer.obj (.const:g_ppui32TimerIntMap)
                  00002320    00000040     timer.obj (.const:g_ppui32TimerIntMapSnowflake)
                  00002360    00000030     sysctl.obj (.const:g_sXTALtoMEMTIM)
                  00002390    00000020     interrupt.obj (.const:g_pui32Priority)
                  000023b0    00000014     interrupt.obj (.const:g_pui32Dii16Regs)
                  000023c4    00000014     interrupt.obj (.const:g_pui32EnRegs)
                  000023d8    00000014     interrupt.obj (.const:g_pui32PendRegs)
                  000023ec    00000014     interrupt.obj (.const:g_pui32UnpendRegs)
                  00002400    00000008     sysctl.obj (.const:g_pui32VCOFrequencies)
                  00002408    00000008     timer.obj (.const)

.cinit     0    00002410    00000040     
                  00002410    00000015     (.cinit..data.load) [load image, compression = lzss]
                  00002425    00000003     --HOLE-- [fill = 0]
                  00002428    0000000c     (__TI_handler_table)
                  00002434    00000004     --HOLE-- [fill = 0]
                  00002438    00000008     (.cinit..vtable.load) [load image, compression = zero_init]
                  00002440    00000010     (__TI_cinit_table)

.init_array 
*          0    00000000    00000000     UNINITIALIZED

.vtable    0    20000000    0000026c     UNINITIALIZED
                  20000000    0000026c     interrupt.obj (.vtable)

.stack     0    2000026c    00000200     UNINITIALIZED
                  2000026c    00000200     --HOLE--

.data      0    2000046c    00000020     UNINITIALIZED
                  2000046c    0000000c     rtsv7M4_T_le_v4SPD16_eabi.lib : exit.obj (.data:$O1$$)
                  20000478    00000008                                   : _lock.obj (.data:$O1$$)
                  20000480    00000008     main.obj (.data)
                  20000488    00000004     rtsv7M4_T_le_v4SPD16_eabi.lib : stkdepth_vars.obj (.data)

MODULE SUMMARY

       Module                         code   ro data   rw data
       ------                         ----   -------   -------
    .\
       tm4c123gh6pm_startup_ccs.obj   12     620       0      
       main.obj                       164    0         8      
    +--+------------------------------+------+---------+---------+
       Total:                         176    620       8      
                                                              
    .\driverlib\
       sysctl.obj                     3942   596       0      
       interrupt.obj                  960    268       620    
       timer.obj                      1622   168       0      
       cpu.obj                        62     0         0      
    +--+------------------------------+------+---------+---------+
       Total:                         6586   1032      620    
                                                              
    C:\ti\ccsv7\tools\compiler\ti-cgt-arm_16.9.7.LTS\lib\rtsv7M4_T_le_v4SPD16_eabi.lib
       memcpy_t2.obj                  156    0         0      
       memset_t2.obj                  122    0         0      
       autoinit.obj                   112    0         0      
       copy_decompress_lzss.obj       104    0         0      
       exit.obj                       84     0         12     
       boot.obj                       84     0         0      
       cpy_tbl.obj                    76     0         0      
       _lock.obj                      20     0         8      
       args_main.obj                  24     0         0      
       copy_decompress_none.obj       14     0         0      
       copy_zero_init.obj             12     0         0      
       pre_init.obj                   4      0         0      
       stkdepth_vars.obj              0      0         4      
       mpu_init.obj                   2      0         0      
       startup.obj                    2      0         0      
    +--+------------------------------+------+---------+---------+
       Total:                         816    0         24     
                                                              
       Stack:                         0      0         512    
       Linker Generated:              0      57        0      
    +--+------------------------------+------+---------+---------+
       Grand Total:                   7578   1709      1164   


LINKER GENERATED COPY TABLES

__TI_cinit_table @ 00002440 records: 2, size/record: 8, table size: 16
	.data: load addr=00002410, load size=00000015 bytes, run addr=2000046c, run size=00000020 bytes, compression=lzss
	.vtable: load addr=00002438, load size=00000008 bytes, run addr=20000000, run size=0000026c bytes, compression=zero_init


LINKER GENERATED HANDLER TABLE

__TI_handler_table @ 00002428 records: 3, size/record: 4, table size: 12
	index: 0, handler: __TI_zero_init
	index: 1, handler: __TI_decompress_lzss
	index: 2, handler: __TI_decompress_none


GLOBAL SYMBOLS: SORTED ALPHABETICALLY BY Name 

address   name                            
-------   ----                            
00001ecd  C$$EXIT                         
00001fa1  CPUbasepriGet                   
00001f93  CPUbasepriSet                   
00001f6d  CPUcpsid                        
00001f83  CPUcpsie                        
00001f79  CPUprimask                      
00001f8f  CPUwfi                          
00001be5  ISR                             
000019e5  IntDisable                      
00001973  IntEnable                       
00001a57  IntIsEnabled                    
00001837  IntMasterDisable                
00001827  IntMasterEnable                 
00001b4d  IntPendClear                    
00001add  IntPendSet                      
0000194f  IntPriorityGet                  
000018c7  IntPriorityGroupingGet          
000018ad  IntPriorityGroupingSet          
00001ba7  IntPriorityMaskGet              
00001b9b  IntPriorityMaskSet              
000018ff  IntPrioritySet                  
00001847  IntRegister                     
00001baf  IntTrigger                      
00001899  IntUnregister                   
00001ff3  ResetISR                        
UNDEFED   SHT$$INIT_ARRAY$$Base           
UNDEFED   SHT$$INIT_ARRAY$$Limit          
00001189  SysCtlAltClkConfig              
000008d5  SysCtlClockFreqSet              
00000d79  SysCtlClockGet                  
0000116d  SysCtlClockOutConfig            
00000ba9  SysCtlClockSet                  
000007d5  SysCtlDeepSleep                 
00000f3d  SysCtlDeepSleepClockConfigSet   
00000f1f  SysCtlDeepSleepClockSet         
000007b5  SysCtlDeepSleepPowerSet         
00001fff  SysCtlDelay                     
00000363  SysCtlFlashSectorSizeGet        
00000337  SysCtlFlashSizeGet              
00001013  SysCtlGPIOAHBDisable            
00000ff7  SysCtlGPIOAHBEnable             
00000749  SysCtlIntClear                  
00000731  SysCtlIntDisable                
0000071d  SysCtlIntEnable                 
000006f5  SysCtlIntRegister               
00000759  SysCtlIntStatus                 
0000070d  SysCtlIntUnregister             
0000079b  SysCtlLDODeepSleepGet           
0000078b  SysCtlLDODeepSleepSet           
00000785  SysCtlLDOSleepGet               
00000775  SysCtlLDOSleepSet               
0000080b  SysCtlMOSCConfigSet             
00001151  SysCtlNMIClear                  
0000113d  SysCtlNMIStatus                 
00000821  SysCtlPIOSCCalibrate            
00000fe1  SysCtlPWMClockGet               
00000fc7  SysCtlPWMClockSet               
000006a1  SysCtlPeripheralClockGating     
00000659  SysCtlPeripheralDeepSleepDisable
00000609  SysCtlPeripheralDeepSleepEnable 
00000545  SysCtlPeripheralDisable         
00000509  SysCtlPeripheralEnable          
00000445  SysCtlPeripheralPowerOff        
00000409  SysCtlPeripheralPowerOn         
00000389  SysCtlPeripheralPresent         
000003c9  SysCtlPeripheralReady           
00000481  SysCtlPeripheralReset           
000005cd  SysCtlPeripheralSleepDisable    
00000589  SysCtlPeripheralSleepEnable     
000007c5  SysCtlReset                     
00000881  SysCtlResetBehaviorGet          
00000871  SysCtlResetBehaviorSet          
000007f7  SysCtlResetCauseClear           
000007f1  SysCtlResetCauseGet             
0000032d  SysCtlSRAMSizeGet               
000007cd  SysCtlSleep                     
000007a1  SysCtlSleepPowerSet             
0000103b  SysCtlUSBPLLDisable             
0000102f  SysCtlUSBPLLEnable              
00001081  SysCtlVCOGet                    
00001069  SysCtlVoltageEventClear         
0000104d  SysCtlVoltageEventConfig        
0000105d  SysCtlVoltageEventStatus        
000017a1  TimerADCEventGet                
0000178f  TimerADCEventSet                
000014bd  TimerClockSourceGet             
000014a1  TimerClockSourceSet             
0000127f  TimerConfigure                  
0000139f  TimerControlEvent               
000012fb  TimerControlLevel               
000013c9  TimerControlStall               
00001331  TimerControlTrigger             
000013ff  TimerControlWaitOnTrigger       
000017c1  TimerDMAEventGet                
000017af  TimerDMAEventSet                
00001261  TimerDisable                    
00001243  TimerEnable                     
0000176b  TimerIntClear                   
00001735  TimerIntDisable                 
0000171d  TimerIntEnable                  
000016d7  TimerIntRegister                
0000174d  TimerIntStatus                  
000016ff  TimerIntUnregister              
00001587  TimerLoadGet                    
000015c1  TimerLoadGet64                  
0000155d  TimerLoadSet                    
000015a3  TimerLoadSet64                  
0000166b  TimerMatchGet                   
000016a5  TimerMatchGet64                 
00001641  TimerMatchSet                   
00001687  TimerMatchSet64                 
000014f7  TimerPrescaleGet                
00001541  TimerPrescaleMatchGet           
00001513  TimerPrescaleMatchSet           
000014cd  TimerPrescaleSet                
00001475  TimerRTCDisable                 
0000145f  TimerRTCEnable                  
0000177d  TimerSynchronize                
000017cf  TimerUpdateMode                 
000015f3  TimerValueGet                   
0000160f  TimerValueGet64                 
2000046c  __STACK_END                     
00000200  __STACK_SIZE                    
2000046c  __STACK_TOP                     
00002440  __TI_CINIT_Base                 
00002450  __TI_CINIT_Limit                
00002428  __TI_Handler_Table_Base         
00002434  __TI_Handler_Table_Limit        
00001da1  __TI_auto_init                  
2000046c  __TI_cleanup_ptr                
00001e11  __TI_decompress_lzss            
00001fd9  __TI_decompress_none            
20000470  __TI_dtors_ptr                  
20000474  __TI_enable_exit_profile_output 
ffffffff  __TI_pprof_out_hndl             
ffffffff  __TI_prof_data_size             
ffffffff  __TI_prof_data_start            
00000000  __TI_static_base__              
00001fe7  __TI_zero_init                  
00001d25  __aeabi_memclr                  
00001d25  __aeabi_memclr4                 
00001d25  __aeabi_memclr8                 
00001c89  __aeabi_memcpy                  
00001c89  __aeabi_memcpy4                 
00001c89  __aeabi_memcpy8                 
00001d27  __aeabi_memset                  
00001d27  __aeabi_memset4                 
00001d27  __aeabi_memset8                 
ffffffff  __binit__                       
ffffffff  __c_args__                      
00001823  __mpu_init                      
2000026c  __stack                         
00001fad  _args_main                      
00001e79  _c_int00                        
20000478  _lock                           
00001fd3  _nop                            
00001fcb  _register_lock                  
00001fc5  _register_unlock                
00001d9f  _system_post_cinit              
00002005  _system_pre_init                
2000047c  _unlock                         
00001ed1  abort                           
ffffffff  binit                           
00001f21  copy_in                         
20000484  counter                         
00001ed9  exit                            
20000000  g_pfnRAMVectors                 
00000000  g_pfnVectors                    
00001c0d  main                            
20000488  main_func_sp                    
00001c89  memcpy                          
00001d2d  memset                          
20000480  phase                           


GLOBAL SYMBOLS: SORTED BY Symbol Address 

address   name                            
-------   ----                            
00000000  __TI_static_base__              
00000000  g_pfnVectors                    
00000200  __STACK_SIZE                    
0000032d  SysCtlSRAMSizeGet               
00000337  SysCtlFlashSizeGet              
00000363  SysCtlFlashSectorSizeGet        
00000389  SysCtlPeripheralPresent         
000003c9  SysCtlPeripheralReady           
00000409  SysCtlPeripheralPowerOn         
00000445  SysCtlPeripheralPowerOff        
00000481  SysCtlPeripheralReset           
00000509  SysCtlPeripheralEnable          
00000545  SysCtlPeripheralDisable         
00000589  SysCtlPeripheralSleepEnable     
000005cd  SysCtlPeripheralSleepDisable    
00000609  SysCtlPeripheralDeepSleepEnable 
00000659  SysCtlPeripheralDeepSleepDisable
000006a1  SysCtlPeripheralClockGating     
000006f5  SysCtlIntRegister               
0000070d  SysCtlIntUnregister             
0000071d  SysCtlIntEnable                 
00000731  SysCtlIntDisable                
00000749  SysCtlIntClear                  
00000759  SysCtlIntStatus                 
00000775  SysCtlLDOSleepSet               
00000785  SysCtlLDOSleepGet               
0000078b  SysCtlLDODeepSleepSet           
0000079b  SysCtlLDODeepSleepGet           
000007a1  SysCtlSleepPowerSet             
000007b5  SysCtlDeepSleepPowerSet         
000007c5  SysCtlReset                     
000007cd  SysCtlSleep                     
000007d5  SysCtlDeepSleep                 
000007f1  SysCtlResetCauseGet             
000007f7  SysCtlResetCauseClear           
0000080b  SysCtlMOSCConfigSet             
00000821  SysCtlPIOSCCalibrate            
00000871  SysCtlResetBehaviorSet          
00000881  SysCtlResetBehaviorGet          
000008d5  SysCtlClockFreqSet              
00000ba9  SysCtlClockSet                  
00000d79  SysCtlClockGet                  
00000f1f  SysCtlDeepSleepClockSet         
00000f3d  SysCtlDeepSleepClockConfigSet   
00000fc7  SysCtlPWMClockSet               
00000fe1  SysCtlPWMClockGet               
00000ff7  SysCtlGPIOAHBEnable             
00001013  SysCtlGPIOAHBDisable            
0000102f  SysCtlUSBPLLEnable              
0000103b  SysCtlUSBPLLDisable             
0000104d  SysCtlVoltageEventConfig        
0000105d  SysCtlVoltageEventStatus        
00001069  SysCtlVoltageEventClear         
00001081  SysCtlVCOGet                    
0000113d  SysCtlNMIStatus                 
00001151  SysCtlNMIClear                  
0000116d  SysCtlClockOutConfig            
00001189  SysCtlAltClkConfig              
00001243  TimerEnable                     
00001261  TimerDisable                    
0000127f  TimerConfigure                  
000012fb  TimerControlLevel               
00001331  TimerControlTrigger             
0000139f  TimerControlEvent               
000013c9  TimerControlStall               
000013ff  TimerControlWaitOnTrigger       
0000145f  TimerRTCEnable                  
00001475  TimerRTCDisable                 
000014a1  TimerClockSourceSet             
000014bd  TimerClockSourceGet             
000014cd  TimerPrescaleSet                
000014f7  TimerPrescaleGet                
00001513  TimerPrescaleMatchSet           
00001541  TimerPrescaleMatchGet           
0000155d  TimerLoadSet                    
00001587  TimerLoadGet                    
000015a3  TimerLoadSet64                  
000015c1  TimerLoadGet64                  
000015f3  TimerValueGet                   
0000160f  TimerValueGet64                 
00001641  TimerMatchSet                   
0000166b  TimerMatchGet                   
00001687  TimerMatchSet64                 
000016a5  TimerMatchGet64                 
000016d7  TimerIntRegister                
000016ff  TimerIntUnregister              
0000171d  TimerIntEnable                  
00001735  TimerIntDisable                 
0000174d  TimerIntStatus                  
0000176b  TimerIntClear                   
0000177d  TimerSynchronize                
0000178f  TimerADCEventSet                
000017a1  TimerADCEventGet                
000017af  TimerDMAEventSet                
000017c1  TimerDMAEventGet                
000017cf  TimerUpdateMode                 
00001823  __mpu_init                      
00001827  IntMasterEnable                 
00001837  IntMasterDisable                
00001847  IntRegister                     
00001899  IntUnregister                   
000018ad  IntPriorityGroupingSet          
000018c7  IntPriorityGroupingGet          
000018ff  IntPrioritySet                  
0000194f  IntPriorityGet                  
00001973  IntEnable                       
000019e5  IntDisable                      
00001a57  IntIsEnabled                    
00001add  IntPendSet                      
00001b4d  IntPendClear                    
00001b9b  IntPriorityMaskSet              
00001ba7  IntPriorityMaskGet              
00001baf  IntTrigger                      
00001be5  ISR                             
00001c0d  main                            
00001c89  __aeabi_memcpy                  
00001c89  __aeabi_memcpy4                 
00001c89  __aeabi_memcpy8                 
00001c89  memcpy                          
00001d25  __aeabi_memclr                  
00001d25  __aeabi_memclr4                 
00001d25  __aeabi_memclr8                 
00001d27  __aeabi_memset                  
00001d27  __aeabi_memset4                 
00001d27  __aeabi_memset8                 
00001d2d  memset                          
00001d9f  _system_post_cinit              
00001da1  __TI_auto_init                  
00001e11  __TI_decompress_lzss            
00001e79  _c_int00                        
00001ecd  C$$EXIT                         
00001ed1  abort                           
00001ed9  exit                            
00001f21  copy_in                         
00001f6d  CPUcpsid                        
00001f79  CPUprimask                      
00001f83  CPUcpsie                        
00001f8f  CPUwfi                          
00001f93  CPUbasepriSet                   
00001fa1  CPUbasepriGet                   
00001fad  _args_main                      
00001fc5  _register_unlock                
00001fcb  _register_lock                  
00001fd3  _nop                            
00001fd9  __TI_decompress_none            
00001fe7  __TI_zero_init                  
00001ff3  ResetISR                        
00001fff  SysCtlDelay                     
00002005  _system_pre_init                
00002428  __TI_Handler_Table_Base         
00002434  __TI_Handler_Table_Limit        
00002440  __TI_CINIT_Base                 
00002450  __TI_CINIT_Limit                
20000000  g_pfnRAMVectors                 
2000026c  __stack                         
2000046c  __STACK_END                     
2000046c  __STACK_TOP                     
2000046c  __TI_cleanup_ptr                
20000470  __TI_dtors_ptr                  
20000474  __TI_enable_exit_profile_output 
20000478  _lock                           
2000047c  _unlock                         
20000480  phase                           
20000484  counter                         
20000488  main_func_sp                    
ffffffff  __TI_pprof_out_hndl             
ffffffff  __TI_prof_data_size             
ffffffff  __TI_prof_data_start            
ffffffff  __binit__                       
ffffffff  __c_args__                      
ffffffff  binit                           
UNDEFED   SHT$$INIT_ARRAY$$Base           
UNDEFED   SHT$$INIT_ARRAY$$Limit          

[173 symbols]
