******************************************************************************
                  TI ARM Linker PC v16.9.7                     
******************************************************************************
>> Linked Wed Apr 25 20:06:48 2018

OUTPUT FILE NAME:   <PWMandTimerPractice.out>
ENTRY POINT SYMBOL: "_c_int00"  address: 00002b29


MEMORY CONFIGURATION

         name            origin    length      used     unused   attr    fill
----------------------  --------  ---------  --------  --------  ----  --------
  FLASH                 00000000   00040000  00003268  0003cd98  R  X
  SRAM                  20000000   00008000  00000484  00007b7c  RW X


SEGMENT ALLOCATION MAP

run origin  load origin   length   init length attrs members
----------  ----------- ---------- ----------- ----- -------
00000000    00000000    00003268   00003268    r-x
  00000000    00000000    0000026c   0000026c    r-- .intvecs
  0000026c    0000026c    00002a4c   00002a4c    r-x .text
  00002cb8    00002cb8    00000578   00000578    r-- .const
  00003230    00003230    00000038   00000038    r-- .cinit
20000000    20000000    00000484   00000000    rw-
  20000000    20000000    0000026c   00000000    rw- .vtable
  2000026c    2000026c    00000200   00000000    rw- .stack
  2000046c    2000046c    00000018   00000000    rw- .data


SECTION ALLOCATION MAP

 output                                  attributes/
section   page    origin      length       input sections
--------  ----  ----------  ----------   ----------------
.intvecs   0    00000000    0000026c     
                  00000000    0000026c     tm4c123gh6pm_startup_ccs.obj (.intvecs)

.text      0    0000026c    00002a4c     
                  0000026c    00000f60     sysctl.obj (.text)
                  000011cc    00000b4c     gpio.obj (.text)
                  00001d18    00000718     pwm.obj (.text)
                  00002430    000003c0     interrupt.obj (.text)
                  000027f0    00000148     PracticePWM.obj (.text)
                  00002938    0000009c     rtsv7M4_T_le_v4SPD16_eabi.lib : memcpy_t2.obj (.text)
                  000029d4    0000007a                                   : memset_t2.obj (.text)
                  00002a4e    00000002                                   : mpu_init.obj (.text)
                  00002a50    00000070                                   : autoinit.obj (.text)
                  00002ac0    00000068                                   : copy_decompress_lzss.obj (.text:decompress:lzss)
                  00002b28    00000054                                   : boot.obj (.text)
                  00002b7c    00000054                                   : exit.obj (.text)
                  00002bd0    0000004c                                   : cpy_tbl.obj (.text)
                  00002c1c    0000003e     cpu.obj (.text)
                  00002c5a    00000002     rtsv7M4_T_le_v4SPD16_eabi.lib : startup.obj (.text)
                  00002c5c    00000018                                   : args_main.obj (.text)
                  00002c74    00000014                                   : _lock.obj (.text)
                  00002c88    0000000e                                   : copy_decompress_none.obj (.text:decompress:none)
                  00002c96    0000000c                                   : copy_zero_init.obj (.text:decompress:ZI)
                  00002ca2    0000000c     tm4c123gh6pm_startup_ccs.obj (.text)
                  00002cae    00000006     sysctl.obj (.text:SysCtlDelay)
                  00002cb4    00000004     rtsv7M4_T_le_v4SPD16_eabi.lib : pre_init.obj (.text)

.const     0    00002cb8    00000578     
                  00002cb8    000001b0     sysctl.obj (.const:g_pppui32XTALtoVCO)
                  00002e68    000000c0     gpio.obj (.const:g_ppui32GPIOIntMapBlizzard)
                  00002f28    000000c0     gpio.obj (.const:g_ppui32GPIOIntMapSnowflake)
                  00002fe8    0000009c     interrupt.obj (.const:g_pui32Regs)
                  00003084    00000090     gpio.obj (.const:g_pui32GPIOBaseAddrs)
                  00003114    0000006c     sysctl.obj (.const:g_pui32Xtals)
                  00003180    00000030     sysctl.obj (.const:g_sXTALtoMEMTIM)
                  000031b0    00000020     interrupt.obj (.const:g_pui32Priority)
                  000031d0    00000014     interrupt.obj (.const:g_pui32Dii16Regs)
                  000031e4    00000014     interrupt.obj (.const:g_pui32EnRegs)
                  000031f8    00000014     interrupt.obj (.const:g_pui32PendRegs)
                  0000320c    00000014     interrupt.obj (.const:g_pui32UnpendRegs)
                  00003220    00000008     sysctl.obj (.const:g_pui32VCOFrequencies)
                  00003228    00000008     gpio.obj (.const)

.cinit     0    00003230    00000038     
                  00003230    00000011     (.cinit..data.load) [load image, compression = lzss]
                  00003241    00000003     --HOLE-- [fill = 0]
                  00003244    0000000c     (__TI_handler_table)
                  00003250    00000008     (.cinit..vtable.load) [load image, compression = zero_init]
                  00003258    00000010     (__TI_cinit_table)

.init_array 
*          0    00000000    00000000     UNINITIALIZED

.vtable    0    20000000    0000026c     UNINITIALIZED
                  20000000    0000026c     interrupt.obj (.vtable)

.stack     0    2000026c    00000200     UNINITIALIZED
                  2000026c    00000200     --HOLE--

.data      0    2000046c    00000018     UNINITIALIZED
                  2000046c    0000000c     rtsv7M4_T_le_v4SPD16_eabi.lib : exit.obj (.data:$O1$$)
                  20000478    00000008                                   : _lock.obj (.data:$O1$$)
                  20000480    00000004                                   : stkdepth_vars.obj (.data)

MODULE SUMMARY

       Module                         code    ro data   rw data
       ------                         ----    -------   -------
    .\
       tm4c123gh6pm_startup_ccs.obj   12      620       0      
       PracticePWM.obj                328     0         0      
    +--+------------------------------+-------+---------+---------+
       Total:                         340     620       0      
                                                               
    .\driverlib\
       sysctl.obj                     3942    596       0      
       gpio.obj                       2892    536       0      
       interrupt.obj                  960     268       620    
       pwm.obj                        1816    0         0      
       cpu.obj                        62      0         0      
    +--+------------------------------+-------+---------+---------+
       Total:                         9672    1400      620    
                                                               
    C:\ti\ccsv7\tools\compiler\ti-cgt-arm_16.9.7.LTS\lib\rtsv7M4_T_le_v4SPD16_eabi.lib
       memcpy_t2.obj                  156     0         0      
       memset_t2.obj                  122     0         0      
       autoinit.obj                   112     0         0      
       copy_decompress_lzss.obj       104     0         0      
       exit.obj                       84      0         12     
       boot.obj                       84      0         0      
       cpy_tbl.obj                    76      0         0      
       _lock.obj                      20      0         8      
       args_main.obj                  24      0         0      
       copy_decompress_none.obj       14      0         0      
       copy_zero_init.obj             12      0         0      
       pre_init.obj                   4       0         0      
       stkdepth_vars.obj              0       0         4      
       mpu_init.obj                   2       0         0      
       startup.obj                    2       0         0      
    +--+------------------------------+-------+---------+---------+
       Total:                         816     0         24     
                                                               
       Stack:                         0       0         512    
       Linker Generated:              0       53        0      
    +--+------------------------------+-------+---------+---------+
       Grand Total:                   10828   2073      1156   


LINKER GENERATED COPY TABLES

__TI_cinit_table @ 00003258 records: 2, size/record: 8, table size: 16
	.data: load addr=00003230, load size=00000011 bytes, run addr=2000046c, run size=00000018 bytes, compression=lzss
	.vtable: load addr=00003250, load size=00000008 bytes, run addr=20000000, run size=0000026c bytes, compression=zero_init


LINKER GENERATED HANDLER TABLE

__TI_handler_table @ 00003244 records: 3, size/record: 4, table size: 12
	index: 0, handler: __TI_zero_init
	index: 1, handler: __TI_decompress_lzss
	index: 2, handler: __TI_decompress_none


GLOBAL SYMBOLS: SORTED ALPHABETICALLY BY Name 

address   name                            
-------   ----                            
00002b7d  C$$EXIT                         
00002c51  CPUbasepriGet                   
00002c43  CPUbasepriSet                   
00002c1d  CPUcpsid                        
00002c33  CPUcpsie                        
00002c29  CPUprimask                      
00002c3f  CPUwfi                          
00001cf3  GPIOADCTriggerDisable           
00001cd5  GPIOADCTriggerEnable            
00001cb7  GPIODMATriggerDisable           
00001c99  GPIODMATriggerEnable            
0000128b  GPIODirModeGet                  
0000122f  GPIODirModeSet                  
000017fb  GPIOIntClear                    
000017bf  GPIOIntDisable                  
000017a5  GPIOIntEnable                   
0000180f  GPIOIntRegister                 
000017d9  GPIOIntStatus                   
0000137b  GPIOIntTypeGet                  
000012d7  GPIOIntTypeSet                  
0000182d  GPIOIntUnregister               
00001653  GPIOPadConfigGet                
00001419  GPIOPadConfigSet                
00001c3b  GPIOPinConfigure                
00001847  GPIOPinRead                     
0000187f  GPIOPinTypeADC                  
000018a3  GPIOPinTypeCAN                  
000018c7  GPIOPinTypeComparator           
000018eb  GPIOPinTypeComparatorOutput     
0000190f  GPIOPinTypeDIVSCLK              
00001933  GPIOPinTypeEPI                  
00001957  GPIOPinTypeEthernetLED          
0000197b  GPIOPinTypeEthernetMII          
0000199f  GPIOPinTypeGPIOInput            
000019c3  GPIOPinTypeGPIOOutput           
000019e7  GPIOPinTypeGPIOOutputOD         
00001a0b  GPIOPinTypeHibernateRTCCLK      
00001a2f  GPIOPinTypeI2C                  
00001a53  GPIOPinTypeI2CSCL               
00001a77  GPIOPinTypeLCD                  
00001a9b  GPIOPinTypeOneWire              
00001abf  GPIOPinTypePWM                  
00001ae3  GPIOPinTypeQEI                  
00001b07  GPIOPinTypeSSI                  
00001b2b  GPIOPinTypeTimer                
00001b4f  GPIOPinTypeTrace                
00001b73  GPIOPinTypeUART                 
00001b97  GPIOPinTypeUSBAnalog            
00001bbb  GPIOPinTypeUSBDigital           
00001bdf  GPIOPinTypeWakeHigh             
00001c05  GPIOPinTypeWakeLow              
00001c2b  GPIOPinWakeStatus               
0000185f  GPIOPinWrite                    
000025f1  IntDisable                      
0000257f  IntEnable                       
00002663  IntIsEnabled                    
00002443  IntMasterDisable                
00002433  IntMasterEnable                 
00002759  IntPendClear                    
000026e9  IntPendSet                      
0000255b  IntPriorityGet                  
000024d3  IntPriorityGroupingGet          
000024b9  IntPriorityGroupingSet          
000027b3  IntPriorityMaskGet              
000027a7  IntPriorityMaskSet              
0000250b  IntPrioritySet                  
00002453  IntRegister                     
000027bb  IntTrigger                      
000024a5  IntUnregister                   
00002393  PWMClockGet                     
00002373  PWMClockSet                     
00001ebd  PWMDeadBandDisable              
00001e85  PWMDeadBandEnable               
00002239  PWMFaultIntClear                
0000226b  PWMFaultIntClearExt             
00002153  PWMFaultIntRegister             
00002171  PWMFaultIntUnregister           
00001d19  PWMGenConfigure                 
00001dd7  PWMGenDisable                   
00001dbd  PWMGenEnable                    
0000233d  PWMGenFaultClear                
00002289  PWMGenFaultConfigure            
00002307  PWMGenFaultStatus               
000022e3  PWMGenFaultTriggerGet           
000022b9  PWMGenFaultTriggerSet           
000021f1  PWMGenIntClear                  
000020c5  PWMGenIntRegister               
000021c7  PWMGenIntStatus                 
000021a9  PWMGenIntTrigDisable            
0000218b  PWMGenIntTrigEnable             
000020ed  PWMGenIntUnregister             
00001d93  PWMGenPeriodGet                 
00001d63  PWMGenPeriodSet                 
00002221  PWMIntDisable                   
00002209  PWMIntEnable                    
0000224b  PWMIntStatus                    
00001f93  PWMOutputFault                  
00001f61  PWMOutputFaultLevel             
00001f2f  PWMOutputInvert                 
00001efd  PWMOutputState                  
000023bd  PWMOutputUpdateMode             
00001e3b  PWMPulseWidthGet                
00001df1  PWMPulseWidthSet                
00001eeb  PWMSyncTimeBase                 
00001ed9  PWMSyncUpdate                   
00002ca3  ResetISR                        
UNDEFED   SHT$$INIT_ARRAY$$Base           
UNDEFED   SHT$$INIT_ARRAY$$Limit          
00001189  SysCtlAltClkConfig              
000008d5  SysCtlClockFreqSet              
00000d79  SysCtlClockGet                  
0000116d  SysCtlClockOutConfig            
00000ba9  SysCtlClockSet                  
000007d5  SysCtlDeepSleep                 
00000f3d  SysCtlDeepSleepClockConfigSet   
00000f1f  SysCtlDeepSleepClockSet         
000007b5  SysCtlDeepSleepPowerSet         
00002caf  SysCtlDelay                     
00000363  SysCtlFlashSectorSizeGet        
00000337  SysCtlFlashSizeGet              
00001013  SysCtlGPIOAHBDisable            
00000ff7  SysCtlGPIOAHBEnable             
00000749  SysCtlIntClear                  
00000731  SysCtlIntDisable                
0000071d  SysCtlIntEnable                 
000006f5  SysCtlIntRegister               
00000759  SysCtlIntStatus                 
0000070d  SysCtlIntUnregister             
0000079b  SysCtlLDODeepSleepGet           
0000078b  SysCtlLDODeepSleepSet           
00000785  SysCtlLDOSleepGet               
00000775  SysCtlLDOSleepSet               
0000080b  SysCtlMOSCConfigSet             
00001151  SysCtlNMIClear                  
0000113d  SysCtlNMIStatus                 
00000821  SysCtlPIOSCCalibrate            
00000fe1  SysCtlPWMClockGet               
00000fc7  SysCtlPWMClockSet               
000006a1  SysCtlPeripheralClockGating     
00000659  SysCtlPeripheralDeepSleepDisable
00000609  SysCtlPeripheralDeepSleepEnable 
00000545  SysCtlPeripheralDisable         
00000509  SysCtlPeripheralEnable          
00000445  SysCtlPeripheralPowerOff        
00000409  SysCtlPeripheralPowerOn         
00000389  SysCtlPeripheralPresent         
000003c9  SysCtlPeripheralReady           
00000481  SysCtlPeripheralReset           
000005cd  SysCtlPeripheralSleepDisable    
00000589  SysCtlPeripheralSleepEnable     
000007c5  SysCtlReset                     
00000881  SysCtlResetBehaviorGet          
00000871  SysCtlResetBehaviorSet          
000007f7  SysCtlResetCauseClear           
000007f1  SysCtlResetCauseGet             
0000032d  SysCtlSRAMSizeGet               
000007cd  SysCtlSleep                     
000007a1  SysCtlSleepPowerSet             
0000103b  SysCtlUSBPLLDisable             
0000102f  SysCtlUSBPLLEnable              
00001081  SysCtlVCOGet                    
00001069  SysCtlVoltageEventClear         
0000104d  SysCtlVoltageEventConfig        
0000105d  SysCtlVoltageEventStatus        
2000046c  __STACK_END                     
00000200  __STACK_SIZE                    
2000046c  __STACK_TOP                     
00003258  __TI_CINIT_Base                 
00003268  __TI_CINIT_Limit                
00003244  __TI_Handler_Table_Base         
00003250  __TI_Handler_Table_Limit        
00002a51  __TI_auto_init                  
2000046c  __TI_cleanup_ptr                
00002ac1  __TI_decompress_lzss            
00002c89  __TI_decompress_none            
20000470  __TI_dtors_ptr                  
20000474  __TI_enable_exit_profile_output 
ffffffff  __TI_pprof_out_hndl             
ffffffff  __TI_prof_data_size             
ffffffff  __TI_prof_data_start            
00000000  __TI_static_base__              
00002c97  __TI_zero_init                  
000029d5  __aeabi_memclr                  
000029d5  __aeabi_memclr4                 
000029d5  __aeabi_memclr8                 
00002939  __aeabi_memcpy                  
00002939  __aeabi_memcpy4                 
00002939  __aeabi_memcpy8                 
000029d7  __aeabi_memset                  
000029d7  __aeabi_memset4                 
000029d7  __aeabi_memset8                 
ffffffff  __binit__                       
ffffffff  __c_args__                      
00002a4f  __mpu_init                      
2000026c  __stack                         
00002c5d  _args_main                      
00002b29  _c_int00                        
20000478  _lock                           
00002c83  _nop                            
00002c7b  _register_lock                  
00002c75  _register_unlock                
00002c5b  _system_post_cinit              
00002cb5  _system_pre_init                
2000047c  _unlock                         
00002b81  abort                           
ffffffff  binit                           
00002bd1  copy_in                         
00002b89  exit                            
20000000  g_pfnRAMVectors                 
00000000  g_pfnVectors                    
000027f1  main                            
20000480  main_func_sp                    
00002939  memcpy                          
000029dd  memset                          


GLOBAL SYMBOLS: SORTED BY Symbol Address 

address   name                            
-------   ----                            
00000000  __TI_static_base__              
00000000  g_pfnVectors                    
00000200  __STACK_SIZE                    
0000032d  SysCtlSRAMSizeGet               
00000337  SysCtlFlashSizeGet              
00000363  SysCtlFlashSectorSizeGet        
00000389  SysCtlPeripheralPresent         
000003c9  SysCtlPeripheralReady           
00000409  SysCtlPeripheralPowerOn         
00000445  SysCtlPeripheralPowerOff        
00000481  SysCtlPeripheralReset           
00000509  SysCtlPeripheralEnable          
00000545  SysCtlPeripheralDisable         
00000589  SysCtlPeripheralSleepEnable     
000005cd  SysCtlPeripheralSleepDisable    
00000609  SysCtlPeripheralDeepSleepEnable 
00000659  SysCtlPeripheralDeepSleepDisable
000006a1  SysCtlPeripheralClockGating     
000006f5  SysCtlIntRegister               
0000070d  SysCtlIntUnregister             
0000071d  SysCtlIntEnable                 
00000731  SysCtlIntDisable                
00000749  SysCtlIntClear                  
00000759  SysCtlIntStatus                 
00000775  SysCtlLDOSleepSet               
00000785  SysCtlLDOSleepGet               
0000078b  SysCtlLDODeepSleepSet           
0000079b  SysCtlLDODeepSleepGet           
000007a1  SysCtlSleepPowerSet             
000007b5  SysCtlDeepSleepPowerSet         
000007c5  SysCtlReset                     
000007cd  SysCtlSleep                     
000007d5  SysCtlDeepSleep                 
000007f1  SysCtlResetCauseGet             
000007f7  SysCtlResetCauseClear           
0000080b  SysCtlMOSCConfigSet             
00000821  SysCtlPIOSCCalibrate            
00000871  SysCtlResetBehaviorSet          
00000881  SysCtlResetBehaviorGet          
000008d5  SysCtlClockFreqSet              
00000ba9  SysCtlClockSet                  
00000d79  SysCtlClockGet                  
00000f1f  SysCtlDeepSleepClockSet         
00000f3d  SysCtlDeepSleepClockConfigSet   
00000fc7  SysCtlPWMClockSet               
00000fe1  SysCtlPWMClockGet               
00000ff7  SysCtlGPIOAHBEnable             
00001013  SysCtlGPIOAHBDisable            
0000102f  SysCtlUSBPLLEnable              
0000103b  SysCtlUSBPLLDisable             
0000104d  SysCtlVoltageEventConfig        
0000105d  SysCtlVoltageEventStatus        
00001069  SysCtlVoltageEventClear         
00001081  SysCtlVCOGet                    
0000113d  SysCtlNMIStatus                 
00001151  SysCtlNMIClear                  
0000116d  SysCtlClockOutConfig            
00001189  SysCtlAltClkConfig              
0000122f  GPIODirModeSet                  
0000128b  GPIODirModeGet                  
000012d7  GPIOIntTypeSet                  
0000137b  GPIOIntTypeGet                  
00001419  GPIOPadConfigSet                
00001653  GPIOPadConfigGet                
000017a5  GPIOIntEnable                   
000017bf  GPIOIntDisable                  
000017d9  GPIOIntStatus                   
000017fb  GPIOIntClear                    
0000180f  GPIOIntRegister                 
0000182d  GPIOIntUnregister               
00001847  GPIOPinRead                     
0000185f  GPIOPinWrite                    
0000187f  GPIOPinTypeADC                  
000018a3  GPIOPinTypeCAN                  
000018c7  GPIOPinTypeComparator           
000018eb  GPIOPinTypeComparatorOutput     
0000190f  GPIOPinTypeDIVSCLK              
00001933  GPIOPinTypeEPI                  
00001957  GPIOPinTypeEthernetLED          
0000197b  GPIOPinTypeEthernetMII          
0000199f  GPIOPinTypeGPIOInput            
000019c3  GPIOPinTypeGPIOOutput           
000019e7  GPIOPinTypeGPIOOutputOD         
00001a0b  GPIOPinTypeHibernateRTCCLK      
00001a2f  GPIOPinTypeI2C                  
00001a53  GPIOPinTypeI2CSCL               
00001a77  GPIOPinTypeLCD                  
00001a9b  GPIOPinTypeOneWire              
00001abf  GPIOPinTypePWM                  
00001ae3  GPIOPinTypeQEI                  
00001b07  GPIOPinTypeSSI                  
00001b2b  GPIOPinTypeTimer                
00001b4f  GPIOPinTypeTrace                
00001b73  GPIOPinTypeUART                 
00001b97  GPIOPinTypeUSBAnalog            
00001bbb  GPIOPinTypeUSBDigital           
00001bdf  GPIOPinTypeWakeHigh             
00001c05  GPIOPinTypeWakeLow              
00001c2b  GPIOPinWakeStatus               
00001c3b  GPIOPinConfigure                
00001c99  GPIODMATriggerEnable            
00001cb7  GPIODMATriggerDisable           
00001cd5  GPIOADCTriggerEnable            
00001cf3  GPIOADCTriggerDisable           
00001d19  PWMGenConfigure                 
00001d63  PWMGenPeriodSet                 
00001d93  PWMGenPeriodGet                 
00001dbd  PWMGenEnable                    
00001dd7  PWMGenDisable                   
00001df1  PWMPulseWidthSet                
00001e3b  PWMPulseWidthGet                
00001e85  PWMDeadBandEnable               
00001ebd  PWMDeadBandDisable              
00001ed9  PWMSyncUpdate                   
00001eeb  PWMSyncTimeBase                 
00001efd  PWMOutputState                  
00001f2f  PWMOutputInvert                 
00001f61  PWMOutputFaultLevel             
00001f93  PWMOutputFault                  
000020c5  PWMGenIntRegister               
000020ed  PWMGenIntUnregister             
00002153  PWMFaultIntRegister             
00002171  PWMFaultIntUnregister           
0000218b  PWMGenIntTrigEnable             
000021a9  PWMGenIntTrigDisable            
000021c7  PWMGenIntStatus                 
000021f1  PWMGenIntClear                  
00002209  PWMIntEnable                    
00002221  PWMIntDisable                   
00002239  PWMFaultIntClear                
0000224b  PWMIntStatus                    
0000226b  PWMFaultIntClearExt             
00002289  PWMGenFaultConfigure            
000022b9  PWMGenFaultTriggerSet           
000022e3  PWMGenFaultTriggerGet           
00002307  PWMGenFaultStatus               
0000233d  PWMGenFaultClear                
00002373  PWMClockSet                     
00002393  PWMClockGet                     
000023bd  PWMOutputUpdateMode             
00002433  IntMasterEnable                 
00002443  IntMasterDisable                
00002453  IntRegister                     
000024a5  IntUnregister                   
000024b9  IntPriorityGroupingSet          
000024d3  IntPriorityGroupingGet          
0000250b  IntPrioritySet                  
0000255b  IntPriorityGet                  
0000257f  IntEnable                       
000025f1  IntDisable                      
00002663  IntIsEnabled                    
000026e9  IntPendSet                      
00002759  IntPendClear                    
000027a7  IntPriorityMaskSet              
000027b3  IntPriorityMaskGet              
000027bb  IntTrigger                      
000027f1  main                            
00002939  __aeabi_memcpy                  
00002939  __aeabi_memcpy4                 
00002939  __aeabi_memcpy8                 
00002939  memcpy                          
000029d5  __aeabi_memclr                  
000029d5  __aeabi_memclr4                 
000029d5  __aeabi_memclr8                 
000029d7  __aeabi_memset                  
000029d7  __aeabi_memset4                 
000029d7  __aeabi_memset8                 
000029dd  memset                          
00002a4f  __mpu_init                      
00002a51  __TI_auto_init                  
00002ac1  __TI_decompress_lzss            
00002b29  _c_int00                        
00002b7d  C$$EXIT                         
00002b81  abort                           
00002b89  exit                            
00002bd1  copy_in                         
00002c1d  CPUcpsid                        
00002c29  CPUprimask                      
00002c33  CPUcpsie                        
00002c3f  CPUwfi                          
00002c43  CPUbasepriSet                   
00002c51  CPUbasepriGet                   
00002c5b  _system_post_cinit              
00002c5d  _args_main                      
00002c75  _register_unlock                
00002c7b  _register_lock                  
00002c83  _nop                            
00002c89  __TI_decompress_none            
00002c97  __TI_zero_init                  
00002ca3  ResetISR                        
00002caf  SysCtlDelay                     
00002cb5  _system_pre_init                
00003244  __TI_Handler_Table_Base         
00003250  __TI_Handler_Table_Limit        
00003258  __TI_CINIT_Base                 
00003268  __TI_CINIT_Limit                
20000000  g_pfnRAMVectors                 
2000026c  __stack                         
2000046c  __STACK_END                     
2000046c  __STACK_TOP                     
2000046c  __TI_cleanup_ptr                
20000470  __TI_dtors_ptr                  
20000474  __TI_enable_exit_profile_output 
20000478  _lock                           
2000047c  _unlock                         
20000480  main_func_sp                    
ffffffff  __TI_pprof_out_hndl             
ffffffff  __TI_prof_data_size             
ffffffff  __TI_prof_data_start            
ffffffff  __binit__                       
ffffffff  __c_args__                      
ffffffff  binit                           
UNDEFED   SHT$$INIT_ARRAY$$Base           
UNDEFED   SHT$$INIT_ARRAY$$Limit          

[214 symbols]
