******************************************************************************
                  TI ARM Linker PC v16.9.6                     
******************************************************************************
>> Linked Fri Feb 16 18:10:46 2018

OUTPUT FILE NAME:   <interrupts.out>
ENTRY POINT SYMBOL: "_c_int00"  address: 00000af1


MEMORY CONFIGURATION

         name            origin    length      used     unused   attr    fill
----------------------  --------  ---------  --------  --------  ----  --------
  FLASH                 00000000   00040000  00000dac  0003f254  R  X
  SRAM                  20000000   00008000  00000230  00007dd0  RW X


SEGMENT ALLOCATION MAP

run origin  load origin   length   init length attrs members
----------  ----------- ---------- ----------- ----- -------
00000000    00000000    00000db0   00000db0    r-x
  00000000    00000000    0000026c   0000026c    r-- .intvecs
  0000026c    0000026c    00000af0   00000af0    r-x .text
  00000d5c    00000d5c    00000018   00000018    r-- .const
  00000d78    00000d78    00000038   00000038    r-- .cinit
20000000    20000000    00000230   00000000    rw-
  20000000    20000000    00000200   00000000    rw- .stack
  20000200    20000200    00000020   00000000    rw- .data
  20000220    20000220    00000010   00000000    rw- .bss


SECTION ALLOCATION MAP

 output                                  attributes/
section   page    origin      length       input sections
--------  ----  ----------  ----------   ----------------
.intvecs   0    00000000    0000026c     
                  00000000    0000026c     startup_ccs.obj (.intvecs)

.text      0    0000026c    00000af0     
                  0000026c    000002c8     interrupts.obj (.text:main)
                  00000534    000001ea     uartstdio.obj (.text:UARTvprintf)
                  0000071e    0000009c     rtsv7M4_T_le_v4SPD16_eabi.lib : memcpy_t2.obj (.text)
                  000007ba    0000007a                                   : memset_t2.obj (.text)
                  00000834    00000070     interrupts.obj (.text:DisplayIntStatus)
                  000008a4    00000070     rtsv7M4_T_le_v4SPD16_eabi.lib : autoinit.obj (.text)
                  00000914    00000068                                   : copy_decompress_lzss.obj (.text:decompress:lzss)
                  0000097c    00000064     interrupts.obj (.text:ConfigureUART)
                  000009e0    00000060     uartstdio.obj (.text:UARTStdioConfig)
                  00000a40    00000058     interrupts.obj (.text:IntGPIOb)
                  00000a98    00000058     interrupts.obj (.text:IntGPIOc)
                  00000af0    00000054     rtsv7M4_T_le_v4SPD16_eabi.lib : boot.obj (.text)
                  00000b44    00000054                                   : exit.obj (.text)
                  00000b98    0000004c                                   : cpy_tbl.obj (.text)
                  00000be4    00000048     interrupts.obj (.text:IntGPIOa)
                  00000c2c    00000048     uartstdio.obj (.text:UARTwrite)
                  00000c74    00000040     rtsv7M4_T_le_v4SPD16_eabi.lib : u_divt2.obj (.text)
                  00000cb4    0000002c     interrupts.obj (.text:Delay)
                  00000ce0    0000001a     uartstdio.obj (.text:UARTprintf)
                  00000cfa    00000002     startup_ccs.obj (.text:FaultISR)
                  00000cfc    00000018     rtsv7M4_T_le_v4SPD16_eabi.lib : args_main.obj (.text)
                  00000d14    00000014                                   : _lock.obj (.text)
                  00000d28    0000000e                                   : copy_decompress_none.obj (.text:decompress:none)
                  00000d36    0000000c                                   : copy_zero_init.obj (.text:decompress:ZI)
                  00000d42    00000006     startup_ccs.obj (.text:ResetISR)
                  00000d48    00000006     driverlib.lib : uart.obj (.text:UARTClockSourceSet)
                  00000d4e    00000004     rtsv7M4_T_le_v4SPD16_eabi.lib : pre_init.obj (.text)
                  00000d52    00000002     startup_ccs.obj (.text:IntDefaultHandler)
                  00000d54    00000002     startup_ccs.obj (.text:NmiSR)
                  00000d56    00000002     rtsv7M4_T_le_v4SPD16_eabi.lib : i_div0.obj (.text)
                  00000d58    00000002                                   : mpu_init.obj (.text)
                  00000d5a    00000002                                   : startup.obj (.text)

.const     0    00000d5c    00000018     
                  00000d5c    0000000c     uartstdio.obj (.const:g_ui32UARTBase)
                  00000d68    0000000c     uartstdio.obj (.const:g_ui32UARTPeriph)

.cinit     0    00000d78    00000038     
                  00000d78    00000011     (.cinit..data.load) [load image, compression = lzss]
                  00000d89    00000003     --HOLE-- [fill = 0]
                  00000d8c    0000000c     (__TI_handler_table)
                  00000d98    00000008     (.cinit..bss.load) [load image, compression = zero_init]
                  00000da0    00000010     (__TI_cinit_table)

.init_array 
*          0    00000000    00000000     UNINITIALIZED

.stack     0    20000000    00000200     UNINITIALIZED
                  20000000    00000200     --HOLE--

.data      0    20000200    00000020     UNINITIALIZED
                  20000200    0000000c     rtsv7M4_T_le_v4SPD16_eabi.lib : exit.obj (.data:$O1$$)
                  2000020c    00000008                                   : _lock.obj (.data:$O1$$)
                  20000214    00000005     uartstdio.obj (.data)
                  20000219    00000003     --HOLE--
                  2000021c    00000004     rtsv7M4_T_le_v4SPD16_eabi.lib : stkdepth_vars.obj (.data)

.bss       0    20000220    00000010     UNINITIALIZED
                  20000220    00000004     (.common:g_ui32GPIOa)
                  20000224    00000004     (.common:g_ui32GPIOb)
                  20000228    00000004     (.common:g_ui32GPIOc)
                  2000022c    00000004     (.common:g_ui32Index)

MODULE SUMMARY

       Module                     code   ro data   rw data
       ------                     ----   -------   -------
    .\
       interrupts.obj             1216   0         16     
       startup_ccs.obj            12     620       0      
    +--+--------------------------+------+---------+---------+
       Total:                     1228   620       16     
                                                          
    .\utils\
       uartstdio.obj              684    24        5      
    +--+--------------------------+------+---------+---------+
       Total:                     684    24        5      
                                                          
    C:/ti/TivaWare_C_Series-2.1.3.156/driverlib/ccs/Debug/driverlib.lib
       uart.obj                   6      0         0      
    +--+--------------------------+------+---------+---------+
       Total:                     6      0         0      
                                                          
    C:\ti\ccsv7\tools\compiler\ti-cgt-arm_16.9.6.LTS\lib\rtsv7M4_T_le_v4SPD16_eabi.lib
       memcpy_t2.obj              156    0         0      
       memset_t2.obj              122    0         0      
       autoinit.obj               112    0         0      
       copy_decompress_lzss.obj   104    0         0      
       exit.obj                   84     0         12     
       boot.obj                   84     0         0      
       cpy_tbl.obj                76     0         0      
       u_divt2.obj                64     0         0      
       _lock.obj                  20     0         8      
       args_main.obj              24     0         0      
       copy_decompress_none.obj   14     0         0      
       copy_zero_init.obj         12     0         0      
       pre_init.obj               4      0         0      
       stkdepth_vars.obj          0      0         4      
       i_div0.obj                 2      0         0      
       mpu_init.obj               2      0         0      
       startup.obj                2      0         0      
    +--+--------------------------+------+---------+---------+
       Total:                     882    0         24     
                                                          
       Stack:                     0      0         512    
       Linker Generated:          0      53        0      
    +--+--------------------------+------+---------+---------+
       Grand Total:               2800   697       557    


LINKER GENERATED COPY TABLES

__TI_cinit_table @ 00000da0 records: 2, size/record: 8, table size: 16
	.data: load addr=00000d78, load size=00000011 bytes, run addr=20000200, run size=00000020 bytes, compression=lzss
	.bss: load addr=00000d98, load size=00000008 bytes, run addr=20000220, run size=00000010 bytes, compression=zero_init


LINKER GENERATED HANDLER TABLE

__TI_handler_table @ 00000d8c records: 3, size/record: 4, table size: 12
	index: 0, handler: __TI_decompress_lzss
	index: 1, handler: __TI_decompress_none
	index: 2, handler: __TI_zero_init


GLOBAL SYMBOLS: SORTED ALPHABETICALLY BY Name 

address   name                           
-------   ----                           
00000b45  C$$EXIT                        
0000097d  ConfigureUART                  
00000cb5  Delay                          
00000835  DisplayIntStatus               
00000be5  IntGPIOa                       
00000a41  IntGPIOb                       
00000a99  IntGPIOc                       
00000d43  ResetISR                       
UNDEFED   SHT$$INIT_ARRAY$$Base          
UNDEFED   SHT$$INIT_ARRAY$$Limit         
00000d49  UARTClockSourceSet             
000009e1  UARTStdioConfig                
00000ce1  UARTprintf                     
00000535  UARTvprintf                    
00000c2d  UARTwrite                      
20000200  __STACK_END                    
00000200  __STACK_SIZE                   
20000200  __STACK_TOP                    
00000da0  __TI_CINIT_Base                
00000db0  __TI_CINIT_Limit               
00000d8c  __TI_Handler_Table_Base        
00000d98  __TI_Handler_Table_Limit       
000008a5  __TI_auto_init                 
20000200  __TI_cleanup_ptr               
00000915  __TI_decompress_lzss           
00000d29  __TI_decompress_none           
20000204  __TI_dtors_ptr                 
20000208  __TI_enable_exit_profile_output
ffffffff  __TI_pprof_out_hndl            
ffffffff  __TI_prof_data_size            
ffffffff  __TI_prof_data_start           
00000000  __TI_static_base__             
00000d37  __TI_zero_init                 
00000d57  __aeabi_idiv0                  
000007bb  __aeabi_memclr                 
000007bb  __aeabi_memclr4                
000007bb  __aeabi_memclr8                
0000071f  __aeabi_memcpy                 
0000071f  __aeabi_memcpy4                
0000071f  __aeabi_memcpy8                
000007bd  __aeabi_memset                 
000007bd  __aeabi_memset4                
000007bd  __aeabi_memset8                
00000c75  __aeabi_uidiv                  
00000c75  __aeabi_uidivmod               
ffffffff  __binit__                      
ffffffff  __c_args__                     
00000d59  __mpu_init                     
20000000  __stack                        
00000cfd  _args_main                     
00000af1  _c_int00                       
2000020c  _lock                          
00000d23  _nop                           
00000d1b  _register_lock                 
00000d15  _register_unlock               
00000d5b  _system_post_cinit             
00000d4f  _system_pre_init               
20000210  _unlock                        
00000b49  abort                          
ffffffff  binit                          
00000b99  copy_in                        
00000b51  exit                           
00000000  g_pfnVectors                   
20000220  g_ui32GPIOa                    
20000224  g_ui32GPIOb                    
20000228  g_ui32GPIOc                    
2000022c  g_ui32Index                    
0000026d  main                           
2000021c  main_func_sp                   
0000071f  memcpy                         
000007c3  memset                         


GLOBAL SYMBOLS: SORTED BY Symbol Address 

address   name                           
-------   ----                           
00000000  __TI_static_base__             
00000000  g_pfnVectors                   
00000200  __STACK_SIZE                   
0000026d  main                           
00000535  UARTvprintf                    
0000071f  __aeabi_memcpy                 
0000071f  __aeabi_memcpy4                
0000071f  __aeabi_memcpy8                
0000071f  memcpy                         
000007bb  __aeabi_memclr                 
000007bb  __aeabi_memclr4                
000007bb  __aeabi_memclr8                
000007bd  __aeabi_memset                 
000007bd  __aeabi_memset4                
000007bd  __aeabi_memset8                
000007c3  memset                         
00000835  DisplayIntStatus               
000008a5  __TI_auto_init                 
00000915  __TI_decompress_lzss           
0000097d  ConfigureUART                  
000009e1  UARTStdioConfig                
00000a41  IntGPIOb                       
00000a99  IntGPIOc                       
00000af1  _c_int00                       
00000b45  C$$EXIT                        
00000b49  abort                          
00000b51  exit                           
00000b99  copy_in                        
00000be5  IntGPIOa                       
00000c2d  UARTwrite                      
00000c75  __aeabi_uidiv                  
00000c75  __aeabi_uidivmod               
00000cb5  Delay                          
00000ce1  UARTprintf                     
00000cfd  _args_main                     
00000d15  _register_unlock               
00000d1b  _register_lock                 
00000d23  _nop                           
00000d29  __TI_decompress_none           
00000d37  __TI_zero_init                 
00000d43  ResetISR                       
00000d49  UARTClockSourceSet             
00000d4f  _system_pre_init               
00000d57  __aeabi_idiv0                  
00000d59  __mpu_init                     
00000d5b  _system_post_cinit             
00000d8c  __TI_Handler_Table_Base        
00000d98  __TI_Handler_Table_Limit       
00000da0  __TI_CINIT_Base                
00000db0  __TI_CINIT_Limit               
20000000  __stack                        
20000200  __STACK_END                    
20000200  __STACK_TOP                    
20000200  __TI_cleanup_ptr               
20000204  __TI_dtors_ptr                 
20000208  __TI_enable_exit_profile_output
2000020c  _lock                          
20000210  _unlock                        
2000021c  main_func_sp                   
20000220  g_ui32GPIOa                    
20000224  g_ui32GPIOb                    
20000228  g_ui32GPIOc                    
2000022c  g_ui32Index                    
ffffffff  __TI_pprof_out_hndl            
ffffffff  __TI_prof_data_size            
ffffffff  __TI_prof_data_start           
ffffffff  __binit__                      
ffffffff  __c_args__                     
ffffffff  binit                          
UNDEFED   SHT$$INIT_ARRAY$$Base          
UNDEFED   SHT$$INIT_ARRAY$$Limit         

[71 symbols]
