******************************************************************************
                  TI ARM Linker PC v16.9.7                     
******************************************************************************
>> Linked Fri Apr 06 17:14:00 2018

OUTPUT FILE NAME:   <temporalBehaviorPractice.out>
ENTRY POINT SYMBOL: "_c_int00"  address: 00001e15


MEMORY CONFIGURATION

         name            origin    length      used     unused   attr    fill
----------------------  --------  ---------  --------  --------  ----  --------
  FLASH                 00000000   00100000  000023ec  000fdc14  R  X
  SRAM                  20000000   00040000  0000048c  0003fb74  RW X


SEGMENT ALLOCATION MAP

run origin  load origin   length   init length attrs members
----------  ----------- ---------- ----------- ----- -------
00000000    00000000    000023f0   000023f0    r-x
  00000000    00000000    00000208   00000208    r-- .intvecs
  00000208    00000208    00001d9c   00001d9c    r-x .text
  00001fa4    00001fa4    00000408   00000408    r-- .const
  000023b0    000023b0    00000040   00000040    r-- .cinit
20000000    20000000    0000048c   00000000    rw-
  20000000    20000000    0000026c   00000000    rw- .vtable
  2000026c    2000026c    00000200   00000000    rw- .stack
  2000046c    2000046c    00000020   00000000    rw- .data


SECTION ALLOCATION MAP

 output                                  attributes/
section   page    origin      length       input sections
--------  ----  ----------  ----------   ----------------
.intvecs   0    00000000    00000208     
                  00000000    00000208     tm4c1294ncpdt_startup_ccs.obj (.intvecs)

.text      0    00000208    00001d9c     
                  00000208    00000f60     sysctl.obj (.text)
                  00001168    00000656     timer.obj (.text)
                  000017be    00000002     rtsv7M4_T_le_v4SPD16_eabi.lib : mpu_init.obj (.text)
                  000017c0    000003c0     interrupt.obj (.text)
                  00001b80    000000a4     main.obj (.text)
                  00001c24    0000009c     rtsv7M4_T_le_v4SPD16_eabi.lib : memcpy_t2.obj (.text)
                  00001cc0    0000007a                                   : memset_t2.obj (.text)
                  00001d3a    00000002                                   : startup.obj (.text)
                  00001d3c    00000070                                   : autoinit.obj (.text)
                  00001dac    00000068                                   : copy_decompress_lzss.obj (.text:decompress:lzss)
                  00001e14    00000054                                   : boot.obj (.text)
                  00001e68    00000054                                   : exit.obj (.text)
                  00001ebc    0000004c                                   : cpy_tbl.obj (.text)
                  00001f08    0000003e     cpu.obj (.text)
                  00001f46    00000002     --HOLE-- [fill = 0]
                  00001f48    00000018     rtsv7M4_T_le_v4SPD16_eabi.lib : args_main.obj (.text)
                  00001f60    00000014                                   : _lock.obj (.text)
                  00001f74    0000000e                                   : copy_decompress_none.obj (.text:decompress:none)
                  00001f82    0000000c                                   : copy_zero_init.obj (.text:decompress:ZI)
                  00001f8e    0000000c     tm4c1294ncpdt_startup_ccs.obj (.text)
                  00001f9a    00000006     sysctl.obj (.text:SysCtlDelay)
                  00001fa0    00000004     rtsv7M4_T_le_v4SPD16_eabi.lib : pre_init.obj (.text)

.const     0    00001fa4    00000408     
                  00001fa4    000001b0     sysctl.obj (.const:g_pppui32XTALtoVCO)
                  00002154    0000009c     interrupt.obj (.const:g_pui32Regs)
                  000021f0    0000006c     sysctl.obj (.const:g_pui32Xtals)
                  0000225c    00000060     timer.obj (.const:g_ppui32TimerIntMap)
                  000022bc    00000040     timer.obj (.const:g_ppui32TimerIntMapSnowflake)
                  000022fc    00000030     sysctl.obj (.const:g_sXTALtoMEMTIM)
                  0000232c    00000020     interrupt.obj (.const:g_pui32Priority)
                  0000234c    00000014     interrupt.obj (.const:g_pui32Dii16Regs)
                  00002360    00000014     interrupt.obj (.const:g_pui32EnRegs)
                  00002374    00000014     interrupt.obj (.const:g_pui32PendRegs)
                  00002388    00000014     interrupt.obj (.const:g_pui32UnpendRegs)
                  0000239c    00000008     sysctl.obj (.const:g_pui32VCOFrequencies)
                  000023a4    00000008     timer.obj (.const)

.cinit     0    000023b0    00000040     
                  000023b0    00000015     (.cinit..data.load) [load image, compression = lzss]
                  000023c5    00000003     --HOLE-- [fill = 0]
                  000023c8    0000000c     (__TI_handler_table)
                  000023d4    00000004     --HOLE-- [fill = 0]
                  000023d8    00000008     (.cinit..vtable.load) [load image, compression = zero_init]
                  000023e0    00000010     (__TI_cinit_table)

.init_array 
*          0    00000000    00000000     UNINITIALIZED

.vtable    0    20000000    0000026c     UNINITIALIZED
                  20000000    0000026c     interrupt.obj (.vtable)

.stack     0    2000026c    00000200     UNINITIALIZED
                  2000026c    00000200     --HOLE--

.data      0    2000046c    00000020     UNINITIALIZED
                  2000046c    0000000c     rtsv7M4_T_le_v4SPD16_eabi.lib : exit.obj (.data:$O1$$)
                  20000478    00000008                                   : _lock.obj (.data:$O1$$)
                  20000480    00000008     main.obj (.data)
                  20000488    00000004     rtsv7M4_T_le_v4SPD16_eabi.lib : stkdepth_vars.obj (.data)

MODULE SUMMARY

       Module                          code   ro data   rw data
       ------                          ----   -------   -------
    .\
       tm4c1294ncpdt_startup_ccs.obj   12     520       0      
       main.obj                        164    0         8      
    +--+-------------------------------+------+---------+---------+
       Total:                          176    520       8      
                                                               
    .\driverlib\
       sysctl.obj                      3942   596       0      
       interrupt.obj                   960    268       620    
       timer.obj                       1622   168       0      
       cpu.obj                         62     0         0      
    +--+-------------------------------+------+---------+---------+
       Total:                          6586   1032      620    
                                                               
    C:\ti\ccsv7\tools\compiler\ti-cgt-arm_16.9.7.LTS\lib\rtsv7M4_T_le_v4SPD16_eabi.lib
       memcpy_t2.obj                   156    0         0      
       memset_t2.obj                   122    0         0      
       autoinit.obj                    112    0         0      
       copy_decompress_lzss.obj        104    0         0      
       exit.obj                        84     0         12     
       boot.obj                        84     0         0      
       cpy_tbl.obj                     76     0         0      
       _lock.obj                       20     0         8      
       args_main.obj                   24     0         0      
       copy_decompress_none.obj        14     0         0      
       copy_zero_init.obj              12     0         0      
       pre_init.obj                    4      0         0      
       stkdepth_vars.obj               0      0         4      
       mpu_init.obj                    2      0         0      
       startup.obj                     2      0         0      
    +--+-------------------------------+------+---------+---------+
       Total:                          816    0         24     
                                                               
       Stack:                          0      0         512    
       Linker Generated:               0      57        0      
    +--+-------------------------------+------+---------+---------+
       Grand Total:                    7578   1609      1164   


LINKER GENERATED COPY TABLES

__TI_cinit_table @ 000023e0 records: 2, size/record: 8, table size: 16
	.data: load addr=000023b0, load size=00000015 bytes, run addr=2000046c, run size=00000020 bytes, compression=lzss
	.vtable: load addr=000023d8, load size=00000008 bytes, run addr=20000000, run size=0000026c bytes, compression=zero_init


LINKER GENERATED HANDLER TABLE

__TI_handler_table @ 000023c8 records: 3, size/record: 4, table size: 12
	index: 0, handler: __TI_zero_init
	index: 1, handler: __TI_decompress_lzss
	index: 2, handler: __TI_decompress_none


GLOBAL SYMBOLS: SORTED ALPHABETICALLY BY Name 

address   name                            
-------   ----                            
00001e69  C$$EXIT                         
00001f3d  CPUbasepriGet                   
00001f2f  CPUbasepriSet                   
00001f09  CPUcpsid                        
00001f1f  CPUcpsie                        
00001f15  CPUprimask                      
00001f2b  CPUwfi                          
00001b81  ISR                             
00001981  IntDisable                      
0000190f  IntEnable                       
000019f3  IntIsEnabled                    
000017d3  IntMasterDisable                
000017c3  IntMasterEnable                 
00001ae9  IntPendClear                    
00001a79  IntPendSet                      
000018eb  IntPriorityGet                  
00001863  IntPriorityGroupingGet          
00001849  IntPriorityGroupingSet          
00001b43  IntPriorityMaskGet              
00001b37  IntPriorityMaskSet              
0000189b  IntPrioritySet                  
000017e3  IntRegister                     
00001b4b  IntTrigger                      
00001835  IntUnregister                   
00001f8f  ResetISR                        
UNDEFED   SHT$$INIT_ARRAY$$Base           
UNDEFED   SHT$$INIT_ARRAY$$Limit          
00001125  SysCtlAltClkConfig              
00000871  SysCtlClockFreqSet              
00000d15  SysCtlClockGet                  
00001109  SysCtlClockOutConfig            
00000b45  SysCtlClockSet                  
00000771  SysCtlDeepSleep                 
00000ed9  SysCtlDeepSleepClockConfigSet   
00000ebb  SysCtlDeepSleepClockSet         
00000751  SysCtlDeepSleepPowerSet         
00001f9b  SysCtlDelay                     
000002ff  SysCtlFlashSectorSizeGet        
000002d3  SysCtlFlashSizeGet              
00000faf  SysCtlGPIOAHBDisable            
00000f93  SysCtlGPIOAHBEnable             
000006e5  SysCtlIntClear                  
000006cd  SysCtlIntDisable                
000006b9  SysCtlIntEnable                 
00000691  SysCtlIntRegister               
000006f5  SysCtlIntStatus                 
000006a9  SysCtlIntUnregister             
00000737  SysCtlLDODeepSleepGet           
00000727  SysCtlLDODeepSleepSet           
00000721  SysCtlLDOSleepGet               
00000711  SysCtlLDOSleepSet               
000007a7  SysCtlMOSCConfigSet             
000010ed  SysCtlNMIClear                  
000010d9  SysCtlNMIStatus                 
000007bd  SysCtlPIOSCCalibrate            
00000f7d  SysCtlPWMClockGet               
00000f63  SysCtlPWMClockSet               
0000063d  SysCtlPeripheralClockGating     
000005f5  SysCtlPeripheralDeepSleepDisable
000005a5  SysCtlPeripheralDeepSleepEnable 
000004e1  SysCtlPeripheralDisable         
000004a5  SysCtlPeripheralEnable          
000003e1  SysCtlPeripheralPowerOff        
000003a5  SysCtlPeripheralPowerOn         
00000325  SysCtlPeripheralPresent         
00000365  SysCtlPeripheralReady           
0000041d  SysCtlPeripheralReset           
00000569  SysCtlPeripheralSleepDisable    
00000525  SysCtlPeripheralSleepEnable     
00000761  SysCtlReset                     
0000081d  SysCtlResetBehaviorGet          
0000080d  SysCtlResetBehaviorSet          
00000793  SysCtlResetCauseClear           
0000078d  SysCtlResetCauseGet             
000002c9  SysCtlSRAMSizeGet               
00000769  SysCtlSleep                     
0000073d  SysCtlSleepPowerSet             
00000fd7  SysCtlUSBPLLDisable             
00000fcb  SysCtlUSBPLLEnable              
0000101d  SysCtlVCOGet                    
00001005  SysCtlVoltageEventClear         
00000fe9  SysCtlVoltageEventConfig        
00000ff9  SysCtlVoltageEventStatus        
0000173d  TimerADCEventGet                
0000172b  TimerADCEventSet                
00001459  TimerClockSourceGet             
0000143d  TimerClockSourceSet             
0000121b  TimerConfigure                  
0000133b  TimerControlEvent               
00001297  TimerControlLevel               
00001365  TimerControlStall               
000012cd  TimerControlTrigger             
0000139b  TimerControlWaitOnTrigger       
0000175d  TimerDMAEventGet                
0000174b  TimerDMAEventSet                
000011fd  TimerDisable                    
000011df  TimerEnable                     
00001707  TimerIntClear                   
000016d1  TimerIntDisable                 
000016b9  TimerIntEnable                  
00001673  TimerIntRegister                
000016e9  TimerIntStatus                  
0000169b  TimerIntUnregister              
00001523  TimerLoadGet                    
0000155d  TimerLoadGet64                  
000014f9  TimerLoadSet                    
0000153f  TimerLoadSet64                  
00001607  TimerMatchGet                   
00001641  TimerMatchGet64                 
000015dd  TimerMatchSet                   
00001623  TimerMatchSet64                 
00001493  TimerPrescaleGet                
000014dd  TimerPrescaleMatchGet           
000014af  TimerPrescaleMatchSet           
00001469  TimerPrescaleSet                
00001411  TimerRTCDisable                 
000013fb  TimerRTCEnable                  
00001719  TimerSynchronize                
0000176b  TimerUpdateMode                 
0000158f  TimerValueGet                   
000015ab  TimerValueGet64                 
2000046c  __STACK_END                     
00000200  __STACK_SIZE                    
2000046c  __STACK_TOP                     
000023e0  __TI_CINIT_Base                 
000023f0  __TI_CINIT_Limit                
000023c8  __TI_Handler_Table_Base         
000023d4  __TI_Handler_Table_Limit        
00001d3d  __TI_auto_init                  
2000046c  __TI_cleanup_ptr                
00001dad  __TI_decompress_lzss            
00001f75  __TI_decompress_none            
20000470  __TI_dtors_ptr                  
20000474  __TI_enable_exit_profile_output 
ffffffff  __TI_pprof_out_hndl             
ffffffff  __TI_prof_data_size             
ffffffff  __TI_prof_data_start            
00000000  __TI_static_base__              
00001f83  __TI_zero_init                  
00001cc1  __aeabi_memclr                  
00001cc1  __aeabi_memclr4                 
00001cc1  __aeabi_memclr8                 
00001c25  __aeabi_memcpy                  
00001c25  __aeabi_memcpy4                 
00001c25  __aeabi_memcpy8                 
00001cc3  __aeabi_memset                  
00001cc3  __aeabi_memset4                 
00001cc3  __aeabi_memset8                 
ffffffff  __binit__                       
ffffffff  __c_args__                      
000017bf  __mpu_init                      
2000026c  __stack                         
00001f49  _args_main                      
00001e15  _c_int00                        
20000478  _lock                           
00001f6f  _nop                            
00001f67  _register_lock                  
00001f61  _register_unlock                
00001d3b  _system_post_cinit              
00001fa1  _system_pre_init                
2000047c  _unlock                         
00001e6d  abort                           
ffffffff  binit                           
00001ebd  copy_in                         
20000484  counter                         
00001e75  exit                            
20000000  g_pfnRAMVectors                 
00000000  g_pfnVectors                    
00001ba9  main                            
20000488  main_func_sp                    
00001c25  memcpy                          
00001cc9  memset                          
20000480  phase                           


GLOBAL SYMBOLS: SORTED BY Symbol Address 

address   name                            
-------   ----                            
00000000  __TI_static_base__              
00000000  g_pfnVectors                    
00000200  __STACK_SIZE                    
000002c9  SysCtlSRAMSizeGet               
000002d3  SysCtlFlashSizeGet              
000002ff  SysCtlFlashSectorSizeGet        
00000325  SysCtlPeripheralPresent         
00000365  SysCtlPeripheralReady           
000003a5  SysCtlPeripheralPowerOn         
000003e1  SysCtlPeripheralPowerOff        
0000041d  SysCtlPeripheralReset           
000004a5  SysCtlPeripheralEnable          
000004e1  SysCtlPeripheralDisable         
00000525  SysCtlPeripheralSleepEnable     
00000569  SysCtlPeripheralSleepDisable    
000005a5  SysCtlPeripheralDeepSleepEnable 
000005f5  SysCtlPeripheralDeepSleepDisable
0000063d  SysCtlPeripheralClockGating     
00000691  SysCtlIntRegister               
000006a9  SysCtlIntUnregister             
000006b9  SysCtlIntEnable                 
000006cd  SysCtlIntDisable                
000006e5  SysCtlIntClear                  
000006f5  SysCtlIntStatus                 
00000711  SysCtlLDOSleepSet               
00000721  SysCtlLDOSleepGet               
00000727  SysCtlLDODeepSleepSet           
00000737  SysCtlLDODeepSleepGet           
0000073d  SysCtlSleepPowerSet             
00000751  SysCtlDeepSleepPowerSet         
00000761  SysCtlReset                     
00000769  SysCtlSleep                     
00000771  SysCtlDeepSleep                 
0000078d  SysCtlResetCauseGet             
00000793  SysCtlResetCauseClear           
000007a7  SysCtlMOSCConfigSet             
000007bd  SysCtlPIOSCCalibrate            
0000080d  SysCtlResetBehaviorSet          
0000081d  SysCtlResetBehaviorGet          
00000871  SysCtlClockFreqSet              
00000b45  SysCtlClockSet                  
00000d15  SysCtlClockGet                  
00000ebb  SysCtlDeepSleepClockSet         
00000ed9  SysCtlDeepSleepClockConfigSet   
00000f63  SysCtlPWMClockSet               
00000f7d  SysCtlPWMClockGet               
00000f93  SysCtlGPIOAHBEnable             
00000faf  SysCtlGPIOAHBDisable            
00000fcb  SysCtlUSBPLLEnable              
00000fd7  SysCtlUSBPLLDisable             
00000fe9  SysCtlVoltageEventConfig        
00000ff9  SysCtlVoltageEventStatus        
00001005  SysCtlVoltageEventClear         
0000101d  SysCtlVCOGet                    
000010d9  SysCtlNMIStatus                 
000010ed  SysCtlNMIClear                  
00001109  SysCtlClockOutConfig            
00001125  SysCtlAltClkConfig              
000011df  TimerEnable                     
000011fd  TimerDisable                    
0000121b  TimerConfigure                  
00001297  TimerControlLevel               
000012cd  TimerControlTrigger             
0000133b  TimerControlEvent               
00001365  TimerControlStall               
0000139b  TimerControlWaitOnTrigger       
000013fb  TimerRTCEnable                  
00001411  TimerRTCDisable                 
0000143d  TimerClockSourceSet             
00001459  TimerClockSourceGet             
00001469  TimerPrescaleSet                
00001493  TimerPrescaleGet                
000014af  TimerPrescaleMatchSet           
000014dd  TimerPrescaleMatchGet           
000014f9  TimerLoadSet                    
00001523  TimerLoadGet                    
0000153f  TimerLoadSet64                  
0000155d  TimerLoadGet64                  
0000158f  TimerValueGet                   
000015ab  TimerValueGet64                 
000015dd  TimerMatchSet                   
00001607  TimerMatchGet                   
00001623  TimerMatchSet64                 
00001641  TimerMatchGet64                 
00001673  TimerIntRegister                
0000169b  TimerIntUnregister              
000016b9  TimerIntEnable                  
000016d1  TimerIntDisable                 
000016e9  TimerIntStatus                  
00001707  TimerIntClear                   
00001719  TimerSynchronize                
0000172b  TimerADCEventSet                
0000173d  TimerADCEventGet                
0000174b  TimerDMAEventSet                
0000175d  TimerDMAEventGet                
0000176b  TimerUpdateMode                 
000017bf  __mpu_init                      
000017c3  IntMasterEnable                 
000017d3  IntMasterDisable                
000017e3  IntRegister                     
00001835  IntUnregister                   
00001849  IntPriorityGroupingSet          
00001863  IntPriorityGroupingGet          
0000189b  IntPrioritySet                  
000018eb  IntPriorityGet                  
0000190f  IntEnable                       
00001981  IntDisable                      
000019f3  IntIsEnabled                    
00001a79  IntPendSet                      
00001ae9  IntPendClear                    
00001b37  IntPriorityMaskSet              
00001b43  IntPriorityMaskGet              
00001b4b  IntTrigger                      
00001b81  ISR                             
00001ba9  main                            
00001c25  __aeabi_memcpy                  
00001c25  __aeabi_memcpy4                 
00001c25  __aeabi_memcpy8                 
00001c25  memcpy                          
00001cc1  __aeabi_memclr                  
00001cc1  __aeabi_memclr4                 
00001cc1  __aeabi_memclr8                 
00001cc3  __aeabi_memset                  
00001cc3  __aeabi_memset4                 
00001cc3  __aeabi_memset8                 
00001cc9  memset                          
00001d3b  _system_post_cinit              
00001d3d  __TI_auto_init                  
00001dad  __TI_decompress_lzss            
00001e15  _c_int00                        
00001e69  C$$EXIT                         
00001e6d  abort                           
00001e75  exit                            
00001ebd  copy_in                         
00001f09  CPUcpsid                        
00001f15  CPUprimask                      
00001f1f  CPUcpsie                        
00001f2b  CPUwfi                          
00001f2f  CPUbasepriSet                   
00001f3d  CPUbasepriGet                   
00001f49  _args_main                      
00001f61  _register_unlock                
00001f67  _register_lock                  
00001f6f  _nop                            
00001f75  __TI_decompress_none            
00001f83  __TI_zero_init                  
00001f8f  ResetISR                        
00001f9b  SysCtlDelay                     
00001fa1  _system_pre_init                
000023c8  __TI_Handler_Table_Base         
000023d4  __TI_Handler_Table_Limit        
000023e0  __TI_CINIT_Base                 
000023f0  __TI_CINIT_Limit                
20000000  g_pfnRAMVectors                 
2000026c  __stack                         
2000046c  __STACK_END                     
2000046c  __STACK_TOP                     
2000046c  __TI_cleanup_ptr                
20000470  __TI_dtors_ptr                  
20000474  __TI_enable_exit_profile_output 
20000478  _lock                           
2000047c  _unlock                         
20000480  phase                           
20000484  counter                         
20000488  main_func_sp                    
ffffffff  __TI_pprof_out_hndl             
ffffffff  __TI_prof_data_size             
ffffffff  __TI_prof_data_start            
ffffffff  __binit__                       
ffffffff  __c_args__                      
ffffffff  binit                           
UNDEFED   SHT$$INIT_ARRAY$$Base           
UNDEFED   SHT$$INIT_ARRAY$$Limit          

[173 symbols]
