******************************************************************************
                  TI ARM Linker PC v16.9.6                     
******************************************************************************
>> Linked Fri Feb 16 17:59:23 2018

OUTPUT FILE NAME:   <timers.out>
ENTRY POINT SYMBOL: "_c_int00"  address: 00000945


MEMORY CONFIGURATION

         name            origin    length      used     unused   attr    fill
----------------------  --------  ---------  --------  --------  ----  --------
  FLASH                 00000000   00040000  00000b8e  0003f472  R  X
  SRAM                  20000000   00008000  00000124  00007edc  RW X


SEGMENT ALLOCATION MAP

run origin  load origin   length   init length attrs members
----------  ----------- ---------- ----------- ----- -------
00000000    00000000    00000b90   00000b90    r-x
  00000000    00000000    0000026c   0000026c    r-- .intvecs
  0000026c    0000026c    000008d2   000008d2    r-x .text
  00000b40    00000b40    00000018   00000018    r-- .const
  00000b58    00000b58    00000038   00000038    r-- .cinit
20000000    20000000    00000124   00000000    rw-
  20000000    20000000    00000100   00000000    rw- .stack
  20000100    20000100    00000020   00000000    rw- .data
  20000120    20000120    00000004   00000000    rw- .bss


SECTION ALLOCATION MAP

 output                                  attributes/
section   page    origin      length       input sections
--------  ----  ----------  ----------   ----------------
.intvecs   0    00000000    0000026c     
                  00000000    0000026c     startup_ccs.obj (.intvecs)

.text      0    0000026c    000008d2     
                  0000026c    000001ea     uartstdio.obj (.text:UARTvprintf)
                  00000456    00000002     startup_ccs.obj (.text:FaultISR)
                  00000458    00000124     timers.obj (.text:main)
                  0000057c    0000009c     rtsv7M4_T_le_v4SPD16_eabi.lib : memcpy_t2.obj (.text)
                  00000618    0000008c     timers.obj (.text:Timer0IntHandler)
                  000006a4    00000088     timers.obj (.text:Timer1IntHandler)
                  0000072c    0000007a     rtsv7M4_T_le_v4SPD16_eabi.lib : memset_t2.obj (.text)
                  000007a6    00000002     startup_ccs.obj (.text:IntDefaultHandler)
                  000007a8    00000070     rtsv7M4_T_le_v4SPD16_eabi.lib : autoinit.obj (.text)
                  00000818    00000068                                   : copy_decompress_lzss.obj (.text:decompress:lzss)
                  00000880    00000064     timers.obj (.text:ConfigureUART)
                  000008e4    00000060     uartstdio.obj (.text:UARTStdioConfig)
                  00000944    00000054     rtsv7M4_T_le_v4SPD16_eabi.lib : boot.obj (.text)
                  00000998    00000054                                   : exit.obj (.text)
                  000009ec    0000004c                                   : cpy_tbl.obj (.text)
                  00000a38    00000048     uartstdio.obj (.text:UARTwrite)
                  00000a80    00000040     rtsv7M4_T_le_v4SPD16_eabi.lib : u_divt2.obj (.text)
                  00000ac0    0000001a     uartstdio.obj (.text:UARTprintf)
                  00000ada    00000002     startup_ccs.obj (.text:NmiSR)
                  00000adc    00000018     rtsv7M4_T_le_v4SPD16_eabi.lib : args_main.obj (.text)
                  00000af4    00000014                                   : _lock.obj (.text)
                  00000b08    0000000e                                   : copy_decompress_none.obj (.text:decompress:none)
                  00000b16    0000000c                                   : copy_zero_init.obj (.text:decompress:ZI)
                  00000b22    00000006     driverlib.lib : gpio.obj (.text:GPIOPinWrite)
                  00000b28    00000006     startup_ccs.obj (.text:ResetISR)
                  00000b2e    00000006     driverlib.lib : uart.obj (.text:UARTClockSourceSet)
                  00000b34    00000004     rtsv7M4_T_le_v4SPD16_eabi.lib : pre_init.obj (.text)
                  00000b38    00000002                                   : i_div0.obj (.text)
                  00000b3a    00000002                                   : mpu_init.obj (.text)
                  00000b3c    00000002                                   : startup.obj (.text)

.const     0    00000b40    00000018     
                  00000b40    0000000c     uartstdio.obj (.const:g_ui32UARTBase)
                  00000b4c    0000000c     uartstdio.obj (.const:g_ui32UARTPeriph)

.cinit     0    00000b58    00000038     
                  00000b58    00000011     (.cinit..data.load) [load image, compression = lzss]
                  00000b69    00000003     --HOLE-- [fill = 0]
                  00000b6c    0000000c     (__TI_handler_table)
                  00000b78    00000008     (.cinit..bss.load) [load image, compression = zero_init]
                  00000b80    00000010     (__TI_cinit_table)

.init_array 
*          0    00000000    00000000     UNINITIALIZED

.stack     0    20000000    00000100     UNINITIALIZED
                  20000000    00000100     --HOLE--

.data      0    20000100    00000020     UNINITIALIZED
                  20000100    0000000c     rtsv7M4_T_le_v4SPD16_eabi.lib : exit.obj (.data:$O1$$)
                  2000010c    00000008                                   : _lock.obj (.data:$O1$$)
                  20000114    00000005     uartstdio.obj (.data)
                  20000119    00000003     --HOLE--
                  2000011c    00000004     rtsv7M4_T_le_v4SPD16_eabi.lib : stkdepth_vars.obj (.data)

.bss       0    20000120    00000004     UNINITIALIZED
                  20000120    00000004     (.common:g_ui32Flags)

MODULE SUMMARY

       Module                     code   ro data   rw data
       ------                     ----   -------   -------
    .\
       timers.obj                 668    0         4      
       startup_ccs.obj            12     620       0      
    +--+--------------------------+------+---------+---------+
       Total:                     680    620       4      
                                                          
    .\utils\
       uartstdio.obj              684    24        5      
    +--+--------------------------+------+---------+---------+
       Total:                     684    24        5      
                                                          
    C:/ti/TivaWare_C_Series-2.1.3.156/driverlib/ccs/Debug/driverlib.lib
       gpio.obj                   6      0         0      
       uart.obj                   6      0         0      
    +--+--------------------------+------+---------+---------+
       Total:                     12     0         0      
                                                          
    C:\ti\ccsv7\tools\compiler\ti-cgt-arm_16.9.6.LTS\lib\rtsv7M4_T_le_v4SPD16_eabi.lib
       memcpy_t2.obj              156    0         0      
       memset_t2.obj              122    0         0      
       autoinit.obj               112    0         0      
       copy_decompress_lzss.obj   104    0         0      
       exit.obj                   84     0         12     
       boot.obj                   84     0         0      
       cpy_tbl.obj                76     0         0      
       u_divt2.obj                64     0         0      
       _lock.obj                  20     0         8      
       args_main.obj              24     0         0      
       copy_decompress_none.obj   14     0         0      
       copy_zero_init.obj         12     0         0      
       pre_init.obj               4      0         0      
       stkdepth_vars.obj          0      0         4      
       i_div0.obj                 2      0         0      
       mpu_init.obj               2      0         0      
       startup.obj                2      0         0      
    +--+--------------------------+------+---------+---------+
       Total:                     882    0         24     
                                                          
       Stack:                     0      0         256    
       Linker Generated:          0      53        0      
    +--+--------------------------+------+---------+---------+
       Grand Total:               2258   697       289    


LINKER GENERATED COPY TABLES

__TI_cinit_table @ 00000b80 records: 2, size/record: 8, table size: 16
	.data: load addr=00000b58, load size=00000011 bytes, run addr=20000100, run size=00000020 bytes, compression=lzss
	.bss: load addr=00000b78, load size=00000008 bytes, run addr=20000120, run size=00000004 bytes, compression=zero_init


LINKER GENERATED HANDLER TABLE

__TI_handler_table @ 00000b6c records: 3, size/record: 4, table size: 12
	index: 0, handler: __TI_decompress_lzss
	index: 1, handler: __TI_decompress_none
	index: 2, handler: __TI_zero_init


GLOBAL SYMBOLS: SORTED ALPHABETICALLY BY Name 

address   name                           
-------   ----                           
00000999  C$$EXIT                        
00000881  ConfigureUART                  
00000b23  GPIOPinWrite                   
00000b29  ResetISR                       
UNDEFED   SHT$$INIT_ARRAY$$Base          
UNDEFED   SHT$$INIT_ARRAY$$Limit         
00000619  Timer0IntHandler               
000006a5  Timer1IntHandler               
00000b2f  UARTClockSourceSet             
000008e5  UARTStdioConfig                
00000ac1  UARTprintf                     
0000026d  UARTvprintf                    
00000a39  UARTwrite                      
20000100  __STACK_END                    
00000100  __STACK_SIZE                   
20000100  __STACK_TOP                    
00000b80  __TI_CINIT_Base                
00000b90  __TI_CINIT_Limit               
00000b6c  __TI_Handler_Table_Base        
00000b78  __TI_Handler_Table_Limit       
000007a9  __TI_auto_init                 
20000100  __TI_cleanup_ptr               
00000819  __TI_decompress_lzss           
00000b09  __TI_decompress_none           
20000104  __TI_dtors_ptr                 
20000108  __TI_enable_exit_profile_output
ffffffff  __TI_pprof_out_hndl            
ffffffff  __TI_prof_data_size            
ffffffff  __TI_prof_data_start           
00000000  __TI_static_base__             
00000b17  __TI_zero_init                 
00000b39  __aeabi_idiv0                  
0000072d  __aeabi_memclr                 
0000072d  __aeabi_memclr4                
0000072d  __aeabi_memclr8                
0000057d  __aeabi_memcpy                 
0000057d  __aeabi_memcpy4                
0000057d  __aeabi_memcpy8                
0000072f  __aeabi_memset                 
0000072f  __aeabi_memset4                
0000072f  __aeabi_memset8                
00000a81  __aeabi_uidiv                  
00000a81  __aeabi_uidivmod               
ffffffff  __binit__                      
ffffffff  __c_args__                     
00000b3b  __mpu_init                     
20000000  __stack                        
00000add  _args_main                     
00000945  _c_int00                       
2000010c  _lock                          
00000b03  _nop                           
00000afb  _register_lock                 
00000af5  _register_unlock               
00000b3d  _system_post_cinit             
00000b35  _system_pre_init               
20000110  _unlock                        
0000099d  abort                          
ffffffff  binit                          
000009ed  copy_in                        
000009a5  exit                           
00000000  g_pfnVectors                   
20000120  g_ui32Flags                    
00000459  main                           
2000011c  main_func_sp                   
0000057d  memcpy                         
00000735  memset                         


GLOBAL SYMBOLS: SORTED BY Symbol Address 

address   name                           
-------   ----                           
00000000  __TI_static_base__             
00000000  g_pfnVectors                   
00000100  __STACK_SIZE                   
0000026d  UARTvprintf                    
00000459  main                           
0000057d  __aeabi_memcpy                 
0000057d  __aeabi_memcpy4                
0000057d  __aeabi_memcpy8                
0000057d  memcpy                         
00000619  Timer0IntHandler               
000006a5  Timer1IntHandler               
0000072d  __aeabi_memclr                 
0000072d  __aeabi_memclr4                
0000072d  __aeabi_memclr8                
0000072f  __aeabi_memset                 
0000072f  __aeabi_memset4                
0000072f  __aeabi_memset8                
00000735  memset                         
000007a9  __TI_auto_init                 
00000819  __TI_decompress_lzss           
00000881  ConfigureUART                  
000008e5  UARTStdioConfig                
00000945  _c_int00                       
00000999  C$$EXIT                        
0000099d  abort                          
000009a5  exit                           
000009ed  copy_in                        
00000a39  UARTwrite                      
00000a81  __aeabi_uidiv                  
00000a81  __aeabi_uidivmod               
00000ac1  UARTprintf                     
00000add  _args_main                     
00000af5  _register_unlock               
00000afb  _register_lock                 
00000b03  _nop                           
00000b09  __TI_decompress_none           
00000b17  __TI_zero_init                 
00000b23  GPIOPinWrite                   
00000b29  ResetISR                       
00000b2f  UARTClockSourceSet             
00000b35  _system_pre_init               
00000b39  __aeabi_idiv0                  
00000b3b  __mpu_init                     
00000b3d  _system_post_cinit             
00000b6c  __TI_Handler_Table_Base        
00000b78  __TI_Handler_Table_Limit       
00000b80  __TI_CINIT_Base                
00000b90  __TI_CINIT_Limit               
20000000  __stack                        
20000100  __STACK_END                    
20000100  __STACK_TOP                    
20000100  __TI_cleanup_ptr               
20000104  __TI_dtors_ptr                 
20000108  __TI_enable_exit_profile_output
2000010c  _lock                          
20000110  _unlock                        
2000011c  main_func_sp                   
20000120  g_ui32Flags                    
ffffffff  __TI_pprof_out_hndl            
ffffffff  __TI_prof_data_size            
ffffffff  __TI_prof_data_start           
ffffffff  __binit__                      
ffffffff  __c_args__                     
ffffffff  binit                          
UNDEFED   SHT$$INIT_ARRAY$$Base          
UNDEFED   SHT$$INIT_ARRAY$$Limit         

[66 symbols]
