******************************************************************************
                  TI ARM Linker PC v16.9.8                     
******************************************************************************
>> Linked Fri Sep 14 12:38:00 2018

OUTPUT FILE NAME:   <UARTPractice.out>
ENTRY POINT SYMBOL: "_c_int00"  address: 00002ab9


MEMORY CONFIGURATION

         name            origin    length      used     unused   attr    fill
----------------------  --------  ---------  --------  --------  ----  --------
  FLASH                 00000000   00100000  00003298  000fcd68  R  X
  SRAM                  20000000   00040000  000004b0  0003fb50  RW X


SEGMENT ALLOCATION MAP

run origin  load origin   length   init length attrs members
----------  ----------- ---------- ----------- ----- -------
00000000    00000000    00003298   00003298    r-x
  00000000    00000000    00000208   00000208    r-- .intvecs
  00000208    00000208    00002a40   00002a40    r-x .text
  00002c48    00002c48    00000600   00000600    r-- .const
  00003248    00003248    00000050   00000050    r-- .cinit
20000000    20000000    000004b0   00000000    rw-
  20000000    20000000    0000026c   00000000    rw- .vtable
  2000026c    2000026c    00000200   00000000    rw- .stack
  2000046c    2000046c    00000024   00000000    rw- .data
  20000490    20000490    00000020   00000000    rw- .bss


SECTION ALLOCATION MAP

 output                                  attributes/
section   page    origin      length       input sections
--------  ----  ----------  ----------   ----------------
.intvecs   0    00000000    00000208     
                  00000000    00000208     tm4c1294ncpdt_startup_ccs.obj (.intvecs)

.text      0    00000208    00002a40     
                  00000208    00000f60     sysctl.obj (.text)
                  00001168    00000b4c     gpio.obj (.text)
                  00001cb4    00000638     uart.obj (.text)
                  000022ec    000003c0     interrupt.obj (.text)
                  000026ac    0000021c     main.obj (.text)
                  000028c8    0000009c     rtsv7M4_T_le_v4SPD16_eabi.lib : memcpy_t2.obj (.text)
                  00002964    0000007a                                   : memset_t2.obj (.text)
                  000029de    00000002                                   : mpu_init.obj (.text)
                  000029e0    00000070                                   : autoinit.obj (.text)
                  00002a50    00000068                                   : copy_decompress_lzss.obj (.text:decompress:lzss)
                  00002ab8    00000054                                   : boot.obj (.text)
                  00002b0c    00000054                                   : exit.obj (.text)
                  00002b60    0000004c                                   : cpy_tbl.obj (.text)
                  00002bac    0000003e     cpu.obj (.text)
                  00002bea    00000002     rtsv7M4_T_le_v4SPD16_eabi.lib : startup.obj (.text)
                  00002bec    00000018                                   : args_main.obj (.text)
                  00002c04    00000014                                   : _lock.obj (.text)
                  00002c18    0000000e                                   : copy_decompress_none.obj (.text:decompress:none)
                  00002c26    0000000c                                   : copy_zero_init.obj (.text:decompress:ZI)
                  00002c32    0000000c     tm4c1294ncpdt_startup_ccs.obj (.text)
                  00002c3e    00000006     sysctl.obj (.text:SysCtlDelay)
                  00002c44    00000004     rtsv7M4_T_le_v4SPD16_eabi.lib : pre_init.obj (.text)

.const     0    00002c48    00000600     
                  00002c48    000001b0     sysctl.obj (.const:g_pppui32XTALtoVCO)
                  00002df8    000000c0     gpio.obj (.const:g_ppui32GPIOIntMapBlizzard)
                  00002eb8    000000c0     gpio.obj (.const:g_ppui32GPIOIntMapSnowflake)
                  00002f78    0000009c     interrupt.obj (.const:g_pui32Regs)
                  00003014    00000090     gpio.obj (.const:g_pui32GPIOBaseAddrs)
                  000030a4    0000006c     sysctl.obj (.const:g_pui32Xtals)
                  00003110    00000040     uart.obj (.const:g_ppui32UARTIntMap)
                  00003150    00000040     uart.obj (.const:g_ppui32UARTIntMapSnowflake)
                  00003190    00000030     sysctl.obj (.const:g_sXTALtoMEMTIM)
                  000031c0    00000020     interrupt.obj (.const:g_pui32Priority)
                  000031e0    00000014     interrupt.obj (.const:g_pui32Dii16Regs)
                  000031f4    00000014     interrupt.obj (.const:g_pui32EnRegs)
                  00003208    00000014     interrupt.obj (.const:g_pui32PendRegs)
                  0000321c    00000014     interrupt.obj (.const:g_pui32UnpendRegs)
                  00003230    00000008     sysctl.obj (.const:g_pui32VCOFrequencies)
                  00003238    00000008     gpio.obj (.const)
                  00003240    00000008     uart.obj (.const)

.cinit     0    00003248    00000050     
                  00003248    00000016     (.cinit..data.load) [load image, compression = lzss]
                  0000325e    00000002     --HOLE-- [fill = 0]
                  00003260    0000000c     (__TI_handler_table)
                  0000326c    00000004     --HOLE-- [fill = 0]
                  00003270    00000008     (.cinit..bss.load) [load image, compression = zero_init]
                  00003278    00000008     (.cinit..vtable.load) [load image, compression = zero_init]
                  00003280    00000018     (__TI_cinit_table)

.init_array 
*          0    00000000    00000000     UNINITIALIZED

.vtable    0    20000000    0000026c     UNINITIALIZED
                  20000000    0000026c     interrupt.obj (.vtable)

.stack     0    2000026c    00000200     UNINITIALIZED
                  2000026c    00000200     --HOLE--

.data      0    2000046c    00000024     UNINITIALIZED
                  2000046c    0000000c     rtsv7M4_T_le_v4SPD16_eabi.lib : exit.obj (.data:$O1$$)
                  20000478    0000000c     main.obj (.data)
                  20000484    00000008     rtsv7M4_T_le_v4SPD16_eabi.lib : _lock.obj (.data:$O1$$)
                  2000048c    00000004                                   : stkdepth_vars.obj (.data)

.bss       0    20000490    00000020     UNINITIALIZED
                  20000490    0000000c     (.common:hexChars)
                  2000049c    00000004     (.common:maxDev)
                  200004a0    00000004     (.common:minDev)
                  200004a4    00000004     (.common:phase)
                  200004a8    00000004     (.common:songIndeces)
                  200004ac    00000004     (.common:trainingPhase)

MODULE SUMMARY

       Module                          code    ro data   rw data
       ------                          ----    -------   -------
    .\
       main.obj                        540     0         44     
       tm4c1294ncpdt_startup_ccs.obj   12      520       0      
    +--+-------------------------------+-------+---------+---------+
       Total:                          552     520       44     
                                                                
    .\driverlib\
       sysctl.obj                      3942    596       0      
       gpio.obj                        2892    536       0      
       interrupt.obj                   960     268       620    
       uart.obj                        1592    136       0      
       cpu.obj                         62      0         0      
    +--+-------------------------------+-------+---------+---------+
       Total:                          9448    1536      620    
                                                                
    C:\ti\ccsv7\tools\compiler\ti-cgt-arm_16.9.8.LTS\lib\rtsv7M4_T_le_v4SPD16_eabi.lib
       memcpy_t2.obj                   156     0         0      
       memset_t2.obj                   122     0         0      
       autoinit.obj                    112     0         0      
       copy_decompress_lzss.obj        104     0         0      
       exit.obj                        84      0         12     
       boot.obj                        84      0         0      
       cpy_tbl.obj                     76      0         0      
       _lock.obj                       20      0         8      
       args_main.obj                   24      0         0      
       copy_decompress_none.obj        14      0         0      
       copy_zero_init.obj              12      0         0      
       pre_init.obj                    4       0         0      
       stkdepth_vars.obj               0       0         4      
       mpu_init.obj                    2       0         0      
       startup.obj                     2       0         0      
    +--+-------------------------------+-------+---------+---------+
       Total:                          816     0         24     
                                                                
       Stack:                          0       0         512    
       Linker Generated:               0       74        0      
    +--+-------------------------------+-------+---------+---------+
       Grand Total:                    10816   2130      1200   


LINKER GENERATED COPY TABLES

__TI_cinit_table @ 00003280 records: 3, size/record: 8, table size: 24
	.data: load addr=00003248, load size=00000016 bytes, run addr=2000046c, run size=00000024 bytes, compression=lzss
	.bss: load addr=00003270, load size=00000008 bytes, run addr=20000490, run size=00000020 bytes, compression=zero_init
	.vtable: load addr=00003278, load size=00000008 bytes, run addr=20000000, run size=0000026c bytes, compression=zero_init


LINKER GENERATED HANDLER TABLE

__TI_handler_table @ 00003260 records: 3, size/record: 4, table size: 12
	index: 0, handler: __TI_zero_init
	index: 1, handler: __TI_decompress_lzss
	index: 2, handler: __TI_decompress_none


GLOBAL SYMBOLS: SORTED ALPHABETICALLY BY Name 

address   name                            
-------   ----                            
00002b0d  C$$EXIT                         
00002be1  CPUbasepriGet                   
00002bd3  CPUbasepriSet                   
00002bad  CPUcpsid                        
00002bc3  CPUcpsie                        
00002bb9  CPUprimask                      
00002bcf  CPUwfi                          
00001c8f  GPIOADCTriggerDisable           
00001c71  GPIOADCTriggerEnable            
00001c53  GPIODMATriggerDisable           
00001c35  GPIODMATriggerEnable            
00001227  GPIODirModeGet                  
000011cb  GPIODirModeSet                  
00001797  GPIOIntClear                    
0000175b  GPIOIntDisable                  
00001741  GPIOIntEnable                   
000017ab  GPIOIntRegister                 
00001775  GPIOIntStatus                   
00001317  GPIOIntTypeGet                  
00001273  GPIOIntTypeSet                  
000017c9  GPIOIntUnregister               
000015ef  GPIOPadConfigGet                
000013b5  GPIOPadConfigSet                
00001bd7  GPIOPinConfigure                
000017e3  GPIOPinRead                     
0000181b  GPIOPinTypeADC                  
0000183f  GPIOPinTypeCAN                  
00001863  GPIOPinTypeComparator           
00001887  GPIOPinTypeComparatorOutput     
000018ab  GPIOPinTypeDIVSCLK              
000018cf  GPIOPinTypeEPI                  
000018f3  GPIOPinTypeEthernetLED          
00001917  GPIOPinTypeEthernetMII          
0000193b  GPIOPinTypeGPIOInput            
0000195f  GPIOPinTypeGPIOOutput           
00001983  GPIOPinTypeGPIOOutputOD         
000019a7  GPIOPinTypeHibernateRTCCLK      
000019cb  GPIOPinTypeI2C                  
000019ef  GPIOPinTypeI2CSCL               
00001a13  GPIOPinTypeLCD                  
00001a37  GPIOPinTypeOneWire              
00001a5b  GPIOPinTypePWM                  
00001a7f  GPIOPinTypeQEI                  
00001aa3  GPIOPinTypeSSI                  
00001ac7  GPIOPinTypeTimer                
00001aeb  GPIOPinTypeTrace                
00001b0f  GPIOPinTypeUART                 
00001b33  GPIOPinTypeUSBAnalog            
00001b57  GPIOPinTypeUSBDigital           
00001b7b  GPIOPinTypeWakeHigh             
00001ba1  GPIOPinTypeWakeLow              
00001bc7  GPIOPinWakeStatus               
000017fb  GPIOPinWrite                    
000024ad  IntDisable                      
0000243b  IntEnable                       
0000251f  IntIsEnabled                    
000022ff  IntMasterDisable                
000022ef  IntMasterEnable                 
00002615  IntPendClear                    
000025a5  IntPendSet                      
00002417  IntPriorityGet                  
0000238f  IntPriorityGroupingGet          
00002375  IntPriorityGroupingSet          
0000266f  IntPriorityMaskGet              
00002663  IntPriorityMaskSet              
000023c7  IntPrioritySet                  
0000230f  IntRegister                     
00002677  IntTrigger                      
00002361  IntUnregister                   
00002c33  ResetISR                        
UNDEFED   SHT$$INIT_ARRAY$$Base           
UNDEFED   SHT$$INIT_ARRAY$$Limit          
00001125  SysCtlAltClkConfig              
00000871  SysCtlClockFreqSet              
00000d15  SysCtlClockGet                  
00001109  SysCtlClockOutConfig            
00000b45  SysCtlClockSet                  
00000771  SysCtlDeepSleep                 
00000ed9  SysCtlDeepSleepClockConfigSet   
00000ebb  SysCtlDeepSleepClockSet         
00000751  SysCtlDeepSleepPowerSet         
00002c3f  SysCtlDelay                     
000002ff  SysCtlFlashSectorSizeGet        
000002d3  SysCtlFlashSizeGet              
00000faf  SysCtlGPIOAHBDisable            
00000f93  SysCtlGPIOAHBEnable             
000006e5  SysCtlIntClear                  
000006cd  SysCtlIntDisable                
000006b9  SysCtlIntEnable                 
00000691  SysCtlIntRegister               
000006f5  SysCtlIntStatus                 
000006a9  SysCtlIntUnregister             
00000737  SysCtlLDODeepSleepGet           
00000727  SysCtlLDODeepSleepSet           
00000721  SysCtlLDOSleepGet               
00000711  SysCtlLDOSleepSet               
000007a7  SysCtlMOSCConfigSet             
000010ed  SysCtlNMIClear                  
000010d9  SysCtlNMIStatus                 
000007bd  SysCtlPIOSCCalibrate            
00000f7d  SysCtlPWMClockGet               
00000f63  SysCtlPWMClockSet               
0000063d  SysCtlPeripheralClockGating     
000005f5  SysCtlPeripheralDeepSleepDisable
000005a5  SysCtlPeripheralDeepSleepEnable 
000004e1  SysCtlPeripheralDisable         
000004a5  SysCtlPeripheralEnable          
000003e1  SysCtlPeripheralPowerOff        
000003a5  SysCtlPeripheralPowerOn         
00000325  SysCtlPeripheralPresent         
00000365  SysCtlPeripheralReady           
0000041d  SysCtlPeripheralReset           
00000569  SysCtlPeripheralSleepDisable    
00000525  SysCtlPeripheralSleepEnable     
00000761  SysCtlReset                     
0000081d  SysCtlResetBehaviorGet          
0000080d  SysCtlResetBehaviorSet          
00000793  SysCtlResetCauseClear           
0000078d  SysCtlResetCauseGet             
000002c9  SysCtlSRAMSizeGet               
00000769  SysCtlSleep                     
0000073d  SysCtlSleepPowerSet             
00000fd7  SysCtlUSBPLLDisable             
00000fcb  SysCtlUSBPLLEnable              
0000101d  SysCtlVCOGet                    
00001005  SysCtlVoltageEventClear         
00000fe9  SysCtlVoltageEventConfig        
00000ff9  SysCtlVoltageEventStatus        
00002703  UART0IntHandler                 
0000228f  UART9BitAddrSend                
00002269  UART9BitAddrSet                 
00002253  UART9BitDisable                 
0000223d  UART9BitEnable                  
000020e3  UARTBreakCtl                    
0000210d  UARTBusy                        
0000208b  UARTCharGet                     
0000206f  UARTCharGetNonBlocking          
000020c5  UARTCharPut                     
000020a1  UARTCharPutNonBlocking          
00002033  UARTCharsAvail                  
0000222d  UARTClockSourceGet              
00002219  UARTClockSourceSet              
00001dfb  UARTConfigGetExpClk             
00001d85  UARTConfigSetExpClk             
000021df  UARTDMADisable                  
000021c7  UARTDMAEnable                   
00001e6b  UARTDisable                     
00001eef  UARTDisableSIR                  
00001e47  UARTEnable                      
00001ec1  UARTEnableSIR                   
00001eab  UARTFIFODisable                 
00001e95  UARTFIFOEnable                  
00001d5d  UARTFIFOLevelGet                
00001d45  UARTFIFOLevelSet                
00001ff3  UARTFlowControlGet              
00001fd7  UARTFlowControlSet              
000021b5  UARTIntClear                    
0000217f  UARTIntDisable                  
00002167  UARTIntEnable                   
0000212b  UARTIntRegister                 
00002197  UARTIntStatus                   
0000214d  UARTIntUnregister               
000022d7  UARTLoopbackEnable              
00001f8d  UARTModemControlClear           
00001fb1  UARTModemControlGet             
00001f4d  UARTModemControlSet             
00001fc3  UARTModemStatusGet              
00001d33  UARTParityModeGet               
00001d17  UARTParityModeSet               
00002209  UARTRxErrorClear                
000021f7  UARTRxErrorGet                  
00001f37  UARTSmartCardDisable            
00001f05  UARTSmartCardEnable             
00002051  UARTSpaceAvail                  
00002021  UARTTxIntModeGet                
00002005  UARTTxIntModeSet                
2000046c  __STACK_END                     
00000200  __STACK_SIZE                    
2000046c  __STACK_TOP                     
00003280  __TI_CINIT_Base                 
00003298  __TI_CINIT_Limit                
00003260  __TI_Handler_Table_Base         
0000326c  __TI_Handler_Table_Limit        
000029e1  __TI_auto_init                  
2000046c  __TI_cleanup_ptr                
00002a51  __TI_decompress_lzss            
00002c19  __TI_decompress_none            
20000470  __TI_dtors_ptr                  
20000474  __TI_enable_exit_profile_output 
ffffffff  __TI_pprof_out_hndl             
ffffffff  __TI_prof_data_size             
ffffffff  __TI_prof_data_start            
00000000  __TI_static_base__              
00002c27  __TI_zero_init                  
00002965  __aeabi_memclr                  
00002965  __aeabi_memclr4                 
00002965  __aeabi_memclr8                 
000028c9  __aeabi_memcpy                  
000028c9  __aeabi_memcpy4                 
000028c9  __aeabi_memcpy8                 
00002967  __aeabi_memset                  
00002967  __aeabi_memset4                 
00002967  __aeabi_memset8                 
ffffffff  __binit__                       
ffffffff  __c_args__                      
000029df  __mpu_init                      
2000026c  __stack                         
00002bed  _args_main                      
00002ab9  _c_int00                        
20000484  _lock                           
00002c13  _nop                            
00002c0b  _register_lock                  
00002c05  _register_unlock                
00002beb  _system_post_cinit              
00002c45  _system_pre_init                
20000488  _unlock                         
00002b11  abort                           
ffffffff  binit                           
00002b61  copy_in                         
000026c1  enableUART                      
00002b19  exit                            
20000000  g_pfnRAMVectors                 
00000000  g_pfnVectors                    
20000490  hexChars                        
000026ad  main                            
2000048c  main_func_sp                    
2000049c  maxDev                          
000028c9  memcpy                          
0000296d  memset                          
200004a0  minDev                          
2000047c  noTones                         
200004a4  phase                           
20000478  play                            
200004a8  songIndeces                     
20000480  songLength                      
200004ac  trainingPhase                   


GLOBAL SYMBOLS: SORTED BY Symbol Address 

address   name                            
-------   ----                            
00000000  __TI_static_base__              
00000000  g_pfnVectors                    
00000200  __STACK_SIZE                    
000002c9  SysCtlSRAMSizeGet               
000002d3  SysCtlFlashSizeGet              
000002ff  SysCtlFlashSectorSizeGet        
00000325  SysCtlPeripheralPresent         
00000365  SysCtlPeripheralReady           
000003a5  SysCtlPeripheralPowerOn         
000003e1  SysCtlPeripheralPowerOff        
0000041d  SysCtlPeripheralReset           
000004a5  SysCtlPeripheralEnable          
000004e1  SysCtlPeripheralDisable         
00000525  SysCtlPeripheralSleepEnable     
00000569  SysCtlPeripheralSleepDisable    
000005a5  SysCtlPeripheralDeepSleepEnable 
000005f5  SysCtlPeripheralDeepSleepDisable
0000063d  SysCtlPeripheralClockGating     
00000691  SysCtlIntRegister               
000006a9  SysCtlIntUnregister             
000006b9  SysCtlIntEnable                 
000006cd  SysCtlIntDisable                
000006e5  SysCtlIntClear                  
000006f5  SysCtlIntStatus                 
00000711  SysCtlLDOSleepSet               
00000721  SysCtlLDOSleepGet               
00000727  SysCtlLDODeepSleepSet           
00000737  SysCtlLDODeepSleepGet           
0000073d  SysCtlSleepPowerSet             
00000751  SysCtlDeepSleepPowerSet         
00000761  SysCtlReset                     
00000769  SysCtlSleep                     
00000771  SysCtlDeepSleep                 
0000078d  SysCtlResetCauseGet             
00000793  SysCtlResetCauseClear           
000007a7  SysCtlMOSCConfigSet             
000007bd  SysCtlPIOSCCalibrate            
0000080d  SysCtlResetBehaviorSet          
0000081d  SysCtlResetBehaviorGet          
00000871  SysCtlClockFreqSet              
00000b45  SysCtlClockSet                  
00000d15  SysCtlClockGet                  
00000ebb  SysCtlDeepSleepClockSet         
00000ed9  SysCtlDeepSleepClockConfigSet   
00000f63  SysCtlPWMClockSet               
00000f7d  SysCtlPWMClockGet               
00000f93  SysCtlGPIOAHBEnable             
00000faf  SysCtlGPIOAHBDisable            
00000fcb  SysCtlUSBPLLEnable              
00000fd7  SysCtlUSBPLLDisable             
00000fe9  SysCtlVoltageEventConfig        
00000ff9  SysCtlVoltageEventStatus        
00001005  SysCtlVoltageEventClear         
0000101d  SysCtlVCOGet                    
000010d9  SysCtlNMIStatus                 
000010ed  SysCtlNMIClear                  
00001109  SysCtlClockOutConfig            
00001125  SysCtlAltClkConfig              
000011cb  GPIODirModeSet                  
00001227  GPIODirModeGet                  
00001273  GPIOIntTypeSet                  
00001317  GPIOIntTypeGet                  
000013b5  GPIOPadConfigSet                
000015ef  GPIOPadConfigGet                
00001741  GPIOIntEnable                   
0000175b  GPIOIntDisable                  
00001775  GPIOIntStatus                   
00001797  GPIOIntClear                    
000017ab  GPIOIntRegister                 
000017c9  GPIOIntUnregister               
000017e3  GPIOPinRead                     
000017fb  GPIOPinWrite                    
0000181b  GPIOPinTypeADC                  
0000183f  GPIOPinTypeCAN                  
00001863  GPIOPinTypeComparator           
00001887  GPIOPinTypeComparatorOutput     
000018ab  GPIOPinTypeDIVSCLK              
000018cf  GPIOPinTypeEPI                  
000018f3  GPIOPinTypeEthernetLED          
00001917  GPIOPinTypeEthernetMII          
0000193b  GPIOPinTypeGPIOInput            
0000195f  GPIOPinTypeGPIOOutput           
00001983  GPIOPinTypeGPIOOutputOD         
000019a7  GPIOPinTypeHibernateRTCCLK      
000019cb  GPIOPinTypeI2C                  
000019ef  GPIOPinTypeI2CSCL               
00001a13  GPIOPinTypeLCD                  
00001a37  GPIOPinTypeOneWire              
00001a5b  GPIOPinTypePWM                  
00001a7f  GPIOPinTypeQEI                  
00001aa3  GPIOPinTypeSSI                  
00001ac7  GPIOPinTypeTimer                
00001aeb  GPIOPinTypeTrace                
00001b0f  GPIOPinTypeUART                 
00001b33  GPIOPinTypeUSBAnalog            
00001b57  GPIOPinTypeUSBDigital           
00001b7b  GPIOPinTypeWakeHigh             
00001ba1  GPIOPinTypeWakeLow              
00001bc7  GPIOPinWakeStatus               
00001bd7  GPIOPinConfigure                
00001c35  GPIODMATriggerEnable            
00001c53  GPIODMATriggerDisable           
00001c71  GPIOADCTriggerEnable            
00001c8f  GPIOADCTriggerDisable           
00001d17  UARTParityModeSet               
00001d33  UARTParityModeGet               
00001d45  UARTFIFOLevelSet                
00001d5d  UARTFIFOLevelGet                
00001d85  UARTConfigSetExpClk             
00001dfb  UARTConfigGetExpClk             
00001e47  UARTEnable                      
00001e6b  UARTDisable                     
00001e95  UARTFIFOEnable                  
00001eab  UARTFIFODisable                 
00001ec1  UARTEnableSIR                   
00001eef  UARTDisableSIR                  
00001f05  UARTSmartCardEnable             
00001f37  UARTSmartCardDisable            
00001f4d  UARTModemControlSet             
00001f8d  UARTModemControlClear           
00001fb1  UARTModemControlGet             
00001fc3  UARTModemStatusGet              
00001fd7  UARTFlowControlSet              
00001ff3  UARTFlowControlGet              
00002005  UARTTxIntModeSet                
00002021  UARTTxIntModeGet                
00002033  UARTCharsAvail                  
00002051  UARTSpaceAvail                  
0000206f  UARTCharGetNonBlocking          
0000208b  UARTCharGet                     
000020a1  UARTCharPutNonBlocking          
000020c5  UARTCharPut                     
000020e3  UARTBreakCtl                    
0000210d  UARTBusy                        
0000212b  UARTIntRegister                 
0000214d  UARTIntUnregister               
00002167  UARTIntEnable                   
0000217f  UARTIntDisable                  
00002197  UARTIntStatus                   
000021b5  UARTIntClear                    
000021c7  UARTDMAEnable                   
000021df  UARTDMADisable                  
000021f7  UARTRxErrorGet                  
00002209  UARTRxErrorClear                
00002219  UARTClockSourceSet              
0000222d  UARTClockSourceGet              
0000223d  UART9BitEnable                  
00002253  UART9BitDisable                 
00002269  UART9BitAddrSet                 
0000228f  UART9BitAddrSend                
000022d7  UARTLoopbackEnable              
000022ef  IntMasterEnable                 
000022ff  IntMasterDisable                
0000230f  IntRegister                     
00002361  IntUnregister                   
00002375  IntPriorityGroupingSet          
0000238f  IntPriorityGroupingGet          
000023c7  IntPrioritySet                  
00002417  IntPriorityGet                  
0000243b  IntEnable                       
000024ad  IntDisable                      
0000251f  IntIsEnabled                    
000025a5  IntPendSet                      
00002615  IntPendClear                    
00002663  IntPriorityMaskSet              
0000266f  IntPriorityMaskGet              
00002677  IntTrigger                      
000026ad  main                            
000026c1  enableUART                      
00002703  UART0IntHandler                 
000028c9  __aeabi_memcpy                  
000028c9  __aeabi_memcpy4                 
000028c9  __aeabi_memcpy8                 
000028c9  memcpy                          
00002965  __aeabi_memclr                  
00002965  __aeabi_memclr4                 
00002965  __aeabi_memclr8                 
00002967  __aeabi_memset                  
00002967  __aeabi_memset4                 
00002967  __aeabi_memset8                 
0000296d  memset                          
000029df  __mpu_init                      
000029e1  __TI_auto_init                  
00002a51  __TI_decompress_lzss            
00002ab9  _c_int00                        
00002b0d  C$$EXIT                         
00002b11  abort                           
00002b19  exit                            
00002b61  copy_in                         
00002bad  CPUcpsid                        
00002bb9  CPUprimask                      
00002bc3  CPUcpsie                        
00002bcf  CPUwfi                          
00002bd3  CPUbasepriSet                   
00002be1  CPUbasepriGet                   
00002beb  _system_post_cinit              
00002bed  _args_main                      
00002c05  _register_unlock                
00002c0b  _register_lock                  
00002c13  _nop                            
00002c19  __TI_decompress_none            
00002c27  __TI_zero_init                  
00002c33  ResetISR                        
00002c3f  SysCtlDelay                     
00002c45  _system_pre_init                
00003260  __TI_Handler_Table_Base         
0000326c  __TI_Handler_Table_Limit        
00003280  __TI_CINIT_Base                 
00003298  __TI_CINIT_Limit                
20000000  g_pfnRAMVectors                 
2000026c  __stack                         
2000046c  __STACK_END                     
2000046c  __STACK_TOP                     
2000046c  __TI_cleanup_ptr                
20000470  __TI_dtors_ptr                  
20000474  __TI_enable_exit_profile_output 
20000478  play                            
2000047c  noTones                         
20000480  songLength                      
20000484  _lock                           
20000488  _unlock                         
2000048c  main_func_sp                    
20000490  hexChars                        
2000049c  maxDev                          
200004a0  minDev                          
200004a4  phase                           
200004a8  songIndeces                     
200004ac  trainingPhase                   
ffffffff  __TI_pprof_out_hndl             
ffffffff  __TI_prof_data_size             
ffffffff  __TI_prof_data_start            
ffffffff  __binit__                       
ffffffff  __c_args__                      
ffffffff  binit                           
UNDEFED   SHT$$INIT_ARRAY$$Base           
UNDEFED   SHT$$INIT_ARRAY$$Limit          

[236 symbols]
