******************************************************************************
                  TI ARM Linker PC v16.9.7                     
******************************************************************************
>> Linked Wed Apr 04 18:14:06 2018

OUTPUT FILE NAME:   <temporalbehavior2.out>
ENTRY POINT SYMBOL: "_c_int00"  address: 0000048d


MEMORY CONFIGURATION

         name            origin    length      used     unused   attr    fill
----------------------  --------  ---------  --------  --------  ----  --------
  FLASH                 00000000   00040000  000005f6  0003fa0a  R  X
  SRAM                  20000000   00008000  00000220  00007de0  RW X


SEGMENT ALLOCATION MAP

run origin  load origin   length   init length attrs members
----------  ----------- ---------- ----------- ----- -------
00000000    00000000    000005f8   000005f8    r-x
  00000000    00000000    0000026c   0000026c    r-- .intvecs
  0000026c    0000026c    00000362   00000362    r-x .text
  000005d0    000005d0    00000028   00000028    r-- .cinit
20000000    20000000    00000220   00000000    rw-
  20000000    20000000    00000200   00000000    rw- .stack
  20000200    20000200    00000020   00000000    rw- .data


SECTION ALLOCATION MAP

 output                                  attributes/
section   page    origin      length       input sections
--------  ----  ----------  ----------   ----------------
.intvecs   0    00000000    0000026c     
                  00000000    0000026c     tm4c123gh6pm_startup_ccs.obj (.intvecs)

.text      0    0000026c    00000362     
                  0000026c    000000ac     main.obj (.text)
                  00000318    0000009c     rtsv7M4_T_le_v4SPD16_eabi.lib : memcpy_t2.obj (.text)
                  000003b4    00000070                                   : autoinit.obj (.text)
                  00000424    00000068                                   : copy_decompress_lzss.obj (.text:decompress:lzss)
                  0000048c    00000054                                   : boot.obj (.text)
                  000004e0    00000054                                   : exit.obj (.text)
                  00000534    0000004c                                   : cpy_tbl.obj (.text)
                  00000580    00000018                                   : args_main.obj (.text)
                  00000598    00000014                                   : _lock.obj (.text)
                  000005ac    0000000e                                   : copy_decompress_none.obj (.text:decompress:none)
                  000005ba    0000000c     tm4c123gh6pm_startup_ccs.obj (.text)
                  000005c6    00000004     rtsv7M4_T_le_v4SPD16_eabi.lib : pre_init.obj (.text)
                  000005ca    00000002                                   : mpu_init.obj (.text)
                  000005cc    00000002                                   : startup.obj (.text)

.cinit     0    000005d0    00000028     
                  000005d0    00000015     (.cinit..data.load) [load image, compression = lzss]
                  000005e5    00000003     --HOLE-- [fill = 0]
                  000005e8    00000008     (__TI_handler_table)
                  000005f0    00000008     (__TI_cinit_table)

.init_array 
*          0    00000000    00000000     UNINITIALIZED

.stack     0    20000000    00000200     UNINITIALIZED
                  20000000    00000200     --HOLE--

.data      0    20000200    00000020     UNINITIALIZED
                  20000200    0000000c     rtsv7M4_T_le_v4SPD16_eabi.lib : exit.obj (.data:$O1$$)
                  2000020c    00000008                                   : _lock.obj (.data:$O1$$)
                  20000214    00000008     main.obj (.data)
                  2000021c    00000004     rtsv7M4_T_le_v4SPD16_eabi.lib : stkdepth_vars.obj (.data)

MODULE SUMMARY

       Module                         code   ro data   rw data
       ------                         ----   -------   -------
    .\
       tm4c123gh6pm_startup_ccs.obj   12     620       0      
       main.obj                       172    0         8      
    +--+------------------------------+------+---------+---------+
       Total:                         184    620       8      
                                                              
    C:\ti\ccsv7\tools\compiler\ti-cgt-arm_16.9.7.LTS\lib\rtsv7M4_T_le_v4SPD16_eabi.lib
       memcpy_t2.obj                  156    0         0      
       autoinit.obj                   112    0         0      
       copy_decompress_lzss.obj       104    0         0      
       exit.obj                       84     0         12     
       boot.obj                       84     0         0      
       cpy_tbl.obj                    76     0         0      
       _lock.obj                      20     0         8      
       args_main.obj                  24     0         0      
       copy_decompress_none.obj       14     0         0      
       pre_init.obj                   4      0         0      
       stkdepth_vars.obj              0      0         4      
       mpu_init.obj                   2      0         0      
       startup.obj                    2      0         0      
    +--+------------------------------+------+---------+---------+
       Total:                         682    0         24     
                                                              
       Stack:                         0      0         512    
       Linker Generated:              0      37        0      
    +--+------------------------------+------+---------+---------+
       Grand Total:                   866    657       544    


LINKER GENERATED COPY TABLES

__TI_cinit_table @ 000005f0 records: 1, size/record: 8, table size: 8
	.data: load addr=000005d0, load size=00000015 bytes, run addr=20000200, run size=00000020 bytes, compression=lzss


LINKER GENERATED HANDLER TABLE

__TI_handler_table @ 000005e8 records: 2, size/record: 4, table size: 8
	index: 0, handler: __TI_decompress_lzss
	index: 1, handler: __TI_decompress_none


GLOBAL SYMBOLS: SORTED ALPHABETICALLY BY Name 

address   name                           
-------   ----                           
000004e1  C$$EXIT                        
0000026d  ISR                            
000005bb  ResetISR                       
UNDEFED   SHT$$INIT_ARRAY$$Base          
UNDEFED   SHT$$INIT_ARRAY$$Limit         
UNDEFED   SysCtlClockSet                 
UNDEFED   SysCtlPeripheralEnable         
UNDEFED   TimerConfigure                 
UNDEFED   TimerEnable                    
UNDEFED   TimerIntEnable                 
UNDEFED   TimerIntRegister               
UNDEFED   TimerLoadSet                   
20000200  __STACK_END                    
00000200  __STACK_SIZE                   
20000200  __STACK_TOP                    
000005f0  __TI_CINIT_Base                
000005f8  __TI_CINIT_Limit               
000005e8  __TI_Handler_Table_Base        
000005f0  __TI_Handler_Table_Limit       
000003b5  __TI_auto_init                 
20000200  __TI_cleanup_ptr               
00000425  __TI_decompress_lzss           
000005ad  __TI_decompress_none           
20000204  __TI_dtors_ptr                 
20000208  __TI_enable_exit_profile_output
ffffffff  __TI_pprof_out_hndl            
ffffffff  __TI_prof_data_size            
ffffffff  __TI_prof_data_start           
00000000  __TI_static_base__             
00000319  __aeabi_memcpy                 
00000319  __aeabi_memcpy4                
00000319  __aeabi_memcpy8                
ffffffff  __binit__                      
ffffffff  __c_args__                     
000005cb  __mpu_init                     
20000000  __stack                        
00000581  _args_main                     
0000048d  _c_int00                       
2000020c  _lock                          
000005a7  _nop                           
0000059f  _register_lock                 
00000599  _register_unlock               
000005cd  _system_post_cinit             
000005c7  _system_pre_init               
20000210  _unlock                        
000004e5  abort                          
ffffffff  binit                          
00000535  copy_in                        
20000218  counter                        
000004ed  exit                           
00000000  g_pfnVectors                   
00000295  main                           
2000021c  main_func_sp                   
00000319  memcpy                         
20000214  phase                          


GLOBAL SYMBOLS: SORTED BY Symbol Address 

address   name                           
-------   ----                           
00000000  __TI_static_base__             
00000000  g_pfnVectors                   
00000200  __STACK_SIZE                   
0000026d  ISR                            
00000295  main                           
00000319  __aeabi_memcpy                 
00000319  __aeabi_memcpy4                
00000319  __aeabi_memcpy8                
00000319  memcpy                         
000003b5  __TI_auto_init                 
00000425  __TI_decompress_lzss           
0000048d  _c_int00                       
000004e1  C$$EXIT                        
000004e5  abort                          
000004ed  exit                           
00000535  copy_in                        
00000581  _args_main                     
00000599  _register_unlock               
0000059f  _register_lock                 
000005a7  _nop                           
000005ad  __TI_decompress_none           
000005bb  ResetISR                       
000005c7  _system_pre_init               
000005cb  __mpu_init                     
000005cd  _system_post_cinit             
000005e8  __TI_Handler_Table_Base        
000005f0  __TI_CINIT_Base                
000005f0  __TI_Handler_Table_Limit       
000005f8  __TI_CINIT_Limit               
20000000  __stack                        
20000200  __STACK_END                    
20000200  __STACK_TOP                    
20000200  __TI_cleanup_ptr               
20000204  __TI_dtors_ptr                 
20000208  __TI_enable_exit_profile_output
2000020c  _lock                          
20000210  _unlock                        
20000214  phase                          
20000218  counter                        
2000021c  main_func_sp                   
ffffffff  __TI_pprof_out_hndl            
ffffffff  __TI_prof_data_size            
ffffffff  __TI_prof_data_start           
ffffffff  __binit__                      
ffffffff  __c_args__                     
ffffffff  binit                          
UNDEFED   SHT$$INIT_ARRAY$$Base          
UNDEFED   SHT$$INIT_ARRAY$$Limit         
UNDEFED   SysCtlClockSet                 
UNDEFED   SysCtlPeripheralEnable         
UNDEFED   TimerConfigure                 
UNDEFED   TimerEnable                    
UNDEFED   TimerIntEnable                 
UNDEFED   TimerIntRegister               
UNDEFED   TimerLoadSet                   

[55 symbols]
