******************************************************************************
                  TI ARM Linker PC v16.9.0                     
******************************************************************************
>> Linked Thu Apr 18 19:14:45 2019

OUTPUT FILE NAME:   <BehaviorProject.out>
ENTRY POINT SYMBOL: "_c_int00"  address: 000056d9


MEMORY CONFIGURATION

         name            origin    length      used     unused   attr    fill
----------------------  --------  ---------  --------  --------  ----  --------
  FLASH                 00000000   00040000  000060cc  00039f34  R  X
  SRAM                  20000000   00008000  00000683  0000797d  RW X


SEGMENT ALLOCATION MAP

run origin  load origin   length   init length attrs members
----------  ----------- ---------- ----------- ----- -------
00000000    00000000    000060d0   000060d0    r-x
  00000000    00000000    0000026c   0000026c    r-- .intvecs
  0000026c    0000026c    000056d8   000056d8    r-x .text
  00005944    00005944    000006a8   000006a8    r-- .const
  00005ff0    00005ff0    000000e0   000000e0    r-- .cinit
20000000    20000000    0000068c   00000000    rw-
  20000000    20000000    0000026c   00000000    rw- .vtable
  2000026c    2000026c    00000200   00000000    rw- .stack
  20000470    20000470    00000153   00000000    rw- .data
  200005c8    200005c8    000000c4   00000000    rw- .bss


SECTION ALLOCATION MAP

 output                                  attributes/
section   page    origin      length       input sections
--------  ----  ----------  ----------   ----------------
.intvecs   0    00000000    0000026c     
                  00000000    0000026c     tm4c123gh6pm_startup_ccs.obj (.intvecs)

.text      0    0000026c    000056d8     
                  0000026c    00001b6c     main.obj (.text)
                  00001dd8    00000f68     sysctl.obj (.text)
                  00002d40    00000b4c     gpio.obj (.text)
                  0000388c    00000718     pwm.obj (.text)
                  00003fa4    00000656     timer.obj (.text)
                  000045fa    00000002     rtsv7M4_T_le_v4SPD16_eabi.lib : mpu_init.obj (.text)
                  000045fc    00000638     uart.obj (.text)
                  00004c34    000003c0     interrupt.obj (.text)
                  00004ff4    000001b6     rtsv7M4_T_le_v4SPD16_eabi.lib : fd_add_t2.obj (.text)
                  000051aa    00000136                                   : fd_div_t2.obj (.text)
                  000052e0    000000fc                                   : fd_mul_t2.obj (.text)
                  000053dc    0000009c                                   : memcpy_t2.obj (.text)
                  00005478    00000086                                   : fd_cmp_t2.obj (.text:__aeabi_cdcmple)
                  000054fe    00000086                                   : fd_cmp_t2.obj (.text:__aeabi_cdrcmple)
                  00005584    0000007a                                   : memset_t2.obj (.text)
                  000055fe    00000002                                   : startup.obj (.text)
                  00005600    00000070                                   : autoinit.obj (.text)
                  00005670    00000068                                   : copy_decompress_lzss.obj (.text:decompress:lzss)
                  000056d8    00000054                                   : boot.obj (.text)
                  0000572c    00000054                                   : exit.obj (.text)
                  00005780    0000004c                                   : cpy_tbl.obj (.text)
                  000057cc    0000004c                                   : rand.obj (.text)
                  00005818    00000044                                   : fd_tou_t2.obj (.text)
                  0000585c    0000003e     cpu.obj (.text)
                  0000589a    0000002e     rtsv7M4_T_le_v4SPD16_eabi.lib : i_tofd_t2.obj (.text)
                  000058c8    00000020                                   : u_tofd_t2.obj (.text)
                  000058e8    00000018                                   : args_main.obj (.text)
                  00005900    00000014                                   : _lock.obj (.text)
                  00005914    0000000e                                   : copy_decompress_none.obj (.text:decompress:none)
                  00005922    0000000c                                   : copy_zero_init.obj (.text:decompress:ZI)
                  0000592e    0000000c     tm4c123gh6pm_startup_ccs.obj (.text)
                  0000593a    00000006     sysctl.obj (.text:SysCtlDelay)
                  00005940    00000004     rtsv7M4_T_le_v4SPD16_eabi.lib : pre_init.obj (.text)

.const     0    00005944    000006a8     
                  00005944    000001b0     sysctl.obj (.const:g_pppui32XTALtoVCO)
                  00005af4    000000c0     gpio.obj (.const:g_ppui32GPIOIntMapBlizzard)
                  00005bb4    000000c0     gpio.obj (.const:g_ppui32GPIOIntMapSnowflake)
                  00005c74    0000009c     interrupt.obj (.const:g_pui32Regs)
                  00005d10    00000090     gpio.obj (.const:g_pui32GPIOBaseAddrs)
                  00005da0    0000006c     sysctl.obj (.const:g_pui32Xtals)
                  00005e0c    00000060     timer.obj (.const:g_ppui32TimerIntMap)
                  00005e6c    00000040     timer.obj (.const:g_ppui32TimerIntMapSnowflake)
                  00005eac    00000040     uart.obj (.const:g_ppui32UARTIntMap)
                  00005eec    00000040     uart.obj (.const:g_ppui32UARTIntMapSnowflake)
                  00005f2c    00000030     sysctl.obj (.const:g_sXTALtoMEMTIM)
                  00005f5c    00000020     interrupt.obj (.const:g_pui32Priority)
                  00005f7c    00000014     interrupt.obj (.const:g_pui32Dii16Regs)
                  00005f90    00000014     interrupt.obj (.const:g_pui32EnRegs)
                  00005fa4    00000014     interrupt.obj (.const:g_pui32PendRegs)
                  00005fb8    00000014     interrupt.obj (.const:g_pui32UnpendRegs)
                  00005fcc    00000008     sysctl.obj (.const:g_pui32VCOFrequencies)
                  00005fd4    00000008     gpio.obj (.const)
                  00005fdc    00000008     timer.obj (.const)
                  00005fe4    00000008     uart.obj (.const)

.cinit     0    00005ff0    000000e0     
                  00005ff0    000000a7     (.cinit..data.load) [load image, compression = lzss]
                  00006097    00000001     --HOLE-- [fill = 0]
                  00006098    0000000c     (__TI_handler_table)
                  000060a4    00000004     --HOLE-- [fill = 0]
                  000060a8    00000008     (.cinit..bss.load) [load image, compression = zero_init]
                  000060b0    00000008     (.cinit..vtable.load) [load image, compression = zero_init]
                  000060b8    00000018     (__TI_cinit_table)

.init_array 
*          0    00000000    00000000     UNINITIALIZED

.vtable    0    20000000    0000026c     UNINITIALIZED
                  20000000    0000026c     interrupt.obj (.vtable)

.stack     0    2000026c    00000200     UNINITIALIZED
                  2000026c    00000200     --HOLE--

.data      0    20000470    00000153     UNINITIALIZED
                  20000470    000000d0     main.obj (.data)
                  20000540    00000044     main.obj (.data:tones)
                  20000584    00000010     main.obj (.data:song)
                  20000594    0000000c     rtsv7M4_T_le_v4SPD16_eabi.lib : exit.obj (.data:$O1$$)
                  200005a0    00000008                                   : _lock.obj (.data:$O1$$)
                  200005a8    00000006     main.obj (.data:templateSong)
                  200005ae    00000006     main.obj (.data:tonesIndex)
                  200005b4    00000004     main.obj (.data:lickData)
                  200005b8    00000004     rtsv7M4_T_le_v4SPD16_eabi.lib : rand.obj (.data)
                  200005bc    00000004                                   : stkdepth_vars.obj (.data)
                  200005c0    00000003     main.obj (.data:clearArray)

.bss       0    200005c8    000000c4     UNINITIALIZED
                  200005c8    0000001c     (.common:hexChars)
                  200005e4    00000018     (.common:filterClockFreq)
                  200005fc    00000018     (.common:filterPWMLoad)
                  20000614    00000018     (.common:pwmLoad)
                  2000062c    00000004     (.common:encouragementDrop)
                  20000630    00000008     (.common:delay)
                  20000638    00000008     (.common:punishDuration)
                  20000640    00000008     (.common:songRewardTime)
                  20000648    00000004     (.common:leftOpenDuration)
                  2000064c    00000004     (.common:maxDev)
                  20000650    00000004     (.common:minDev)
                  20000654    00000004     (.common:motorLoad)
                  20000658    00000004     (.common:noLickEncouragementCount)
                  2000065c    00000004     (.common:noTones)
                  20000660    00000004     (.common:phase2CounterTime)
                  20000664    00000004     (.common:phase3CounterTime)
                  20000668    00000004     (.common:playToneCounter)
                  2000066c    00000004     (.common:poop)
                  20000670    00000004     (.common:rightOpenDuration)
                  20000674    00000004     (.common:tonesPerSong)
                  20000678    00000004     (.common:ui32Length1)
                  2000067c    00000004     (.common:ui32Length2)
                  20000680    00000004     (.common:ui32Length3)
                  20000684    00000004     (.common:ui32MotorClock)
                  20000688    00000004     (.common:ui32PWMClock)

MODULE SUMMARY

       Module                         code    ro data   rw data
       ------                         ----    -------   -------
    .\
       main.obj                       7020    0         507    
       tm4c123gh6pm_startup_ccs.obj   12      620       0      
    +--+------------------------------+-------+---------+---------+
       Total:                         7032    620       507    
                                                               
    .\driverlib\
       sysctl.obj                     3950    596       0      
       gpio.obj                       2892    536       0      
       interrupt.obj                  960     268       620    
       pwm.obj                        1816    0         0      
       timer.obj                      1622    168       0      
       uart.obj                       1592    136       0      
       cpu.obj                        62      0         0      
    +--+------------------------------+-------+---------+---------+
       Total:                         12894   1704      620    
                                                               
    C:\ti\ccsv7\tools\compiler\ti-cgt-arm_16.9.0.LTS\lib\rtsv7M4_T_le_v4SPD16_eabi.lib
       fd_add_t2.obj                  438     0         0      
       fd_div_t2.obj                  310     0         0      
       fd_cmp_t2.obj                  268     0         0      
       fd_mul_t2.obj                  252     0         0      
       memcpy_t2.obj                  156     0         0      
       memset_t2.obj                  122     0         0      
       autoinit.obj                   112     0         0      
       copy_decompress_lzss.obj       104     0         0      
       exit.obj                       84      0         12     
       boot.obj                       84      0         0      
       rand.obj                       76      0         4      
       cpy_tbl.obj                    76      0         0      
       fd_tou_t2.obj                  68      0         0      
       i_tofd_t2.obj                  46      0         0      
       u_tofd_t2.obj                  32      0         0      
       _lock.obj                      20      0         8      
       args_main.obj                  24      0         0      
       copy_decompress_none.obj       14      0         0      
       copy_zero_init.obj             12      0         0      
       pre_init.obj                   4       0         0      
       stkdepth_vars.obj              0       0         4      
       mpu_init.obj                   2       0         0      
       startup.obj                    2       0         0      
    +--+------------------------------+-------+---------+---------+
       Total:                         2306    0         28     
                                                               
       Stack:                         0       0         512    
       Linker Generated:              0       219       0      
    +--+------------------------------+-------+---------+---------+
       Grand Total:                   22232   2543      1667   


LINKER GENERATED COPY TABLES

__TI_cinit_table @ 000060b8 records: 3, size/record: 8, table size: 24
	.data: load addr=00005ff0, load size=000000a7 bytes, run addr=20000470, run size=00000153 bytes, compression=lzss
	.bss: load addr=000060a8, load size=00000008 bytes, run addr=200005c8, run size=000000c4 bytes, compression=zero_init
	.vtable: load addr=000060b0, load size=00000008 bytes, run addr=20000000, run size=0000026c bytes, compression=zero_init


LINKER GENERATED HANDLER TABLE

__TI_handler_table @ 00006098 records: 3, size/record: 4, table size: 12
	index: 0, handler: __TI_zero_init
	index: 1, handler: __TI_decompress_lzss
	index: 2, handler: __TI_decompress_none


GLOBAL SYMBOLS: SORTED ALPHABETICALLY BY Name 

address   name                            
-------   ----                            
0000572d  C$$EXIT                         
00005891  CPUbasepriGet                   
00005883  CPUbasepriSet                   
0000585d  CPUcpsid                        
00005873  CPUcpsie                        
00005869  CPUprimask                      
0000587f  CPUwfi                          
00003867  GPIOADCTriggerDisable           
00003849  GPIOADCTriggerEnable            
0000382b  GPIODMATriggerDisable           
0000380d  GPIODMATriggerEnable            
00002dff  GPIODirModeGet                  
00002da3  GPIODirModeSet                  
0000336f  GPIOIntClear                    
00003333  GPIOIntDisable                  
00003319  GPIOIntEnable                   
00003383  GPIOIntRegister                 
0000334d  GPIOIntStatus                   
00002eef  GPIOIntTypeGet                  
00002e4b  GPIOIntTypeSet                  
000033a1  GPIOIntUnregister               
000031c7  GPIOPadConfigGet                
00002f8d  GPIOPadConfigSet                
000037af  GPIOPinConfigure                
000033bb  GPIOPinRead                     
000033f3  GPIOPinTypeADC                  
00003417  GPIOPinTypeCAN                  
0000343b  GPIOPinTypeComparator           
0000345f  GPIOPinTypeComparatorOutput     
00003483  GPIOPinTypeDIVSCLK              
000034a7  GPIOPinTypeEPI                  
000034cb  GPIOPinTypeEthernetLED          
000034ef  GPIOPinTypeEthernetMII          
00003513  GPIOPinTypeGPIOInput            
00003537  GPIOPinTypeGPIOOutput           
0000355b  GPIOPinTypeGPIOOutputOD         
0000357f  GPIOPinTypeHibernateRTCCLK      
000035a3  GPIOPinTypeI2C                  
000035c7  GPIOPinTypeI2CSCL               
000035eb  GPIOPinTypeLCD                  
0000360f  GPIOPinTypeOneWire              
00003633  GPIOPinTypePWM                  
00003657  GPIOPinTypeQEI                  
0000367b  GPIOPinTypeSSI                  
0000369f  GPIOPinTypeTimer                
000036c3  GPIOPinTypeTrace                
000036e7  GPIOPinTypeUART                 
0000370b  GPIOPinTypeUSBAnalog            
0000372f  GPIOPinTypeUSBDigital           
00003753  GPIOPinTypeWakeHigh             
00003779  GPIOPinTypeWakeLow              
0000379f  GPIOPinWakeStatus               
000033d3  GPIOPinWrite                    
00004df5  IntDisable                      
00004d83  IntEnable                       
00004e67  IntIsEnabled                    
00004c47  IntMasterDisable                
00004c37  IntMasterEnable                 
00004f5d  IntPendClear                    
00004eed  IntPendSet                      
00004d5f  IntPriorityGet                  
00004cd7  IntPriorityGroupingGet          
00004cbd  IntPriorityGroupingSet          
00004fb7  IntPriorityMaskGet              
00004fab  IntPriorityMaskSet              
00004d0f  IntPrioritySet                  
00004c57  IntRegister                     
00004fbf  IntTrigger                      
00004ca9  IntUnregister                   
00001629  LickPortAIntHandler             
00000fa9  MasterTimerIntHandler           
00003f07  PWMClockGet                     
00003ee7  PWMClockSet                     
00003a31  PWMDeadBandDisable              
000039f9  PWMDeadBandEnable               
00003dad  PWMFaultIntClear                
00003ddf  PWMFaultIntClearExt             
00003cc7  PWMFaultIntRegister             
00003ce5  PWMFaultIntUnregister           
0000388d  PWMGenConfigure                 
0000394b  PWMGenDisable                   
00003931  PWMGenEnable                    
00003eb1  PWMGenFaultClear                
00003dfd  PWMGenFaultConfigure            
00003e7b  PWMGenFaultStatus               
00003e57  PWMGenFaultTriggerGet           
00003e2d  PWMGenFaultTriggerSet           
00003d65  PWMGenIntClear                  
00003c39  PWMGenIntRegister               
00003d3b  PWMGenIntStatus                 
00003d1d  PWMGenIntTrigDisable            
00003cff  PWMGenIntTrigEnable             
00003c61  PWMGenIntUnregister             
00003907  PWMGenPeriodGet                 
000038d7  PWMGenPeriodSet                 
00003d95  PWMIntDisable                   
00003d7d  PWMIntEnable                    
00003dbf  PWMIntStatus                    
00003b07  PWMOutputFault                  
00003ad5  PWMOutputFaultLevel             
00003aa3  PWMOutputInvert                 
00003a71  PWMOutputState                  
00003f31  PWMOutputUpdateMode             
000039af  PWMPulseWidthGet                
00003965  PWMPulseWidthSet                
00003a5f  PWMSyncTimeBase                 
00003a4d  PWMSyncUpdate                   
0000592f  ResetISR                        
UNDEFED   SHT$$INIT_ARRAY$$Base           
UNDEFED   SHT$$INIT_ARRAY$$Limit          
00002cfd  SysCtlAltClkConfig              
00002445  SysCtlClockFreqSet              
000028e9  SysCtlClockGet                  
00002ce1  SysCtlClockOutConfig            
00002719  SysCtlClockSet                  
00002345  SysCtlDeepSleep                 
00002ab1  SysCtlDeepSleepClockConfigSet   
00002a95  SysCtlDeepSleepClockSet         
00002325  SysCtlDeepSleepPowerSet         
0000593b  SysCtlDelay                     
00001ed1  SysCtlFlashSectorSizeGet        
00001ea5  SysCtlFlashSizeGet              
00002b87  SysCtlGPIOAHBDisable            
00002b6b  SysCtlGPIOAHBEnable             
000022b9  SysCtlIntClear                  
000022a1  SysCtlIntDisable                
0000228d  SysCtlIntEnable                 
00002265  SysCtlIntRegister               
000022c9  SysCtlIntStatus                 
0000227d  SysCtlIntUnregister             
0000230b  SysCtlLDODeepSleepGet           
000022fb  SysCtlLDODeepSleepSet           
000022f5  SysCtlLDOSleepGet               
000022e5  SysCtlLDOSleepSet               
0000237b  SysCtlMOSCConfigSet             
00002cc5  SysCtlNMIClear                  
00002cb5  SysCtlNMIStatus                 
00002391  SysCtlPIOSCCalibrate            
00002b55  SysCtlPWMClockGet               
00002b3b  SysCtlPWMClockSet               
00002211  SysCtlPeripheralClockGating     
000021c9  SysCtlPeripheralDeepSleepDisable
00002179  SysCtlPeripheralDeepSleepEnable 
000020b5  SysCtlPeripheralDisable         
00002079  SysCtlPeripheralEnable          
00001fb5  SysCtlPeripheralPowerOff        
00001f79  SysCtlPeripheralPowerOn         
00001ef9  SysCtlPeripheralPresent         
00001f39  SysCtlPeripheralReady           
00001ff1  SysCtlPeripheralReset           
0000213d  SysCtlPeripheralSleepDisable    
000020f9  SysCtlPeripheralSleepEnable     
00002335  SysCtlReset                     
000023f1  SysCtlResetBehaviorGet          
000023e1  SysCtlResetBehaviorSet          
00002367  SysCtlResetCauseClear           
00002361  SysCtlResetCauseGet             
00001e9b  SysCtlSRAMSizeGet               
0000233d  SysCtlSleep                     
00002311  SysCtlSleepPowerSet             
00002baf  SysCtlUSBPLLDisable             
00002ba3  SysCtlUSBPLLEnable              
00002bf5  SysCtlVCOGet                    
00002be1  SysCtlVoltageEventClear         
00002bc1  SysCtlVoltageEventConfig        
00002bd5  SysCtlVoltageEventStatus        
00004579  TimerADCEventGet                
00004567  TimerADCEventSet                
00004295  TimerClockSourceGet             
00004279  TimerClockSourceSet             
00004057  TimerConfigure                  
00004177  TimerControlEvent               
000040d3  TimerControlLevel               
000041a1  TimerControlStall               
00004109  TimerControlTrigger             
000041d7  TimerControlWaitOnTrigger       
00004599  TimerDMAEventGet                
00004587  TimerDMAEventSet                
00004039  TimerDisable                    
0000401b  TimerEnable                     
00004543  TimerIntClear                   
0000450d  TimerIntDisable                 
000044f5  TimerIntEnable                  
000044af  TimerIntRegister                
00004525  TimerIntStatus                  
000044d7  TimerIntUnregister              
0000435f  TimerLoadGet                    
00004399  TimerLoadGet64                  
00004335  TimerLoadSet                    
0000437b  TimerLoadSet64                  
00004443  TimerMatchGet                   
0000447d  TimerMatchGet64                 
00004419  TimerMatchSet                   
0000445f  TimerMatchSet64                 
000042cf  TimerPrescaleGet                
00004319  TimerPrescaleMatchGet           
000042eb  TimerPrescaleMatchSet           
000042a5  TimerPrescaleSet                
0000424d  TimerRTCDisable                 
00004237  TimerRTCEnable                  
00004555  TimerSynchronize                
000045a7  TimerUpdateMode                 
000043cb  TimerValueGet                   
000043e7  TimerValueGet64                 
0000150d  Tone1TimerHandler               
0000152d  Tone2TimerHandler               
00001555  Tone3TimerHandler               
00001575  Tone4TimerHandler               
00001c11  UART0IntHandler                 
00004bd7  UART9BitAddrSend                
00004bb1  UART9BitAddrSet                 
00004b9b  UART9BitDisable                 
00004b85  UART9BitEnable                  
00004a2b  UARTBreakCtl                    
00004a55  UARTBusy                        
000049d3  UARTCharGet                     
000049b7  UARTCharGetNonBlocking          
00004a0d  UARTCharPut                     
000049e9  UARTCharPutNonBlocking          
0000497b  UARTCharsAvail                  
00004b75  UARTClockSourceGet              
00004b61  UARTClockSourceSet              
00004743  UARTConfigGetExpClk             
000046cd  UARTConfigSetExpClk             
00004b27  UARTDMADisable                  
00004b0f  UARTDMAEnable                   
000047b3  UARTDisable                     
00004837  UARTDisableSIR                  
0000478f  UARTEnable                      
00004809  UARTEnableSIR                   
000047f3  UARTFIFODisable                 
000047dd  UARTFIFOEnable                  
000046a5  UARTFIFOLevelGet                
0000468d  UARTFIFOLevelSet                
0000493b  UARTFlowControlGet              
0000491f  UARTFlowControlSet              
00004afd  UARTIntClear                    
00004ac7  UARTIntDisable                  
00004aaf  UARTIntEnable                   
00004a73  UARTIntRegister                 
00004adf  UARTIntStatus                   
00004a95  UARTIntUnregister               
00004c1f  UARTLoopbackEnable              
000048d5  UARTModemControlClear           
000048f9  UARTModemControlGet             
00004895  UARTModemControlSet             
0000490b  UARTModemStatusGet              
0000467b  UARTParityModeGet               
0000465f  UARTParityModeSet               
00004b51  UARTRxErrorClear                
00004b3f  UARTRxErrorGet                  
00001cf5  UARTSendData                    
0000487f  UARTSmartCardDisable            
0000484d  UARTSmartCardEnable             
00004999  UARTSpaceAvail                  
00004969  UARTTxIntModeGet                
0000494d  UARTTxIntModeSet                
2000046c  __STACK_END                     
00000200  __STACK_SIZE                    
2000046c  __STACK_TOP                     
000060b8  __TI_CINIT_Base                 
000060d0  __TI_CINIT_Limit                
00006098  __TI_Handler_Table_Base         
000060a4  __TI_Handler_Table_Limit        
00005601  __TI_auto_init                  
20000594  __TI_cleanup_ptr                
00005671  __TI_decompress_lzss            
00005915  __TI_decompress_none            
20000598  __TI_dtors_ptr                  
2000059c  __TI_enable_exit_profile_output 
ffffffff  __TI_pprof_out_hndl             
ffffffff  __TI_prof_data_size             
ffffffff  __TI_prof_data_start            
00000000  __TI_static_base__              
00005923  __TI_zero_init                  
00005479  __aeabi_cdcmpeq                 
00005479  __aeabi_cdcmple                 
000054ff  __aeabi_cdrcmple                
00005819  __aeabi_d2uiz                   
00004fff  __aeabi_dadd                    
000051ab  __aeabi_ddiv                    
000052e1  __aeabi_dmul                    
00004ff5  __aeabi_dsub                    
0000589b  __aeabi_i2d                     
00005585  __aeabi_memclr                  
00005585  __aeabi_memclr4                 
00005585  __aeabi_memclr8                 
000053dd  __aeabi_memcpy                  
000053dd  __aeabi_memcpy4                 
000053dd  __aeabi_memcpy8                 
00005587  __aeabi_memset                  
00005587  __aeabi_memset4                 
00005587  __aeabi_memset8                 
000058c9  __aeabi_ui2d                    
ffffffff  __binit__                       
ffffffff  __c_args__                      
000045fb  __mpu_init                      
2000026c  __stack                         
000058e9  _args_main                      
000056d9  _c_int00                        
200005a0  _lock                           
0000590f  _nop                            
00005907  _register_lock                  
00005901  _register_unlock                
000055ff  _system_post_cinit              
00005941  _system_pre_init                
200005a4  _unlock                         
00005731  abort                           
200004b4  alreadyTransmitted              
20000498  atLeastOneCorrect               
2000049c  biasCounter                     
ffffffff  binit                           
20000494  breakPeriod                     
200004f8  breakWindow                     
200005c0  clearArray                      
00000831  coinFlip                        
0000089f  computeSongDeviation            
000004bb  configureMotorPWM               
0000044b  configurePWM                    
0000040f  configureSinglePWM              
00005781  copy_in                         
200004ac  correct                         
200004d4  cycleCounter                    
20000630  delay                           
2000052c  driveFreq                       
00000363  enablePeripherals               
0000180d  enableUART                      
00001779  enableValveTimer                
2000062c  encouragementDrop               
000007d9  encouragementDropRandom         
00005739  exit                            
200005e4  filterClockFreq                 
200005fc  filterPWMLoad                   
20000484  finalTask                       
20000000  g_pfnRAMVectors                 
00000000  g_pfnVectors                    
200005c8  hexChars                        
200004b0  incorrect                       
20000518  j                               
20000648  leftOpenDuration                
200004a0  leftValveOpen                   
20000508  leftValveOpenTime               
200005b4  lickData                        
200004e0  lickWindowDuration              
0000026d  main                            
200005bc  main_func_sp                    
200004bc  masterTimerCounter              
2000064c  maxDev                          
20000538  maxMotorDutyCycle               
000053dd  memcpy                          
0000558d  memset                          
20000650  minDev                          
20000530  motorDutyCycle                  
20000654  motorLoad                       
00000583  motorOff                        
0000052f  motorRun                        
000015a5  motorTimerHandler               
200004dc  noLick                          
20000658  noLickEncouragementCount        
2000065c  noTones                         
20000490  nonTemplateBlock                
2000048c  nonTemplatePlayed               
0000175b  openLeftValve                   
0000173d  openRightValve                  
200004a8  openedOnce                      
20000470  outerPhase0                     
20000474  outerPhase1                     
20000478  outerPhase2                     
2000047c  outerPhase3                     
20000480  outerPhase4                     
20000520  p                               
200004c0  phase1                          
200004c4  phase2                          
20000660  phase2CounterTime               
200004c8  phase3                          
20000664  phase3CounterTime               
200004f4  phase4CounterTime               
200004d0  play                            
000009dd  playTone                        
20000668  playToneCounter                 
2000066c  poop                            
20000638  punishDuration                  
20000614  pwmLoad                         
000057e3  rand                            
20000670  rightOpenDuration               
200004a4  rightValveOpen                  
20000500  rightValveOpenTime              
00000e7f  setUpMasterTimer                
00000ec9  setUpRampTimer                  
000008f9  setUpTonesTimers                
00000649  shuffleSong                     
20000584  song                            
20000528  songDeviation                   
20000640  songRewardTime                  
000057cd  srand                           
200004b8  takeInParametersFlag            
20000488  templatePlayed                  
200005a8  templateSong                    
200004e8  timeBetweenTones                
200004f0  timeRes                         
200004cc  tone                            
200004e4  toneDuration                    
20000540  tones                           
200005ae  tonesIndex                      
20000674  tonesPerSong                    
20000510  totalTrials                     
00000f05  transmitUART                    
20000514  trial                           
20000678  ui32Length1                     
2000067c  ui32Length2                     
20000680  ui32Length3                     
20000684  ui32MotorClock                  
20000688  ui32PWMClock                    
000018f5  updateVariables                 
200004d8  updatedVars                     
000017c1  valveInterruptHandler           


GLOBAL SYMBOLS: SORTED BY Symbol Address 

address   name                            
-------   ----                            
00000000  __TI_static_base__              
00000000  g_pfnVectors                    
00000200  __STACK_SIZE                    
0000026d  main                            
00000363  enablePeripherals               
0000040f  configureSinglePWM              
0000044b  configurePWM                    
000004bb  configureMotorPWM               
0000052f  motorRun                        
00000583  motorOff                        
00000649  shuffleSong                     
000007d9  encouragementDropRandom         
00000831  coinFlip                        
0000089f  computeSongDeviation            
000008f9  setUpTonesTimers                
000009dd  playTone                        
00000e7f  setUpMasterTimer                
00000ec9  setUpRampTimer                  
00000f05  transmitUART                    
00000fa9  MasterTimerIntHandler           
0000150d  Tone1TimerHandler               
0000152d  Tone2TimerHandler               
00001555  Tone3TimerHandler               
00001575  Tone4TimerHandler               
000015a5  motorTimerHandler               
00001629  LickPortAIntHandler             
0000173d  openRightValve                  
0000175b  openLeftValve                   
00001779  enableValveTimer                
000017c1  valveInterruptHandler           
0000180d  enableUART                      
000018f5  updateVariables                 
00001c11  UART0IntHandler                 
00001cf5  UARTSendData                    
00001e9b  SysCtlSRAMSizeGet               
00001ea5  SysCtlFlashSizeGet              
00001ed1  SysCtlFlashSectorSizeGet        
00001ef9  SysCtlPeripheralPresent         
00001f39  SysCtlPeripheralReady           
00001f79  SysCtlPeripheralPowerOn         
00001fb5  SysCtlPeripheralPowerOff        
00001ff1  SysCtlPeripheralReset           
00002079  SysCtlPeripheralEnable          
000020b5  SysCtlPeripheralDisable         
000020f9  SysCtlPeripheralSleepEnable     
0000213d  SysCtlPeripheralSleepDisable    
00002179  SysCtlPeripheralDeepSleepEnable 
000021c9  SysCtlPeripheralDeepSleepDisable
00002211  SysCtlPeripheralClockGating     
00002265  SysCtlIntRegister               
0000227d  SysCtlIntUnregister             
0000228d  SysCtlIntEnable                 
000022a1  SysCtlIntDisable                
000022b9  SysCtlIntClear                  
000022c9  SysCtlIntStatus                 
000022e5  SysCtlLDOSleepSet               
000022f5  SysCtlLDOSleepGet               
000022fb  SysCtlLDODeepSleepSet           
0000230b  SysCtlLDODeepSleepGet           
00002311  SysCtlSleepPowerSet             
00002325  SysCtlDeepSleepPowerSet         
00002335  SysCtlReset                     
0000233d  SysCtlSleep                     
00002345  SysCtlDeepSleep                 
00002361  SysCtlResetCauseGet             
00002367  SysCtlResetCauseClear           
0000237b  SysCtlMOSCConfigSet             
00002391  SysCtlPIOSCCalibrate            
000023e1  SysCtlResetBehaviorSet          
000023f1  SysCtlResetBehaviorGet          
00002445  SysCtlClockFreqSet              
00002719  SysCtlClockSet                  
000028e9  SysCtlClockGet                  
00002a95  SysCtlDeepSleepClockSet         
00002ab1  SysCtlDeepSleepClockConfigSet   
00002b3b  SysCtlPWMClockSet               
00002b55  SysCtlPWMClockGet               
00002b6b  SysCtlGPIOAHBEnable             
00002b87  SysCtlGPIOAHBDisable            
00002ba3  SysCtlUSBPLLEnable              
00002baf  SysCtlUSBPLLDisable             
00002bc1  SysCtlVoltageEventConfig        
00002bd5  SysCtlVoltageEventStatus        
00002be1  SysCtlVoltageEventClear         
00002bf5  SysCtlVCOGet                    
00002cb5  SysCtlNMIStatus                 
00002cc5  SysCtlNMIClear                  
00002ce1  SysCtlClockOutConfig            
00002cfd  SysCtlAltClkConfig              
00002da3  GPIODirModeSet                  
00002dff  GPIODirModeGet                  
00002e4b  GPIOIntTypeSet                  
00002eef  GPIOIntTypeGet                  
00002f8d  GPIOPadConfigSet                
000031c7  GPIOPadConfigGet                
00003319  GPIOIntEnable                   
00003333  GPIOIntDisable                  
0000334d  GPIOIntStatus                   
0000336f  GPIOIntClear                    
00003383  GPIOIntRegister                 
000033a1  GPIOIntUnregister               
000033bb  GPIOPinRead                     
000033d3  GPIOPinWrite                    
000033f3  GPIOPinTypeADC                  
00003417  GPIOPinTypeCAN                  
0000343b  GPIOPinTypeComparator           
0000345f  GPIOPinTypeComparatorOutput     
00003483  GPIOPinTypeDIVSCLK              
000034a7  GPIOPinTypeEPI                  
000034cb  GPIOPinTypeEthernetLED          
000034ef  GPIOPinTypeEthernetMII          
00003513  GPIOPinTypeGPIOInput            
00003537  GPIOPinTypeGPIOOutput           
0000355b  GPIOPinTypeGPIOOutputOD         
0000357f  GPIOPinTypeHibernateRTCCLK      
000035a3  GPIOPinTypeI2C                  
000035c7  GPIOPinTypeI2CSCL               
000035eb  GPIOPinTypeLCD                  
0000360f  GPIOPinTypeOneWire              
00003633  GPIOPinTypePWM                  
00003657  GPIOPinTypeQEI                  
0000367b  GPIOPinTypeSSI                  
0000369f  GPIOPinTypeTimer                
000036c3  GPIOPinTypeTrace                
000036e7  GPIOPinTypeUART                 
0000370b  GPIOPinTypeUSBAnalog            
0000372f  GPIOPinTypeUSBDigital           
00003753  GPIOPinTypeWakeHigh             
00003779  GPIOPinTypeWakeLow              
0000379f  GPIOPinWakeStatus               
000037af  GPIOPinConfigure                
0000380d  GPIODMATriggerEnable            
0000382b  GPIODMATriggerDisable           
00003849  GPIOADCTriggerEnable            
00003867  GPIOADCTriggerDisable           
0000388d  PWMGenConfigure                 
000038d7  PWMGenPeriodSet                 
00003907  PWMGenPeriodGet                 
00003931  PWMGenEnable                    
0000394b  PWMGenDisable                   
00003965  PWMPulseWidthSet                
000039af  PWMPulseWidthGet                
000039f9  PWMDeadBandEnable               
00003a31  PWMDeadBandDisable              
00003a4d  PWMSyncUpdate                   
00003a5f  PWMSyncTimeBase                 
00003a71  PWMOutputState                  
00003aa3  PWMOutputInvert                 
00003ad5  PWMOutputFaultLevel             
00003b07  PWMOutputFault                  
00003c39  PWMGenIntRegister               
00003c61  PWMGenIntUnregister             
00003cc7  PWMFaultIntRegister             
00003ce5  PWMFaultIntUnregister           
00003cff  PWMGenIntTrigEnable             
00003d1d  PWMGenIntTrigDisable            
00003d3b  PWMGenIntStatus                 
00003d65  PWMGenIntClear                  
00003d7d  PWMIntEnable                    
00003d95  PWMIntDisable                   
00003dad  PWMFaultIntClear                
00003dbf  PWMIntStatus                    
00003ddf  PWMFaultIntClearExt             
00003dfd  PWMGenFaultConfigure            
00003e2d  PWMGenFaultTriggerSet           
00003e57  PWMGenFaultTriggerGet           
00003e7b  PWMGenFaultStatus               
00003eb1  PWMGenFaultClear                
00003ee7  PWMClockSet                     
00003f07  PWMClockGet                     
00003f31  PWMOutputUpdateMode             
0000401b  TimerEnable                     
00004039  TimerDisable                    
00004057  TimerConfigure                  
000040d3  TimerControlLevel               
00004109  TimerControlTrigger             
00004177  TimerControlEvent               
000041a1  TimerControlStall               
000041d7  TimerControlWaitOnTrigger       
00004237  TimerRTCEnable                  
0000424d  TimerRTCDisable                 
00004279  TimerClockSourceSet             
00004295  TimerClockSourceGet             
000042a5  TimerPrescaleSet                
000042cf  TimerPrescaleGet                
000042eb  TimerPrescaleMatchSet           
00004319  TimerPrescaleMatchGet           
00004335  TimerLoadSet                    
0000435f  TimerLoadGet                    
0000437b  TimerLoadSet64                  
00004399  TimerLoadGet64                  
000043cb  TimerValueGet                   
000043e7  TimerValueGet64                 
00004419  TimerMatchSet                   
00004443  TimerMatchGet                   
0000445f  TimerMatchSet64                 
0000447d  TimerMatchGet64                 
000044af  TimerIntRegister                
000044d7  TimerIntUnregister              
000044f5  TimerIntEnable                  
0000450d  TimerIntDisable                 
00004525  TimerIntStatus                  
00004543  TimerIntClear                   
00004555  TimerSynchronize                
00004567  TimerADCEventSet                
00004579  TimerADCEventGet                
00004587  TimerDMAEventSet                
00004599  TimerDMAEventGet                
000045a7  TimerUpdateMode                 
000045fb  __mpu_init                      
0000465f  UARTParityModeSet               
0000467b  UARTParityModeGet               
0000468d  UARTFIFOLevelSet                
000046a5  UARTFIFOLevelGet                
000046cd  UARTConfigSetExpClk             
00004743  UARTConfigGetExpClk             
0000478f  UARTEnable                      
000047b3  UARTDisable                     
000047dd  UARTFIFOEnable                  
000047f3  UARTFIFODisable                 
00004809  UARTEnableSIR                   
00004837  UARTDisableSIR                  
0000484d  UARTSmartCardEnable             
0000487f  UARTSmartCardDisable            
00004895  UARTModemControlSet             
000048d5  UARTModemControlClear           
000048f9  UARTModemControlGet             
0000490b  UARTModemStatusGet              
0000491f  UARTFlowControlSet              
0000493b  UARTFlowControlGet              
0000494d  UARTTxIntModeSet                
00004969  UARTTxIntModeGet                
0000497b  UARTCharsAvail                  
00004999  UARTSpaceAvail                  
000049b7  UARTCharGetNonBlocking          
000049d3  UARTCharGet                     
000049e9  UARTCharPutNonBlocking          
00004a0d  UARTCharPut                     
00004a2b  UARTBreakCtl                    
00004a55  UARTBusy                        
00004a73  UARTIntRegister                 
00004a95  UARTIntUnregister               
00004aaf  UARTIntEnable                   
00004ac7  UARTIntDisable                  
00004adf  UARTIntStatus                   
00004afd  UARTIntClear                    
00004b0f  UARTDMAEnable                   
00004b27  UARTDMADisable                  
00004b3f  UARTRxErrorGet                  
00004b51  UARTRxErrorClear                
00004b61  UARTClockSourceSet              
00004b75  UARTClockSourceGet              
00004b85  UART9BitEnable                  
00004b9b  UART9BitDisable                 
00004bb1  UART9BitAddrSet                 
00004bd7  UART9BitAddrSend                
00004c1f  UARTLoopbackEnable              
00004c37  IntMasterEnable                 
00004c47  IntMasterDisable                
00004c57  IntRegister                     
00004ca9  IntUnregister                   
00004cbd  IntPriorityGroupingSet          
00004cd7  IntPriorityGroupingGet          
00004d0f  IntPrioritySet                  
00004d5f  IntPriorityGet                  
00004d83  IntEnable                       
00004df5  IntDisable                      
00004e67  IntIsEnabled                    
00004eed  IntPendSet                      
00004f5d  IntPendClear                    
00004fab  IntPriorityMaskSet              
00004fb7  IntPriorityMaskGet              
00004fbf  IntTrigger                      
00004ff5  __aeabi_dsub                    
00004fff  __aeabi_dadd                    
000051ab  __aeabi_ddiv                    
000052e1  __aeabi_dmul                    
000053dd  __aeabi_memcpy                  
000053dd  __aeabi_memcpy4                 
000053dd  __aeabi_memcpy8                 
000053dd  memcpy                          
00005479  __aeabi_cdcmpeq                 
00005479  __aeabi_cdcmple                 
000054ff  __aeabi_cdrcmple                
00005585  __aeabi_memclr                  
00005585  __aeabi_memclr4                 
00005585  __aeabi_memclr8                 
00005587  __aeabi_memset                  
00005587  __aeabi_memset4                 
00005587  __aeabi_memset8                 
0000558d  memset                          
000055ff  _system_post_cinit              
00005601  __TI_auto_init                  
00005671  __TI_decompress_lzss            
000056d9  _c_int00                        
0000572d  C$$EXIT                         
00005731  abort                           
00005739  exit                            
00005781  copy_in                         
000057cd  srand                           
000057e3  rand                            
00005819  __aeabi_d2uiz                   
0000585d  CPUcpsid                        
00005869  CPUprimask                      
00005873  CPUcpsie                        
0000587f  CPUwfi                          
00005883  CPUbasepriSet                   
00005891  CPUbasepriGet                   
0000589b  __aeabi_i2d                     
000058c9  __aeabi_ui2d                    
000058e9  _args_main                      
00005901  _register_unlock                
00005907  _register_lock                  
0000590f  _nop                            
00005915  __TI_decompress_none            
00005923  __TI_zero_init                  
0000592f  ResetISR                        
0000593b  SysCtlDelay                     
00005941  _system_pre_init                
00006098  __TI_Handler_Table_Base         
000060a4  __TI_Handler_Table_Limit        
000060b8  __TI_CINIT_Base                 
000060d0  __TI_CINIT_Limit                
20000000  g_pfnRAMVectors                 
2000026c  __stack                         
2000046c  __STACK_END                     
2000046c  __STACK_TOP                     
20000470  outerPhase0                     
20000474  outerPhase1                     
20000478  outerPhase2                     
2000047c  outerPhase3                     
20000480  outerPhase4                     
20000484  finalTask                       
20000488  templatePlayed                  
2000048c  nonTemplatePlayed               
20000490  nonTemplateBlock                
20000494  breakPeriod                     
20000498  atLeastOneCorrect               
2000049c  biasCounter                     
200004a0  leftValveOpen                   
200004a4  rightValveOpen                  
200004a8  openedOnce                      
200004ac  correct                         
200004b0  incorrect                       
200004b4  alreadyTransmitted              
200004b8  takeInParametersFlag            
200004bc  masterTimerCounter              
200004c0  phase1                          
200004c4  phase2                          
200004c8  phase3                          
200004cc  tone                            
200004d0  play                            
200004d4  cycleCounter                    
200004d8  updatedVars                     
200004dc  noLick                          
200004e0  lickWindowDuration              
200004e4  toneDuration                    
200004e8  timeBetweenTones                
200004f0  timeRes                         
200004f4  phase4CounterTime               
200004f8  breakWindow                     
20000500  rightValveOpenTime              
20000508  leftValveOpenTime               
20000510  totalTrials                     
20000514  trial                           
20000518  j                               
20000520  p                               
20000528  songDeviation                   
2000052c  driveFreq                       
20000530  motorDutyCycle                  
20000538  maxMotorDutyCycle               
20000540  tones                           
20000584  song                            
20000594  __TI_cleanup_ptr                
20000598  __TI_dtors_ptr                  
2000059c  __TI_enable_exit_profile_output 
200005a0  _lock                           
200005a4  _unlock                         
200005a8  templateSong                    
200005ae  tonesIndex                      
200005b4  lickData                        
200005bc  main_func_sp                    
200005c0  clearArray                      
200005c8  hexChars                        
200005e4  filterClockFreq                 
200005fc  filterPWMLoad                   
20000614  pwmLoad                         
2000062c  encouragementDrop               
20000630  delay                           
20000638  punishDuration                  
20000640  songRewardTime                  
20000648  leftOpenDuration                
2000064c  maxDev                          
20000650  minDev                          
20000654  motorLoad                       
20000658  noLickEncouragementCount        
2000065c  noTones                         
20000660  phase2CounterTime               
20000664  phase3CounterTime               
20000668  playToneCounter                 
2000066c  poop                            
20000670  rightOpenDuration               
20000674  tonesPerSong                    
20000678  ui32Length1                     
2000067c  ui32Length2                     
20000680  ui32Length3                     
20000684  ui32MotorClock                  
20000688  ui32PWMClock                    
ffffffff  __TI_pprof_out_hndl             
ffffffff  __TI_prof_data_size             
ffffffff  __TI_prof_data_start            
ffffffff  __binit__                       
ffffffff  __c_args__                      
ffffffff  binit                           
UNDEFED   SHT$$INIT_ARRAY$$Base           
UNDEFED   SHT$$INIT_ARRAY$$Limit          

[416 symbols]
