******************************************************************************
                  TI ARM Linker PC v16.9.0                     
******************************************************************************
>> Linked Tue Jun 25 16:15:06 2019

OUTPUT FILE NAME:   <BehaviorProject.out>
ENTRY POINT SYMBOL: "_c_int00"  address: 00005745


MEMORY CONFIGURATION

         name            origin    length      used     unused   attr    fill
----------------------  --------  ---------  --------  --------  ----  --------
  FLASH                 00000000   00040000  00006138  00039ec8  R  X
  SRAM                  20000000   00008000  00000683  0000797d  RW X


SEGMENT ALLOCATION MAP

run origin  load origin   length   init length attrs members
----------  ----------- ---------- ----------- ----- -------
00000000    00000000    00006138   00006138    r-x
  00000000    00000000    0000026c   0000026c    r-- .intvecs
  0000026c    0000026c    00005744   00005744    r-x .text
  000059b0    000059b0    000006a8   000006a8    r-- .const
  00006058    00006058    000000e0   000000e0    r-- .cinit
20000000    20000000    0000068c   00000000    rw-
  20000000    20000000    0000026c   00000000    rw- .vtable
  2000026c    2000026c    00000200   00000000    rw- .stack
  20000470    20000470    00000153   00000000    rw- .data
  200005c8    200005c8    000000c4   00000000    rw- .bss


SECTION ALLOCATION MAP

 output                                  attributes/
section   page    origin      length       input sections
--------  ----  ----------  ----------   ----------------
.intvecs   0    00000000    0000026c     
                  00000000    0000026c     tm4c123gh6pm_startup_ccs.obj (.intvecs)

.text      0    0000026c    00005744     
                  0000026c    00001bd8     main.obj (.text)
                  00001e44    00000f68     sysctl.obj (.text)
                  00002dac    00000b4c     gpio.obj (.text)
                  000038f8    00000718     pwm.obj (.text)
                  00004010    00000656     timer.obj (.text)
                  00004666    00000002     rtsv7M4_T_le_v4SPD16_eabi.lib : mpu_init.obj (.text)
                  00004668    00000638     uart.obj (.text)
                  00004ca0    000003c0     interrupt.obj (.text)
                  00005060    000001b6     rtsv7M4_T_le_v4SPD16_eabi.lib : fd_add_t2.obj (.text)
                  00005216    00000136                                   : fd_div_t2.obj (.text)
                  0000534c    000000fc                                   : fd_mul_t2.obj (.text)
                  00005448    0000009c                                   : memcpy_t2.obj (.text)
                  000054e4    00000086                                   : fd_cmp_t2.obj (.text:__aeabi_cdcmple)
                  0000556a    00000086                                   : fd_cmp_t2.obj (.text:__aeabi_cdrcmple)
                  000055f0    0000007a                                   : memset_t2.obj (.text)
                  0000566a    00000002                                   : startup.obj (.text)
                  0000566c    00000070                                   : autoinit.obj (.text)
                  000056dc    00000068                                   : copy_decompress_lzss.obj (.text:decompress:lzss)
                  00005744    00000054                                   : boot.obj (.text)
                  00005798    00000054                                   : exit.obj (.text)
                  000057ec    0000004c                                   : cpy_tbl.obj (.text)
                  00005838    0000004c                                   : rand.obj (.text)
                  00005884    00000044                                   : fd_tou_t2.obj (.text)
                  000058c8    0000003e     cpu.obj (.text)
                  00005906    0000002e     rtsv7M4_T_le_v4SPD16_eabi.lib : i_tofd_t2.obj (.text)
                  00005934    00000020                                   : u_tofd_t2.obj (.text)
                  00005954    00000018                                   : args_main.obj (.text)
                  0000596c    00000014                                   : _lock.obj (.text)
                  00005980    0000000e                                   : copy_decompress_none.obj (.text:decompress:none)
                  0000598e    0000000c                                   : copy_zero_init.obj (.text:decompress:ZI)
                  0000599a    0000000c     tm4c123gh6pm_startup_ccs.obj (.text)
                  000059a6    00000006     sysctl.obj (.text:SysCtlDelay)
                  000059ac    00000004     rtsv7M4_T_le_v4SPD16_eabi.lib : pre_init.obj (.text)

.const     0    000059b0    000006a8     
                  000059b0    000001b0     sysctl.obj (.const:g_pppui32XTALtoVCO)
                  00005b60    000000c0     gpio.obj (.const:g_ppui32GPIOIntMapBlizzard)
                  00005c20    000000c0     gpio.obj (.const:g_ppui32GPIOIntMapSnowflake)
                  00005ce0    0000009c     interrupt.obj (.const:g_pui32Regs)
                  00005d7c    00000090     gpio.obj (.const:g_pui32GPIOBaseAddrs)
                  00005e0c    0000006c     sysctl.obj (.const:g_pui32Xtals)
                  00005e78    00000060     timer.obj (.const:g_ppui32TimerIntMap)
                  00005ed8    00000040     timer.obj (.const:g_ppui32TimerIntMapSnowflake)
                  00005f18    00000040     uart.obj (.const:g_ppui32UARTIntMap)
                  00005f58    00000040     uart.obj (.const:g_ppui32UARTIntMapSnowflake)
                  00005f98    00000030     sysctl.obj (.const:g_sXTALtoMEMTIM)
                  00005fc8    00000020     interrupt.obj (.const:g_pui32Priority)
                  00005fe8    00000014     interrupt.obj (.const:g_pui32Dii16Regs)
                  00005ffc    00000014     interrupt.obj (.const:g_pui32EnRegs)
                  00006010    00000014     interrupt.obj (.const:g_pui32PendRegs)
                  00006024    00000014     interrupt.obj (.const:g_pui32UnpendRegs)
                  00006038    00000008     sysctl.obj (.const:g_pui32VCOFrequencies)
                  00006040    00000008     gpio.obj (.const)
                  00006048    00000008     timer.obj (.const)
                  00006050    00000008     uart.obj (.const)

.cinit     0    00006058    000000e0     
                  00006058    000000a7     (.cinit..data.load) [load image, compression = lzss]
                  000060ff    00000001     --HOLE-- [fill = 0]
                  00006100    0000000c     (__TI_handler_table)
                  0000610c    00000004     --HOLE-- [fill = 0]
                  00006110    00000008     (.cinit..bss.load) [load image, compression = zero_init]
                  00006118    00000008     (.cinit..vtable.load) [load image, compression = zero_init]
                  00006120    00000018     (__TI_cinit_table)

.init_array 
*          0    00000000    00000000     UNINITIALIZED

.vtable    0    20000000    0000026c     UNINITIALIZED
                  20000000    0000026c     interrupt.obj (.vtable)

.stack     0    2000026c    00000200     UNINITIALIZED
                  2000026c    00000200     --HOLE--

.data      0    20000470    00000153     UNINITIALIZED
                  20000470    000000d0     main.obj (.data)
                  20000540    00000044     main.obj (.data:tones)
                  20000584    00000010     main.obj (.data:song)
                  20000594    0000000c     rtsv7M4_T_le_v4SPD16_eabi.lib : exit.obj (.data:$O1$$)
                  200005a0    00000008                                   : _lock.obj (.data:$O1$$)
                  200005a8    00000006     main.obj (.data:templateSong)
                  200005ae    00000006     main.obj (.data:tonesIndex)
                  200005b4    00000004     main.obj (.data:lickData)
                  200005b8    00000004     rtsv7M4_T_le_v4SPD16_eabi.lib : rand.obj (.data)
                  200005bc    00000004                                   : stkdepth_vars.obj (.data)
                  200005c0    00000003     main.obj (.data:clearArray)

.bss       0    200005c8    000000c4     UNINITIALIZED
                  200005c8    0000001c     (.common:hexChars)
                  200005e4    00000018     (.common:filterClockFreq)
                  200005fc    00000018     (.common:filterPWMLoad)
                  20000614    00000018     (.common:pwmLoad)
                  2000062c    00000004     (.common:encouragementDrop)
                  20000630    00000008     (.common:delay)
                  20000638    00000008     (.common:punishDuration)
                  20000640    00000008     (.common:songRewardTime)
                  20000648    00000004     (.common:leftOpenDuration)
                  2000064c    00000004     (.common:maxDev)
                  20000650    00000004     (.common:minDev)
                  20000654    00000004     (.common:motorLoad)
                  20000658    00000004     (.common:noLickEncouragementCount)
                  2000065c    00000004     (.common:noTones)
                  20000660    00000004     (.common:phase2CounterTime)
                  20000664    00000004     (.common:phase3CounterTime)
                  20000668    00000004     (.common:playToneCounter)
                  2000066c    00000004     (.common:poop)
                  20000670    00000004     (.common:rightOpenDuration)
                  20000674    00000004     (.common:tonesPerSong)
                  20000678    00000004     (.common:ui32Length1)
                  2000067c    00000004     (.common:ui32Length2)
                  20000680    00000004     (.common:ui32Length3)
                  20000684    00000004     (.common:ui32MotorClock)
                  20000688    00000004     (.common:ui32PWMClock)

MODULE SUMMARY

       Module                         code    ro data   rw data
       ------                         ----    -------   -------
    .\
       main.obj                       7128    0         507    
       tm4c123gh6pm_startup_ccs.obj   12      620       0      
    +--+------------------------------+-------+---------+---------+
       Total:                         7140    620       507    
                                                               
    .\driverlib\
       sysctl.obj                     3950    596       0      
       gpio.obj                       2892    536       0      
       interrupt.obj                  960     268       620    
       pwm.obj                        1816    0         0      
       timer.obj                      1622    168       0      
       uart.obj                       1592    136       0      
       cpu.obj                        62      0         0      
    +--+------------------------------+-------+---------+---------+
       Total:                         12894   1704      620    
                                                               
    C:\ti\ccsv7\tools\compiler\ti-cgt-arm_16.9.0.LTS\lib\rtsv7M4_T_le_v4SPD16_eabi.lib
       fd_add_t2.obj                  438     0         0      
       fd_div_t2.obj                  310     0         0      
       fd_cmp_t2.obj                  268     0         0      
       fd_mul_t2.obj                  252     0         0      
       memcpy_t2.obj                  156     0         0      
       memset_t2.obj                  122     0         0      
       autoinit.obj                   112     0         0      
       copy_decompress_lzss.obj       104     0         0      
       exit.obj                       84      0         12     
       boot.obj                       84      0         0      
       rand.obj                       76      0         4      
       cpy_tbl.obj                    76      0         0      
       fd_tou_t2.obj                  68      0         0      
       i_tofd_t2.obj                  46      0         0      
       u_tofd_t2.obj                  32      0         0      
       _lock.obj                      20      0         8      
       args_main.obj                  24      0         0      
       copy_decompress_none.obj       14      0         0      
       copy_zero_init.obj             12      0         0      
       pre_init.obj                   4       0         0      
       stkdepth_vars.obj              0       0         4      
       mpu_init.obj                   2       0         0      
       startup.obj                    2       0         0      
    +--+------------------------------+-------+---------+---------+
       Total:                         2306    0         28     
                                                               
       Stack:                         0       0         512    
       Linker Generated:              0       219       0      
    +--+------------------------------+-------+---------+---------+
       Grand Total:                   22340   2543      1667   


LINKER GENERATED COPY TABLES

__TI_cinit_table @ 00006120 records: 3, size/record: 8, table size: 24
	.data: load addr=00006058, load size=000000a7 bytes, run addr=20000470, run size=00000153 bytes, compression=lzss
	.bss: load addr=00006110, load size=00000008 bytes, run addr=200005c8, run size=000000c4 bytes, compression=zero_init
	.vtable: load addr=00006118, load size=00000008 bytes, run addr=20000000, run size=0000026c bytes, compression=zero_init


LINKER GENERATED HANDLER TABLE

__TI_handler_table @ 00006100 records: 3, size/record: 4, table size: 12
	index: 0, handler: __TI_zero_init
	index: 1, handler: __TI_decompress_lzss
	index: 2, handler: __TI_decompress_none


GLOBAL SYMBOLS: SORTED ALPHABETICALLY BY Name 

address   name                            
-------   ----                            
00005799  C$$EXIT                         
000058fd  CPUbasepriGet                   
000058ef  CPUbasepriSet                   
000058c9  CPUcpsid                        
000058df  CPUcpsie                        
000058d5  CPUprimask                      
000058eb  CPUwfi                          
000038d3  GPIOADCTriggerDisable           
000038b5  GPIOADCTriggerEnable            
00003897  GPIODMATriggerDisable           
00003879  GPIODMATriggerEnable            
00002e6b  GPIODirModeGet                  
00002e0f  GPIODirModeSet                  
000033db  GPIOIntClear                    
0000339f  GPIOIntDisable                  
00003385  GPIOIntEnable                   
000033ef  GPIOIntRegister                 
000033b9  GPIOIntStatus                   
00002f5b  GPIOIntTypeGet                  
00002eb7  GPIOIntTypeSet                  
0000340d  GPIOIntUnregister               
00003233  GPIOPadConfigGet                
00002ff9  GPIOPadConfigSet                
0000381b  GPIOPinConfigure                
00003427  GPIOPinRead                     
0000345f  GPIOPinTypeADC                  
00003483  GPIOPinTypeCAN                  
000034a7  GPIOPinTypeComparator           
000034cb  GPIOPinTypeComparatorOutput     
000034ef  GPIOPinTypeDIVSCLK              
00003513  GPIOPinTypeEPI                  
00003537  GPIOPinTypeEthernetLED          
0000355b  GPIOPinTypeEthernetMII          
0000357f  GPIOPinTypeGPIOInput            
000035a3  GPIOPinTypeGPIOOutput           
000035c7  GPIOPinTypeGPIOOutputOD         
000035eb  GPIOPinTypeHibernateRTCCLK      
0000360f  GPIOPinTypeI2C                  
00003633  GPIOPinTypeI2CSCL               
00003657  GPIOPinTypeLCD                  
0000367b  GPIOPinTypeOneWire              
0000369f  GPIOPinTypePWM                  
000036c3  GPIOPinTypeQEI                  
000036e7  GPIOPinTypeSSI                  
0000370b  GPIOPinTypeTimer                
0000372f  GPIOPinTypeTrace                
00003753  GPIOPinTypeUART                 
00003777  GPIOPinTypeUSBAnalog            
0000379b  GPIOPinTypeUSBDigital           
000037bf  GPIOPinTypeWakeHigh             
000037e5  GPIOPinTypeWakeLow              
0000380b  GPIOPinWakeStatus               
0000343f  GPIOPinWrite                    
00004e61  IntDisable                      
00004def  IntEnable                       
00004ed3  IntIsEnabled                    
00004cb3  IntMasterDisable                
00004ca3  IntMasterEnable                 
00004fc9  IntPendClear                    
00004f59  IntPendSet                      
00004dcb  IntPriorityGet                  
00004d43  IntPriorityGroupingGet          
00004d29  IntPriorityGroupingSet          
00005023  IntPriorityMaskGet              
00005017  IntPriorityMaskSet              
00004d7b  IntPrioritySet                  
00004cc3  IntRegister                     
0000502b  IntTrigger                      
00004d15  IntUnregister                   
00001639  LickPortAIntHandler             
00000fb5  MasterTimerIntHandler           
00003f73  PWMClockGet                     
00003f53  PWMClockSet                     
00003a9d  PWMDeadBandDisable              
00003a65  PWMDeadBandEnable               
00003e19  PWMFaultIntClear                
00003e4b  PWMFaultIntClearExt             
00003d33  PWMFaultIntRegister             
00003d51  PWMFaultIntUnregister           
000038f9  PWMGenConfigure                 
000039b7  PWMGenDisable                   
0000399d  PWMGenEnable                    
00003f1d  PWMGenFaultClear                
00003e69  PWMGenFaultConfigure            
00003ee7  PWMGenFaultStatus               
00003ec3  PWMGenFaultTriggerGet           
00003e99  PWMGenFaultTriggerSet           
00003dd1  PWMGenIntClear                  
00003ca5  PWMGenIntRegister               
00003da7  PWMGenIntStatus                 
00003d89  PWMGenIntTrigDisable            
00003d6b  PWMGenIntTrigEnable             
00003ccd  PWMGenIntUnregister             
00003973  PWMGenPeriodGet                 
00003943  PWMGenPeriodSet                 
00003e01  PWMIntDisable                   
00003de9  PWMIntEnable                    
00003e2b  PWMIntStatus                    
00003b73  PWMOutputFault                  
00003b41  PWMOutputFaultLevel             
00003b0f  PWMOutputInvert                 
00003add  PWMOutputState                  
00003f9d  PWMOutputUpdateMode             
00003a1b  PWMPulseWidthGet                
000039d1  PWMPulseWidthSet                
00003acb  PWMSyncTimeBase                 
00003ab9  PWMSyncUpdate                   
0000599b  ResetISR                        
UNDEFED   SHT$$INIT_ARRAY$$Base           
UNDEFED   SHT$$INIT_ARRAY$$Limit          
00002d69  SysCtlAltClkConfig              
000024b1  SysCtlClockFreqSet              
00002955  SysCtlClockGet                  
00002d4d  SysCtlClockOutConfig            
00002785  SysCtlClockSet                  
000023b1  SysCtlDeepSleep                 
00002b1d  SysCtlDeepSleepClockConfigSet   
00002b01  SysCtlDeepSleepClockSet         
00002391  SysCtlDeepSleepPowerSet         
000059a7  SysCtlDelay                     
00001f3d  SysCtlFlashSectorSizeGet        
00001f11  SysCtlFlashSizeGet              
00002bf3  SysCtlGPIOAHBDisable            
00002bd7  SysCtlGPIOAHBEnable             
00002325  SysCtlIntClear                  
0000230d  SysCtlIntDisable                
000022f9  SysCtlIntEnable                 
000022d1  SysCtlIntRegister               
00002335  SysCtlIntStatus                 
000022e9  SysCtlIntUnregister             
00002377  SysCtlLDODeepSleepGet           
00002367  SysCtlLDODeepSleepSet           
00002361  SysCtlLDOSleepGet               
00002351  SysCtlLDOSleepSet               
000023e7  SysCtlMOSCConfigSet             
00002d31  SysCtlNMIClear                  
00002d21  SysCtlNMIStatus                 
000023fd  SysCtlPIOSCCalibrate            
00002bc1  SysCtlPWMClockGet               
00002ba7  SysCtlPWMClockSet               
0000227d  SysCtlPeripheralClockGating     
00002235  SysCtlPeripheralDeepSleepDisable
000021e5  SysCtlPeripheralDeepSleepEnable 
00002121  SysCtlPeripheralDisable         
000020e5  SysCtlPeripheralEnable          
00002021  SysCtlPeripheralPowerOff        
00001fe5  SysCtlPeripheralPowerOn         
00001f65  SysCtlPeripheralPresent         
00001fa5  SysCtlPeripheralReady           
0000205d  SysCtlPeripheralReset           
000021a9  SysCtlPeripheralSleepDisable    
00002165  SysCtlPeripheralSleepEnable     
000023a1  SysCtlReset                     
0000245d  SysCtlResetBehaviorGet          
0000244d  SysCtlResetBehaviorSet          
000023d3  SysCtlResetCauseClear           
000023cd  SysCtlResetCauseGet             
00001f07  SysCtlSRAMSizeGet               
000023a9  SysCtlSleep                     
0000237d  SysCtlSleepPowerSet             
00002c1b  SysCtlUSBPLLDisable             
00002c0f  SysCtlUSBPLLEnable              
00002c61  SysCtlVCOGet                    
00002c4d  SysCtlVoltageEventClear         
00002c2d  SysCtlVoltageEventConfig        
00002c41  SysCtlVoltageEventStatus        
000045e5  TimerADCEventGet                
000045d3  TimerADCEventSet                
00004301  TimerClockSourceGet             
000042e5  TimerClockSourceSet             
000040c3  TimerConfigure                  
000041e3  TimerControlEvent               
0000413f  TimerControlLevel               
0000420d  TimerControlStall               
00004175  TimerControlTrigger             
00004243  TimerControlWaitOnTrigger       
00004605  TimerDMAEventGet                
000045f3  TimerDMAEventSet                
000040a5  TimerDisable                    
00004087  TimerEnable                     
000045af  TimerIntClear                   
00004579  TimerIntDisable                 
00004561  TimerIntEnable                  
0000451b  TimerIntRegister                
00004591  TimerIntStatus                  
00004543  TimerIntUnregister              
000043cb  TimerLoadGet                    
00004405  TimerLoadGet64                  
000043a1  TimerLoadSet                    
000043e7  TimerLoadSet64                  
000044af  TimerMatchGet                   
000044e9  TimerMatchGet64                 
00004485  TimerMatchSet                   
000044cb  TimerMatchSet64                 
0000433b  TimerPrescaleGet                
00004385  TimerPrescaleMatchGet           
00004357  TimerPrescaleMatchSet           
00004311  TimerPrescaleSet                
000042b9  TimerRTCDisable                 
000042a3  TimerRTCEnable                  
000045c1  TimerSynchronize                
00004613  TimerUpdateMode                 
00004437  TimerValueGet                   
00004453  TimerValueGet64                 
00001519  Tone1TimerHandler               
00001539  Tone2TimerHandler               
00001561  Tone3TimerHandler               
00001581  Tone4TimerHandler               
00001c7d  UART0IntHandler                 
00004c43  UART9BitAddrSend                
00004c1d  UART9BitAddrSet                 
00004c07  UART9BitDisable                 
00004bf1  UART9BitEnable                  
00004a97  UARTBreakCtl                    
00004ac1  UARTBusy                        
00004a3f  UARTCharGet                     
00004a23  UARTCharGetNonBlocking          
00004a79  UARTCharPut                     
00004a55  UARTCharPutNonBlocking          
000049e7  UARTCharsAvail                  
00004be1  UARTClockSourceGet              
00004bcd  UARTClockSourceSet              
000047af  UARTConfigGetExpClk             
00004739  UARTConfigSetExpClk             
00004b93  UARTDMADisable                  
00004b7b  UARTDMAEnable                   
0000481f  UARTDisable                     
000048a3  UARTDisableSIR                  
000047fb  UARTEnable                      
00004875  UARTEnableSIR                   
0000485f  UARTFIFODisable                 
00004849  UARTFIFOEnable                  
00004711  UARTFIFOLevelGet                
000046f9  UARTFIFOLevelSet                
000049a7  UARTFlowControlGet              
0000498b  UARTFlowControlSet              
00004b69  UARTIntClear                    
00004b33  UARTIntDisable                  
00004b1b  UARTIntEnable                   
00004adf  UARTIntRegister                 
00004b4b  UARTIntStatus                   
00004b01  UARTIntUnregister               
00004c8b  UARTLoopbackEnable              
00004941  UARTModemControlClear           
00004965  UARTModemControlGet             
00004901  UARTModemControlSet             
00004977  UARTModemStatusGet              
000046e7  UARTParityModeGet               
000046cb  UARTParityModeSet               
00004bbd  UARTRxErrorClear                
00004bab  UARTRxErrorGet                  
00001d61  UARTSendData                    
000048eb  UARTSmartCardDisable            
000048b9  UARTSmartCardEnable             
00004a05  UARTSpaceAvail                  
000049d5  UARTTxIntModeGet                
000049b9  UARTTxIntModeSet                
2000046c  __STACK_END                     
00000200  __STACK_SIZE                    
2000046c  __STACK_TOP                     
00006120  __TI_CINIT_Base                 
00006138  __TI_CINIT_Limit                
00006100  __TI_Handler_Table_Base         
0000610c  __TI_Handler_Table_Limit        
0000566d  __TI_auto_init                  
20000594  __TI_cleanup_ptr                
000056dd  __TI_decompress_lzss            
00005981  __TI_decompress_none            
20000598  __TI_dtors_ptr                  
2000059c  __TI_enable_exit_profile_output 
ffffffff  __TI_pprof_out_hndl             
ffffffff  __TI_prof_data_size             
ffffffff  __TI_prof_data_start            
00000000  __TI_static_base__              
0000598f  __TI_zero_init                  
000054e5  __aeabi_cdcmpeq                 
000054e5  __aeabi_cdcmple                 
0000556b  __aeabi_cdrcmple                
00005885  __aeabi_d2uiz                   
0000506b  __aeabi_dadd                    
00005217  __aeabi_ddiv                    
0000534d  __aeabi_dmul                    
00005061  __aeabi_dsub                    
00005907  __aeabi_i2d                     
000055f1  __aeabi_memclr                  
000055f1  __aeabi_memclr4                 
000055f1  __aeabi_memclr8                 
00005449  __aeabi_memcpy                  
00005449  __aeabi_memcpy4                 
00005449  __aeabi_memcpy8                 
000055f3  __aeabi_memset                  
000055f3  __aeabi_memset4                 
000055f3  __aeabi_memset8                 
00005935  __aeabi_ui2d                    
ffffffff  __binit__                       
ffffffff  __c_args__                      
00004667  __mpu_init                      
2000026c  __stack                         
00005955  _args_main                      
00005745  _c_int00                        
200005a0  _lock                           
0000597b  _nop                            
00005973  _register_lock                  
0000596d  _register_unlock                
0000566b  _system_post_cinit              
000059ad  _system_pre_init                
200005a4  _unlock                         
0000579d  abort                           
200004b4  alreadyTransmitted              
20000498  atLeastOneCorrect               
2000049c  biasCounter                     
ffffffff  binit                           
20000494  breakPeriod                     
200004f8  breakWindow                     
200005c0  clearArray                      
00000841  coinFlip                        
000008b3  computeSongDeviation            
000004cd  configureMotorPWM               
0000045d  configurePWM                    
00000421  configureSinglePWM              
000057ed  copy_in                         
200004ac  correct                         
200004d4  cycleCounter                    
20000630  delay                           
2000052c  driveFreq                       
00000363  enablePeripherals               
0000189d  enableUART                      
000017f9  enableValveTimer                
2000062c  encouragementDrop               
000007e9  encouragementDropRandom         
000057a5  exit                            
200005e4  filterClockFreq                 
200005fc  filterPWMLoad                   
20000484  finalTask                       
20000000  g_pfnRAMVectors                 
00000000  g_pfnVectors                    
200005c8  hexChars                        
200004b0  incorrect                       
20000518  j                               
20000648  leftOpenDuration                
200004a0  leftValveOpen                   
20000508  leftValveOpenTime               
200005b4  lickData                        
200004e0  lickWindowDuration              
0000026d  main                            
200005bc  main_func_sp                    
200004bc  masterTimerCounter              
2000064c  maxDev                          
20000538  maxMotorDutyCycle               
00005449  memcpy                          
000055f9  memset                          
20000650  minDev                          
20000530  motorDutyCycle                  
20000654  motorLoad                       
0000059d  motorOff                        
00000541  motorRun                        
000015b1  motorTimerHandler               
200004dc  noLick                          
20000658  noLickEncouragementCount        
2000065c  noTones                         
20000490  nonTemplateBlock                
2000048c  nonTemplatePlayed               
000017c9  openLeftValve                   
000017ab  openRightValve                  
200004a8  openedOnce                      
20000470  outerPhase0                     
20000474  outerPhase1                     
20000478  outerPhase2                     
2000047c  outerPhase3                     
20000480  outerPhase4                     
20000520  p                               
200004c0  phase1                          
200004c4  phase2                          
20000660  phase2CounterTime               
200004c8  phase3                          
20000664  phase3CounterTime               
200004f4  phase4CounterTime               
200004d0  play                            
000009f5  playTone                        
20000668  playToneCounter                 
2000066c  poop                            
20000638  punishDuration                  
20000614  pwmLoad                         
0000584f  rand                            
20000670  rightOpenDuration               
200004a4  rightValveOpen                  
20000500  rightValveOpenTime              
00000e8b  setUpMasterTimer                
00000ed5  setUpRampTimer                  
0000090d  setUpTonesTimers                
00000659  shuffleSong                     
20000584  song                            
20000528  songDeviation                   
20000640  songRewardTime                  
00005839  srand                           
200004b8  takeInParametersFlag            
20000488  templatePlayed                  
200005a8  templateSong                    
200004e8  timeBetweenTones                
200004f0  timeRes                         
200004cc  tone                            
200004e4  toneDuration                    
20000540  tones                           
200005ae  tonesIndex                      
20000674  tonesPerSong                    
20000510  totalTrials                     
00000f11  transmitUART                    
20000514  trial                           
20000678  ui32Length1                     
2000067c  ui32Length2                     
20000680  ui32Length3                     
20000684  ui32MotorClock                  
20000688  ui32PWMClock                    
00001961  updateVariables                 
200004d8  updatedVars                     
00001849  valveInterruptHandler           


GLOBAL SYMBOLS: SORTED BY Symbol Address 

address   name                            
-------   ----                            
00000000  __TI_static_base__              
00000000  g_pfnVectors                    
00000200  __STACK_SIZE                    
0000026d  main                            
00000363  enablePeripherals               
00000421  configureSinglePWM              
0000045d  configurePWM                    
000004cd  configureMotorPWM               
00000541  motorRun                        
0000059d  motorOff                        
00000659  shuffleSong                     
000007e9  encouragementDropRandom         
00000841  coinFlip                        
000008b3  computeSongDeviation            
0000090d  setUpTonesTimers                
000009f5  playTone                        
00000e8b  setUpMasterTimer                
00000ed5  setUpRampTimer                  
00000f11  transmitUART                    
00000fb5  MasterTimerIntHandler           
00001519  Tone1TimerHandler               
00001539  Tone2TimerHandler               
00001561  Tone3TimerHandler               
00001581  Tone4TimerHandler               
000015b1  motorTimerHandler               
00001639  LickPortAIntHandler             
000017ab  openRightValve                  
000017c9  openLeftValve                   
000017f9  enableValveTimer                
00001849  valveInterruptHandler           
0000189d  enableUART                      
00001961  updateVariables                 
00001c7d  UART0IntHandler                 
00001d61  UARTSendData                    
00001f07  SysCtlSRAMSizeGet               
00001f11  SysCtlFlashSizeGet              
00001f3d  SysCtlFlashSectorSizeGet        
00001f65  SysCtlPeripheralPresent         
00001fa5  SysCtlPeripheralReady           
00001fe5  SysCtlPeripheralPowerOn         
00002021  SysCtlPeripheralPowerOff        
0000205d  SysCtlPeripheralReset           
000020e5  SysCtlPeripheralEnable          
00002121  SysCtlPeripheralDisable         
00002165  SysCtlPeripheralSleepEnable     
000021a9  SysCtlPeripheralSleepDisable    
000021e5  SysCtlPeripheralDeepSleepEnable 
00002235  SysCtlPeripheralDeepSleepDisable
0000227d  SysCtlPeripheralClockGating     
000022d1  SysCtlIntRegister               
000022e9  SysCtlIntUnregister             
000022f9  SysCtlIntEnable                 
0000230d  SysCtlIntDisable                
00002325  SysCtlIntClear                  
00002335  SysCtlIntStatus                 
00002351  SysCtlLDOSleepSet               
00002361  SysCtlLDOSleepGet               
00002367  SysCtlLDODeepSleepSet           
00002377  SysCtlLDODeepSleepGet           
0000237d  SysCtlSleepPowerSet             
00002391  SysCtlDeepSleepPowerSet         
000023a1  SysCtlReset                     
000023a9  SysCtlSleep                     
000023b1  SysCtlDeepSleep                 
000023cd  SysCtlResetCauseGet             
000023d3  SysCtlResetCauseClear           
000023e7  SysCtlMOSCConfigSet             
000023fd  SysCtlPIOSCCalibrate            
0000244d  SysCtlResetBehaviorSet          
0000245d  SysCtlResetBehaviorGet          
000024b1  SysCtlClockFreqSet              
00002785  SysCtlClockSet                  
00002955  SysCtlClockGet                  
00002b01  SysCtlDeepSleepClockSet         
00002b1d  SysCtlDeepSleepClockConfigSet   
00002ba7  SysCtlPWMClockSet               
00002bc1  SysCtlPWMClockGet               
00002bd7  SysCtlGPIOAHBEnable             
00002bf3  SysCtlGPIOAHBDisable            
00002c0f  SysCtlUSBPLLEnable              
00002c1b  SysCtlUSBPLLDisable             
00002c2d  SysCtlVoltageEventConfig        
00002c41  SysCtlVoltageEventStatus        
00002c4d  SysCtlVoltageEventClear         
00002c61  SysCtlVCOGet                    
00002d21  SysCtlNMIStatus                 
00002d31  SysCtlNMIClear                  
00002d4d  SysCtlClockOutConfig            
00002d69  SysCtlAltClkConfig              
00002e0f  GPIODirModeSet                  
00002e6b  GPIODirModeGet                  
00002eb7  GPIOIntTypeSet                  
00002f5b  GPIOIntTypeGet                  
00002ff9  GPIOPadConfigSet                
00003233  GPIOPadConfigGet                
00003385  GPIOIntEnable                   
0000339f  GPIOIntDisable                  
000033b9  GPIOIntStatus                   
000033db  GPIOIntClear                    
000033ef  GPIOIntRegister                 
0000340d  GPIOIntUnregister               
00003427  GPIOPinRead                     
0000343f  GPIOPinWrite                    
0000345f  GPIOPinTypeADC                  
00003483  GPIOPinTypeCAN                  
000034a7  GPIOPinTypeComparator           
000034cb  GPIOPinTypeComparatorOutput     
000034ef  GPIOPinTypeDIVSCLK              
00003513  GPIOPinTypeEPI                  
00003537  GPIOPinTypeEthernetLED          
0000355b  GPIOPinTypeEthernetMII          
0000357f  GPIOPinTypeGPIOInput            
000035a3  GPIOPinTypeGPIOOutput           
000035c7  GPIOPinTypeGPIOOutputOD         
000035eb  GPIOPinTypeHibernateRTCCLK      
0000360f  GPIOPinTypeI2C                  
00003633  GPIOPinTypeI2CSCL               
00003657  GPIOPinTypeLCD                  
0000367b  GPIOPinTypeOneWire              
0000369f  GPIOPinTypePWM                  
000036c3  GPIOPinTypeQEI                  
000036e7  GPIOPinTypeSSI                  
0000370b  GPIOPinTypeTimer                
0000372f  GPIOPinTypeTrace                
00003753  GPIOPinTypeUART                 
00003777  GPIOPinTypeUSBAnalog            
0000379b  GPIOPinTypeUSBDigital           
000037bf  GPIOPinTypeWakeHigh             
000037e5  GPIOPinTypeWakeLow              
0000380b  GPIOPinWakeStatus               
0000381b  GPIOPinConfigure                
00003879  GPIODMATriggerEnable            
00003897  GPIODMATriggerDisable           
000038b5  GPIOADCTriggerEnable            
000038d3  GPIOADCTriggerDisable           
000038f9  PWMGenConfigure                 
00003943  PWMGenPeriodSet                 
00003973  PWMGenPeriodGet                 
0000399d  PWMGenEnable                    
000039b7  PWMGenDisable                   
000039d1  PWMPulseWidthSet                
00003a1b  PWMPulseWidthGet                
00003a65  PWMDeadBandEnable               
00003a9d  PWMDeadBandDisable              
00003ab9  PWMSyncUpdate                   
00003acb  PWMSyncTimeBase                 
00003add  PWMOutputState                  
00003b0f  PWMOutputInvert                 
00003b41  PWMOutputFaultLevel             
00003b73  PWMOutputFault                  
00003ca5  PWMGenIntRegister               
00003ccd  PWMGenIntUnregister             
00003d33  PWMFaultIntRegister             
00003d51  PWMFaultIntUnregister           
00003d6b  PWMGenIntTrigEnable             
00003d89  PWMGenIntTrigDisable            
00003da7  PWMGenIntStatus                 
00003dd1  PWMGenIntClear                  
00003de9  PWMIntEnable                    
00003e01  PWMIntDisable                   
00003e19  PWMFaultIntClear                
00003e2b  PWMIntStatus                    
00003e4b  PWMFaultIntClearExt             
00003e69  PWMGenFaultConfigure            
00003e99  PWMGenFaultTriggerSet           
00003ec3  PWMGenFaultTriggerGet           
00003ee7  PWMGenFaultStatus               
00003f1d  PWMGenFaultClear                
00003f53  PWMClockSet                     
00003f73  PWMClockGet                     
00003f9d  PWMOutputUpdateMode             
00004087  TimerEnable                     
000040a5  TimerDisable                    
000040c3  TimerConfigure                  
0000413f  TimerControlLevel               
00004175  TimerControlTrigger             
000041e3  TimerControlEvent               
0000420d  TimerControlStall               
00004243  TimerControlWaitOnTrigger       
000042a3  TimerRTCEnable                  
000042b9  TimerRTCDisable                 
000042e5  TimerClockSourceSet             
00004301  TimerClockSourceGet             
00004311  TimerPrescaleSet                
0000433b  TimerPrescaleGet                
00004357  TimerPrescaleMatchSet           
00004385  TimerPrescaleMatchGet           
000043a1  TimerLoadSet                    
000043cb  TimerLoadGet                    
000043e7  TimerLoadSet64                  
00004405  TimerLoadGet64                  
00004437  TimerValueGet                   
00004453  TimerValueGet64                 
00004485  TimerMatchSet                   
000044af  TimerMatchGet                   
000044cb  TimerMatchSet64                 
000044e9  TimerMatchGet64                 
0000451b  TimerIntRegister                
00004543  TimerIntUnregister              
00004561  TimerIntEnable                  
00004579  TimerIntDisable                 
00004591  TimerIntStatus                  
000045af  TimerIntClear                   
000045c1  TimerSynchronize                
000045d3  TimerADCEventSet                
000045e5  TimerADCEventGet                
000045f3  TimerDMAEventSet                
00004605  TimerDMAEventGet                
00004613  TimerUpdateMode                 
00004667  __mpu_init                      
000046cb  UARTParityModeSet               
000046e7  UARTParityModeGet               
000046f9  UARTFIFOLevelSet                
00004711  UARTFIFOLevelGet                
00004739  UARTConfigSetExpClk             
000047af  UARTConfigGetExpClk             
000047fb  UARTEnable                      
0000481f  UARTDisable                     
00004849  UARTFIFOEnable                  
0000485f  UARTFIFODisable                 
00004875  UARTEnableSIR                   
000048a3  UARTDisableSIR                  
000048b9  UARTSmartCardEnable             
000048eb  UARTSmartCardDisable            
00004901  UARTModemControlSet             
00004941  UARTModemControlClear           
00004965  UARTModemControlGet             
00004977  UARTModemStatusGet              
0000498b  UARTFlowControlSet              
000049a7  UARTFlowControlGet              
000049b9  UARTTxIntModeSet                
000049d5  UARTTxIntModeGet                
000049e7  UARTCharsAvail                  
00004a05  UARTSpaceAvail                  
00004a23  UARTCharGetNonBlocking          
00004a3f  UARTCharGet                     
00004a55  UARTCharPutNonBlocking          
00004a79  UARTCharPut                     
00004a97  UARTBreakCtl                    
00004ac1  UARTBusy                        
00004adf  UARTIntRegister                 
00004b01  UARTIntUnregister               
00004b1b  UARTIntEnable                   
00004b33  UARTIntDisable                  
00004b4b  UARTIntStatus                   
00004b69  UARTIntClear                    
00004b7b  UARTDMAEnable                   
00004b93  UARTDMADisable                  
00004bab  UARTRxErrorGet                  
00004bbd  UARTRxErrorClear                
00004bcd  UARTClockSourceSet              
00004be1  UARTClockSourceGet              
00004bf1  UART9BitEnable                  
00004c07  UART9BitDisable                 
00004c1d  UART9BitAddrSet                 
00004c43  UART9BitAddrSend                
00004c8b  UARTLoopbackEnable              
00004ca3  IntMasterEnable                 
00004cb3  IntMasterDisable                
00004cc3  IntRegister                     
00004d15  IntUnregister                   
00004d29  IntPriorityGroupingSet          
00004d43  IntPriorityGroupingGet          
00004d7b  IntPrioritySet                  
00004dcb  IntPriorityGet                  
00004def  IntEnable                       
00004e61  IntDisable                      
00004ed3  IntIsEnabled                    
00004f59  IntPendSet                      
00004fc9  IntPendClear                    
00005017  IntPriorityMaskSet              
00005023  IntPriorityMaskGet              
0000502b  IntTrigger                      
00005061  __aeabi_dsub                    
0000506b  __aeabi_dadd                    
00005217  __aeabi_ddiv                    
0000534d  __aeabi_dmul                    
00005449  __aeabi_memcpy                  
00005449  __aeabi_memcpy4                 
00005449  __aeabi_memcpy8                 
00005449  memcpy                          
000054e5  __aeabi_cdcmpeq                 
000054e5  __aeabi_cdcmple                 
0000556b  __aeabi_cdrcmple                
000055f1  __aeabi_memclr                  
000055f1  __aeabi_memclr4                 
000055f1  __aeabi_memclr8                 
000055f3  __aeabi_memset                  
000055f3  __aeabi_memset4                 
000055f3  __aeabi_memset8                 
000055f9  memset                          
0000566b  _system_post_cinit              
0000566d  __TI_auto_init                  
000056dd  __TI_decompress_lzss            
00005745  _c_int00                        
00005799  C$$EXIT                         
0000579d  abort                           
000057a5  exit                            
000057ed  copy_in                         
00005839  srand                           
0000584f  rand                            
00005885  __aeabi_d2uiz                   
000058c9  CPUcpsid                        
000058d5  CPUprimask                      
000058df  CPUcpsie                        
000058eb  CPUwfi                          
000058ef  CPUbasepriSet                   
000058fd  CPUbasepriGet                   
00005907  __aeabi_i2d                     
00005935  __aeabi_ui2d                    
00005955  _args_main                      
0000596d  _register_unlock                
00005973  _register_lock                  
0000597b  _nop                            
00005981  __TI_decompress_none            
0000598f  __TI_zero_init                  
0000599b  ResetISR                        
000059a7  SysCtlDelay                     
000059ad  _system_pre_init                
00006100  __TI_Handler_Table_Base         
0000610c  __TI_Handler_Table_Limit        
00006120  __TI_CINIT_Base                 
00006138  __TI_CINIT_Limit                
20000000  g_pfnRAMVectors                 
2000026c  __stack                         
2000046c  __STACK_END                     
2000046c  __STACK_TOP                     
20000470  outerPhase0                     
20000474  outerPhase1                     
20000478  outerPhase2                     
2000047c  outerPhase3                     
20000480  outerPhase4                     
20000484  finalTask                       
20000488  templatePlayed                  
2000048c  nonTemplatePlayed               
20000490  nonTemplateBlock                
20000494  breakPeriod                     
20000498  atLeastOneCorrect               
2000049c  biasCounter                     
200004a0  leftValveOpen                   
200004a4  rightValveOpen                  
200004a8  openedOnce                      
200004ac  correct                         
200004b0  incorrect                       
200004b4  alreadyTransmitted              
200004b8  takeInParametersFlag            
200004bc  masterTimerCounter              
200004c0  phase1                          
200004c4  phase2                          
200004c8  phase3                          
200004cc  tone                            
200004d0  play                            
200004d4  cycleCounter                    
200004d8  updatedVars                     
200004dc  noLick                          
200004e0  lickWindowDuration              
200004e4  toneDuration                    
200004e8  timeBetweenTones                
200004f0  timeRes                         
200004f4  phase4CounterTime               
200004f8  breakWindow                     
20000500  rightValveOpenTime              
20000508  leftValveOpenTime               
20000510  totalTrials                     
20000514  trial                           
20000518  j                               
20000520  p                               
20000528  songDeviation                   
2000052c  driveFreq                       
20000530  motorDutyCycle                  
20000538  maxMotorDutyCycle               
20000540  tones                           
20000584  song                            
20000594  __TI_cleanup_ptr                
20000598  __TI_dtors_ptr                  
2000059c  __TI_enable_exit_profile_output 
200005a0  _lock                           
200005a4  _unlock                         
200005a8  templateSong                    
200005ae  tonesIndex                      
200005b4  lickData                        
200005bc  main_func_sp                    
200005c0  clearArray                      
200005c8  hexChars                        
200005e4  filterClockFreq                 
200005fc  filterPWMLoad                   
20000614  pwmLoad                         
2000062c  encouragementDrop               
20000630  delay                           
20000638  punishDuration                  
20000640  songRewardTime                  
20000648  leftOpenDuration                
2000064c  maxDev                          
20000650  minDev                          
20000654  motorLoad                       
20000658  noLickEncouragementCount        
2000065c  noTones                         
20000660  phase2CounterTime               
20000664  phase3CounterTime               
20000668  playToneCounter                 
2000066c  poop                            
20000670  rightOpenDuration               
20000674  tonesPerSong                    
20000678  ui32Length1                     
2000067c  ui32Length2                     
20000680  ui32Length3                     
20000684  ui32MotorClock                  
20000688  ui32PWMClock                    
ffffffff  __TI_pprof_out_hndl             
ffffffff  __TI_prof_data_size             
ffffffff  __TI_prof_data_start            
ffffffff  __binit__                       
ffffffff  __c_args__                      
ffffffff  binit                           
UNDEFED   SHT$$INIT_ARRAY$$Base           
UNDEFED   SHT$$INIT_ARRAY$$Limit          

[416 symbols]
