******************************************************************************
                  TI ARM Linker PC v16.9.7                     
******************************************************************************
>> Linked Tue Jun 19 18:22:24 2018

OUTPUT FILE NAME:   <PinInterrupts.out>
ENTRY POINT SYMBOL: "_c_int00"  address: 00002381


MEMORY CONFIGURATION

         name            origin    length      used     unused   attr    fill
----------------------  --------  ---------  --------  --------  ----  --------
  FLASH                 00000000   00040000  00002ac0  0003d540  R  X
  SRAM                  20000000   00008000  00000484  00007b7c  RW X


SEGMENT ALLOCATION MAP

run origin  load origin   length   init length attrs members
----------  ----------- ---------- ----------- ----- -------
00000000    00000000    00002ac0   00002ac0    r-x
  00000000    00000000    0000026c   0000026c    r-- .intvecs
  0000026c    0000026c    000022a4   000022a4    r-x .text
  00002510    00002510    00000578   00000578    r-- .const
  00002a88    00002a88    00000038   00000038    r-- .cinit
20000000    20000000    00000484   00000000    rw-
  20000000    20000000    0000026c   00000000    rw- .vtable
  2000026c    2000026c    00000200   00000000    rw- .stack
  2000046c    2000046c    00000018   00000000    rw- .data


SECTION ALLOCATION MAP

 output                                  attributes/
section   page    origin      length       input sections
--------  ----  ----------  ----------   ----------------
.intvecs   0    00000000    0000026c     
                  00000000    0000026c     tm4c123gh6pm_startup_ccs.obj (.intvecs)

.text      0    0000026c    000022a4     
                  0000026c    00000f60     sysctl.obj (.text)
                  000011cc    00000b4c     gpio.obj (.text)
                  00001d18    000003c0     interrupt.obj (.text)
                  000020d8    000000b8     risingEdgeInt.obj (.text)
                  00002190    0000009c     rtsv7M4_T_le_v4SPD16_eabi.lib : memcpy_t2.obj (.text)
                  0000222c    0000007a                                   : memset_t2.obj (.text)
                  000022a6    00000002                                   : mpu_init.obj (.text)
                  000022a8    00000070                                   : autoinit.obj (.text)
                  00002318    00000068                                   : copy_decompress_lzss.obj (.text:decompress:lzss)
                  00002380    00000054                                   : boot.obj (.text)
                  000023d4    00000054                                   : exit.obj (.text)
                  00002428    0000004c                                   : cpy_tbl.obj (.text)
                  00002474    0000003e     cpu.obj (.text)
                  000024b2    00000002     rtsv7M4_T_le_v4SPD16_eabi.lib : startup.obj (.text)
                  000024b4    00000018                                   : args_main.obj (.text)
                  000024cc    00000014                                   : _lock.obj (.text)
                  000024e0    0000000e                                   : copy_decompress_none.obj (.text:decompress:none)
                  000024ee    0000000c                                   : copy_zero_init.obj (.text:decompress:ZI)
                  000024fa    0000000c     tm4c123gh6pm_startup_ccs.obj (.text)
                  00002506    00000006     sysctl.obj (.text:SysCtlDelay)
                  0000250c    00000004     rtsv7M4_T_le_v4SPD16_eabi.lib : pre_init.obj (.text)

.const     0    00002510    00000578     
                  00002510    000001b0     sysctl.obj (.const:g_pppui32XTALtoVCO)
                  000026c0    000000c0     gpio.obj (.const:g_ppui32GPIOIntMapBlizzard)
                  00002780    000000c0     gpio.obj (.const:g_ppui32GPIOIntMapSnowflake)
                  00002840    0000009c     interrupt.obj (.const:g_pui32Regs)
                  000028dc    00000090     gpio.obj (.const:g_pui32GPIOBaseAddrs)
                  0000296c    0000006c     sysctl.obj (.const:g_pui32Xtals)
                  000029d8    00000030     sysctl.obj (.const:g_sXTALtoMEMTIM)
                  00002a08    00000020     interrupt.obj (.const:g_pui32Priority)
                  00002a28    00000014     interrupt.obj (.const:g_pui32Dii16Regs)
                  00002a3c    00000014     interrupt.obj (.const:g_pui32EnRegs)
                  00002a50    00000014     interrupt.obj (.const:g_pui32PendRegs)
                  00002a64    00000014     interrupt.obj (.const:g_pui32UnpendRegs)
                  00002a78    00000008     sysctl.obj (.const:g_pui32VCOFrequencies)
                  00002a80    00000008     gpio.obj (.const)

.cinit     0    00002a88    00000038     
                  00002a88    00000011     (.cinit..data.load) [load image, compression = lzss]
                  00002a99    00000003     --HOLE-- [fill = 0]
                  00002a9c    0000000c     (__TI_handler_table)
                  00002aa8    00000008     (.cinit..vtable.load) [load image, compression = zero_init]
                  00002ab0    00000010     (__TI_cinit_table)

.init_array 
*          0    00000000    00000000     UNINITIALIZED

.vtable    0    20000000    0000026c     UNINITIALIZED
                  20000000    0000026c     interrupt.obj (.vtable)

.stack     0    2000026c    00000200     UNINITIALIZED
                  2000026c    00000200     --HOLE--

.data      0    2000046c    00000018     UNINITIALIZED
                  2000046c    0000000c     rtsv7M4_T_le_v4SPD16_eabi.lib : exit.obj (.data:$O1$$)
                  20000478    00000008                                   : _lock.obj (.data:$O1$$)
                  20000480    00000004                                   : stkdepth_vars.obj (.data)

MODULE SUMMARY

       Module                         code   ro data   rw data
       ------                         ----   -------   -------
    .\
       tm4c123gh6pm_startup_ccs.obj   12     620       0      
       risingEdgeInt.obj              184    0         0      
    +--+------------------------------+------+---------+---------+
       Total:                         196    620       0      
                                                              
    .\driverlib\
       sysctl.obj                     3942   596       0      
       gpio.obj                       2892   536       0      
       interrupt.obj                  960    268       620    
       cpu.obj                        62     0         0      
    +--+------------------------------+------+---------+---------+
       Total:                         7856   1400      620    
                                                              
    C:\ti\ccsv7\tools\compiler\ti-cgt-arm_16.9.7.LTS\lib\rtsv7M4_T_le_v4SPD16_eabi.lib
       memcpy_t2.obj                  156    0         0      
       memset_t2.obj                  122    0         0      
       autoinit.obj                   112    0         0      
       copy_decompress_lzss.obj       104    0         0      
       exit.obj                       84     0         12     
       boot.obj                       84     0         0      
       cpy_tbl.obj                    76     0         0      
       _lock.obj                      20     0         8      
       args_main.obj                  24     0         0      
       copy_decompress_none.obj       14     0         0      
       copy_zero_init.obj             12     0         0      
       pre_init.obj                   4      0         0      
       stkdepth_vars.obj              0      0         4      
       mpu_init.obj                   2      0         0      
       startup.obj                    2      0         0      
    +--+------------------------------+------+---------+---------+
       Total:                         816    0         24     
                                                              
       Stack:                         0      0         512    
       Linker Generated:              0      53        0      
    +--+------------------------------+------+---------+---------+
       Grand Total:                   8868   2073      1156   


LINKER GENERATED COPY TABLES

__TI_cinit_table @ 00002ab0 records: 2, size/record: 8, table size: 16
	.data: load addr=00002a88, load size=00000011 bytes, run addr=2000046c, run size=00000018 bytes, compression=lzss
	.vtable: load addr=00002aa8, load size=00000008 bytes, run addr=20000000, run size=0000026c bytes, compression=zero_init


LINKER GENERATED HANDLER TABLE

__TI_handler_table @ 00002a9c records: 3, size/record: 4, table size: 12
	index: 0, handler: __TI_zero_init
	index: 1, handler: __TI_decompress_lzss
	index: 2, handler: __TI_decompress_none


GLOBAL SYMBOLS: SORTED ALPHABETICALLY BY Name 

address   name                            
-------   ----                            
000023d5  C$$EXIT                         
000024a9  CPUbasepriGet                   
0000249b  CPUbasepriSet                   
00002475  CPUcpsid                        
0000248b  CPUcpsie                        
00002481  CPUprimask                      
00002497  CPUwfi                          
00001cf3  GPIOADCTriggerDisable           
00001cd5  GPIOADCTriggerEnable            
00001cb7  GPIODMATriggerDisable           
00001c99  GPIODMATriggerEnable            
0000128b  GPIODirModeGet                  
0000122f  GPIODirModeSet                  
000017fb  GPIOIntClear                    
000017bf  GPIOIntDisable                  
000017a5  GPIOIntEnable                   
0000180f  GPIOIntRegister                 
000017d9  GPIOIntStatus                   
0000137b  GPIOIntTypeGet                  
000012d7  GPIOIntTypeSet                  
0000182d  GPIOIntUnregister               
00001653  GPIOPadConfigGet                
00001419  GPIOPadConfigSet                
00001c3b  GPIOPinConfigure                
00001847  GPIOPinRead                     
0000187f  GPIOPinTypeADC                  
000018a3  GPIOPinTypeCAN                  
000018c7  GPIOPinTypeComparator           
000018eb  GPIOPinTypeComparatorOutput     
0000190f  GPIOPinTypeDIVSCLK              
00001933  GPIOPinTypeEPI                  
00001957  GPIOPinTypeEthernetLED          
0000197b  GPIOPinTypeEthernetMII          
0000199f  GPIOPinTypeGPIOInput            
000019c3  GPIOPinTypeGPIOOutput           
000019e7  GPIOPinTypeGPIOOutputOD         
00001a0b  GPIOPinTypeHibernateRTCCLK      
00001a2f  GPIOPinTypeI2C                  
00001a53  GPIOPinTypeI2CSCL               
00001a77  GPIOPinTypeLCD                  
00001a9b  GPIOPinTypeOneWire              
00001abf  GPIOPinTypePWM                  
00001ae3  GPIOPinTypeQEI                  
00001b07  GPIOPinTypeSSI                  
00001b2b  GPIOPinTypeTimer                
00001b4f  GPIOPinTypeTrace                
00001b73  GPIOPinTypeUART                 
00001b97  GPIOPinTypeUSBAnalog            
00001bbb  GPIOPinTypeUSBDigital           
00001bdf  GPIOPinTypeWakeHigh             
00001c05  GPIOPinTypeWakeLow              
00001c2b  GPIOPinWakeStatus               
0000185f  GPIOPinWrite                    
00001ed9  IntDisable                      
00001e67  IntEnable                       
00001f4b  IntIsEnabled                    
00001d2b  IntMasterDisable                
00001d1b  IntMasterEnable                 
00002041  IntPendClear                    
00001fd1  IntPendSet                      
00001e43  IntPriorityGet                  
00001dbb  IntPriorityGroupingGet          
00001da1  IntPriorityGroupingSet          
0000209b  IntPriorityMaskGet              
0000208f  IntPriorityMaskSet              
00001df3  IntPrioritySet                  
00001d3b  IntRegister                     
000020a3  IntTrigger                      
00001d8d  IntUnregister                   
00002159  PortAIntHandler                 
000024fb  ResetISR                        
UNDEFED   SHT$$INIT_ARRAY$$Base           
UNDEFED   SHT$$INIT_ARRAY$$Limit          
00001189  SysCtlAltClkConfig              
000008d5  SysCtlClockFreqSet              
00000d79  SysCtlClockGet                  
0000116d  SysCtlClockOutConfig            
00000ba9  SysCtlClockSet                  
000007d5  SysCtlDeepSleep                 
00000f3d  SysCtlDeepSleepClockConfigSet   
00000f1f  SysCtlDeepSleepClockSet         
000007b5  SysCtlDeepSleepPowerSet         
00002507  SysCtlDelay                     
00000363  SysCtlFlashSectorSizeGet        
00000337  SysCtlFlashSizeGet              
00001013  SysCtlGPIOAHBDisable            
00000ff7  SysCtlGPIOAHBEnable             
00000749  SysCtlIntClear                  
00000731  SysCtlIntDisable                
0000071d  SysCtlIntEnable                 
000006f5  SysCtlIntRegister               
00000759  SysCtlIntStatus                 
0000070d  SysCtlIntUnregister             
0000079b  SysCtlLDODeepSleepGet           
0000078b  SysCtlLDODeepSleepSet           
00000785  SysCtlLDOSleepGet               
00000775  SysCtlLDOSleepSet               
0000080b  SysCtlMOSCConfigSet             
00001151  SysCtlNMIClear                  
0000113d  SysCtlNMIStatus                 
00000821  SysCtlPIOSCCalibrate            
00000fe1  SysCtlPWMClockGet               
00000fc7  SysCtlPWMClockSet               
000006a1  SysCtlPeripheralClockGating     
00000659  SysCtlPeripheralDeepSleepDisable
00000609  SysCtlPeripheralDeepSleepEnable 
00000545  SysCtlPeripheralDisable         
00000509  SysCtlPeripheralEnable          
00000445  SysCtlPeripheralPowerOff        
00000409  SysCtlPeripheralPowerOn         
00000389  SysCtlPeripheralPresent         
000003c9  SysCtlPeripheralReady           
00000481  SysCtlPeripheralReset           
000005cd  SysCtlPeripheralSleepDisable    
00000589  SysCtlPeripheralSleepEnable     
000007c5  SysCtlReset                     
00000881  SysCtlResetBehaviorGet          
00000871  SysCtlResetBehaviorSet          
000007f7  SysCtlResetCauseClear           
000007f1  SysCtlResetCauseGet             
0000032d  SysCtlSRAMSizeGet               
000007cd  SysCtlSleep                     
000007a1  SysCtlSleepPowerSet             
0000103b  SysCtlUSBPLLDisable             
0000102f  SysCtlUSBPLLEnable              
00001081  SysCtlVCOGet                    
00001069  SysCtlVoltageEventClear         
0000104d  SysCtlVoltageEventConfig        
0000105d  SysCtlVoltageEventStatus        
2000046c  __STACK_END                     
00000200  __STACK_SIZE                    
2000046c  __STACK_TOP                     
00002ab0  __TI_CINIT_Base                 
00002ac0  __TI_CINIT_Limit                
00002a9c  __TI_Handler_Table_Base         
00002aa8  __TI_Handler_Table_Limit        
000022a9  __TI_auto_init                  
2000046c  __TI_cleanup_ptr                
00002319  __TI_decompress_lzss            
000024e1  __TI_decompress_none            
20000470  __TI_dtors_ptr                  
20000474  __TI_enable_exit_profile_output 
ffffffff  __TI_pprof_out_hndl             
ffffffff  __TI_prof_data_size             
ffffffff  __TI_prof_data_start            
00000000  __TI_static_base__              
000024ef  __TI_zero_init                  
0000222d  __aeabi_memclr                  
0000222d  __aeabi_memclr4                 
0000222d  __aeabi_memclr8                 
00002191  __aeabi_memcpy                  
00002191  __aeabi_memcpy4                 
00002191  __aeabi_memcpy8                 
0000222f  __aeabi_memset                  
0000222f  __aeabi_memset4                 
0000222f  __aeabi_memset8                 
ffffffff  __binit__                       
ffffffff  __c_args__                      
000022a7  __mpu_init                      
2000026c  __stack                         
000024b5  _args_main                      
00002381  _c_int00                        
20000478  _lock                           
000024db  _nop                            
000024d3  _register_lock                  
000024cd  _register_unlock                
000024b3  _system_post_cinit              
0000250d  _system_pre_init                
2000047c  _unlock                         
000023d9  abort                           
ffffffff  binit                           
00002429  copy_in                         
000023e1  exit                            
20000000  g_pfnRAMVectors                 
00000000  g_pfnVectors                    
000020d9  main                            
20000480  main_func_sp                    
00002191  memcpy                          
00002235  memset                          


GLOBAL SYMBOLS: SORTED BY Symbol Address 

address   name                            
-------   ----                            
00000000  __TI_static_base__              
00000000  g_pfnVectors                    
00000200  __STACK_SIZE                    
0000032d  SysCtlSRAMSizeGet               
00000337  SysCtlFlashSizeGet              
00000363  SysCtlFlashSectorSizeGet        
00000389  SysCtlPeripheralPresent         
000003c9  SysCtlPeripheralReady           
00000409  SysCtlPeripheralPowerOn         
00000445  SysCtlPeripheralPowerOff        
00000481  SysCtlPeripheralReset           
00000509  SysCtlPeripheralEnable          
00000545  SysCtlPeripheralDisable         
00000589  SysCtlPeripheralSleepEnable     
000005cd  SysCtlPeripheralSleepDisable    
00000609  SysCtlPeripheralDeepSleepEnable 
00000659  SysCtlPeripheralDeepSleepDisable
000006a1  SysCtlPeripheralClockGating     
000006f5  SysCtlIntRegister               
0000070d  SysCtlIntUnregister             
0000071d  SysCtlIntEnable                 
00000731  SysCtlIntDisable                
00000749  SysCtlIntClear                  
00000759  SysCtlIntStatus                 
00000775  SysCtlLDOSleepSet               
00000785  SysCtlLDOSleepGet               
0000078b  SysCtlLDODeepSleepSet           
0000079b  SysCtlLDODeepSleepGet           
000007a1  SysCtlSleepPowerSet             
000007b5  SysCtlDeepSleepPowerSet         
000007c5  SysCtlReset                     
000007cd  SysCtlSleep                     
000007d5  SysCtlDeepSleep                 
000007f1  SysCtlResetCauseGet             
000007f7  SysCtlResetCauseClear           
0000080b  SysCtlMOSCConfigSet             
00000821  SysCtlPIOSCCalibrate            
00000871  SysCtlResetBehaviorSet          
00000881  SysCtlResetBehaviorGet          
000008d5  SysCtlClockFreqSet              
00000ba9  SysCtlClockSet                  
00000d79  SysCtlClockGet                  
00000f1f  SysCtlDeepSleepClockSet         
00000f3d  SysCtlDeepSleepClockConfigSet   
00000fc7  SysCtlPWMClockSet               
00000fe1  SysCtlPWMClockGet               
00000ff7  SysCtlGPIOAHBEnable             
00001013  SysCtlGPIOAHBDisable            
0000102f  SysCtlUSBPLLEnable              
0000103b  SysCtlUSBPLLDisable             
0000104d  SysCtlVoltageEventConfig        
0000105d  SysCtlVoltageEventStatus        
00001069  SysCtlVoltageEventClear         
00001081  SysCtlVCOGet                    
0000113d  SysCtlNMIStatus                 
00001151  SysCtlNMIClear                  
0000116d  SysCtlClockOutConfig            
00001189  SysCtlAltClkConfig              
0000122f  GPIODirModeSet                  
0000128b  GPIODirModeGet                  
000012d7  GPIOIntTypeSet                  
0000137b  GPIOIntTypeGet                  
00001419  GPIOPadConfigSet                
00001653  GPIOPadConfigGet                
000017a5  GPIOIntEnable                   
000017bf  GPIOIntDisable                  
000017d9  GPIOIntStatus                   
000017fb  GPIOIntClear                    
0000180f  GPIOIntRegister                 
0000182d  GPIOIntUnregister               
00001847  GPIOPinRead                     
0000185f  GPIOPinWrite                    
0000187f  GPIOPinTypeADC                  
000018a3  GPIOPinTypeCAN                  
000018c7  GPIOPinTypeComparator           
000018eb  GPIOPinTypeComparatorOutput     
0000190f  GPIOPinTypeDIVSCLK              
00001933  GPIOPinTypeEPI                  
00001957  GPIOPinTypeEthernetLED          
0000197b  GPIOPinTypeEthernetMII          
0000199f  GPIOPinTypeGPIOInput            
000019c3  GPIOPinTypeGPIOOutput           
000019e7  GPIOPinTypeGPIOOutputOD         
00001a0b  GPIOPinTypeHibernateRTCCLK      
00001a2f  GPIOPinTypeI2C                  
00001a53  GPIOPinTypeI2CSCL               
00001a77  GPIOPinTypeLCD                  
00001a9b  GPIOPinTypeOneWire              
00001abf  GPIOPinTypePWM                  
00001ae3  GPIOPinTypeQEI                  
00001b07  GPIOPinTypeSSI                  
00001b2b  GPIOPinTypeTimer                
00001b4f  GPIOPinTypeTrace                
00001b73  GPIOPinTypeUART                 
00001b97  GPIOPinTypeUSBAnalog            
00001bbb  GPIOPinTypeUSBDigital           
00001bdf  GPIOPinTypeWakeHigh             
00001c05  GPIOPinTypeWakeLow              
00001c2b  GPIOPinWakeStatus               
00001c3b  GPIOPinConfigure                
00001c99  GPIODMATriggerEnable            
00001cb7  GPIODMATriggerDisable           
00001cd5  GPIOADCTriggerEnable            
00001cf3  GPIOADCTriggerDisable           
00001d1b  IntMasterEnable                 
00001d2b  IntMasterDisable                
00001d3b  IntRegister                     
00001d8d  IntUnregister                   
00001da1  IntPriorityGroupingSet          
00001dbb  IntPriorityGroupingGet          
00001df3  IntPrioritySet                  
00001e43  IntPriorityGet                  
00001e67  IntEnable                       
00001ed9  IntDisable                      
00001f4b  IntIsEnabled                    
00001fd1  IntPendSet                      
00002041  IntPendClear                    
0000208f  IntPriorityMaskSet              
0000209b  IntPriorityMaskGet              
000020a3  IntTrigger                      
000020d9  main                            
00002159  PortAIntHandler                 
00002191  __aeabi_memcpy                  
00002191  __aeabi_memcpy4                 
00002191  __aeabi_memcpy8                 
00002191  memcpy                          
0000222d  __aeabi_memclr                  
0000222d  __aeabi_memclr4                 
0000222d  __aeabi_memclr8                 
0000222f  __aeabi_memset                  
0000222f  __aeabi_memset4                 
0000222f  __aeabi_memset8                 
00002235  memset                          
000022a7  __mpu_init                      
000022a9  __TI_auto_init                  
00002319  __TI_decompress_lzss            
00002381  _c_int00                        
000023d5  C$$EXIT                         
000023d9  abort                           
000023e1  exit                            
00002429  copy_in                         
00002475  CPUcpsid                        
00002481  CPUprimask                      
0000248b  CPUcpsie                        
00002497  CPUwfi                          
0000249b  CPUbasepriSet                   
000024a9  CPUbasepriGet                   
000024b3  _system_post_cinit              
000024b5  _args_main                      
000024cd  _register_unlock                
000024d3  _register_lock                  
000024db  _nop                            
000024e1  __TI_decompress_none            
000024ef  __TI_zero_init                  
000024fb  ResetISR                        
00002507  SysCtlDelay                     
0000250d  _system_pre_init                
00002a9c  __TI_Handler_Table_Base         
00002aa8  __TI_Handler_Table_Limit        
00002ab0  __TI_CINIT_Base                 
00002ac0  __TI_CINIT_Limit                
20000000  g_pfnRAMVectors                 
2000026c  __stack                         
2000046c  __STACK_END                     
2000046c  __STACK_TOP                     
2000046c  __TI_cleanup_ptr                
20000470  __TI_dtors_ptr                  
20000474  __TI_enable_exit_profile_output 
20000478  _lock                           
2000047c  _unlock                         
20000480  main_func_sp                    
ffffffff  __TI_pprof_out_hndl             
ffffffff  __TI_prof_data_size             
ffffffff  __TI_prof_data_start            
ffffffff  __binit__                       
ffffffff  __c_args__                      
ffffffff  binit                           
UNDEFED   SHT$$INIT_ARRAY$$Base           
UNDEFED   SHT$$INIT_ARRAY$$Limit          

[179 symbols]
