<?xml version="1.0"?>
<link_info>
   <banner>TI ARM Linker PC v16.9.7.LTS</banner>
   <copyright>Copyright (c) 1996-2017 Texas Instruments Incorporated</copyright>
   <link_time>0x5b2d4d09</link_time>
   <link_errors>0x0</link_errors>
   <output_file>BehaviorPrototype.out</output_file>
   <entry_point>
      <name>_c_int00</name>
      <address>0x34e9</address>
   </entry_point>
   <input_file_list>
      <input_file id="fl-2">
         <path>.\</path>
         <kind>object</kind>
         <file>main.obj</file>
         <name>main.obj</name>
      </input_file>
      <input_file id="fl-3">
         <path>.\</path>
         <kind>object</kind>
         <file>tm4c123gh6pm_startup_ccs.obj</file>
         <name>tm4c123gh6pm_startup_ccs.obj</name>
      </input_file>
      <input_file id="fl-4">
         <path>.\driverlib\</path>
         <kind>object</kind>
         <file>adc.obj</file>
         <name>adc.obj</name>
      </input_file>
      <input_file id="fl-5">
         <path>.\driverlib\</path>
         <kind>object</kind>
         <file>aes.obj</file>
         <name>aes.obj</name>
      </input_file>
      <input_file id="fl-6">
         <path>.\driverlib\</path>
         <kind>object</kind>
         <file>can.obj</file>
         <name>can.obj</name>
      </input_file>
      <input_file id="fl-7">
         <path>.\driverlib\</path>
         <kind>object</kind>
         <file>comp.obj</file>
         <name>comp.obj</name>
      </input_file>
      <input_file id="fl-8">
         <path>.\driverlib\</path>
         <kind>object</kind>
         <file>cpu.obj</file>
         <name>cpu.obj</name>
      </input_file>
      <input_file id="fl-9">
         <path>.\driverlib\</path>
         <kind>object</kind>
         <file>crc.obj</file>
         <name>crc.obj</name>
      </input_file>
      <input_file id="fl-a">
         <path>.\driverlib\</path>
         <kind>object</kind>
         <file>des.obj</file>
         <name>des.obj</name>
      </input_file>
      <input_file id="fl-b">
         <path>.\driverlib\</path>
         <kind>object</kind>
         <file>eeprom.obj</file>
         <name>eeprom.obj</name>
      </input_file>
      <input_file id="fl-c">
         <path>.\driverlib\</path>
         <kind>object</kind>
         <file>emac.obj</file>
         <name>emac.obj</name>
      </input_file>
      <input_file id="fl-d">
         <path>.\driverlib\</path>
         <kind>object</kind>
         <file>epi.obj</file>
         <name>epi.obj</name>
      </input_file>
      <input_file id="fl-e">
         <path>.\driverlib\</path>
         <kind>object</kind>
         <file>epi_workaround_ccs.obj</file>
         <name>epi_workaround_ccs.obj</name>
      </input_file>
      <input_file id="fl-f">
         <path>.\driverlib\</path>
         <kind>object</kind>
         <file>flash.obj</file>
         <name>flash.obj</name>
      </input_file>
      <input_file id="fl-10">
         <path>.\driverlib\</path>
         <kind>object</kind>
         <file>fpu.obj</file>
         <name>fpu.obj</name>
      </input_file>
      <input_file id="fl-11">
         <path>.\driverlib\</path>
         <kind>object</kind>
         <file>gpio.obj</file>
         <name>gpio.obj</name>
      </input_file>
      <input_file id="fl-12">
         <path>.\driverlib\</path>
         <kind>object</kind>
         <file>hibernate.obj</file>
         <name>hibernate.obj</name>
      </input_file>
      <input_file id="fl-13">
         <path>.\driverlib\</path>
         <kind>object</kind>
         <file>i2c.obj</file>
         <name>i2c.obj</name>
      </input_file>
      <input_file id="fl-14">
         <path>.\driverlib\</path>
         <kind>object</kind>
         <file>interrupt.obj</file>
         <name>interrupt.obj</name>
      </input_file>
      <input_file id="fl-15">
         <path>.\driverlib\</path>
         <kind>object</kind>
         <file>lcd.obj</file>
         <name>lcd.obj</name>
      </input_file>
      <input_file id="fl-16">
         <path>.\driverlib\</path>
         <kind>object</kind>
         <file>mpu.obj</file>
         <name>mpu.obj</name>
      </input_file>
      <input_file id="fl-17">
         <path>.\driverlib\</path>
         <kind>object</kind>
         <file>onewire.obj</file>
         <name>onewire.obj</name>
      </input_file>
      <input_file id="fl-18">
         <path>.\driverlib\</path>
         <kind>object</kind>
         <file>pwm.obj</file>
         <name>pwm.obj</name>
      </input_file>
      <input_file id="fl-19">
         <path>.\driverlib\</path>
         <kind>object</kind>
         <file>qei.obj</file>
         <name>qei.obj</name>
      </input_file>
      <input_file id="fl-1a">
         <path>.\driverlib\</path>
         <kind>object</kind>
         <file>shamd5.obj</file>
         <name>shamd5.obj</name>
      </input_file>
      <input_file id="fl-1b">
         <path>.\driverlib\</path>
         <kind>object</kind>
         <file>ssi.obj</file>
         <name>ssi.obj</name>
      </input_file>
      <input_file id="fl-1c">
         <path>.\driverlib\</path>
         <kind>object</kind>
         <file>sw_crc.obj</file>
         <name>sw_crc.obj</name>
      </input_file>
      <input_file id="fl-1d">
         <path>.\driverlib\</path>
         <kind>object</kind>
         <file>sysctl.obj</file>
         <name>sysctl.obj</name>
      </input_file>
      <input_file id="fl-1e">
         <path>.\driverlib\</path>
         <kind>object</kind>
         <file>sysexc.obj</file>
         <name>sysexc.obj</name>
      </input_file>
      <input_file id="fl-1f">
         <path>.\driverlib\</path>
         <kind>object</kind>
         <file>systick.obj</file>
         <name>systick.obj</name>
      </input_file>
      <input_file id="fl-20">
         <path>.\driverlib\</path>
         <kind>object</kind>
         <file>timer.obj</file>
         <name>timer.obj</name>
      </input_file>
      <input_file id="fl-21">
         <path>.\driverlib\</path>
         <kind>object</kind>
         <file>uart.obj</file>
         <name>uart.obj</name>
      </input_file>
      <input_file id="fl-22">
         <path>.\driverlib\</path>
         <kind>object</kind>
         <file>udma.obj</file>
         <name>udma.obj</name>
      </input_file>
      <input_file id="fl-23">
         <path>.\driverlib\</path>
         <kind>object</kind>
         <file>usb.obj</file>
         <name>usb.obj</name>
      </input_file>
      <input_file id="fl-24">
         <path>.\driverlib\</path>
         <kind>object</kind>
         <file>watchdog.obj</file>
         <name>watchdog.obj</name>
      </input_file>
      <input_file id="fl-2c">
         <kind>object</kind>
         <file>&lt;internal&gt;</file>
         <name>&lt;internal&gt;</name>
      </input_file>
      <input_file id="fl-e2">
         <path>C:\ti\ccsv7\tools\compiler\ti-cgt-arm_16.9.7.LTS\lib\</path>
         <kind>archive</kind>
         <file>rtsv7M4_T_le_v4SPD16_eabi.lib</file>
         <name>boot.obj</name>
      </input_file>
      <input_file id="fl-e3">
         <path>C:\ti\ccsv7\tools\compiler\ti-cgt-arm_16.9.7.LTS\lib\</path>
         <kind>archive</kind>
         <file>rtsv7M4_T_le_v4SPD16_eabi.lib</file>
         <name>copy_decompress_lzss.obj</name>
      </input_file>
      <input_file id="fl-e4">
         <path>C:\ti\ccsv7\tools\compiler\ti-cgt-arm_16.9.7.LTS\lib\</path>
         <kind>archive</kind>
         <file>rtsv7M4_T_le_v4SPD16_eabi.lib</file>
         <name>copy_decompress_none.obj</name>
      </input_file>
      <input_file id="fl-e5">
         <path>C:\ti\ccsv7\tools\compiler\ti-cgt-arm_16.9.7.LTS\lib\</path>
         <kind>archive</kind>
         <file>rtsv7M4_T_le_v4SPD16_eabi.lib</file>
         <name>copy_zero_init.obj</name>
      </input_file>
      <input_file id="fl-e6">
         <path>C:\ti\ccsv7\tools\compiler\ti-cgt-arm_16.9.7.LTS\lib\</path>
         <kind>archive</kind>
         <file>rtsv7M4_T_le_v4SPD16_eabi.lib</file>
         <name>exit.obj</name>
      </input_file>
      <input_file id="fl-e7">
         <path>C:\ti\ccsv7\tools\compiler\ti-cgt-arm_16.9.7.LTS\lib\</path>
         <kind>archive</kind>
         <file>rtsv7M4_T_le_v4SPD16_eabi.lib</file>
         <name>fd_div_t2.obj</name>
      </input_file>
      <input_file id="fl-e8">
         <path>C:\ti\ccsv7\tools\compiler\ti-cgt-arm_16.9.7.LTS\lib\</path>
         <kind>archive</kind>
         <file>rtsv7M4_T_le_v4SPD16_eabi.lib</file>
         <name>fd_tou_t2.obj</name>
      </input_file>
      <input_file id="fl-e9">
         <path>C:\ti\ccsv7\tools\compiler\ti-cgt-arm_16.9.7.LTS\lib\</path>
         <kind>archive</kind>
         <file>rtsv7M4_T_le_v4SPD16_eabi.lib</file>
         <name>memcpy_t2.obj</name>
      </input_file>
      <input_file id="fl-ea">
         <path>C:\ti\ccsv7\tools\compiler\ti-cgt-arm_16.9.7.LTS\lib\</path>
         <kind>archive</kind>
         <file>rtsv7M4_T_le_v4SPD16_eabi.lib</file>
         <name>memset_t2.obj</name>
      </input_file>
      <input_file id="fl-eb">
         <path>C:\ti\ccsv7\tools\compiler\ti-cgt-arm_16.9.7.LTS\lib\</path>
         <kind>archive</kind>
         <file>rtsv7M4_T_le_v4SPD16_eabi.lib</file>
         <name>mpu_init.obj</name>
      </input_file>
      <input_file id="fl-ec">
         <path>C:\ti\ccsv7\tools\compiler\ti-cgt-arm_16.9.7.LTS\lib\</path>
         <kind>archive</kind>
         <file>rtsv7M4_T_le_v4SPD16_eabi.lib</file>
         <name>pre_init.obj</name>
      </input_file>
      <input_file id="fl-ed">
         <path>C:\ti\ccsv7\tools\compiler\ti-cgt-arm_16.9.7.LTS\lib\</path>
         <kind>archive</kind>
         <file>rtsv7M4_T_le_v4SPD16_eabi.lib</file>
         <name>stkdepth_vars.obj</name>
      </input_file>
      <input_file id="fl-ee">
         <path>C:\ti\ccsv7\tools\compiler\ti-cgt-arm_16.9.7.LTS\lib\</path>
         <kind>archive</kind>
         <file>rtsv7M4_T_le_v4SPD16_eabi.lib</file>
         <name>u_tofd_t2.obj</name>
      </input_file>
      <input_file id="fl-ef">
         <path>C:\ti\ccsv7\tools\compiler\ti-cgt-arm_16.9.7.LTS\lib\</path>
         <kind>archive</kind>
         <file>rtsv7M4_T_le_v4SPD16_eabi.lib</file>
         <name>_lock.obj</name>
      </input_file>
      <input_file id="fl-f0">
         <path>C:\ti\ccsv7\tools\compiler\ti-cgt-arm_16.9.7.LTS\lib\</path>
         <kind>archive</kind>
         <file>rtsv7M4_T_le_v4SPD16_eabi.lib</file>
         <name>args_main.obj</name>
      </input_file>
      <input_file id="fl-f1">
         <path>C:\ti\ccsv7\tools\compiler\ti-cgt-arm_16.9.7.LTS\lib\</path>
         <kind>archive</kind>
         <file>rtsv7M4_T_le_v4SPD16_eabi.lib</file>
         <name>autoinit.obj</name>
      </input_file>
      <input_file id="fl-f2">
         <path>C:\ti\ccsv7\tools\compiler\ti-cgt-arm_16.9.7.LTS\lib\</path>
         <kind>archive</kind>
         <file>rtsv7M4_T_le_v4SPD16_eabi.lib</file>
         <name>cpy_tbl.obj</name>
      </input_file>
      <input_file id="fl-f3">
         <path>C:\ti\ccsv7\tools\compiler\ti-cgt-arm_16.9.7.LTS\lib\</path>
         <kind>archive</kind>
         <file>rtsv7M4_T_le_v4SPD16_eabi.lib</file>
         <name>startup.obj</name>
      </input_file>
   </input_file_list>
   <object_component_list>
      <object_component id="oc-f">
         <name>.intvecs</name>
         <load_address>0x0</load_address>
         <run_address>0x0</run_address>
         <size>0x26c</size>
         <input_file_ref idref="fl-3"/>
      </object_component>
      <object_component id="oc-80">
         <name>.text</name>
         <load_address>0x26c</load_address>
         <run_address>0x26c</run_address>
         <size>0xf60</size>
         <input_file_ref idref="fl-1d"/>
      </object_component>
      <object_component id="oc-86">
         <name>.text</name>
         <load_address>0x11cc</load_address>
         <run_address>0x11cc</run_address>
         <size>0xb4c</size>
         <input_file_ref idref="fl-11"/>
      </object_component>
      <object_component id="oc-8c">
         <name>.text</name>
         <load_address>0x1d18</load_address>
         <run_address>0x1d18</run_address>
         <size>0x656</size>
         <input_file_ref idref="fl-20"/>
      </object_component>
      <object_component id="oc-5d">
         <name>.text</name>
         <load_address>0x236e</load_address>
         <run_address>0x236e</run_address>
         <size>0x2</size>
         <input_file_ref idref="fl-eb"/>
      </object_component>
      <object_component id="oc-aa">
         <name>.text</name>
         <load_address>0x2370</load_address>
         <run_address>0x2370</run_address>
         <size>0x638</size>
         <input_file_ref idref="fl-21"/>
      </object_component>
      <object_component id="oc-31">
         <name>.text</name>
         <load_address>0x29a8</load_address>
         <run_address>0x29a8</run_address>
         <size>0x45c</size>
         <input_file_ref idref="fl-2"/>
      </object_component>
      <object_component id="oc-a1">
         <name>.text</name>
         <load_address>0x2e04</load_address>
         <run_address>0x2e04</run_address>
         <size>0x3c0</size>
         <input_file_ref idref="fl-14"/>
      </object_component>
      <object_component id="oc-97">
         <name>.text</name>
         <load_address>0x31c4</load_address>
         <run_address>0x31c4</run_address>
         <size>0x136</size>
         <input_file_ref idref="fl-e7"/>
      </object_component>
      <object_component id="oc-45">
         <name>.text</name>
         <load_address>0x32fa</load_address>
         <run_address>0x32fa</run_address>
         <size>0x9c</size>
         <input_file_ref idref="fl-e9"/>
      </object_component>
      <object_component id="oc-51">
         <name>.text</name>
         <load_address>0x3396</load_address>
         <run_address>0x3396</run_address>
         <size>0x7a</size>
         <input_file_ref idref="fl-ea"/>
      </object_component>
      <object_component id="oc-69">
         <name>.text</name>
         <load_address>0x3410</load_address>
         <run_address>0x3410</run_address>
         <size>0x70</size>
         <input_file_ref idref="fl-f1"/>
      </object_component>
      <object_component id="oc-12">
         <name>.text:decompress:lzss</name>
         <load_address>0x3480</load_address>
         <run_address>0x3480</run_address>
         <size>0x68</size>
         <input_file_ref idref="fl-e3"/>
      </object_component>
      <object_component id="oc-24">
         <name>.text</name>
         <load_address>0x34e8</load_address>
         <run_address>0x34e8</run_address>
         <size>0x54</size>
         <input_file_ref idref="fl-e2"/>
      </object_component>
      <object_component id="oc-75">
         <name>.text</name>
         <load_address>0x353c</load_address>
         <run_address>0x353c</run_address>
         <size>0x54</size>
         <input_file_ref idref="fl-e6"/>
      </object_component>
      <object_component id="oc-da">
         <name>.text</name>
         <load_address>0x3590</load_address>
         <run_address>0x3590</run_address>
         <size>0x4c</size>
         <input_file_ref idref="fl-f2"/>
      </object_component>
      <object_component id="oc-9c">
         <name>.text</name>
         <load_address>0x35dc</load_address>
         <run_address>0x35dc</run_address>
         <size>0x44</size>
         <input_file_ref idref="fl-e8"/>
      </object_component>
      <object_component id="oc-f8">
         <name>.text</name>
         <load_address>0x3620</load_address>
         <run_address>0x3620</run_address>
         <size>0x3e</size>
         <input_file_ref idref="fl-8"/>
      </object_component>
      <object_component id="oc-92">
         <name>.text</name>
         <load_address>0x365e</load_address>
         <run_address>0x365e</run_address>
         <size>0x20</size>
         <input_file_ref idref="fl-ee"/>
      </object_component>
      <object_component id="oc-e0">
         <name>.text</name>
         <load_address>0x367e</load_address>
         <run_address>0x367e</run_address>
         <size>0x2</size>
         <input_file_ref idref="fl-f3"/>
      </object_component>
      <object_component id="oc-6f">
         <name>.text</name>
         <load_address>0x3680</load_address>
         <run_address>0x3680</run_address>
         <size>0x18</size>
         <input_file_ref idref="fl-f0"/>
      </object_component>
      <object_component id="oc-166">
         <name>.text</name>
         <load_address>0x3698</load_address>
         <run_address>0x3698</run_address>
         <size>0x14</size>
         <input_file_ref idref="fl-ef"/>
      </object_component>
      <object_component id="oc-18">
         <name>.text:decompress:none</name>
         <load_address>0x36ac</load_address>
         <run_address>0x36ac</run_address>
         <size>0xe</size>
         <input_file_ref idref="fl-e4"/>
      </object_component>
      <object_component id="oc-1e">
         <name>.text:decompress:ZI</name>
         <load_address>0x36ba</load_address>
         <run_address>0x36ba</run_address>
         <size>0xc</size>
         <input_file_ref idref="fl-e5"/>
      </object_component>
      <object_component id="oc-2b">
         <name>.text</name>
         <load_address>0x36c6</load_address>
         <run_address>0x36c6</run_address>
         <size>0xc</size>
         <input_file_ref idref="fl-3"/>
      </object_component>
      <object_component id="oc-107">
         <name>.text:SysCtlDelay</name>
         <load_address>0x36d2</load_address>
         <run_address>0x36d2</run_address>
         <size>0x6</size>
         <input_file_ref idref="fl-1d"/>
      </object_component>
      <object_component id="oc-63">
         <name>.text</name>
         <load_address>0x36d8</load_address>
         <run_address>0x36d8</run_address>
         <size>0x4</size>
         <input_file_ref idref="fl-ec"/>
      </object_component>
      <object_component id="oc-104">
         <name>.const:g_pppui32XTALtoVCO</name>
         <load_address>0x36dc</load_address>
         <run_address>0x36dc</run_address>
         <size>0x1b0</size>
         <input_file_ref idref="fl-1d"/>
      </object_component>
      <object_component id="oc-10a">
         <name>.const:g_ppui32GPIOIntMapBlizzard</name>
         <load_address>0x388c</load_address>
         <run_address>0x388c</run_address>
         <size>0xc0</size>
         <input_file_ref idref="fl-11"/>
      </object_component>
      <object_component id="oc-110">
         <name>.const:g_ppui32GPIOIntMapSnowflake</name>
         <load_address>0x394c</load_address>
         <run_address>0x394c</run_address>
         <size>0xc0</size>
         <input_file_ref idref="fl-11"/>
      </object_component>
      <object_component id="oc-12c">
         <name>.const:g_pui32Regs</name>
         <load_address>0x3a0c</load_address>
         <run_address>0x3a0c</run_address>
         <size>0x9c</size>
         <input_file_ref idref="fl-14"/>
      </object_component>
      <object_component id="oc-113">
         <name>.const:g_pui32GPIOBaseAddrs</name>
         <load_address>0x3aa8</load_address>
         <run_address>0x3aa8</run_address>
         <size>0x90</size>
         <input_file_ref idref="fl-11"/>
      </object_component>
      <object_component id="oc-fe">
         <name>.const:g_pui32Xtals</name>
         <load_address>0x3b38</load_address>
         <run_address>0x3b38</run_address>
         <size>0x6c</size>
         <input_file_ref idref="fl-1d"/>
      </object_component>
      <object_component id="oc-118">
         <name>.const:g_ppui32TimerIntMap</name>
         <load_address>0x3ba4</load_address>
         <run_address>0x3ba4</run_address>
         <size>0x60</size>
         <input_file_ref idref="fl-20"/>
      </object_component>
      <object_component id="oc-11e">
         <name>.const:g_ppui32TimerIntMapSnowflake</name>
         <load_address>0x3c04</load_address>
         <run_address>0x3c04</run_address>
         <size>0x40</size>
         <input_file_ref idref="fl-20"/>
      </object_component>
      <object_component id="oc-13f">
         <name>.const:g_ppui32UARTIntMap</name>
         <load_address>0x3c44</load_address>
         <run_address>0x3c44</run_address>
         <size>0x40</size>
         <input_file_ref idref="fl-21"/>
      </object_component>
      <object_component id="oc-145">
         <name>.const:g_ppui32UARTIntMapSnowflake</name>
         <load_address>0x3c84</load_address>
         <run_address>0x3c84</run_address>
         <size>0x40</size>
         <input_file_ref idref="fl-21"/>
      </object_component>
      <object_component id="oc-f5">
         <name>.const:g_sXTALtoMEMTIM</name>
         <load_address>0x3cc4</load_address>
         <run_address>0x3cc4</run_address>
         <size>0x30</size>
         <input_file_ref idref="fl-1d"/>
      </object_component>
      <object_component id="oc-129">
         <name>.const:g_pui32Priority</name>
         <load_address>0x3cf4</load_address>
         <run_address>0x3cf4</run_address>
         <size>0x20</size>
         <input_file_ref idref="fl-14"/>
      </object_component>
      <object_component id="oc-132">
         <name>.const:g_pui32Dii16Regs</name>
         <load_address>0x3d14</load_address>
         <run_address>0x3d14</run_address>
         <size>0x14</size>
         <input_file_ref idref="fl-14"/>
      </object_component>
      <object_component id="oc-12f">
         <name>.const:g_pui32EnRegs</name>
         <load_address>0x3d28</load_address>
         <run_address>0x3d28</run_address>
         <size>0x14</size>
         <input_file_ref idref="fl-14"/>
      </object_component>
      <object_component id="oc-135">
         <name>.const:g_pui32PendRegs</name>
         <load_address>0x3d3c</load_address>
         <run_address>0x3d3c</run_address>
         <size>0x14</size>
         <input_file_ref idref="fl-14"/>
      </object_component>
      <object_component id="oc-138">
         <name>.const:g_pui32UnpendRegs</name>
         <load_address>0x3d50</load_address>
         <run_address>0x3d50</run_address>
         <size>0x14</size>
         <input_file_ref idref="fl-14"/>
      </object_component>
      <object_component id="oc-101">
         <name>.const:g_pui32VCOFrequencies</name>
         <load_address>0x3d64</load_address>
         <run_address>0x3d64</run_address>
         <size>0x8</size>
         <input_file_ref idref="fl-1d"/>
      </object_component>
      <object_component id="oc-10d">
         <name>.const</name>
         <load_address>0x3d6c</load_address>
         <run_address>0x3d6c</run_address>
         <size>0x8</size>
         <input_file_ref idref="fl-11"/>
      </object_component>
      <object_component id="oc-11b">
         <name>.const</name>
         <load_address>0x3d74</load_address>
         <run_address>0x3d74</run_address>
         <size>0x8</size>
         <input_file_ref idref="fl-20"/>
      </object_component>
      <object_component id="oc-142">
         <name>.const</name>
         <load_address>0x3d7c</load_address>
         <run_address>0x3d7c</run_address>
         <size>0x8</size>
         <input_file_ref idref="fl-21"/>
      </object_component>
      <object_component id="oc-1dc">
         <name>.cinit..data.load</name>
         <load_address>0x3d88</load_address>
         <run_address>0x3d88</run_address>
         <size>0x15</size>
      </object_component>
      <object_component id="oc-1d9">
         <name>__TI_handler_table</name>
         <load_address>0x3da0</load_address>
         <run_address>0x3da0</run_address>
         <size>0xc</size>
      </object_component>
      <object_component id="oc-1dd">
         <name>.cinit..bss.load</name>
         <load_address>0x3db0</load_address>
         <run_address>0x3db0</run_address>
         <size>0x8</size>
      </object_component>
      <object_component id="oc-1db">
         <name>.cinit..vtable.load</name>
         <load_address>0x3db8</load_address>
         <run_address>0x3db8</run_address>
         <size>0x8</size>
      </object_component>
      <object_component id="oc-1da">
         <name>__TI_cinit_table</name>
         <load_address>0x3dc0</load_address>
         <run_address>0x3dc0</run_address>
         <size>0x18</size>
      </object_component>
      <object_component id="oc-126">
         <name>.vtable</name>
         <uninitialized>true</uninitialized>
         <run_address>0x20000000</run_address>
         <size>0x26c</size>
         <input_file_ref idref="fl-14"/>
      </object_component>
      <object_component id="oc-a7">
         <name>.data</name>
         <load_address>0x2000046c</load_address>
         <run_address>0x2000046c</run_address>
         <size>0x10</size>
         <input_file_ref idref="fl-2"/>
      </object_component>
      <object_component id="oc-ea">
         <name>.data:$O1$$</name>
         <load_address>0x2000047c</load_address>
         <run_address>0x2000047c</run_address>
         <size>0xc</size>
         <input_file_ref idref="fl-e6"/>
      </object_component>
      <object_component id="oc-7b">
         <name>.data</name>
         <load_address>0x20000490</load_address>
         <run_address>0x20000490</run_address>
         <size>0x4</size>
         <input_file_ref idref="fl-ed"/>
      </object_component>
      <object_component id="oc-ed">
         <name>.data:$O1$$</name>
         <load_address>0x20000488</load_address>
         <run_address>0x20000488</run_address>
         <size>0x8</size>
         <input_file_ref idref="fl-ef"/>
      </object_component>
      <object_component id="oc-b0">
         <name>.common:ui32Length1</name>
         <uninitialized>true</uninitialized>
         <run_address>0x20000494</run_address>
         <size>0x4</size>
      </object_component>
      <object_component id="oc-b3">
         <name>.common:ui32Length2</name>
         <uninitialized>true</uninitialized>
         <run_address>0x20000498</run_address>
         <size>0x4</size>
      </object_component>
      <object_component id="oc-b4">
         <name>.common:ui32Length3</name>
         <uninitialized>true</uninitialized>
         <run_address>0x2000049c</run_address>
         <size>0x4</size>
      </object_component>
      <object_component id="oc-2a">
         <name>.stack</name>
         <uninitialized>true</uninitialized>
         <run_address>0x2000026c</run_address>
         <size>0x0</size>
         <input_file_ref idref="fl-e2"/>
      </object_component>
      <object_component id="oc-1de">
         <name>.stack</name>
         <uninitialized>true</uninitialized>
         <run_address>0x2000026c</run_address>
         <size>0x0</size>
      </object_component>
      <object_component id="oc-b1">
         <name>.debug_info</name>
         <load_address>0x0</load_address>
         <run_address>0x0</run_address>
         <size>0x8cc</size>
         <input_file_ref idref="fl-2"/>
      </object_component>
      <object_component id="oc-a8">
         <name>.debug_info</name>
         <load_address>0x8cc</load_address>
         <run_address>0x8cc</run_address>
         <size>0x143</size>
         <input_file_ref idref="fl-2"/>
      </object_component>
      <object_component id="oc-32">
         <name>.debug_info</name>
         <load_address>0xa0f</load_address>
         <run_address>0xa0f</run_address>
         <size>0xce9</size>
         <input_file_ref idref="fl-2"/>
      </object_component>
      <object_component id="oc-b6">
         <name>.debug_info</name>
         <load_address>0x16f8</load_address>
         <run_address>0x16f8</run_address>
         <size>0x8b</size>
         <input_file_ref idref="fl-2"/>
      </object_component>
      <object_component id="oc-bb">
         <name>.debug_info</name>
         <load_address>0x1783</load_address>
         <run_address>0x1783</run_address>
         <size>0x18b</size>
         <input_file_ref idref="fl-2"/>
      </object_component>
      <object_component id="oc-39">
         <name>.debug_info</name>
         <load_address>0x190e</load_address>
         <run_address>0x190e</run_address>
         <size>0x3d1</size>
         <input_file_ref idref="fl-3"/>
      </object_component>
      <object_component id="oc-10">
         <name>.debug_info</name>
         <load_address>0x1cdf</load_address>
         <run_address>0x1cdf</run_address>
         <size>0xf4</size>
         <input_file_ref idref="fl-3"/>
      </object_component>
      <object_component id="oc-2c">
         <name>.debug_info</name>
         <load_address>0x1dd3</load_address>
         <run_address>0x1dd3</run_address>
         <size>0x270</size>
         <input_file_ref idref="fl-3"/>
      </object_component>
      <object_component id="oc-40">
         <name>.debug_info</name>
         <load_address>0x2043</load_address>
         <run_address>0x2043</run_address>
         <size>0x84</size>
         <input_file_ref idref="fl-3"/>
      </object_component>
      <object_component id="oc-f9">
         <name>.debug_info</name>
         <load_address>0x20c7</load_address>
         <run_address>0x20c7</run_address>
         <size>0x4d4</size>
         <input_file_ref idref="fl-8"/>
      </object_component>
      <object_component id="oc-117">
         <name>.debug_info</name>
         <load_address>0x259b</load_address>
         <run_address>0x259b</run_address>
         <size>0x367</size>
         <input_file_ref idref="fl-11"/>
      </object_component>
      <object_component id="oc-10b">
         <name>.debug_info</name>
         <load_address>0x2902</load_address>
         <run_address>0x2902</run_address>
         <size>0x124</size>
         <input_file_ref idref="fl-11"/>
      </object_component>
      <object_component id="oc-10e">
         <name>.debug_info</name>
         <load_address>0x2a26</load_address>
         <run_address>0x2a26</run_address>
         <size>0x172</size>
         <input_file_ref idref="fl-11"/>
      </object_component>
      <object_component id="oc-111">
         <name>.debug_info</name>
         <load_address>0x2b98</load_address>
         <run_address>0x2b98</run_address>
         <size>0x126</size>
         <input_file_ref idref="fl-11"/>
      </object_component>
      <object_component id="oc-114">
         <name>.debug_info</name>
         <load_address>0x2cbe</load_address>
         <run_address>0x2cbe</run_address>
         <size>0x118</size>
         <input_file_ref idref="fl-11"/>
      </object_component>
      <object_component id="oc-87">
         <name>.debug_info</name>
         <load_address>0x2dd6</load_address>
         <run_address>0x2dd6</run_address>
         <size>0x3a16</size>
         <input_file_ref idref="fl-11"/>
      </object_component>
      <object_component id="oc-13c">
         <name>.debug_info</name>
         <load_address>0x67ec</load_address>
         <run_address>0x67ec</run_address>
         <size>0x34f</size>
         <input_file_ref idref="fl-14"/>
      </object_component>
      <object_component id="oc-12a">
         <name>.debug_info</name>
         <load_address>0x6b3b</load_address>
         <run_address>0x6b3b</run_address>
         <size>0x113</size>
         <input_file_ref idref="fl-14"/>
      </object_component>
      <object_component id="oc-12d">
         <name>.debug_info</name>
         <load_address>0x6c4e</load_address>
         <run_address>0x6c4e</run_address>
         <size>0x10b</size>
         <input_file_ref idref="fl-14"/>
      </object_component>
      <object_component id="oc-130">
         <name>.debug_info</name>
         <load_address>0x6d59</load_address>
         <run_address>0x6d59</run_address>
         <size>0x10f</size>
         <input_file_ref idref="fl-14"/>
      </object_component>
      <object_component id="oc-133">
         <name>.debug_info</name>
         <load_address>0x6e68</load_address>
         <run_address>0x6e68</run_address>
         <size>0x115</size>
         <input_file_ref idref="fl-14"/>
      </object_component>
      <object_component id="oc-136">
         <name>.debug_info</name>
         <load_address>0x6f7d</load_address>
         <run_address>0x6f7d</run_address>
         <size>0x113</size>
         <input_file_ref idref="fl-14"/>
      </object_component>
      <object_component id="oc-139">
         <name>.debug_info</name>
         <load_address>0x7090</load_address>
         <run_address>0x7090</run_address>
         <size>0x117</size>
         <input_file_ref idref="fl-14"/>
      </object_component>
      <object_component id="oc-127">
         <name>.debug_info</name>
         <load_address>0x71a7</load_address>
         <run_address>0x71a7</run_address>
         <size>0x114</size>
         <input_file_ref idref="fl-14"/>
      </object_component>
      <object_component id="oc-a2">
         <name>.debug_info</name>
         <load_address>0x72bb</load_address>
         <run_address>0x72bb</run_address>
         <size>0x1132</size>
         <input_file_ref idref="fl-14"/>
      </object_component>
      <object_component id="oc-109">
         <name>.debug_info</name>
         <load_address>0x83ed</load_address>
         <run_address>0x83ed</run_address>
         <size>0x3d4</size>
         <input_file_ref idref="fl-1d"/>
      </object_component>
      <object_component id="oc-ff">
         <name>.debug_info</name>
         <load_address>0x87c1</load_address>
         <run_address>0x87c1</run_address>
         <size>0x10a</size>
         <input_file_ref idref="fl-1d"/>
      </object_component>
      <object_component id="oc-105">
         <name>.debug_info</name>
         <load_address>0x88cb</load_address>
         <run_address>0x88cb</run_address>
         <size>0x116</size>
         <input_file_ref idref="fl-1d"/>
      </object_component>
      <object_component id="oc-f6">
         <name>.debug_info</name>
         <load_address>0x89e1</load_address>
         <run_address>0x89e1</run_address>
         <size>0x110</size>
         <input_file_ref idref="fl-1d"/>
      </object_component>
      <object_component id="oc-102">
         <name>.debug_info</name>
         <load_address>0x8af1</load_address>
         <run_address>0x8af1</run_address>
         <size>0x11d</size>
         <input_file_ref idref="fl-1d"/>
      </object_component>
      <object_component id="oc-81">
         <name>.debug_info</name>
         <load_address>0x8c0e</load_address>
         <run_address>0x8c0e</run_address>
         <size>0x390c</size>
         <input_file_ref idref="fl-1d"/>
      </object_component>
      <object_component id="oc-17d">
         <name>.debug_info</name>
         <load_address>0xc51a</load_address>
         <run_address>0xc51a</run_address>
         <size>0x51</size>
         <input_file_ref idref="fl-1d"/>
      </object_component>
      <object_component id="oc-122">
         <name>.debug_info</name>
         <load_address>0xc56b</load_address>
         <run_address>0xc56b</run_address>
         <size>0x364</size>
         <input_file_ref idref="fl-20"/>
      </object_component>
      <object_component id="oc-119">
         <name>.debug_info</name>
         <load_address>0xc8cf</load_address>
         <run_address>0xc8cf</run_address>
         <size>0x117</size>
         <input_file_ref idref="fl-20"/>
      </object_component>
      <object_component id="oc-11c">
         <name>.debug_info</name>
         <load_address>0xc9e6</load_address>
         <run_address>0xc9e6</run_address>
         <size>0x163</size>
         <input_file_ref idref="fl-20"/>
      </object_component>
      <object_component id="oc-11f">
         <name>.debug_info</name>
         <load_address>0xcb49</load_address>
         <run_address>0xcb49</run_address>
         <size>0x129</size>
         <input_file_ref idref="fl-20"/>
      </object_component>
      <object_component id="oc-8d">
         <name>.debug_info</name>
         <load_address>0xcc72</load_address>
         <run_address>0xcc72</run_address>
         <size>0x2e11</size>
         <input_file_ref idref="fl-20"/>
      </object_component>
      <object_component id="oc-149">
         <name>.debug_info</name>
         <load_address>0xfa83</load_address>
         <run_address>0xfa83</run_address>
         <size>0x359</size>
         <input_file_ref idref="fl-21"/>
      </object_component>
      <object_component id="oc-140">
         <name>.debug_info</name>
         <load_address>0xfddc</load_address>
         <run_address>0xfddc</run_address>
         <size>0x114</size>
         <input_file_ref idref="fl-21"/>
      </object_component>
      <object_component id="oc-143">
         <name>.debug_info</name>
         <load_address>0xfef0</load_address>
         <run_address>0xfef0</run_address>
         <size>0x15e</size>
         <input_file_ref idref="fl-21"/>
      </object_component>
      <object_component id="oc-146">
         <name>.debug_info</name>
         <load_address>0x1004e</load_address>
         <run_address>0x1004e</run_address>
         <size>0x126</size>
         <input_file_ref idref="fl-21"/>
      </object_component>
      <object_component id="oc-ab">
         <name>.debug_info</name>
         <load_address>0x10174</load_address>
         <run_address>0x10174</run_address>
         <size>0x32c6</size>
         <input_file_ref idref="fl-21"/>
      </object_component>
      <object_component id="oc-26">
         <name>.debug_info</name>
         <load_address>0x1343a</load_address>
         <run_address>0x1343a</run_address>
         <size>0x160</size>
         <input_file_ref idref="fl-e2"/>
      </object_component>
      <object_component id="oc-c7">
         <name>.debug_info</name>
         <load_address>0x1359a</load_address>
         <run_address>0x1359a</run_address>
         <size>0x293</size>
         <input_file_ref idref="fl-e3"/>
      </object_component>
      <object_component id="oc-16">
         <name>.debug_info</name>
         <load_address>0x1382d</load_address>
         <run_address>0x1382d</run_address>
         <size>0x245</size>
         <input_file_ref idref="fl-e3"/>
      </object_component>
      <object_component id="oc-3b">
         <name>.debug_info</name>
         <load_address>0x13a72</load_address>
         <run_address>0x13a72</run_address>
         <size>0x60</size>
         <input_file_ref idref="fl-e3"/>
      </object_component>
      <object_component id="oc-c2">
         <name>.debug_info</name>
         <load_address>0x13ad2</load_address>
         <run_address>0x13ad2</run_address>
         <size>0x46</size>
         <input_file_ref idref="fl-e3"/>
      </object_component>
      <object_component id="oc-50">
         <name>.debug_info</name>
         <load_address>0x13b18</load_address>
         <run_address>0x13b18</run_address>
         <size>0x2da</size>
         <input_file_ref idref="fl-e4"/>
      </object_component>
      <object_component id="oc-1a">
         <name>.debug_info</name>
         <load_address>0x13df2</load_address>
         <run_address>0x13df2</run_address>
         <size>0x1df</size>
         <input_file_ref idref="fl-e4"/>
      </object_component>
      <object_component id="oc-4b">
         <name>.debug_info</name>
         <load_address>0x13fd1</load_address>
         <run_address>0x13fd1</run_address>
         <size>0x46</size>
         <input_file_ref idref="fl-e4"/>
      </object_component>
      <object_component id="oc-c9">
         <name>.debug_info</name>
         <load_address>0x14017</load_address>
         <run_address>0x14017</run_address>
         <size>0x2c</size>
         <input_file_ref idref="fl-e4"/>
      </object_component>
      <object_component id="oc-5c">
         <name>.debug_info</name>
         <load_address>0x14043</load_address>
         <run_address>0x14043</run_address>
         <size>0x2c9</size>
         <input_file_ref idref="fl-e5"/>
      </object_component>
      <object_component id="oc-22">
         <name>.debug_info</name>
         <load_address>0x1430c</load_address>
         <run_address>0x1430c</run_address>
         <size>0x1aa</size>
         <input_file_ref idref="fl-e5"/>
      </object_component>
      <object_component id="oc-57">
         <name>.debug_info</name>
         <load_address>0x144b6</load_address>
         <run_address>0x144b6</run_address>
         <size>0x46</size>
         <input_file_ref idref="fl-e5"/>
      </object_component>
      <object_component id="oc-d1">
         <name>.debug_info</name>
         <load_address>0x144fc</load_address>
         <run_address>0x144fc</run_address>
         <size>0x2c</size>
         <input_file_ref idref="fl-e5"/>
      </object_component>
      <object_component id="oc-f1">
         <name>.debug_info</name>
         <load_address>0x14528</load_address>
         <run_address>0x14528</run_address>
         <size>0x3ce</size>
         <input_file_ref idref="fl-e6"/>
      </object_component>
      <object_component id="oc-eb">
         <name>.debug_info</name>
         <load_address>0x148f6</load_address>
         <run_address>0x148f6</run_address>
         <size>0x185</size>
         <input_file_ref idref="fl-e6"/>
      </object_component>
      <object_component id="oc-79">
         <name>.debug_info</name>
         <load_address>0x14a7b</load_address>
         <run_address>0x14a7b</run_address>
         <size>0x214</size>
         <input_file_ref idref="fl-e6"/>
      </object_component>
      <object_component id="oc-99">
         <name>.debug_info</name>
         <load_address>0x14c8f</load_address>
         <run_address>0x14c8f</run_address>
         <size>0x132</size>
         <input_file_ref idref="fl-e7"/>
      </object_component>
      <object_component id="oc-9e">
         <name>.debug_info</name>
         <load_address>0x14dc1</load_address>
         <run_address>0x14dc1</run_address>
         <size>0x131</size>
         <input_file_ref idref="fl-e8"/>
      </object_component>
      <object_component id="oc-47">
         <name>.debug_info</name>
         <load_address>0x14ef2</load_address>
         <run_address>0x14ef2</run_address>
         <size>0x111</size>
         <input_file_ref idref="fl-e9"/>
      </object_component>
      <object_component id="oc-53">
         <name>.debug_info</name>
         <load_address>0x15003</load_address>
         <run_address>0x15003</run_address>
         <size>0x13f</size>
         <input_file_ref idref="fl-ea"/>
      </object_component>
      <object_component id="oc-61">
         <name>.debug_info</name>
         <load_address>0x15142</load_address>
         <run_address>0x15142</run_address>
         <size>0x138</size>
         <input_file_ref idref="fl-eb"/>
      </object_component>
      <object_component id="oc-67">
         <name>.debug_info</name>
         <load_address>0x1527a</load_address>
         <run_address>0x1527a</run_address>
         <size>0x148</size>
         <input_file_ref idref="fl-ec"/>
      </object_component>
      <object_component id="oc-7c">
         <name>.debug_info</name>
         <load_address>0x153c2</load_address>
         <run_address>0x153c2</run_address>
         <size>0x109</size>
         <input_file_ref idref="fl-ed"/>
      </object_component>
      <object_component id="oc-95">
         <name>.debug_info</name>
         <load_address>0x154cb</load_address>
         <run_address>0x154cb</run_address>
         <size>0x126</size>
         <input_file_ref idref="fl-ee"/>
      </object_component>
      <object_component id="oc-16e">
         <name>.debug_info</name>
         <load_address>0x155f1</load_address>
         <run_address>0x155f1</run_address>
         <size>0x2be</size>
         <input_file_ref idref="fl-ef"/>
      </object_component>
      <object_component id="oc-ee">
         <name>.debug_info</name>
         <load_address>0x158af</load_address>
         <run_address>0x158af</run_address>
         <size>0x113</size>
         <input_file_ref idref="fl-ef"/>
      </object_component>
      <object_component id="oc-167">
         <name>.debug_info</name>
         <load_address>0x159c2</load_address>
         <run_address>0x159c2</run_address>
         <size>0x21f</size>
         <input_file_ref idref="fl-ef"/>
      </object_component>
      <object_component id="oc-e9">
         <name>.debug_info</name>
         <load_address>0x15be1</load_address>
         <run_address>0x15be1</run_address>
         <size>0x300</size>
         <input_file_ref idref="fl-f0"/>
      </object_component>
      <object_component id="oc-71">
         <name>.debug_info</name>
         <load_address>0x15ee1</load_address>
         <run_address>0x15ee1</run_address>
         <size>0x167</size>
         <input_file_ref idref="fl-f0"/>
      </object_component>
      <object_component id="oc-15f">
         <name>.debug_info</name>
         <load_address>0x16048</load_address>
         <run_address>0x16048</run_address>
         <size>0x5e</size>
         <input_file_ref idref="fl-f0"/>
      </object_component>
      <object_component id="oc-e7">
         <name>.debug_info</name>
         <load_address>0x160a6</load_address>
         <run_address>0x160a6</run_address>
         <size>0x483</size>
         <input_file_ref idref="fl-f1"/>
      </object_component>
      <object_component id="oc-6a">
         <name>.debug_info</name>
         <load_address>0x16529</load_address>
         <run_address>0x16529</run_address>
         <size>0x190</size>
         <input_file_ref idref="fl-f1"/>
      </object_component>
      <object_component id="oc-153">
         <name>.debug_info</name>
         <load_address>0x166b9</load_address>
         <run_address>0x166b9</run_address>
         <size>0x39</size>
         <input_file_ref idref="fl-f1"/>
      </object_component>
      <object_component id="oc-1b2">
         <name>.debug_info</name>
         <load_address>0x166f2</load_address>
         <run_address>0x166f2</run_address>
         <size>0x39</size>
         <input_file_ref idref="fl-f1"/>
      </object_component>
      <object_component id="oc-158">
         <name>.debug_info</name>
         <load_address>0x1672b</load_address>
         <run_address>0x1672b</run_address>
         <size>0xcd</size>
         <input_file_ref idref="fl-f1"/>
      </object_component>
      <object_component id="oc-14f">
         <name>.debug_info</name>
         <load_address>0x167f8</load_address>
         <run_address>0x167f8</run_address>
         <size>0x37a</size>
         <input_file_ref idref="fl-f2"/>
      </object_component>
      <object_component id="oc-db">
         <name>.debug_info</name>
         <load_address>0x16b72</load_address>
         <run_address>0x16b72</run_address>
         <size>0x183</size>
         <input_file_ref idref="fl-f2"/>
      </object_component>
      <object_component id="oc-1ad">
         <name>.debug_info</name>
         <load_address>0x16cf5</load_address>
         <run_address>0x16cf5</run_address>
         <size>0x2c</size>
         <input_file_ref idref="fl-f2"/>
      </object_component>
      <object_component id="oc-e2">
         <name>.debug_info</name>
         <load_address>0x16d21</load_address>
         <run_address>0x16d21</run_address>
         <size>0x145</size>
         <input_file_ref idref="fl-f3"/>
      </object_component>
      <object_component id="oc-1df">
         <name>.debug_info</name>
         <load_address>0x16e66</load_address>
         <run_address>0x16e66</run_address>
         <size>0xaa</size>
      </object_component>
      <object_component id="oc-14b">
         <name>.debug_line</name>
         <load_address>0x0</load_address>
         <run_address>0x0</run_address>
         <size>0x143</size>
         <input_file_ref idref="fl-2"/>
      </object_component>
      <object_component id="oc-13e">
         <name>.debug_line</name>
         <load_address>0x143</load_address>
         <run_address>0x143</run_address>
         <size>0x2d</size>
         <input_file_ref idref="fl-2"/>
      </object_component>
      <object_component id="oc-35">
         <name>.debug_line</name>
         <load_address>0x170</load_address>
         <run_address>0x170</run_address>
         <size>0x23b</size>
         <input_file_ref idref="fl-2"/>
      </object_component>
      <object_component id="oc-b9">
         <name>.debug_line</name>
         <load_address>0x3ab</load_address>
         <run_address>0x3ab</run_address>
         <size>0x20</size>
         <input_file_ref idref="fl-2"/>
      </object_component>
      <object_component id="oc-be">
         <name>.debug_line</name>
         <load_address>0x3cb</load_address>
         <run_address>0x3cb</run_address>
         <size>0x65</size>
         <input_file_ref idref="fl-2"/>
      </object_component>
      <object_component id="oc-c1">
         <name>.debug_line</name>
         <load_address>0x430</load_address>
         <run_address>0x430</run_address>
         <size>0x41</size>
         <input_file_ref idref="fl-3"/>
      </object_component>
      <object_component id="oc-38">
         <name>.debug_line</name>
         <load_address>0x471</load_address>
         <run_address>0x471</run_address>
         <size>0x41</size>
         <input_file_ref idref="fl-3"/>
      </object_component>
      <object_component id="oc-2f">
         <name>.debug_line</name>
         <load_address>0x4b2</load_address>
         <run_address>0x4b2</run_address>
         <size>0xa1</size>
         <input_file_ref idref="fl-3"/>
      </object_component>
      <object_component id="oc-43">
         <name>.debug_line</name>
         <load_address>0x553</load_address>
         <run_address>0x553</run_address>
         <size>0x20</size>
         <input_file_ref idref="fl-3"/>
      </object_component>
      <object_component id="oc-fc">
         <name>.debug_line</name>
         <load_address>0x573</load_address>
         <run_address>0x573</run_address>
         <size>0xf8</size>
         <input_file_ref idref="fl-8"/>
      </object_component>
      <object_component id="oc-18a">
         <name>.debug_line</name>
         <load_address>0x66b</load_address>
         <run_address>0x66b</run_address>
         <size>0x5b</size>
         <input_file_ref idref="fl-11"/>
      </object_component>
      <object_component id="oc-182">
         <name>.debug_line</name>
         <load_address>0x6c6</load_address>
         <run_address>0x6c6</run_address>
         <size>0x56</size>
         <input_file_ref idref="fl-11"/>
      </object_component>
      <object_component id="oc-184">
         <name>.debug_line</name>
         <load_address>0x71c</load_address>
         <run_address>0x71c</run_address>
         <size>0x56</size>
         <input_file_ref idref="fl-11"/>
      </object_component>
      <object_component id="oc-186">
         <name>.debug_line</name>
         <load_address>0x772</load_address>
         <run_address>0x772</run_address>
         <size>0x56</size>
         <input_file_ref idref="fl-11"/>
      </object_component>
      <object_component id="oc-188">
         <name>.debug_line</name>
         <load_address>0x7c8</load_address>
         <run_address>0x7c8</run_address>
         <size>0x56</size>
         <input_file_ref idref="fl-11"/>
      </object_component>
      <object_component id="oc-8a">
         <name>.debug_line</name>
         <load_address>0x81e</load_address>
         <run_address>0x81e</run_address>
         <size>0x617</size>
         <input_file_ref idref="fl-11"/>
      </object_component>
      <object_component id="oc-1a2">
         <name>.debug_line</name>
         <load_address>0xe35</load_address>
         <run_address>0xe35</run_address>
         <size>0x55</size>
         <input_file_ref idref="fl-14"/>
      </object_component>
      <object_component id="oc-196">
         <name>.debug_line</name>
         <load_address>0xe8a</load_address>
         <run_address>0xe8a</run_address>
         <size>0x5b</size>
         <input_file_ref idref="fl-14"/>
      </object_component>
      <object_component id="oc-198">
         <name>.debug_line</name>
         <load_address>0xee5</load_address>
         <run_address>0xee5</run_address>
         <size>0x5b</size>
         <input_file_ref idref="fl-14"/>
      </object_component>
      <object_component id="oc-19a">
         <name>.debug_line</name>
         <load_address>0xf40</load_address>
         <run_address>0xf40</run_address>
         <size>0x5b</size>
         <input_file_ref idref="fl-14"/>
      </object_component>
      <object_component id="oc-19c">
         <name>.debug_line</name>
         <load_address>0xf9b</load_address>
         <run_address>0xf9b</run_address>
         <size>0x5b</size>
         <input_file_ref idref="fl-14"/>
      </object_component>
      <object_component id="oc-19e">
         <name>.debug_line</name>
         <load_address>0xff6</load_address>
         <run_address>0xff6</run_address>
         <size>0x5b</size>
         <input_file_ref idref="fl-14"/>
      </object_component>
      <object_component id="oc-1a0">
         <name>.debug_line</name>
         <load_address>0x1051</load_address>
         <run_address>0x1051</run_address>
         <size>0x5b</size>
         <input_file_ref idref="fl-14"/>
      </object_component>
      <object_component id="oc-194">
         <name>.debug_line</name>
         <load_address>0x10ac</load_address>
         <run_address>0x10ac</run_address>
         <size>0x5b</size>
         <input_file_ref idref="fl-14"/>
      </object_component>
      <object_component id="oc-a5">
         <name>.debug_line</name>
         <load_address>0x1107</load_address>
         <run_address>0x1107</run_address>
         <size>0x30c</size>
         <input_file_ref idref="fl-14"/>
      </object_component>
      <object_component id="oc-17c">
         <name>.debug_line</name>
         <load_address>0x1413</load_address>
         <run_address>0x1413</run_address>
         <size>0xc8</size>
         <input_file_ref idref="fl-1d"/>
      </object_component>
      <object_component id="oc-176">
         <name>.debug_line</name>
         <load_address>0x14db</load_address>
         <run_address>0x14db</run_address>
         <size>0x58</size>
         <input_file_ref idref="fl-1d"/>
      </object_component>
      <object_component id="oc-17a">
         <name>.debug_line</name>
         <load_address>0x1533</load_address>
         <run_address>0x1533</run_address>
         <size>0x58</size>
         <input_file_ref idref="fl-1d"/>
      </object_component>
      <object_component id="oc-173">
         <name>.debug_line</name>
         <load_address>0x158b</load_address>
         <run_address>0x158b</run_address>
         <size>0x58</size>
         <input_file_ref idref="fl-1d"/>
      </object_component>
      <object_component id="oc-178">
         <name>.debug_line</name>
         <load_address>0x15e3</load_address>
         <run_address>0x15e3</run_address>
         <size>0x58</size>
         <input_file_ref idref="fl-1d"/>
      </object_component>
      <object_component id="oc-84">
         <name>.debug_line</name>
         <load_address>0x163b</load_address>
         <run_address>0x163b</run_address>
         <size>0x9b8</size>
         <input_file_ref idref="fl-1d"/>
      </object_component>
      <object_component id="oc-17f">
         <name>.debug_line</name>
         <load_address>0x1ff3</load_address>
         <run_address>0x1ff3</run_address>
         <size>0x58</size>
         <input_file_ref idref="fl-1d"/>
      </object_component>
      <object_component id="oc-192">
         <name>.debug_line</name>
         <load_address>0x204b</load_address>
         <run_address>0x204b</run_address>
         <size>0x5b</size>
         <input_file_ref idref="fl-20"/>
      </object_component>
      <object_component id="oc-18c">
         <name>.debug_line</name>
         <load_address>0x20a6</load_address>
         <run_address>0x20a6</run_address>
         <size>0x57</size>
         <input_file_ref idref="fl-20"/>
      </object_component>
      <object_component id="oc-18e">
         <name>.debug_line</name>
         <load_address>0x20fd</load_address>
         <run_address>0x20fd</run_address>
         <size>0x57</size>
         <input_file_ref idref="fl-20"/>
      </object_component>
      <object_component id="oc-190">
         <name>.debug_line</name>
         <load_address>0x2154</load_address>
         <run_address>0x2154</run_address>
         <size>0x57</size>
         <input_file_ref idref="fl-20"/>
      </object_component>
      <object_component id="oc-90">
         <name>.debug_line</name>
         <load_address>0x21ab</load_address>
         <run_address>0x21ab</run_address>
         <size>0x538</size>
         <input_file_ref idref="fl-20"/>
      </object_component>
      <object_component id="oc-1aa">
         <name>.debug_line</name>
         <load_address>0x26e3</load_address>
         <run_address>0x26e3</run_address>
         <size>0x5b</size>
         <input_file_ref idref="fl-21"/>
      </object_component>
      <object_component id="oc-1a4">
         <name>.debug_line</name>
         <load_address>0x273e</load_address>
         <run_address>0x273e</run_address>
         <size>0x56</size>
         <input_file_ref idref="fl-21"/>
      </object_component>
      <object_component id="oc-1a6">
         <name>.debug_line</name>
         <load_address>0x2794</load_address>
         <run_address>0x2794</run_address>
         <size>0x56</size>
         <input_file_ref idref="fl-21"/>
      </object_component>
      <object_component id="oc-1a8">
         <name>.debug_line</name>
         <load_address>0x27ea</load_address>
         <run_address>0x27ea</run_address>
         <size>0x56</size>
         <input_file_ref idref="fl-21"/>
      </object_component>
      <object_component id="oc-ae">
         <name>.debug_line</name>
         <load_address>0x2840</load_address>
         <run_address>0x2840</run_address>
         <size>0x5d5</size>
         <input_file_ref idref="fl-21"/>
      </object_component>
      <object_component id="oc-28">
         <name>.debug_line</name>
         <load_address>0x2e15</load_address>
         <run_address>0x2e15</run_address>
         <size>0x53</size>
         <input_file_ref idref="fl-e2"/>
      </object_component>
      <object_component id="oc-14d">
         <name>.debug_line</name>
         <load_address>0x2e68</load_address>
         <run_address>0x2e68</run_address>
         <size>0x20</size>
         <input_file_ref idref="fl-e3"/>
      </object_component>
      <object_component id="oc-15">
         <name>.debug_line</name>
         <load_address>0x2e88</load_address>
         <run_address>0x2e88</run_address>
         <size>0xa9</size>
         <input_file_ref idref="fl-e3"/>
      </object_component>
      <object_component id="oc-3e">
         <name>.debug_line</name>
         <load_address>0x2f31</load_address>
         <run_address>0x2f31</run_address>
         <size>0x3a</size>
         <input_file_ref idref="fl-e3"/>
      </object_component>
      <object_component id="oc-c5">
         <name>.debug_line</name>
         <load_address>0x2f6b</load_address>
         <run_address>0x2f6b</run_address>
         <size>0x8a</size>
         <input_file_ref idref="fl-e3"/>
      </object_component>
      <object_component id="oc-cf">
         <name>.debug_line</name>
         <load_address>0x2ff5</load_address>
         <run_address>0x2ff5</run_address>
         <size>0x8a</size>
         <input_file_ref idref="fl-e4"/>
      </object_component>
      <object_component id="oc-1c">
         <name>.debug_line</name>
         <load_address>0x307f</load_address>
         <run_address>0x307f</run_address>
         <size>0x55</size>
         <input_file_ref idref="fl-e4"/>
      </object_component>
      <object_component id="oc-4e">
         <name>.debug_line</name>
         <load_address>0x30d4</load_address>
         <run_address>0x30d4</run_address>
         <size>0x3a</size>
         <input_file_ref idref="fl-e4"/>
      </object_component>
      <object_component id="oc-cc">
         <name>.debug_line</name>
         <load_address>0x310e</load_address>
         <run_address>0x310e</run_address>
         <size>0x8a</size>
         <input_file_ref idref="fl-e4"/>
      </object_component>
      <object_component id="oc-d7">
         <name>.debug_line</name>
         <load_address>0x3198</load_address>
         <run_address>0x3198</run_address>
         <size>0x8a</size>
         <input_file_ref idref="fl-e5"/>
      </object_component>
      <object_component id="oc-21">
         <name>.debug_line</name>
         <load_address>0x3222</load_address>
         <run_address>0x3222</run_address>
         <size>0x4f</size>
         <input_file_ref idref="fl-e5"/>
      </object_component>
      <object_component id="oc-5a">
         <name>.debug_line</name>
         <load_address>0x3271</load_address>
         <run_address>0x3271</run_address>
         <size>0x34</size>
         <input_file_ref idref="fl-e5"/>
      </object_component>
      <object_component id="oc-d4">
         <name>.debug_line</name>
         <load_address>0x32a5</load_address>
         <run_address>0x32a5</run_address>
         <size>0x8a</size>
         <input_file_ref idref="fl-e5"/>
      </object_component>
      <object_component id="oc-171">
         <name>.debug_line</name>
         <load_address>0x332f</load_address>
         <run_address>0x332f</run_address>
         <size>0xf2</size>
         <input_file_ref idref="fl-e6"/>
      </object_component>
      <object_component id="oc-165">
         <name>.debug_line</name>
         <load_address>0x3421</load_address>
         <run_address>0x3421</run_address>
         <size>0x2a</size>
         <input_file_ref idref="fl-e6"/>
      </object_component>
      <object_component id="oc-78">
         <name>.debug_line</name>
         <load_address>0x344b</load_address>
         <run_address>0x344b</run_address>
         <size>0x86</size>
         <input_file_ref idref="fl-e6"/>
      </object_component>
      <object_component id="oc-9b">
         <name>.debug_line</name>
         <load_address>0x34d1</load_address>
         <run_address>0x34d1</run_address>
         <size>0xa8</size>
         <input_file_ref idref="fl-e7"/>
      </object_component>
      <object_component id="oc-a0">
         <name>.debug_line</name>
         <load_address>0x3579</load_address>
         <run_address>0x3579</run_address>
         <size>0x59</size>
         <input_file_ref idref="fl-e8"/>
      </object_component>
      <object_component id="oc-49">
         <name>.debug_line</name>
         <load_address>0x35d2</load_address>
         <run_address>0x35d2</run_address>
         <size>0x88</size>
         <input_file_ref idref="fl-e9"/>
      </object_component>
      <object_component id="oc-55">
         <name>.debug_line</name>
         <load_address>0x365a</load_address>
         <run_address>0x365a</run_address>
         <size>0x79</size>
         <input_file_ref idref="fl-ea"/>
      </object_component>
      <object_component id="oc-5f">
         <name>.debug_line</name>
         <load_address>0x36d3</load_address>
         <run_address>0x36d3</run_address>
         <size>0x3d</size>
         <input_file_ref idref="fl-eb"/>
      </object_component>
      <object_component id="oc-66">
         <name>.debug_line</name>
         <load_address>0x3710</load_address>
         <run_address>0x3710</run_address>
         <size>0x40</size>
         <input_file_ref idref="fl-ec"/>
      </object_component>
      <object_component id="oc-f4">
         <name>.debug_line</name>
         <load_address>0x3750</load_address>
         <run_address>0x3750</run_address>
         <size>0x33</size>
         <input_file_ref idref="fl-ed"/>
      </object_component>
      <object_component id="oc-94">
         <name>.debug_line</name>
         <load_address>0x3783</load_address>
         <run_address>0x3783</run_address>
         <size>0x4c</size>
         <input_file_ref idref="fl-ee"/>
      </object_component>
      <object_component id="oc-1b9">
         <name>.debug_line</name>
         <load_address>0x37cf</load_address>
         <run_address>0x37cf</run_address>
         <size>0x20</size>
         <input_file_ref idref="fl-ef"/>
      </object_component>
      <object_component id="oc-16d">
         <name>.debug_line</name>
         <load_address>0x37ef</load_address>
         <run_address>0x37ef</run_address>
         <size>0x2b</size>
         <input_file_ref idref="fl-ef"/>
      </object_component>
      <object_component id="oc-16b">
         <name>.debug_line</name>
         <load_address>0x381a</load_address>
         <run_address>0x381a</run_address>
         <size>0x68</size>
         <input_file_ref idref="fl-ef"/>
      </object_component>
      <object_component id="oc-15e">
         <name>.debug_line</name>
         <load_address>0x3882</load_address>
         <run_address>0x3882</run_address>
         <size>0x2b</size>
         <input_file_ref idref="fl-f0"/>
      </object_component>
      <object_component id="oc-73">
         <name>.debug_line</name>
         <load_address>0x38ad</load_address>
         <run_address>0x38ad</run_address>
         <size>0x4a</size>
         <input_file_ref idref="fl-f0"/>
      </object_component>
      <object_component id="oc-162">
         <name>.debug_line</name>
         <load_address>0x38f7</load_address>
         <run_address>0x38f7</run_address>
         <size>0x2b</size>
         <input_file_ref idref="fl-f0"/>
      </object_component>
      <object_component id="oc-152">
         <name>.debug_line</name>
         <load_address>0x3922</load_address>
         <run_address>0x3922</run_address>
         <size>0xa9</size>
         <input_file_ref idref="fl-f1"/>
      </object_component>
      <object_component id="oc-6d">
         <name>.debug_line</name>
         <load_address>0x39cb</load_address>
         <run_address>0x39cb</run_address>
         <size>0x8b</size>
         <input_file_ref idref="fl-f1"/>
      </object_component>
      <object_component id="oc-156">
         <name>.debug_line</name>
         <load_address>0x3a56</load_address>
         <run_address>0x3a56</run_address>
         <size>0x2e</size>
         <input_file_ref idref="fl-f1"/>
      </object_component>
      <object_component id="oc-1b5">
         <name>.debug_line</name>
         <load_address>0x3a84</load_address>
         <run_address>0x3a84</run_address>
         <size>0x8a</size>
         <input_file_ref idref="fl-f1"/>
      </object_component>
      <object_component id="oc-15b">
         <name>.debug_line</name>
         <load_address>0x3b0e</load_address>
         <run_address>0x3b0e</run_address>
         <size>0x8b</size>
         <input_file_ref idref="fl-f1"/>
      </object_component>
      <object_component id="oc-1ac">
         <name>.debug_line</name>
         <load_address>0x3b99</load_address>
         <run_address>0x3b99</run_address>
         <size>0x98</size>
         <input_file_ref idref="fl-f2"/>
      </object_component>
      <object_component id="oc-de">
         <name>.debug_line</name>
         <load_address>0x3c31</load_address>
         <run_address>0x3c31</run_address>
         <size>0x68</size>
         <input_file_ref idref="fl-f2"/>
      </object_component>
      <object_component id="oc-1b0">
         <name>.debug_line</name>
         <load_address>0x3c99</load_address>
         <run_address>0x3c99</run_address>
         <size>0x2e</size>
         <input_file_ref idref="fl-f2"/>
      </object_component>
      <object_component id="oc-e1">
         <name>.debug_line</name>
         <load_address>0x3cc7</load_address>
         <run_address>0x3cc7</run_address>
         <size>0x3c</size>
         <input_file_ref idref="fl-f3"/>
      </object_component>
      <object_component id="oc-36">
         <name>.debug_frame</name>
         <load_address>0x0</load_address>
         <run_address>0x0</run_address>
         <size>0x18c</size>
         <input_file_ref idref="fl-2"/>
      </object_component>
      <object_component id="oc-30">
         <name>.debug_frame</name>
         <load_address>0x18c</load_address>
         <run_address>0x18c</run_address>
         <size>0x90</size>
         <input_file_ref idref="fl-3"/>
      </object_component>
      <object_component id="oc-fd">
         <name>.debug_frame</name>
         <load_address>0x21c</load_address>
         <run_address>0x21c</run_address>
         <size>0xbc</size>
         <input_file_ref idref="fl-8"/>
      </object_component>
      <object_component id="oc-8b">
         <name>.debug_frame</name>
         <load_address>0x2d8</load_address>
         <run_address>0x2d8</run_address>
         <size>0x52c</size>
         <input_file_ref idref="fl-11"/>
      </object_component>
      <object_component id="oc-a6">
         <name>.debug_frame</name>
         <load_address>0x804</load_address>
         <run_address>0x804</run_address>
         <size>0x1d4</size>
         <input_file_ref idref="fl-14"/>
      </object_component>
      <object_component id="oc-85">
         <name>.debug_frame</name>
         <load_address>0x9d8</load_address>
         <run_address>0x9d8</run_address>
         <size>0x5a8</size>
         <input_file_ref idref="fl-1d"/>
      </object_component>
      <object_component id="oc-91">
         <name>.debug_frame</name>
         <load_address>0xf80</load_address>
         <run_address>0xf80</run_address>
         <size>0x3f8</size>
         <input_file_ref idref="fl-20"/>
      </object_component>
      <object_component id="oc-af">
         <name>.debug_frame</name>
         <load_address>0x1378</load_address>
         <run_address>0x1378</run_address>
         <size>0x4cc</size>
         <input_file_ref idref="fl-21"/>
      </object_component>
      <object_component id="oc-13">
         <name>.debug_frame</name>
         <load_address>0x1844</load_address>
         <run_address>0x1844</run_address>
         <size>0x60</size>
         <input_file_ref idref="fl-e3"/>
      </object_component>
      <object_component id="oc-1d">
         <name>.debug_frame</name>
         <load_address>0x18a4</load_address>
         <run_address>0x18a4</run_address>
         <size>0x54</size>
         <input_file_ref idref="fl-e4"/>
      </object_component>
      <object_component id="oc-20">
         <name>.debug_frame</name>
         <load_address>0x18f8</load_address>
         <run_address>0x18f8</run_address>
         <size>0x54</size>
         <input_file_ref idref="fl-e5"/>
      </object_component>
      <object_component id="oc-77">
         <name>.debug_frame</name>
         <load_address>0x194c</load_address>
         <run_address>0x194c</run_address>
         <size>0x88</size>
         <input_file_ref idref="fl-e6"/>
      </object_component>
      <object_component id="oc-60">
         <name>.debug_frame</name>
         <load_address>0x19d4</load_address>
         <run_address>0x19d4</run_address>
         <size>0x54</size>
         <input_file_ref idref="fl-eb"/>
      </object_component>
      <object_component id="oc-64">
         <name>.debug_frame</name>
         <load_address>0x1a28</load_address>
         <run_address>0x1a28</run_address>
         <size>0x54</size>
         <input_file_ref idref="fl-ec"/>
      </object_component>
      <object_component id="oc-16a">
         <name>.debug_frame</name>
         <load_address>0x1a7c</load_address>
         <run_address>0x1a7c</run_address>
         <size>0x7c</size>
         <input_file_ref idref="fl-ef"/>
      </object_component>
      <object_component id="oc-74">
         <name>.debug_frame</name>
         <load_address>0x1af8</load_address>
         <run_address>0x1af8</run_address>
         <size>0x54</size>
         <input_file_ref idref="fl-f0"/>
      </object_component>
      <object_component id="oc-6e">
         <name>.debug_frame</name>
         <load_address>0x1b4c</load_address>
         <run_address>0x1b4c</run_address>
         <size>0x5c</size>
         <input_file_ref idref="fl-f1"/>
      </object_component>
      <object_component id="oc-df">
         <name>.debug_frame</name>
         <load_address>0x1ba8</load_address>
         <run_address>0x1ba8</run_address>
         <size>0x60</size>
         <input_file_ref idref="fl-f2"/>
      </object_component>
      <object_component id="oc-e5">
         <name>.debug_frame</name>
         <load_address>0x1c08</load_address>
         <run_address>0x1c08</run_address>
         <size>0x54</size>
         <input_file_ref idref="fl-f3"/>
      </object_component>
      <object_component id="oc-14a">
         <name>.debug_abbrev</name>
         <load_address>0x0</load_address>
         <run_address>0x0</run_address>
         <size>0xc2</size>
         <input_file_ref idref="fl-2"/>
      </object_component>
      <object_component id="oc-13d">
         <name>.debug_abbrev</name>
         <load_address>0xc2</load_address>
         <run_address>0xc2</run_address>
         <size>0x29</size>
         <input_file_ref idref="fl-2"/>
      </object_component>
      <object_component id="oc-b5">
         <name>.debug_abbrev</name>
         <load_address>0xeb</load_address>
         <run_address>0xeb</run_address>
         <size>0xf5</size>
         <input_file_ref idref="fl-2"/>
      </object_component>
      <object_component id="oc-b8">
         <name>.debug_abbrev</name>
         <load_address>0x1e0</load_address>
         <run_address>0x1e0</run_address>
         <size>0x1f</size>
         <input_file_ref idref="fl-2"/>
      </object_component>
      <object_component id="oc-bd">
         <name>.debug_abbrev</name>
         <load_address>0x1ff</load_address>
         <run_address>0x1ff</run_address>
         <size>0x35</size>
         <input_file_ref idref="fl-2"/>
      </object_component>
      <object_component id="oc-c0">
         <name>.debug_abbrev</name>
         <load_address>0x234</load_address>
         <run_address>0x234</run_address>
         <size>0x73</size>
         <input_file_ref idref="fl-3"/>
      </object_component>
      <object_component id="oc-37">
         <name>.debug_abbrev</name>
         <load_address>0x2a7</load_address>
         <run_address>0x2a7</run_address>
         <size>0x29</size>
         <input_file_ref idref="fl-3"/>
      </object_component>
      <object_component id="oc-7f">
         <name>.debug_abbrev</name>
         <load_address>0x2d0</load_address>
         <run_address>0x2d0</run_address>
         <size>0x79</size>
         <input_file_ref idref="fl-3"/>
      </object_component>
      <object_component id="oc-42">
         <name>.debug_abbrev</name>
         <load_address>0x349</load_address>
         <run_address>0x349</run_address>
         <size>0x1f</size>
         <input_file_ref idref="fl-3"/>
      </object_component>
      <object_component id="oc-174">
         <name>.debug_abbrev</name>
         <load_address>0x368</load_address>
         <run_address>0x368</run_address>
         <size>0xca</size>
         <input_file_ref idref="fl-8"/>
      </object_component>
      <object_component id="oc-189">
         <name>.debug_abbrev</name>
         <load_address>0x432</load_address>
         <run_address>0x432</run_address>
         <size>0x76</size>
         <input_file_ref idref="fl-11"/>
      </object_component>
      <object_component id="oc-181">
         <name>.debug_abbrev</name>
         <load_address>0x4a8</load_address>
         <run_address>0x4a8</run_address>
         <size>0x27</size>
         <input_file_ref idref="fl-11"/>
      </object_component>
      <object_component id="oc-183">
         <name>.debug_abbrev</name>
         <load_address>0x4cf</load_address>
         <run_address>0x4cf</run_address>
         <size>0x27</size>
         <input_file_ref idref="fl-11"/>
      </object_component>
      <object_component id="oc-185">
         <name>.debug_abbrev</name>
         <load_address>0x4f6</load_address>
         <run_address>0x4f6</run_address>
         <size>0x27</size>
         <input_file_ref idref="fl-11"/>
      </object_component>
      <object_component id="oc-187">
         <name>.debug_abbrev</name>
         <load_address>0x51d</load_address>
         <run_address>0x51d</run_address>
         <size>0x27</size>
         <input_file_ref idref="fl-11"/>
      </object_component>
      <object_component id="oc-116">
         <name>.debug_abbrev</name>
         <load_address>0x544</load_address>
         <run_address>0x544</run_address>
         <size>0xd6</size>
         <input_file_ref idref="fl-11"/>
      </object_component>
      <object_component id="oc-1a1">
         <name>.debug_abbrev</name>
         <load_address>0x61a</load_address>
         <run_address>0x61a</run_address>
         <size>0x89</size>
         <input_file_ref idref="fl-14"/>
      </object_component>
      <object_component id="oc-195">
         <name>.debug_abbrev</name>
         <load_address>0x6a3</load_address>
         <run_address>0x6a3</run_address>
         <size>0x27</size>
         <input_file_ref idref="fl-14"/>
      </object_component>
      <object_component id="oc-197">
         <name>.debug_abbrev</name>
         <load_address>0x6ca</load_address>
         <run_address>0x6ca</run_address>
         <size>0x27</size>
         <input_file_ref idref="fl-14"/>
      </object_component>
      <object_component id="oc-199">
         <name>.debug_abbrev</name>
         <load_address>0x6f1</load_address>
         <run_address>0x6f1</run_address>
         <size>0x27</size>
         <input_file_ref idref="fl-14"/>
      </object_component>
      <object_component id="oc-19b">
         <name>.debug_abbrev</name>
         <load_address>0x718</load_address>
         <run_address>0x718</run_address>
         <size>0x27</size>
         <input_file_ref idref="fl-14"/>
      </object_component>
      <object_component id="oc-19d">
         <name>.debug_abbrev</name>
         <load_address>0x73f</load_address>
         <run_address>0x73f</run_address>
         <size>0x27</size>
         <input_file_ref idref="fl-14"/>
      </object_component>
      <object_component id="oc-19f">
         <name>.debug_abbrev</name>
         <load_address>0x766</load_address>
         <run_address>0x766</run_address>
         <size>0x27</size>
         <input_file_ref idref="fl-14"/>
      </object_component>
      <object_component id="oc-193">
         <name>.debug_abbrev</name>
         <load_address>0x78d</load_address>
         <run_address>0x78d</run_address>
         <size>0x29</size>
         <input_file_ref idref="fl-14"/>
      </object_component>
      <object_component id="oc-13b">
         <name>.debug_abbrev</name>
         <load_address>0x7b6</load_address>
         <run_address>0x7b6</run_address>
         <size>0x101</size>
         <input_file_ref idref="fl-14"/>
      </object_component>
      <object_component id="oc-17b">
         <name>.debug_abbrev</name>
         <load_address>0x8b7</load_address>
         <run_address>0x8b7</run_address>
         <size>0xb4</size>
         <input_file_ref idref="fl-1d"/>
      </object_component>
      <object_component id="oc-175">
         <name>.debug_abbrev</name>
         <load_address>0x96b</load_address>
         <run_address>0x96b</run_address>
         <size>0x27</size>
         <input_file_ref idref="fl-1d"/>
      </object_component>
      <object_component id="oc-179">
         <name>.debug_abbrev</name>
         <load_address>0x992</load_address>
         <run_address>0x992</run_address>
         <size>0x27</size>
         <input_file_ref idref="fl-1d"/>
      </object_component>
      <object_component id="oc-172">
         <name>.debug_abbrev</name>
         <load_address>0x9b9</load_address>
         <run_address>0x9b9</run_address>
         <size>0x27</size>
         <input_file_ref idref="fl-1d"/>
[...]
      </symbol>
      <symbol id="sm-3c2">
         <name>SysCtlPeripheralReset</name>
         <value>0x481</value>
         <object_component_ref idref="oc-80"/>
      </symbol>
      <symbol id="sm-448">
         <name>TimerMatchSet</name>
         <value>0x218d</value>
         <object_component_ref idref="oc-8c"/>
      </symbol>
      <symbol id="sm-449">
         <name>TimerLoadSet</name>
         <value>0x20a9</value>
         <object_component_ref idref="oc-8c"/>
      </symbol>
      <symbol id="sm-44a">
         <name>TimerDMAEventSet</name>
         <value>0x22fb</value>
         <object_component_ref idref="oc-8c"/>
      </symbol>
      <symbol id="sm-44b">
         <name>TimerADCEventSet</name>
         <value>0x22db</value>
         <object_component_ref idref="oc-8c"/>
      </symbol>
      <symbol id="sm-44c">
         <name>TimerPrescaleMatchGet</name>
         <value>0x208d</value>
         <object_component_ref idref="oc-8c"/>
      </symbol>
      <symbol id="sm-44d">
         <name>TimerPrescaleGet</name>
         <value>0x2043</value>
         <object_component_ref idref="oc-8c"/>
      </symbol>
      <symbol id="sm-44e">
         <name>TimerControlLevel</name>
         <value>0x1e47</value>
         <object_component_ref idref="oc-8c"/>
      </symbol>
      <symbol id="sm-44f">
         <name>TimerDisable</name>
         <value>0x1dad</value>
         <object_component_ref idref="oc-8c"/>
      </symbol>
      <symbol id="sm-450">
         <name>TimerUpdateMode</name>
         <value>0x231b</value>
         <object_component_ref idref="oc-8c"/>
      </symbol>
      <symbol id="sm-451">
         <name>TimerIntRegister</name>
         <value>0x2223</value>
         <object_component_ref idref="oc-8c"/>
      </symbol>
      <symbol id="sm-452">
         <name>TimerMatchSet64</name>
         <value>0x21d3</value>
         <object_component_ref idref="oc-8c"/>
      </symbol>
      <symbol id="sm-453">
         <name>TimerEnable</name>
         <value>0x1d8f</value>
         <object_component_ref idref="oc-8c"/>
      </symbol>
      <symbol id="sm-454">
         <name>TimerLoadGet64</name>
         <value>0x210d</value>
         <object_component_ref idref="oc-8c"/>
      </symbol>
      <symbol id="sm-455">
         <name>TimerIntUnregister</name>
         <value>0x224b</value>
         <object_component_ref idref="oc-8c"/>
      </symbol>
      <symbol id="sm-456">
         <name>TimerValueGet64</name>
         <value>0x215b</value>
         <object_component_ref idref="oc-8c"/>
      </symbol>
      <symbol id="sm-457">
         <name>TimerMatchGet</name>
         <value>0x21b7</value>
         <object_component_ref idref="oc-8c"/>
      </symbol>
      <symbol id="sm-458">
         <name>TimerIntStatus</name>
         <value>0x2299</value>
         <object_component_ref idref="oc-8c"/>
      </symbol>
      <symbol id="sm-459">
         <name>TimerClockSourceGet</name>
         <value>0x2009</value>
         <object_component_ref idref="oc-8c"/>
      </symbol>
      <symbol id="sm-45a">
         <name>TimerIntDisable</name>
         <value>0x2281</value>
         <object_component_ref idref="oc-8c"/>
      </symbol>
      <symbol id="sm-45b">
         <name>TimerValueGet</name>
         <value>0x213f</value>
         <object_component_ref idref="oc-8c"/>
      </symbol>
      <symbol id="sm-45c">
         <name>TimerControlTrigger</name>
         <value>0x1e7d</value>
         <object_component_ref idref="oc-8c"/>
      </symbol>
      <symbol id="sm-45d">
         <name>TimerPrescaleSet</name>
         <value>0x2019</value>
         <object_component_ref idref="oc-8c"/>
      </symbol>
      <symbol id="sm-45e">
         <name>TimerControlStall</name>
         <value>0x1f15</value>
         <object_component_ref idref="oc-8c"/>
      </symbol>
      <symbol id="sm-45f">
         <name>TimerMatchGet64</name>
         <value>0x21f1</value>
         <object_component_ref idref="oc-8c"/>
      </symbol>
      <symbol id="sm-460">
         <name>TimerRTCEnable</name>
         <value>0x1fab</value>
         <object_component_ref idref="oc-8c"/>
      </symbol>
      <symbol id="sm-461">
         <name>TimerLoadGet</name>
         <value>0x20d3</value>
         <object_component_ref idref="oc-8c"/>
      </symbol>
      <symbol id="sm-462">
         <name>TimerIntEnable</name>
         <value>0x2269</value>
         <object_component_ref idref="oc-8c"/>
      </symbol>
      <symbol id="sm-463">
         <name>TimerClockSourceSet</name>
         <value>0x1fed</value>
         <object_component_ref idref="oc-8c"/>
      </symbol>
      <symbol id="sm-464">
         <name>TimerLoadSet64</name>
         <value>0x20ef</value>
         <object_component_ref idref="oc-8c"/>
      </symbol>
      <symbol id="sm-465">
         <name>TimerDMAEventGet</name>
         <value>0x230d</value>
         <object_component_ref idref="oc-8c"/>
      </symbol>
      <symbol id="sm-466">
         <name>TimerRTCDisable</name>
         <value>0x1fc1</value>
         <object_component_ref idref="oc-8c"/>
      </symbol>
      <symbol id="sm-467">
         <name>TimerADCEventGet</name>
         <value>0x22ed</value>
         <object_component_ref idref="oc-8c"/>
      </symbol>
      <symbol id="sm-468">
         <name>TimerPrescaleMatchSet</name>
         <value>0x205f</value>
         <object_component_ref idref="oc-8c"/>
      </symbol>
      <symbol id="sm-469">
         <name>TimerControlWaitOnTrigger</name>
         <value>0x1f4b</value>
         <object_component_ref idref="oc-8c"/>
      </symbol>
      <symbol id="sm-46a">
         <name>TimerConfigure</name>
         <value>0x1dcb</value>
         <object_component_ref idref="oc-8c"/>
      </symbol>
      <symbol id="sm-46b">
         <name>TimerControlEvent</name>
         <value>0x1eeb</value>
         <object_component_ref idref="oc-8c"/>
      </symbol>
      <symbol id="sm-46c">
         <name>TimerIntClear</name>
         <value>0x22b7</value>
         <object_component_ref idref="oc-8c"/>
      </symbol>
      <symbol id="sm-46d">
         <name>TimerSynchronize</name>
         <value>0x22c9</value>
         <object_component_ref idref="oc-8c"/>
      </symbol>
      <symbol id="sm-4eb">
         <name>UARTClockSourceGet</name>
         <value>0x28e9</value>
         <object_component_ref idref="oc-aa"/>
      </symbol>
      <symbol id="sm-4ec">
         <name>UARTCharPutNonBlocking</name>
         <value>0x275d</value>
         <object_component_ref idref="oc-aa"/>
      </symbol>
      <symbol id="sm-4ed">
         <name>UARTDMAEnable</name>
         <value>0x2883</value>
         <object_component_ref idref="oc-aa"/>
      </symbol>
      <symbol id="sm-4ee">
         <name>UARTTxIntModeSet</name>
         <value>0x26c1</value>
         <object_component_ref idref="oc-aa"/>
      </symbol>
      <symbol id="sm-4ef">
         <name>UARTFIFODisable</name>
         <value>0x2567</value>
         <object_component_ref idref="oc-aa"/>
      </symbol>
      <symbol id="sm-4f0">
         <name>UARTIntUnregister</name>
         <value>0x2809</value>
         <object_component_ref idref="oc-aa"/>
      </symbol>
      <symbol id="sm-4f1">
         <name>UARTRxErrorClear</name>
         <value>0x28c5</value>
         <object_component_ref idref="oc-aa"/>
      </symbol>
      <symbol id="sm-4f2">
         <name>UARTModemControlSet</name>
         <value>0x2609</value>
         <object_component_ref idref="oc-aa"/>
      </symbol>
      <symbol id="sm-4f3">
         <name>UARTFlowControlSet</name>
         <value>0x2693</value>
         <object_component_ref idref="oc-aa"/>
      </symbol>
      <symbol id="sm-4f4">
         <name>UARTConfigSetExpClk</name>
         <value>0x2441</value>
         <object_component_ref idref="oc-aa"/>
      </symbol>
      <symbol id="sm-4f5">
         <name>UARTSmartCardDisable</name>
         <value>0x25f3</value>
         <object_component_ref idref="oc-aa"/>
      </symbol>
      <symbol id="sm-4f6">
         <name>UARTDisable</name>
         <value>0x2527</value>
         <object_component_ref idref="oc-aa"/>
      </symbol>
      <symbol id="sm-4f7">
         <name>UART9BitDisable</name>
         <value>0x290f</value>
         <object_component_ref idref="oc-aa"/>
      </symbol>
      <symbol id="sm-4f8">
         <name>UARTFIFOLevelGet</name>
         <value>0x2419</value>
         <object_component_ref idref="oc-aa"/>
      </symbol>
      <symbol id="sm-4f9">
         <name>UARTBusy</name>
         <value>0x27c9</value>
         <object_component_ref idref="oc-aa"/>
      </symbol>
      <symbol id="sm-4fa">
         <name>UARTDisableSIR</name>
         <value>0x25ab</value>
         <object_component_ref idref="oc-aa"/>
      </symbol>
      <symbol id="sm-4fb">
         <name>UARTLoopbackEnable</name>
         <value>0x2993</value>
         <object_component_ref idref="oc-aa"/>
      </symbol>
      <symbol id="sm-4fc">
         <name>UARTIntEnable</name>
         <value>0x2823</value>
         <object_component_ref idref="oc-aa"/>
      </symbol>
      <symbol id="sm-4fd">
         <name>UARTCharsAvail</name>
         <value>0x26ef</value>
         <object_component_ref idref="oc-aa"/>
      </symbol>
      <symbol id="sm-4fe">
         <name>UARTCharGetNonBlocking</name>
         <value>0x272b</value>
         <object_component_ref idref="oc-aa"/>
      </symbol>
      <symbol id="sm-4ff">
         <name>UARTClockSourceSet</name>
         <value>0x28d5</value>
         <object_component_ref idref="oc-aa"/>
      </symbol>
      <symbol id="sm-500">
         <name>UARTTxIntModeGet</name>
         <value>0x26dd</value>
         <object_component_ref idref="oc-aa"/>
      </symbol>
      <symbol id="sm-501">
         <name>UARTModemStatusGet</name>
         <value>0x267f</value>
         <object_component_ref idref="oc-aa"/>
      </symbol>
      <symbol id="sm-502">
         <name>UARTIntDisable</name>
         <value>0x283b</value>
         <object_component_ref idref="oc-aa"/>
      </symbol>
      <symbol id="sm-503">
         <name>UARTCharPut</name>
         <value>0x2781</value>
         <object_component_ref idref="oc-aa"/>
      </symbol>
      <symbol id="sm-504">
         <name>UARTParityModeSet</name>
         <value>0x23d3</value>
         <object_component_ref idref="oc-aa"/>
      </symbol>
      <symbol id="sm-505">
         <name>UARTRxErrorGet</name>
         <value>0x28b3</value>
         <object_component_ref idref="oc-aa"/>
      </symbol>
      <symbol id="sm-506">
         <name>UARTConfigGetExpClk</name>
         <value>0x24b7</value>
         <object_component_ref idref="oc-aa"/>
      </symbol>
      <symbol id="sm-507">
         <name>UARTEnableSIR</name>
         <value>0x257d</value>
         <object_component_ref idref="oc-aa"/>
      </symbol>
      <symbol id="sm-508">
         <name>UARTEnable</name>
         <value>0x2503</value>
         <object_component_ref idref="oc-aa"/>
      </symbol>
      <symbol id="sm-509">
         <name>UART9BitAddrSend</name>
         <value>0x294b</value>
         <object_component_ref idref="oc-aa"/>
      </symbol>
      <symbol id="sm-50a">
         <name>UARTModemControlGet</name>
         <value>0x266d</value>
         <object_component_ref idref="oc-aa"/>
      </symbol>
      <symbol id="sm-50b">
         <name>UARTSmartCardEnable</name>
         <value>0x25c1</value>
         <object_component_ref idref="oc-aa"/>
      </symbol>
      <symbol id="sm-50c">
         <name>UARTFlowControlGet</name>
         <value>0x26af</value>
         <object_component_ref idref="oc-aa"/>
      </symbol>
      <symbol id="sm-50d">
         <name>UARTFIFOEnable</name>
         <value>0x2551</value>
         <object_component_ref idref="oc-aa"/>
      </symbol>
      <symbol id="sm-50e">
         <name>UARTIntClear</name>
         <value>0x2871</value>
         <object_component_ref idref="oc-aa"/>
      </symbol>
      <symbol id="sm-50f">
         <name>UARTIntStatus</name>
         <value>0x2853</value>
         <object_component_ref idref="oc-aa"/>
      </symbol>
      <symbol id="sm-510">
         <name>UARTDMADisable</name>
         <value>0x289b</value>
         <object_component_ref idref="oc-aa"/>
      </symbol>
      <symbol id="sm-511">
         <name>UART9BitEnable</name>
         <value>0x28f9</value>
         <object_component_ref idref="oc-aa"/>
      </symbol>
      <symbol id="sm-512">
         <name>UARTSpaceAvail</name>
         <value>0x270d</value>
         <object_component_ref idref="oc-aa"/>
      </symbol>
      <symbol id="sm-513">
         <name>UARTCharGet</name>
         <value>0x2747</value>
         <object_component_ref idref="oc-aa"/>
      </symbol>
      <symbol id="sm-514">
         <name>UARTFIFOLevelSet</name>
         <value>0x2401</value>
         <object_component_ref idref="oc-aa"/>
      </symbol>
      <symbol id="sm-515">
         <name>UARTModemControlClear</name>
         <value>0x2649</value>
         <object_component_ref idref="oc-aa"/>
      </symbol>
      <symbol id="sm-516">
         <name>UARTParityModeGet</name>
         <value>0x23ef</value>
         <object_component_ref idref="oc-aa"/>
      </symbol>
      <symbol id="sm-517">
         <name>UARTIntRegister</name>
         <value>0x27e7</value>
         <object_component_ref idref="oc-aa"/>
      </symbol>
      <symbol id="sm-518">
         <name>UARTBreakCtl</name>
         <value>0x279f</value>
         <object_component_ref idref="oc-aa"/>
      </symbol>
      <symbol id="sm-519">
         <name>UART9BitAddrSet</name>
         <value>0x2925</value>
         <object_component_ref idref="oc-aa"/>
      </symbol>
      <symbol id="sm-52d">
         <name>_c_int00</name>
         <value>0x34e9</value>
         <object_component_ref idref="oc-24"/>
      </symbol>
      <symbol id="sm-52e">
         <name>__stack</name>
         <value>0x2000026c</value>
         <object_component_ref idref="oc-2a"/>
      </symbol>
      <symbol id="sm-54c">
         <name>__TI_decompress_lzss</name>
         <value>0x3481</value>
         <object_component_ref idref="oc-12"/>
      </symbol>
      <symbol id="sm-563">
         <name>__TI_decompress_none</name>
         <value>0x36ad</value>
         <object_component_ref idref="oc-18"/>
      </symbol>
      <symbol id="sm-57a">
         <name>__TI_zero_init</name>
         <value>0x36bb</value>
         <object_component_ref idref="oc-1e"/>
      </symbol>
      <symbol id="sm-59b">
         <name>C$$EXIT</name>
         <value>0x353d</value>
         <object_component_ref idref="oc-75"/>
      </symbol>
      <symbol id="sm-59c">
         <name>abort</name>
         <value>0x3541</value>
         <object_component_ref idref="oc-75"/>
      </symbol>
      <symbol id="sm-59d">
         <name>exit</name>
         <value>0x3549</value>
         <object_component_ref idref="oc-75"/>
      </symbol>
      <symbol id="sm-59e">
         <name>__TI_dtors_ptr</name>
         <value>0x20000480</value>
         <object_component_ref idref="oc-ea"/>
      </symbol>
      <symbol id="sm-59f">
         <name>__TI_cleanup_ptr</name>
         <value>0x2000047c</value>
         <object_component_ref idref="oc-ea"/>
      </symbol>
      <symbol id="sm-5a0">
         <name>__TI_enable_exit_profile_output</name>
         <value>0x20000484</value>
         <object_component_ref idref="oc-ea"/>
      </symbol>
      <symbol id="sm-5b4">
         <name>__aeabi_ddiv</name>
         <value>0x31c5</value>
         <object_component_ref idref="oc-97"/>
      </symbol>
      <symbol id="sm-5be">
         <name>__aeabi_d2uiz</name>
         <value>0x35dd</value>
         <object_component_ref idref="oc-9c"/>
      </symbol>
      <symbol id="sm-5d9">
         <name>memcpy</name>
         <value>0x32fb</value>
         <object_component_ref idref="oc-45"/>
      </symbol>
      <symbol id="sm-5da">
         <name>__aeabi_memcpy</name>
         <value>0x32fb</value>
         <object_component_ref idref="oc-45"/>
      </symbol>
      <symbol id="sm-5db">
         <name>__aeabi_memcpy8</name>
         <value>0x32fb</value>
         <object_component_ref idref="oc-45"/>
      </symbol>
      <symbol id="sm-5dc">
         <name>__aeabi_memcpy4</name>
         <value>0x32fb</value>
         <object_component_ref idref="oc-45"/>
      </symbol>
      <symbol id="sm-5eb">
         <name>__aeabi_memset</name>
         <value>0x3399</value>
         <object_component_ref idref="oc-51"/>
      </symbol>
      <symbol id="sm-5ec">
         <name>memset</name>
         <value>0x339f</value>
         <object_component_ref idref="oc-51"/>
      </symbol>
      <symbol id="sm-5ed">
         <name>__aeabi_memset8</name>
         <value>0x3399</value>
         <object_component_ref idref="oc-51"/>
      </symbol>
      <symbol id="sm-5ee">
         <name>__aeabi_memset4</name>
         <value>0x3399</value>
         <object_component_ref idref="oc-51"/>
      </symbol>
      <symbol id="sm-5ef">
         <name>__aeabi_memclr8</name>
         <value>0x3397</value>
         <object_component_ref idref="oc-51"/>
      </symbol>
      <symbol id="sm-5f0">
         <name>__aeabi_memclr4</name>
         <value>0x3397</value>
         <object_component_ref idref="oc-51"/>
      </symbol>
      <symbol id="sm-5f1">
         <name>__aeabi_memclr</name>
         <value>0x3397</value>
         <object_component_ref idref="oc-51"/>
      </symbol>
      <symbol id="sm-5fb">
         <name>__mpu_init</name>
         <value>0x236f</value>
         <object_component_ref idref="oc-5d"/>
      </symbol>
      <symbol id="sm-605">
         <name>_system_pre_init</name>
         <value>0x36d9</value>
         <object_component_ref idref="oc-63"/>
      </symbol>
      <symbol id="sm-60d">
         <name>main_func_sp</name>
         <value>0x20000490</value>
         <object_component_ref idref="oc-7b"/>
      </symbol>
      <symbol id="sm-617">
         <name>__aeabi_ui2d</name>
         <value>0x365f</value>
         <object_component_ref idref="oc-92"/>
      </symbol>
      <symbol id="sm-630">
         <name>_nop</name>
         <value>0x36a7</value>
         <object_component_ref idref="oc-166"/>
      </symbol>
      <symbol id="sm-631">
         <name>_lock</name>
         <value>0x20000488</value>
         <object_component_ref idref="oc-ed"/>
      </symbol>
      <symbol id="sm-632">
         <name>_unlock</name>
         <value>0x2000048c</value>
         <object_component_ref idref="oc-ed"/>
      </symbol>
      <symbol id="sm-633">
         <name>_register_lock</name>
         <value>0x369f</value>
         <object_component_ref idref="oc-166"/>
      </symbol>
      <symbol id="sm-634">
         <name>_register_unlock</name>
         <value>0x3699</value>
         <object_component_ref idref="oc-166"/>
      </symbol>
      <symbol id="sm-648">
         <name>_args_main</name>
         <value>0x3681</value>
         <object_component_ref idref="oc-6f"/>
      </symbol>
      <symbol id="sm-672">
         <name>__TI_auto_init</name>
         <value>0x3411</value>
         <object_component_ref idref="oc-69"/>
      </symbol>
      <symbol id="sm-68c">
         <name>copy_in</name>
         <value>0x3591</value>
         <object_component_ref idref="oc-da"/>
      </symbol>
      <symbol id="sm-696">
         <name>_system_post_cinit</name>
         <value>0x367f</value>
         <object_component_ref idref="oc-e0"/>
      </symbol>
      <symbol id="sm-697">
         <name>__TI_static_base__</name>
         <value>0x0</value>
      </symbol>
      <symbol id="sm-69a">
         <name>SHT$$INIT_ARRAY$$Limit</name>
         <value>0x0</value>
      </symbol>
      <symbol id="sm-69b">
         <name>SHT$$INIT_ARRAY$$Base</name>
         <value>0x0</value>
      </symbol>
   </symbol_table>
   <title>Link successful</title>
</link_info>
