******************************************************************************
                  TI ARM Linker PC v16.9.7                     
******************************************************************************
>> Linked Tue Jul 03 17:24:15 2018

OUTPUT FILE NAME:   <BehaviorPrototype.out>
ENTRY POINT SYMBOL: "_c_int00"  address: 000042a9


MEMORY CONFIGURATION

         name            origin    length      used     unused   attr    fill
----------------------  --------  ---------  --------  --------  ----  --------
  FLASH                 00000000   00040000  00004c28  0003b3d8  R  X
  SRAM                  20000000   00008000  00000544  00007abc  RW X


SEGMENT ALLOCATION MAP

run origin  load origin   length   init length attrs members
----------  ----------- ---------- ----------- ----- -------
00000000    00000000    00004c28   00004c28    r-x
  00000000    00000000    0000026c   0000026c    r-- .intvecs
  0000026c    0000026c    0000427c   0000427c    r-x .text
  000044e8    000044e8    000006a8   000006a8    r-- .const
  00004b90    00004b90    00000098   00000098    r-- .cinit
20000000    20000000    00000544   00000000    rw-
  20000000    20000000    0000026c   00000000    rw- .vtable
  2000026c    2000026c    00000200   00000000    rw- .stack
  2000046c    2000046c    0000009c   00000000    rw- .data
  20000508    20000508    0000003c   00000000    rw- .bss


SECTION ALLOCATION MAP

 output                                  attributes/
section   page    origin      length       input sections
--------  ----  ----------  ----------   ----------------
.intvecs   0    00000000    0000026c     
                  00000000    0000026c     tm4c123gh6pm_startup_ccs.obj (.intvecs)

.text      0    0000026c    0000427c     
                  0000026c    00000f60     sysctl.obj (.text)
                  000011cc    00000b4c     gpio.obj (.text)
                  00001d18    00000a08     main.obj (.text)
                  00002720    00000718     pwm.obj (.text)
                  00002e38    00000656     timer.obj (.text)
                  0000348e    00000002     rtsv7M4_T_le_v4SPD16_eabi.lib : mpu_init.obj (.text)
                  00003490    00000638     uart.obj (.text)
                  00003ac8    000003c0     interrupt.obj (.text)
                  00003e88    00000136     rtsv7M4_T_le_v4SPD16_eabi.lib : fd_div_t2.obj (.text)
                  00003fbe    000000fc                                   : fd_mul_t2.obj (.text)
                  000040ba    0000009c                                   : memcpy_t2.obj (.text)
                  00004156    0000007a                                   : memset_t2.obj (.text)
                  000041d0    00000070                                   : autoinit.obj (.text)
                  00004240    00000068                                   : copy_decompress_lzss.obj (.text:decompress:lzss)
                  000042a8    00000054                                   : boot.obj (.text)
                  000042fc    00000054                                   : exit.obj (.text)
                  00004350    0000004c                                   : cpy_tbl.obj (.text)
                  0000439c    0000004c                                   : rand.obj (.text)
                  000043e8    00000044                                   : fd_tou_t2.obj (.text)
                  0000442c    0000003e     cpu.obj (.text)
                  0000446a    00000020     rtsv7M4_T_le_v4SPD16_eabi.lib : u_tofd_t2.obj (.text)
                  0000448a    00000002                                   : startup.obj (.text)
                  0000448c    00000018                                   : args_main.obj (.text)
                  000044a4    00000014                                   : _lock.obj (.text)
                  000044b8    0000000e                                   : copy_decompress_none.obj (.text:decompress:none)
                  000044c6    0000000c                                   : copy_zero_init.obj (.text:decompress:ZI)
                  000044d2    0000000c     tm4c123gh6pm_startup_ccs.obj (.text)
                  000044de    00000006     sysctl.obj (.text:SysCtlDelay)
                  000044e4    00000004     rtsv7M4_T_le_v4SPD16_eabi.lib : pre_init.obj (.text)

.const     0    000044e8    000006a8     
                  000044e8    000001b0     sysctl.obj (.const:g_pppui32XTALtoVCO)
                  00004698    000000c0     gpio.obj (.const:g_ppui32GPIOIntMapBlizzard)
                  00004758    000000c0     gpio.obj (.const:g_ppui32GPIOIntMapSnowflake)
                  00004818    0000009c     interrupt.obj (.const:g_pui32Regs)
                  000048b4    00000090     gpio.obj (.const:g_pui32GPIOBaseAddrs)
                  00004944    0000006c     sysctl.obj (.const:g_pui32Xtals)
                  000049b0    00000060     timer.obj (.const:g_ppui32TimerIntMap)
                  00004a10    00000040     timer.obj (.const:g_ppui32TimerIntMapSnowflake)
                  00004a50    00000040     uart.obj (.const:g_ppui32UARTIntMap)
                  00004a90    00000040     uart.obj (.const:g_ppui32UARTIntMapSnowflake)
                  00004ad0    00000030     sysctl.obj (.const:g_sXTALtoMEMTIM)
                  00004b00    00000020     interrupt.obj (.const:g_pui32Priority)
                  00004b20    00000014     interrupt.obj (.const:g_pui32Dii16Regs)
                  00004b34    00000014     interrupt.obj (.const:g_pui32EnRegs)
                  00004b48    00000014     interrupt.obj (.const:g_pui32PendRegs)
                  00004b5c    00000014     interrupt.obj (.const:g_pui32UnpendRegs)
                  00004b70    00000008     sysctl.obj (.const:g_pui32VCOFrequencies)
                  00004b78    00000008     gpio.obj (.const)
                  00004b80    00000008     timer.obj (.const)
                  00004b88    00000008     uart.obj (.const)

.cinit     0    00004b90    00000098     
                  00004b90    0000005d     (.cinit..data.load) [load image, compression = lzss]
                  00004bed    00000003     --HOLE-- [fill = 0]
                  00004bf0    0000000c     (__TI_handler_table)
                  00004bfc    00000004     --HOLE-- [fill = 0]
                  00004c00    00000008     (.cinit..bss.load) [load image, compression = zero_init]
                  00004c08    00000008     (.cinit..vtable.load) [load image, compression = zero_init]
                  00004c10    00000018     (__TI_cinit_table)

.init_array 
*          0    00000000    00000000     UNINITIALIZED

.vtable    0    20000000    0000026c     UNINITIALIZED
                  20000000    0000026c     interrupt.obj (.vtable)

.stack     0    2000026c    00000200     UNINITIALIZED
                  2000026c    00000200     --HOLE--

.data      0    2000046c    0000009c     UNINITIALIZED
                  2000046c    00000040     main.obj (.data:tones)
                  200004ac    00000020     main.obj (.data)
                  200004cc    00000010     main.obj (.data:song)
                  200004dc    00000010     main.obj (.data:templateSong)
                  200004ec    0000000c     rtsv7M4_T_le_v4SPD16_eabi.lib : exit.obj (.data:$O1$$)
                  200004f8    00000008                                   : _lock.obj (.data:$O1$$)
                  20000500    00000004                                   : rand.obj (.data)
                  20000504    00000004                                   : stkdepth_vars.obj (.data)

.bss       0    20000508    0000003c     UNINITIALIZED
                  20000508    00000010     (.common:tonesIndex)
                  20000518    00000004     (.common:openDuration)
                  2000051c    00000004     (.common:pwmLoad1)
                  20000520    00000004     (.common:pwmLoad2)
                  20000524    00000004     (.common:pwmLoad3)
                  20000528    00000004     (.common:pwmLoad4)
                  2000052c    00000004     (.common:sum)
                  20000530    00000004     (.common:testChar)
                  20000534    00000004     (.common:ui32Length1)
                  20000538    00000004     (.common:ui32Length2)
                  2000053c    00000004     (.common:ui32Length3)
                  20000540    00000004     (.common:ui32PWMClock)

MODULE SUMMARY

       Module                         code    ro data   rw data
       ------                         ----    -------   -------
    .\
       main.obj                       2568    0         188    
       tm4c123gh6pm_startup_ccs.obj   12      620       0      
    +--+------------------------------+-------+---------+---------+
       Total:                         2580    620       188    
                                                               
    .\driverlib\
       sysctl.obj                     3942    596       0      
       gpio.obj                       2892    536       0      
       interrupt.obj                  960     268       620    
       pwm.obj                        1816    0         0      
       timer.obj                      1622    168       0      
       uart.obj                       1592    136       0      
       cpu.obj                        62      0         0      
    +--+------------------------------+-------+---------+---------+
       Total:                         12886   1704      620    
                                                               
    C:\ti\ccsv7\tools\compiler\ti-cgt-arm_16.9.7.LTS\lib\rtsv7M4_T_le_v4SPD16_eabi.lib
       fd_div_t2.obj                  310     0         0      
       fd_mul_t2.obj                  252     0         0      
       memcpy_t2.obj                  156     0         0      
       memset_t2.obj                  122     0         0      
       autoinit.obj                   112     0         0      
       copy_decompress_lzss.obj       104     0         0      
       exit.obj                       84      0         12     
       boot.obj                       84      0         0      
       rand.obj                       76      0         4      
       cpy_tbl.obj                    76      0         0      
       fd_tou_t2.obj                  68      0         0      
       u_tofd_t2.obj                  32      0         0      
       _lock.obj                      20      0         8      
       args_main.obj                  24      0         0      
       copy_decompress_none.obj       14      0         0      
       copy_zero_init.obj             12      0         0      
       pre_init.obj                   4       0         0      
       stkdepth_vars.obj              0       0         4      
       mpu_init.obj                   2       0         0      
       startup.obj                    2       0         0      
    +--+------------------------------+-------+---------+---------+
       Total:                         1554    0         28     
                                                               
       Stack:                         0       0         512    
       Linker Generated:              0       145       0      
    +--+------------------------------+-------+---------+---------+
       Grand Total:                   17020   2469      1348   


LINKER GENERATED COPY TABLES

__TI_cinit_table @ 00004c10 records: 3, size/record: 8, table size: 24
	.data: load addr=00004b90, load size=0000005d bytes, run addr=2000046c, run size=0000009c bytes, compression=lzss
	.bss: load addr=00004c00, load size=00000008 bytes, run addr=20000508, run size=0000003c bytes, compression=zero_init
	.vtable: load addr=00004c08, load size=00000008 bytes, run addr=20000000, run size=0000026c bytes, compression=zero_init


LINKER GENERATED HANDLER TABLE

__TI_handler_table @ 00004bf0 records: 3, size/record: 4, table size: 12
	index: 0, handler: __TI_zero_init
	index: 1, handler: __TI_decompress_lzss
	index: 2, handler: __TI_decompress_none


GLOBAL SYMBOLS: SORTED ALPHABETICALLY BY Name 

address   name                            
-------   ----                            
000042fd  C$$EXIT                         
00004461  CPUbasepriGet                   
00004453  CPUbasepriSet                   
0000442d  CPUcpsid                        
00004443  CPUcpsie                        
00004439  CPUprimask                      
0000444f  CPUwfi                          
00001cf3  GPIOADCTriggerDisable           
00001cd5  GPIOADCTriggerEnable            
00001cb7  GPIODMATriggerDisable           
00001c99  GPIODMATriggerEnable            
0000128b  GPIODirModeGet                  
0000122f  GPIODirModeSet                  
000017fb  GPIOIntClear                    
000017bf  GPIOIntDisable                  
000017a5  GPIOIntEnable                   
0000180f  GPIOIntRegister                 
000017d9  GPIOIntStatus                   
0000137b  GPIOIntTypeGet                  
000012d7  GPIOIntTypeSet                  
0000182d  GPIOIntUnregister               
00001653  GPIOPadConfigGet                
00001419  GPIOPadConfigSet                
00001c3b  GPIOPinConfigure                
00001847  GPIOPinRead                     
0000187f  GPIOPinTypeADC                  
000018a3  GPIOPinTypeCAN                  
000018c7  GPIOPinTypeComparator           
000018eb  GPIOPinTypeComparatorOutput     
0000190f  GPIOPinTypeDIVSCLK              
00001933  GPIOPinTypeEPI                  
00001957  GPIOPinTypeEthernetLED          
0000197b  GPIOPinTypeEthernetMII          
0000199f  GPIOPinTypeGPIOInput            
000019c3  GPIOPinTypeGPIOOutput           
000019e7  GPIOPinTypeGPIOOutputOD         
00001a0b  GPIOPinTypeHibernateRTCCLK      
00001a2f  GPIOPinTypeI2C                  
00001a53  GPIOPinTypeI2CSCL               
00001a77  GPIOPinTypeLCD                  
00001a9b  GPIOPinTypeOneWire              
00001abf  GPIOPinTypePWM                  
00001ae3  GPIOPinTypeQEI                  
00001b07  GPIOPinTypeSSI                  
00001b2b  GPIOPinTypeTimer                
00001b4f  GPIOPinTypeTrace                
00001b73  GPIOPinTypeUART                 
00001b97  GPIOPinTypeUSBAnalog            
00001bbb  GPIOPinTypeUSBDigital           
00001bdf  GPIOPinTypeWakeHigh             
00001c05  GPIOPinTypeWakeLow              
00001c2b  GPIOPinWakeStatus               
0000185f  GPIOPinWrite                    
00003c89  IntDisable                      
00003c17  IntEnable                       
00003cfb  IntIsEnabled                    
00003adb  IntMasterDisable                
00003acb  IntMasterEnable                 
00003df1  IntPendClear                    
00003d81  IntPendSet                      
00003bf3  IntPriorityGet                  
00003b6b  IntPriorityGroupingGet          
00003b51  IntPriorityGroupingSet          
00003e4b  IntPriorityMaskGet              
00003e3f  IntPriorityMaskSet              
00003ba3  IntPrioritySet                  
00003aeb  IntRegister                     
00003e53  IntTrigger                      
00003b3d  IntUnregister                   
000023d1  LickPortAIntHandler             
0000225d  MasterTimerIntHandler           
00002d9b  PWMClockGet                     
00002d7b  PWMClockSet                     
000028c5  PWMDeadBandDisable              
0000288d  PWMDeadBandEnable               
00002c41  PWMFaultIntClear                
00002c73  PWMFaultIntClearExt             
00002b5b  PWMFaultIntRegister             
00002b79  PWMFaultIntUnregister           
00002721  PWMGenConfigure                 
000027df  PWMGenDisable                   
000027c5  PWMGenEnable                    
00002d45  PWMGenFaultClear                
00002c91  PWMGenFaultConfigure            
00002d0f  PWMGenFaultStatus               
00002ceb  PWMGenFaultTriggerGet           
00002cc1  PWMGenFaultTriggerSet           
00002bf9  PWMGenIntClear                  
00002acd  PWMGenIntRegister               
00002bcf  PWMGenIntStatus                 
00002bb1  PWMGenIntTrigDisable            
00002b93  PWMGenIntTrigEnable             
00002af5  PWMGenIntUnregister             
0000279b  PWMGenPeriodGet                 
0000276b  PWMGenPeriodSet                 
00002c29  PWMIntDisable                   
00002c11  PWMIntEnable                    
00002c53  PWMIntStatus                    
0000299b  PWMOutputFault                  
00002969  PWMOutputFaultLevel             
00002937  PWMOutputInvert                 
00002905  PWMOutputState                  
00002dc5  PWMOutputUpdateMode             
00002843  PWMPulseWidthGet                
000027f9  PWMPulseWidthSet                
000028f3  PWMSyncTimeBase                 
000028e1  PWMSyncUpdate                   
00002679  RLSendMessage                   
000044d3  ResetISR                        
UNDEFED   SHT$$INIT_ARRAY$$Base           
UNDEFED   SHT$$INIT_ARRAY$$Limit          
00001189  SysCtlAltClkConfig              
000008d5  SysCtlClockFreqSet              
00000d79  SysCtlClockGet                  
0000116d  SysCtlClockOutConfig            
00000ba9  SysCtlClockSet                  
000007d5  SysCtlDeepSleep                 
00000f3d  SysCtlDeepSleepClockConfigSet   
00000f1f  SysCtlDeepSleepClockSet         
000007b5  SysCtlDeepSleepPowerSet         
000044df  SysCtlDelay                     
00000363  SysCtlFlashSectorSizeGet        
00000337  SysCtlFlashSizeGet              
00001013  SysCtlGPIOAHBDisable            
00000ff7  SysCtlGPIOAHBEnable             
00000749  SysCtlIntClear                  
00000731  SysCtlIntDisable                
0000071d  SysCtlIntEnable                 
000006f5  SysCtlIntRegister               
00000759  SysCtlIntStatus                 
0000070d  SysCtlIntUnregister             
0000079b  SysCtlLDODeepSleepGet           
0000078b  SysCtlLDODeepSleepSet           
00000785  SysCtlLDOSleepGet               
00000775  SysCtlLDOSleepSet               
0000080b  SysCtlMOSCConfigSet             
00001151  SysCtlNMIClear                  
0000113d  SysCtlNMIStatus                 
00000821  SysCtlPIOSCCalibrate            
00000fe1  SysCtlPWMClockGet               
00000fc7  SysCtlPWMClockSet               
000006a1  SysCtlPeripheralClockGating     
00000659  SysCtlPeripheralDeepSleepDisable
00000609  SysCtlPeripheralDeepSleepEnable 
00000545  SysCtlPeripheralDisable         
00000509  SysCtlPeripheralEnable          
00000445  SysCtlPeripheralPowerOff        
00000409  SysCtlPeripheralPowerOn         
00000389  SysCtlPeripheralPresent         
000003c9  SysCtlPeripheralReady           
00000481  SysCtlPeripheralReset           
000005cd  SysCtlPeripheralSleepDisable    
00000589  SysCtlPeripheralSleepEnable     
000007c5  SysCtlReset                     
00000881  SysCtlResetBehaviorGet          
00000871  SysCtlResetBehaviorSet          
000007f7  SysCtlResetCauseClear           
000007f1  SysCtlResetCauseGet             
0000032d  SysCtlSRAMSizeGet               
000007cd  SysCtlSleep                     
000007a1  SysCtlSleepPowerSet             
0000103b  SysCtlUSBPLLDisable             
0000102f  SysCtlUSBPLLEnable              
00001081  SysCtlVCOGet                    
00001069  SysCtlVoltageEventClear         
0000104d  SysCtlVoltageEventConfig        
0000105d  SysCtlVoltageEventStatus        
0000340d  TimerADCEventGet                
000033fb  TimerADCEventSet                
00003129  TimerClockSourceGet             
0000310d  TimerClockSourceSet             
00002eeb  TimerConfigure                  
0000300b  TimerControlEvent               
00002f67  TimerControlLevel               
00003035  TimerControlStall               
00002f9d  TimerControlTrigger             
0000306b  TimerControlWaitOnTrigger       
0000342d  TimerDMAEventGet                
0000341b  TimerDMAEventSet                
00002ecd  TimerDisable                    
00002eaf  TimerEnable                     
000033d7  TimerIntClear                   
000033a1  TimerIntDisable                 
00003389  TimerIntEnable                  
00003343  TimerIntRegister                
000033b9  TimerIntStatus                  
0000336b  TimerIntUnregister              
000031f3  TimerLoadGet                    
0000322d  TimerLoadGet64                  
000031c9  TimerLoadSet                    
0000320f  TimerLoadSet64                  
000032d7  TimerMatchGet                   
00003311  TimerMatchGet64                 
000032ad  TimerMatchSet                   
000032f3  TimerMatchSet64                 
00003163  TimerPrescaleGet                
000031ad  TimerPrescaleMatchGet           
0000317f  TimerPrescaleMatchSet           
00003139  TimerPrescaleSet                
000030e1  TimerRTCDisable                 
000030cb  TimerRTCEnable                  
000033e9  TimerSynchronize                
0000343b  TimerUpdateMode                 
0000325f  TimerValueGet                   
0000327b  TimerValueGet64                 
0000232d  Tone1TimerHandler               
0000234d  Tone2TimerHandler               
00002375  Tone3TimerHandler               
000023a1  Tone4TimerHandler               
00002511  UART0IntHandler                 
00003a6b  UART9BitAddrSend                
00003a45  UART9BitAddrSet                 
00003a2f  UART9BitDisable                 
00003a19  UART9BitEnable                  
000038bf  UARTBreakCtl                    
000038e9  UARTBusy                        
00003867  UARTCharGet                     
0000384b  UARTCharGetNonBlocking          
000038a1  UARTCharPut                     
0000387d  UARTCharPutNonBlocking          
0000380f  UARTCharsAvail                  
00003a09  UARTClockSourceGet              
000039f5  UARTClockSourceSet              
000035d7  UARTConfigGetExpClk             
00003561  UARTConfigSetExpClk             
000039bb  UARTDMADisable                  
000039a3  UARTDMAEnable                   
00003647  UARTDisable                     
000036cb  UARTDisableSIR                  
00003623  UARTEnable                      
0000369d  UARTEnableSIR                   
00003687  UARTFIFODisable                 
00003671  UARTFIFOEnable                  
00003539  UARTFIFOLevelGet                
00003521  UARTFIFOLevelSet                
000037cf  UARTFlowControlGet              
000037b3  UARTFlowControlSet              
00003991  UARTIntClear                    
0000395b  UARTIntDisable                  
00003943  UARTIntEnable                   
00003907  UARTIntRegister                 
00003973  UARTIntStatus                   
00003929  UARTIntUnregister               
00003ab3  UARTLoopbackEnable              
00003769  UARTModemControlClear           
0000378d  UARTModemControlGet             
00003729  UARTModemControlSet             
0000379f  UARTModemStatusGet              
0000350f  UARTParityModeGet               
000034f3  UARTParityModeSet               
000039e5  UARTRxErrorClear                
000039d3  UARTRxErrorGet                  
00003713  UARTSmartCardDisable            
000036e1  UARTSmartCardEnable             
0000382d  UARTSpaceAvail                  
000037fd  UARTTxIntModeGet                
000037e1  UARTTxIntModeSet                
2000046c  __STACK_END                     
00000200  __STACK_SIZE                    
2000046c  __STACK_TOP                     
00004c10  __TI_CINIT_Base                 
00004c28  __TI_CINIT_Limit                
00004bf0  __TI_Handler_Table_Base         
00004bfc  __TI_Handler_Table_Limit        
000041d1  __TI_auto_init                  
200004ec  __TI_cleanup_ptr                
00004241  __TI_decompress_lzss            
000044b9  __TI_decompress_none            
200004f0  __TI_dtors_ptr                  
200004f4  __TI_enable_exit_profile_output 
ffffffff  __TI_pprof_out_hndl             
ffffffff  __TI_prof_data_size             
ffffffff  __TI_prof_data_start            
00000000  __TI_static_base__              
000044c7  __TI_zero_init                  
000043e9  __aeabi_d2uiz                   
00003e89  __aeabi_ddiv                    
00003fbf  __aeabi_dmul                    
00004157  __aeabi_memclr                  
00004157  __aeabi_memclr4                 
00004157  __aeabi_memclr8                 
000040bb  __aeabi_memcpy                  
000040bb  __aeabi_memcpy4                 
000040bb  __aeabi_memcpy8                 
00004159  __aeabi_memset                  
00004159  __aeabi_memset4                 
00004159  __aeabi_memset8                 
0000446b  __aeabi_ui2d                    
ffffffff  __binit__                       
ffffffff  __c_args__                      
0000348f  __mpu_init                      
2000026c  __stack                         
0000448d  _args_main                      
000042a9  _c_int00                        
200004f8  _lock                           
000044b3  _nop                            
000044ab  _register_lock                  
000044a5  _register_unlock                
0000448b  _system_post_cinit              
000044e5  _system_pre_init                
200004fc  _unlock                         
00004301  abort                           
ffffffff  binit                           
00001fdf  computeSongDeviation            
00001dff  configurePWM                    
00004351  copy_in                         
00001d7d  enablePeripherals               
000024ad  enableUART                      
00002459  enableValveTimer                
00004309  exit                            
20000000  g_pfnRAMVectors                 
00000000  g_pfnVectors                    
200004bc  i                               
200004c4  lickWindow                      
00001d19  main                            
20000504  main_func_sp                    
200004ac  masterTimerCounter              
000040bb  memcpy                          
0000415f  memset                          
20000518  openDuration                    
00002441  openValve                       
200004b0  phase1                          
200004b4  phase2                          
200004b8  phase3                          
200004c0  play                            
0000210d  playTone                        
2000051c  pwmLoad1                        
20000520  pwmLoad2                        
20000524  pwmLoad3                        
20000528  pwmLoad4                        
000043b3  rand                            
000021ed  setUpMasterTimer                
00002045  setUpTonesTimers                
00001e65  shuffleSong                     
200004cc  song                            
200004c8  songDeviation                   
0000439d  srand                           
2000052c  sum                             
200004dc  templateSong                    
20000530  testChar                        
2000046c  tones                           
20000508  tonesIndex                      
20000534  ui32Length1                     
20000538  ui32Length2                     
2000053c  ui32Length3                     
20000540  ui32PWMClock                    
00002491  valveInterruptHandler           


GLOBAL SYMBOLS: SORTED BY Symbol Address 

address   name                            
-------   ----                            
00000000  __TI_static_base__              
00000000  g_pfnVectors                    
00000200  __STACK_SIZE                    
0000032d  SysCtlSRAMSizeGet               
00000337  SysCtlFlashSizeGet              
00000363  SysCtlFlashSectorSizeGet        
00000389  SysCtlPeripheralPresent         
000003c9  SysCtlPeripheralReady           
00000409  SysCtlPeripheralPowerOn         
00000445  SysCtlPeripheralPowerOff        
00000481  SysCtlPeripheralReset           
00000509  SysCtlPeripheralEnable          
00000545  SysCtlPeripheralDisable         
00000589  SysCtlPeripheralSleepEnable     
000005cd  SysCtlPeripheralSleepDisable    
00000609  SysCtlPeripheralDeepSleepEnable 
00000659  SysCtlPeripheralDeepSleepDisable
000006a1  SysCtlPeripheralClockGating     
000006f5  SysCtlIntRegister               
0000070d  SysCtlIntUnregister             
0000071d  SysCtlIntEnable                 
00000731  SysCtlIntDisable                
00000749  SysCtlIntClear                  
00000759  SysCtlIntStatus                 
00000775  SysCtlLDOSleepSet               
00000785  SysCtlLDOSleepGet               
0000078b  SysCtlLDODeepSleepSet           
0000079b  SysCtlLDODeepSleepGet           
000007a1  SysCtlSleepPowerSet             
000007b5  SysCtlDeepSleepPowerSet         
000007c5  SysCtlReset                     
000007cd  SysCtlSleep                     
000007d5  SysCtlDeepSleep                 
000007f1  SysCtlResetCauseGet             
000007f7  SysCtlResetCauseClear           
0000080b  SysCtlMOSCConfigSet             
00000821  SysCtlPIOSCCalibrate            
00000871  SysCtlResetBehaviorSet          
00000881  SysCtlResetBehaviorGet          
000008d5  SysCtlClockFreqSet              
00000ba9  SysCtlClockSet                  
00000d79  SysCtlClockGet                  
00000f1f  SysCtlDeepSleepClockSet         
00000f3d  SysCtlDeepSleepClockConfigSet   
00000fc7  SysCtlPWMClockSet               
00000fe1  SysCtlPWMClockGet               
00000ff7  SysCtlGPIOAHBEnable             
00001013  SysCtlGPIOAHBDisable            
0000102f  SysCtlUSBPLLEnable              
0000103b  SysCtlUSBPLLDisable             
0000104d  SysCtlVoltageEventConfig        
0000105d  SysCtlVoltageEventStatus        
00001069  SysCtlVoltageEventClear         
00001081  SysCtlVCOGet                    
0000113d  SysCtlNMIStatus                 
00001151  SysCtlNMIClear                  
0000116d  SysCtlClockOutConfig            
00001189  SysCtlAltClkConfig              
0000122f  GPIODirModeSet                  
0000128b  GPIODirModeGet                  
000012d7  GPIOIntTypeSet                  
0000137b  GPIOIntTypeGet                  
00001419  GPIOPadConfigSet                
00001653  GPIOPadConfigGet                
000017a5  GPIOIntEnable                   
000017bf  GPIOIntDisable                  
000017d9  GPIOIntStatus                   
000017fb  GPIOIntClear                    
0000180f  GPIOIntRegister                 
0000182d  GPIOIntUnregister               
00001847  GPIOPinRead                     
0000185f  GPIOPinWrite                    
0000187f  GPIOPinTypeADC                  
000018a3  GPIOPinTypeCAN                  
000018c7  GPIOPinTypeComparator           
000018eb  GPIOPinTypeComparatorOutput     
0000190f  GPIOPinTypeDIVSCLK              
00001933  GPIOPinTypeEPI                  
00001957  GPIOPinTypeEthernetLED          
0000197b  GPIOPinTypeEthernetMII          
0000199f  GPIOPinTypeGPIOInput            
000019c3  GPIOPinTypeGPIOOutput           
000019e7  GPIOPinTypeGPIOOutputOD         
00001a0b  GPIOPinTypeHibernateRTCCLK      
00001a2f  GPIOPinTypeI2C                  
00001a53  GPIOPinTypeI2CSCL               
00001a77  GPIOPinTypeLCD                  
00001a9b  GPIOPinTypeOneWire              
00001abf  GPIOPinTypePWM                  
00001ae3  GPIOPinTypeQEI                  
00001b07  GPIOPinTypeSSI                  
00001b2b  GPIOPinTypeTimer                
00001b4f  GPIOPinTypeTrace                
00001b73  GPIOPinTypeUART                 
00001b97  GPIOPinTypeUSBAnalog            
00001bbb  GPIOPinTypeUSBDigital           
00001bdf  GPIOPinTypeWakeHigh             
00001c05  GPIOPinTypeWakeLow              
00001c2b  GPIOPinWakeStatus               
00001c3b  GPIOPinConfigure                
00001c99  GPIODMATriggerEnable            
00001cb7  GPIODMATriggerDisable           
00001cd5  GPIOADCTriggerEnable            
00001cf3  GPIOADCTriggerDisable           
00001d19  main                            
00001d7d  enablePeripherals               
00001dff  configurePWM                    
00001e65  shuffleSong                     
00001fdf  computeSongDeviation            
00002045  setUpTonesTimers                
0000210d  playTone                        
000021ed  setUpMasterTimer                
0000225d  MasterTimerIntHandler           
0000232d  Tone1TimerHandler               
0000234d  Tone2TimerHandler               
00002375  Tone3TimerHandler               
000023a1  Tone4TimerHandler               
000023d1  LickPortAIntHandler             
00002441  openValve                       
00002459  enableValveTimer                
00002491  valveInterruptHandler           
000024ad  enableUART                      
00002511  UART0IntHandler                 
00002679  RLSendMessage                   
00002721  PWMGenConfigure                 
0000276b  PWMGenPeriodSet                 
0000279b  PWMGenPeriodGet                 
000027c5  PWMGenEnable                    
000027df  PWMGenDisable                   
000027f9  PWMPulseWidthSet                
00002843  PWMPulseWidthGet                
0000288d  PWMDeadBandEnable               
000028c5  PWMDeadBandDisable              
000028e1  PWMSyncUpdate                   
000028f3  PWMSyncTimeBase                 
00002905  PWMOutputState                  
00002937  PWMOutputInvert                 
00002969  PWMOutputFaultLevel             
0000299b  PWMOutputFault                  
00002acd  PWMGenIntRegister               
00002af5  PWMGenIntUnregister             
00002b5b  PWMFaultIntRegister             
00002b79  PWMFaultIntUnregister           
00002b93  PWMGenIntTrigEnable             
00002bb1  PWMGenIntTrigDisable            
00002bcf  PWMGenIntStatus                 
00002bf9  PWMGenIntClear                  
00002c11  PWMIntEnable                    
00002c29  PWMIntDisable                   
00002c41  PWMFaultIntClear                
00002c53  PWMIntStatus                    
00002c73  PWMFaultIntClearExt             
00002c91  PWMGenFaultConfigure            
00002cc1  PWMGenFaultTriggerSet           
00002ceb  PWMGenFaultTriggerGet           
00002d0f  PWMGenFaultStatus               
00002d45  PWMGenFaultClear                
00002d7b  PWMClockSet                     
00002d9b  PWMClockGet                     
00002dc5  PWMOutputUpdateMode             
00002eaf  TimerEnable                     
00002ecd  TimerDisable                    
00002eeb  TimerConfigure                  
00002f67  TimerControlLevel               
00002f9d  TimerControlTrigger             
0000300b  TimerControlEvent               
00003035  TimerControlStall               
0000306b  TimerControlWaitOnTrigger       
000030cb  TimerRTCEnable                  
000030e1  TimerRTCDisable                 
0000310d  TimerClockSourceSet             
00003129  TimerClockSourceGet             
00003139  TimerPrescaleSet                
00003163  TimerPrescaleGet                
0000317f  TimerPrescaleMatchSet           
000031ad  TimerPrescaleMatchGet           
000031c9  TimerLoadSet                    
000031f3  TimerLoadGet                    
0000320f  TimerLoadSet64                  
0000322d  TimerLoadGet64                  
0000325f  TimerValueGet                   
0000327b  TimerValueGet64                 
000032ad  TimerMatchSet                   
000032d7  TimerMatchGet                   
000032f3  TimerMatchSet64                 
00003311  TimerMatchGet64                 
00003343  TimerIntRegister                
0000336b  TimerIntUnregister              
00003389  TimerIntEnable                  
000033a1  TimerIntDisable                 
000033b9  TimerIntStatus                  
000033d7  TimerIntClear                   
000033e9  TimerSynchronize                
000033fb  TimerADCEventSet                
0000340d  TimerADCEventGet                
0000341b  TimerDMAEventSet                
0000342d  TimerDMAEventGet                
0000343b  TimerUpdateMode                 
0000348f  __mpu_init                      
000034f3  UARTParityModeSet               
0000350f  UARTParityModeGet               
00003521  UARTFIFOLevelSet                
00003539  UARTFIFOLevelGet                
00003561  UARTConfigSetExpClk             
000035d7  UARTConfigGetExpClk             
00003623  UARTEnable                      
00003647  UARTDisable                     
00003671  UARTFIFOEnable                  
00003687  UARTFIFODisable                 
0000369d  UARTEnableSIR                   
000036cb  UARTDisableSIR                  
000036e1  UARTSmartCardEnable             
00003713  UARTSmartCardDisable            
00003729  UARTModemControlSet             
00003769  UARTModemControlClear           
0000378d  UARTModemControlGet             
0000379f  UARTModemStatusGet              
000037b3  UARTFlowControlSet              
000037cf  UARTFlowControlGet              
000037e1  UARTTxIntModeSet                
000037fd  UARTTxIntModeGet                
0000380f  UARTCharsAvail                  
0000382d  UARTSpaceAvail                  
0000384b  UARTCharGetNonBlocking          
00003867  UARTCharGet                     
0000387d  UARTCharPutNonBlocking          
000038a1  UARTCharPut                     
000038bf  UARTBreakCtl                    
000038e9  UARTBusy                        
00003907  UARTIntRegister                 
00003929  UARTIntUnregister               
00003943  UARTIntEnable                   
0000395b  UARTIntDisable                  
00003973  UARTIntStatus                   
00003991  UARTIntClear                    
000039a3  UARTDMAEnable                   
000039bb  UARTDMADisable                  
000039d3  UARTRxErrorGet                  
000039e5  UARTRxErrorClear                
000039f5  UARTClockSourceSet              
00003a09  UARTClockSourceGet              
00003a19  UART9BitEnable                  
00003a2f  UART9BitDisable                 
00003a45  UART9BitAddrSet                 
00003a6b  UART9BitAddrSend                
00003ab3  UARTLoopbackEnable              
00003acb  IntMasterEnable                 
00003adb  IntMasterDisable                
00003aeb  IntRegister                     
00003b3d  IntUnregister                   
00003b51  IntPriorityGroupingSet          
00003b6b  IntPriorityGroupingGet          
00003ba3  IntPrioritySet                  
00003bf3  IntPriorityGet                  
00003c17  IntEnable                       
00003c89  IntDisable                      
00003cfb  IntIsEnabled                    
00003d81  IntPendSet                      
00003df1  IntPendClear                    
00003e3f  IntPriorityMaskSet              
00003e4b  IntPriorityMaskGet              
00003e53  IntTrigger                      
00003e89  __aeabi_ddiv                    
00003fbf  __aeabi_dmul                    
000040bb  __aeabi_memcpy                  
000040bb  __aeabi_memcpy4                 
000040bb  __aeabi_memcpy8                 
000040bb  memcpy                          
00004157  __aeabi_memclr                  
00004157  __aeabi_memclr4                 
00004157  __aeabi_memclr8                 
00004159  __aeabi_memset                  
00004159  __aeabi_memset4                 
00004159  __aeabi_memset8                 
0000415f  memset                          
000041d1  __TI_auto_init                  
00004241  __TI_decompress_lzss            
000042a9  _c_int00                        
000042fd  C$$EXIT                         
00004301  abort                           
00004309  exit                            
00004351  copy_in                         
0000439d  srand                           
000043b3  rand                            
000043e9  __aeabi_d2uiz                   
0000442d  CPUcpsid                        
00004439  CPUprimask                      
00004443  CPUcpsie                        
0000444f  CPUwfi                          
00004453  CPUbasepriSet                   
00004461  CPUbasepriGet                   
0000446b  __aeabi_ui2d                    
0000448b  _system_post_cinit              
0000448d  _args_main                      
000044a5  _register_unlock                
000044ab  _register_lock                  
000044b3  _nop                            
000044b9  __TI_decompress_none            
000044c7  __TI_zero_init                  
000044d3  ResetISR                        
000044df  SysCtlDelay                     
000044e5  _system_pre_init                
00004bf0  __TI_Handler_Table_Base         
00004bfc  __TI_Handler_Table_Limit        
00004c10  __TI_CINIT_Base                 
00004c28  __TI_CINIT_Limit                
20000000  g_pfnRAMVectors                 
2000026c  __stack                         
2000046c  __STACK_END                     
2000046c  __STACK_TOP                     
2000046c  tones                           
200004ac  masterTimerCounter              
200004b0  phase1                          
200004b4  phase2                          
200004b8  phase3                          
200004bc  i                               
200004c0  play                            
200004c4  lickWindow                      
200004c8  songDeviation                   
200004cc  song                            
200004dc  templateSong                    
200004ec  __TI_cleanup_ptr                
200004f0  __TI_dtors_ptr                  
200004f4  __TI_enable_exit_profile_output 
200004f8  _lock                           
200004fc  _unlock                         
20000504  main_func_sp                    
20000508  tonesIndex                      
20000518  openDuration                    
2000051c  pwmLoad1                        
20000520  pwmLoad2                        
20000524  pwmLoad3                        
20000528  pwmLoad4                        
2000052c  sum                             
20000530  testChar                        
20000534  ui32Length1                     
20000538  ui32Length2                     
2000053c  ui32Length3                     
20000540  ui32PWMClock                    
ffffffff  __TI_pprof_out_hndl             
ffffffff  __TI_prof_data_size             
ffffffff  __TI_prof_data_start            
ffffffff  __binit__                       
ffffffff  __c_args__                      
ffffffff  binit                           
UNDEFED   SHT$$INIT_ARRAY$$Base           
UNDEFED   SHT$$INIT_ARRAY$$Limit          

[347 symbols]
