******************************************************************************
                  TI ARM Linker PC v16.9.7                     
******************************************************************************
>> Linked Mon Jul 02 18:03:31 2018

OUTPUT FILE NAME:   <BehaviorPrototype.out>
ENTRY POINT SYMBOL: "_c_int00"  address: 000042f5


MEMORY CONFIGURATION

         name            origin    length      used     unused   attr    fill
----------------------  --------  ---------  --------  --------  ----  --------
  FLASH                 00000000   00040000  00004be0  0003b420  R  X
  SRAM                  20000000   00008000  000004c8  00007b38  RW X


SEGMENT ALLOCATION MAP

run origin  load origin   length   init length attrs members
----------  ----------- ---------- ----------- ----- -------
00000000    00000000    00004be0   00004be0    r-x
  00000000    00000000    0000026c   0000026c    r-- .intvecs
  0000026c    0000026c    0000427c   0000427c    r-x .text
  000044e8    000044e8    000006a8   000006a8    r-- .const
  00004b90    00004b90    00000050   00000050    r-- .cinit
20000000    20000000    000004c8   00000000    rw-
  20000000    20000000    0000026c   00000000    rw- .vtable
  2000026c    2000026c    00000200   00000000    rw- .stack
  2000046c    2000046c    00000034   00000000    rw- .data
  200004a0    200004a0    00000028   00000000    rw- .bss


SECTION ALLOCATION MAP

 output                                  attributes/
section   page    origin      length       input sections
--------  ----  ----------  ----------   ----------------
.intvecs   0    00000000    0000026c     
                  00000000    0000026c     tm4c123gh6pm_startup_ccs.obj (.intvecs)

.text      0    0000026c    0000427c     
                  0000026c    00000f60     sysctl.obj (.text)
                  000011cc    00000b4c     gpio.obj (.text)
                  00001d18    0000089c     main.obj (.text)
                  000025b4    00000718     pwm.obj (.text)
                  00002ccc    00000656     timer.obj (.text)
                  00003322    00000002     rtsv7M4_T_le_v4SPD16_eabi.lib : mpu_init.obj (.text)
                  00003324    00000638     uart.obj (.text)
                  0000395c    000003c0     interrupt.obj (.text)
                  00003d1c    000001b6     rtsv7M4_T_le_v4SPD16_eabi.lib : fd_add_t2.obj (.text)
                  00003ed2    00000136                                   : fd_div_t2.obj (.text)
                  00004008    000000fc                                   : fd_mul_t2.obj (.text)
                  00004104    0000009c                                   : memcpy_t2.obj (.text)
                  000041a0    0000007a                                   : memset_t2.obj (.text)
                  0000421a    00000002                                   : startup.obj (.text)
                  0000421c    00000070                                   : autoinit.obj (.text)
                  0000428c    00000068                                   : copy_decompress_lzss.obj (.text:decompress:lzss)
                  000042f4    00000054                                   : boot.obj (.text)
                  00004348    00000054                                   : exit.obj (.text)
                  0000439c    0000004c                                   : cpy_tbl.obj (.text)
                  000043e8    00000044                                   : fd_tou_t2.obj (.text)
                  0000442c    0000003e     cpu.obj (.text)
                  0000446a    00000020     rtsv7M4_T_le_v4SPD16_eabi.lib : u_tofd_t2.obj (.text)
                  0000448a    00000002     --HOLE-- [fill = 0]
                  0000448c    00000018                                   : args_main.obj (.text)
                  000044a4    00000014                                   : _lock.obj (.text)
                  000044b8    0000000e                                   : copy_decompress_none.obj (.text:decompress:none)
                  000044c6    0000000c                                   : copy_zero_init.obj (.text:decompress:ZI)
                  000044d2    0000000c     tm4c123gh6pm_startup_ccs.obj (.text)
                  000044de    00000006     sysctl.obj (.text:SysCtlDelay)
                  000044e4    00000004     rtsv7M4_T_le_v4SPD16_eabi.lib : pre_init.obj (.text)

.const     0    000044e8    000006a8     
                  000044e8    000001b0     sysctl.obj (.const:g_pppui32XTALtoVCO)
                  00004698    000000c0     gpio.obj (.const:g_ppui32GPIOIntMapBlizzard)
                  00004758    000000c0     gpio.obj (.const:g_ppui32GPIOIntMapSnowflake)
                  00004818    0000009c     interrupt.obj (.const:g_pui32Regs)
                  000048b4    00000090     gpio.obj (.const:g_pui32GPIOBaseAddrs)
                  00004944    0000006c     sysctl.obj (.const:g_pui32Xtals)
                  000049b0    00000060     timer.obj (.const:g_ppui32TimerIntMap)
                  00004a10    00000040     timer.obj (.const:g_ppui32TimerIntMapSnowflake)
                  00004a50    00000040     uart.obj (.const:g_ppui32UARTIntMap)
                  00004a90    00000040     uart.obj (.const:g_ppui32UARTIntMapSnowflake)
                  00004ad0    00000030     sysctl.obj (.const:g_sXTALtoMEMTIM)
                  00004b00    00000020     interrupt.obj (.const:g_pui32Priority)
                  00004b20    00000014     interrupt.obj (.const:g_pui32Dii16Regs)
                  00004b34    00000014     interrupt.obj (.const:g_pui32EnRegs)
                  00004b48    00000014     interrupt.obj (.const:g_pui32PendRegs)
                  00004b5c    00000014     interrupt.obj (.const:g_pui32UnpendRegs)
                  00004b70    00000008     sysctl.obj (.const:g_pui32VCOFrequencies)
                  00004b78    00000008     gpio.obj (.const)
                  00004b80    00000008     timer.obj (.const)
                  00004b88    00000008     uart.obj (.const)

.cinit     0    00004b90    00000050     
                  00004b90    00000016     (.cinit..data.load) [load image, compression = lzss]
                  00004ba6    00000002     --HOLE-- [fill = 0]
                  00004ba8    0000000c     (__TI_handler_table)
                  00004bb4    00000004     --HOLE-- [fill = 0]
                  00004bb8    00000008     (.cinit..bss.load) [load image, compression = zero_init]
                  00004bc0    00000008     (.cinit..vtable.load) [load image, compression = zero_init]
                  00004bc8    00000018     (__TI_cinit_table)

.init_array 
*          0    00000000    00000000     UNINITIALIZED

.vtable    0    20000000    0000026c     UNINITIALIZED
                  20000000    0000026c     interrupt.obj (.vtable)

.stack     0    2000026c    00000200     UNINITIALIZED
                  2000026c    00000200     --HOLE--

.data      0    2000046c    00000034     UNINITIALIZED
                  2000046c    0000001c     main.obj (.data)
                  20000488    0000000c     rtsv7M4_T_le_v4SPD16_eabi.lib : exit.obj (.data:$O1$$)
                  20000494    00000008                                   : _lock.obj (.data:$O1$$)
                  2000049c    00000004                                   : stkdepth_vars.obj (.data)

.bss       0    200004a0    00000028     UNINITIALIZED
                  200004a0    00000004     (.common:openDuration)
                  200004a4    00000004     (.common:pwmLoad1)
                  200004a8    00000004     (.common:pwmLoad2)
                  200004ac    00000004     (.common:pwmLoad3)
                  200004b0    00000004     (.common:pwmLoad4)
                  200004b4    00000004     (.common:testChar)
                  200004b8    00000004     (.common:ui32Length1)
                  200004bc    00000004     (.common:ui32Length2)
                  200004c0    00000004     (.common:ui32Length3)
                  200004c4    00000004     (.common:ui32PWMClock)

MODULE SUMMARY

       Module                         code    ro data   rw data
       ------                         ----    -------   -------
    .\
       main.obj                       2204    0         68     
       tm4c123gh6pm_startup_ccs.obj   12      620       0      
    +--+------------------------------+-------+---------+---------+
       Total:                         2216    620       68     
                                                               
    .\driverlib\
       sysctl.obj                     3942    596       0      
       gpio.obj                       2892    536       0      
       interrupt.obj                  960     268       620    
       pwm.obj                        1816    0         0      
       timer.obj                      1622    168       0      
       uart.obj                       1592    136       0      
       cpu.obj                        62      0         0      
    +--+------------------------------+-------+---------+---------+
       Total:                         12886   1704      620    
                                                               
    C:\ti\ccsv7\tools\compiler\ti-cgt-arm_16.9.7.LTS\lib\rtsv7M4_T_le_v4SPD16_eabi.lib
       fd_add_t2.obj                  438     0         0      
       fd_div_t2.obj                  310     0         0      
       fd_mul_t2.obj                  252     0         0      
       memcpy_t2.obj                  156     0         0      
       memset_t2.obj                  122     0         0      
       autoinit.obj                   112     0         0      
       copy_decompress_lzss.obj       104     0         0      
       exit.obj                       84      0         12     
       boot.obj                       84      0         0      
       cpy_tbl.obj                    76      0         0      
       fd_tou_t2.obj                  68      0         0      
       u_tofd_t2.obj                  32      0         0      
       _lock.obj                      20      0         8      
       args_main.obj                  24      0         0      
       copy_decompress_none.obj       14      0         0      
       copy_zero_init.obj             12      0         0      
       pre_init.obj                   4       0         0      
       stkdepth_vars.obj              0       0         4      
       mpu_init.obj                   2       0         0      
       startup.obj                    2       0         0      
    +--+------------------------------+-------+---------+---------+
       Total:                         1916    0         24     
                                                               
       Stack:                         0       0         512    
       Linker Generated:              0       74        0      
    +--+------------------------------+-------+---------+---------+
       Grand Total:                   17018   2398      1224   


LINKER GENERATED COPY TABLES

__TI_cinit_table @ 00004bc8 records: 3, size/record: 8, table size: 24
	.data: load addr=00004b90, load size=00000016 bytes, run addr=2000046c, run size=00000034 bytes, compression=lzss
	.bss: load addr=00004bb8, load size=00000008 bytes, run addr=200004a0, run size=00000028 bytes, compression=zero_init
	.vtable: load addr=00004bc0, load size=00000008 bytes, run addr=20000000, run size=0000026c bytes, compression=zero_init


LINKER GENERATED HANDLER TABLE

__TI_handler_table @ 00004ba8 records: 3, size/record: 4, table size: 12
	index: 0, handler: __TI_zero_init
	index: 1, handler: __TI_decompress_lzss
	index: 2, handler: __TI_decompress_none


GLOBAL SYMBOLS: SORTED ALPHABETICALLY BY Name 

address   name                            
-------   ----                            
00004349  C$$EXIT                         
00004461  CPUbasepriGet                   
00004453  CPUbasepriSet                   
0000442d  CPUcpsid                        
00004443  CPUcpsie                        
00004439  CPUprimask                      
0000444f  CPUwfi                          
00001cf3  GPIOADCTriggerDisable           
00001cd5  GPIOADCTriggerEnable            
00001cb7  GPIODMATriggerDisable           
00001c99  GPIODMATriggerEnable            
0000128b  GPIODirModeGet                  
0000122f  GPIODirModeSet                  
000017fb  GPIOIntClear                    
000017bf  GPIOIntDisable                  
000017a5  GPIOIntEnable                   
0000180f  GPIOIntRegister                 
000017d9  GPIOIntStatus                   
0000137b  GPIOIntTypeGet                  
000012d7  GPIOIntTypeSet                  
0000182d  GPIOIntUnregister               
00001653  GPIOPadConfigGet                
00001419  GPIOPadConfigSet                
00001c3b  GPIOPinConfigure                
00001847  GPIOPinRead                     
0000187f  GPIOPinTypeADC                  
000018a3  GPIOPinTypeCAN                  
000018c7  GPIOPinTypeComparator           
000018eb  GPIOPinTypeComparatorOutput     
0000190f  GPIOPinTypeDIVSCLK              
00001933  GPIOPinTypeEPI                  
00001957  GPIOPinTypeEthernetLED          
0000197b  GPIOPinTypeEthernetMII          
0000199f  GPIOPinTypeGPIOInput            
000019c3  GPIOPinTypeGPIOOutput           
000019e7  GPIOPinTypeGPIOOutputOD         
00001a0b  GPIOPinTypeHibernateRTCCLK      
00001a2f  GPIOPinTypeI2C                  
00001a53  GPIOPinTypeI2CSCL               
00001a77  GPIOPinTypeLCD                  
00001a9b  GPIOPinTypeOneWire              
00001abf  GPIOPinTypePWM                  
00001ae3  GPIOPinTypeQEI                  
00001b07  GPIOPinTypeSSI                  
00001b2b  GPIOPinTypeTimer                
00001b4f  GPIOPinTypeTrace                
00001b73  GPIOPinTypeUART                 
00001b97  GPIOPinTypeUSBAnalog            
00001bbb  GPIOPinTypeUSBDigital           
00001bdf  GPIOPinTypeWakeHigh             
00001c05  GPIOPinTypeWakeLow              
00001c2b  GPIOPinWakeStatus               
0000185f  GPIOPinWrite                    
00003b1d  IntDisable                      
00003aab  IntEnable                       
00003b8f  IntIsEnabled                    
0000396f  IntMasterDisable                
0000395f  IntMasterEnable                 
00003c85  IntPendClear                    
00003c15  IntPendSet                      
00003a87  IntPriorityGet                  
000039ff  IntPriorityGroupingGet          
000039e5  IntPriorityGroupingSet          
00003cdf  IntPriorityMaskGet              
00003cd3  IntPriorityMaskSet              
00003a37  IntPrioritySet                  
0000397f  IntRegister                     
00003ce7  IntTrigger                      
000039d1  IntUnregister                   
00002291  LickPortAIntHandler             
00002161  MasterTimerIntHandler           
00002c2f  PWMClockGet                     
00002c0f  PWMClockSet                     
00002759  PWMDeadBandDisable              
00002721  PWMDeadBandEnable               
00002ad5  PWMFaultIntClear                
00002b07  PWMFaultIntClearExt             
000029ef  PWMFaultIntRegister             
00002a0d  PWMFaultIntUnregister           
000025b5  PWMGenConfigure                 
00002673  PWMGenDisable                   
00002659  PWMGenEnable                    
00002bd9  PWMGenFaultClear                
00002b25  PWMGenFaultConfigure            
00002ba3  PWMGenFaultStatus               
00002b7f  PWMGenFaultTriggerGet           
00002b55  PWMGenFaultTriggerSet           
00002a8d  PWMGenIntClear                  
00002961  PWMGenIntRegister               
00002a63  PWMGenIntStatus                 
00002a45  PWMGenIntTrigDisable            
00002a27  PWMGenIntTrigEnable             
00002989  PWMGenIntUnregister             
0000262f  PWMGenPeriodGet                 
000025ff  PWMGenPeriodSet                 
00002abd  PWMIntDisable                   
00002aa5  PWMIntEnable                    
00002ae7  PWMIntStatus                    
0000282f  PWMOutputFault                  
000027fd  PWMOutputFaultLevel             
000027cb  PWMOutputInvert                 
00002799  PWMOutputState                  
00002c59  PWMOutputUpdateMode             
000026d7  PWMPulseWidthGet                
0000268d  PWMPulseWidthSet                
00002787  PWMSyncTimeBase                 
00002775  PWMSyncUpdate                   
00002529  RLSendMessage                   
000044d3  ResetISR                        
UNDEFED   SHT$$INIT_ARRAY$$Base           
UNDEFED   SHT$$INIT_ARRAY$$Limit          
00001189  SysCtlAltClkConfig              
000008d5  SysCtlClockFreqSet              
00000d79  SysCtlClockGet                  
0000116d  SysCtlClockOutConfig            
00000ba9  SysCtlClockSet                  
000007d5  SysCtlDeepSleep                 
00000f3d  SysCtlDeepSleepClockConfigSet   
00000f1f  SysCtlDeepSleepClockSet         
000007b5  SysCtlDeepSleepPowerSet         
000044df  SysCtlDelay                     
00000363  SysCtlFlashSectorSizeGet        
00000337  SysCtlFlashSizeGet              
00001013  SysCtlGPIOAHBDisable            
00000ff7  SysCtlGPIOAHBEnable             
00000749  SysCtlIntClear                  
00000731  SysCtlIntDisable                
0000071d  SysCtlIntEnable                 
000006f5  SysCtlIntRegister               
00000759  SysCtlIntStatus                 
0000070d  SysCtlIntUnregister             
0000079b  SysCtlLDODeepSleepGet           
0000078b  SysCtlLDODeepSleepSet           
00000785  SysCtlLDOSleepGet               
00000775  SysCtlLDOSleepSet               
0000080b  SysCtlMOSCConfigSet             
00001151  SysCtlNMIClear                  
0000113d  SysCtlNMIStatus                 
00000821  SysCtlPIOSCCalibrate            
00000fe1  SysCtlPWMClockGet               
00000fc7  SysCtlPWMClockSet               
000006a1  SysCtlPeripheralClockGating     
00000659  SysCtlPeripheralDeepSleepDisable
00000609  SysCtlPeripheralDeepSleepEnable 
00000545  SysCtlPeripheralDisable         
00000509  SysCtlPeripheralEnable          
00000445  SysCtlPeripheralPowerOff        
00000409  SysCtlPeripheralPowerOn         
00000389  SysCtlPeripheralPresent         
000003c9  SysCtlPeripheralReady           
00000481  SysCtlPeripheralReset           
000005cd  SysCtlPeripheralSleepDisable    
00000589  SysCtlPeripheralSleepEnable     
000007c5  SysCtlReset                     
00000881  SysCtlResetBehaviorGet          
00000871  SysCtlResetBehaviorSet          
000007f7  SysCtlResetCauseClear           
000007f1  SysCtlResetCauseGet             
0000032d  SysCtlSRAMSizeGet               
000007cd  SysCtlSleep                     
000007a1  SysCtlSleepPowerSet             
0000103b  SysCtlUSBPLLDisable             
0000102f  SysCtlUSBPLLEnable              
00001081  SysCtlVCOGet                    
00001069  SysCtlVoltageEventClear         
0000104d  SysCtlVoltageEventConfig        
0000105d  SysCtlVoltageEventStatus        
000032a1  TimerADCEventGet                
0000328f  TimerADCEventSet                
00002fbd  TimerClockSourceGet             
00002fa1  TimerClockSourceSet             
00002d7f  TimerConfigure                  
00002e9f  TimerControlEvent               
00002dfb  TimerControlLevel               
00002ec9  TimerControlStall               
00002e31  TimerControlTrigger             
00002eff  TimerControlWaitOnTrigger       
000032c1  TimerDMAEventGet                
000032af  TimerDMAEventSet                
00002d61  TimerDisable                    
00002d43  TimerEnable                     
0000326b  TimerIntClear                   
00003235  TimerIntDisable                 
0000321d  TimerIntEnable                  
000031d7  TimerIntRegister                
0000324d  TimerIntStatus                  
000031ff  TimerIntUnregister              
00003087  TimerLoadGet                    
000030c1  TimerLoadGet64                  
0000305d  TimerLoadSet                    
000030a3  TimerLoadSet64                  
0000316b  TimerMatchGet                   
000031a5  TimerMatchGet64                 
00003141  TimerMatchSet                   
00003187  TimerMatchSet64                 
00002ff7  TimerPrescaleGet                
00003041  TimerPrescaleMatchGet           
00003013  TimerPrescaleMatchSet           
00002fcd  TimerPrescaleSet                
00002f75  TimerRTCDisable                 
00002f5f  TimerRTCEnable                  
0000327d  TimerSynchronize                
000032cf  TimerUpdateMode                 
000030f3  TimerValueGet                   
0000310f  TimerValueGet64                 
00002229  Tone1TimerHandler               
00002249  Tone2TimerHandler               
0000225f  Tone3TimerHandler               
00002275  Tone4TimerHandler               
000023c5  UART0IntHandler                 
000038ff  UART9BitAddrSend                
000038d9  UART9BitAddrSet                 
000038c3  UART9BitDisable                 
000038ad  UART9BitEnable                  
00003753  UARTBreakCtl                    
0000377d  UARTBusy                        
000036fb  UARTCharGet                     
000036df  UARTCharGetNonBlocking          
00003735  UARTCharPut                     
00003711  UARTCharPutNonBlocking          
000036a3  UARTCharsAvail                  
0000389d  UARTClockSourceGet              
00003889  UARTClockSourceSet              
0000346b  UARTConfigGetExpClk             
000033f5  UARTConfigSetExpClk             
0000384f  UARTDMADisable                  
00003837  UARTDMAEnable                   
000034db  UARTDisable                     
0000355f  UARTDisableSIR                  
000034b7  UARTEnable                      
00003531  UARTEnableSIR                   
0000351b  UARTFIFODisable                 
00003505  UARTFIFOEnable                  
000033cd  UARTFIFOLevelGet                
000033b5  UARTFIFOLevelSet                
00003663  UARTFlowControlGet              
00003647  UARTFlowControlSet              
00003825  UARTIntClear                    
000037ef  UARTIntDisable                  
000037d7  UARTIntEnable                   
0000379b  UARTIntRegister                 
00003807  UARTIntStatus                   
000037bd  UARTIntUnregister               
00003947  UARTLoopbackEnable              
000035fd  UARTModemControlClear           
00003621  UARTModemControlGet             
000035bd  UARTModemControlSet             
00003633  UARTModemStatusGet              
000033a3  UARTParityModeGet               
00003387  UARTParityModeSet               
00003879  UARTRxErrorClear                
00003867  UARTRxErrorGet                  
000035a7  UARTSmartCardDisable            
00003575  UARTSmartCardEnable             
000036c1  UARTSpaceAvail                  
00003691  UARTTxIntModeGet                
00003675  UARTTxIntModeSet                
2000046c  __STACK_END                     
00000200  __STACK_SIZE                    
2000046c  __STACK_TOP                     
00004bc8  __TI_CINIT_Base                 
00004be0  __TI_CINIT_Limit                
00004ba8  __TI_Handler_Table_Base         
00004bb4  __TI_Handler_Table_Limit        
0000421d  __TI_auto_init                  
20000488  __TI_cleanup_ptr                
0000428d  __TI_decompress_lzss            
000044b9  __TI_decompress_none            
2000048c  __TI_dtors_ptr                  
20000490  __TI_enable_exit_profile_output 
ffffffff  __TI_pprof_out_hndl             
ffffffff  __TI_prof_data_size             
ffffffff  __TI_prof_data_start            
00000000  __TI_static_base__              
000044c7  __TI_zero_init                  
000043e9  __aeabi_d2uiz                   
00003d27  __aeabi_dadd                    
00003ed3  __aeabi_ddiv                    
00004009  __aeabi_dmul                    
00003d1d  __aeabi_dsub                    
000041a1  __aeabi_memclr                  
000041a1  __aeabi_memclr4                 
000041a1  __aeabi_memclr8                 
00004105  __aeabi_memcpy                  
00004105  __aeabi_memcpy4                 
00004105  __aeabi_memcpy8                 
000041a3  __aeabi_memset                  
000041a3  __aeabi_memset4                 
000041a3  __aeabi_memset8                 
0000446b  __aeabi_ui2d                    
ffffffff  __binit__                       
ffffffff  __c_args__                      
00003323  __mpu_init                      
2000026c  __stack                         
0000448d  _args_main                      
000042f5  _c_int00                        
20000494  _lock                           
000044b3  _nop                            
000044ab  _register_lock                  
000044a5  _register_unlock                
0000421b  _system_post_cinit              
000044e5  _system_pre_init                
20000498  _unlock                         
0000434d  abort                           
ffffffff  binit                           
00001dff  configurePWM                    
0000439d  copy_in                         
00001d7d  enablePeripherals               
00002361  enableUART                      
00002313  enableValveTimer                
00004355  exit                            
20000000  g_pfnRAMVectors                 
00000000  g_pfnVectors                    
2000047c  i                               
20000484  lickWindow                      
00001d19  main                            
2000049c  main_func_sp                    
2000046c  masterTimerCounter              
00004105  memcpy                          
000041a9  memset                          
200004a0  openDuration                    
00002301  openValve                       
20000470  phase1                          
20000474  phase2                          
20000478  phase3                          
20000480  play                            
00001ffd  playTone                        
200004a4  pwmLoad1                        
200004a8  pwmLoad2                        
200004ac  pwmLoad3                        
200004b0  pwmLoad4                        
000020c1  setUpMasterTimer                
00001f91  setUpTonesTimers                
200004b4  testChar                        
200004b8  ui32Length1                     
200004bc  ui32Length2                     
200004c0  ui32Length3                     
200004c4  ui32PWMClock                    
00002347  valveInterruptHandler           


GLOBAL SYMBOLS: SORTED BY Symbol Address 

address   name                            
-------   ----                            
00000000  __TI_static_base__              
00000000  g_pfnVectors                    
00000200  __STACK_SIZE                    
0000032d  SysCtlSRAMSizeGet               
00000337  SysCtlFlashSizeGet              
00000363  SysCtlFlashSectorSizeGet        
00000389  SysCtlPeripheralPresent         
000003c9  SysCtlPeripheralReady           
00000409  SysCtlPeripheralPowerOn         
00000445  SysCtlPeripheralPowerOff        
00000481  SysCtlPeripheralReset           
00000509  SysCtlPeripheralEnable          
00000545  SysCtlPeripheralDisable         
00000589  SysCtlPeripheralSleepEnable     
000005cd  SysCtlPeripheralSleepDisable    
00000609  SysCtlPeripheralDeepSleepEnable 
00000659  SysCtlPeripheralDeepSleepDisable
000006a1  SysCtlPeripheralClockGating     
000006f5  SysCtlIntRegister               
0000070d  SysCtlIntUnregister             
0000071d  SysCtlIntEnable                 
00000731  SysCtlIntDisable                
00000749  SysCtlIntClear                  
00000759  SysCtlIntStatus                 
00000775  SysCtlLDOSleepSet               
00000785  SysCtlLDOSleepGet               
0000078b  SysCtlLDODeepSleepSet           
0000079b  SysCtlLDODeepSleepGet           
000007a1  SysCtlSleepPowerSet             
000007b5  SysCtlDeepSleepPowerSet         
000007c5  SysCtlReset                     
000007cd  SysCtlSleep                     
000007d5  SysCtlDeepSleep                 
000007f1  SysCtlResetCauseGet             
000007f7  SysCtlResetCauseClear           
0000080b  SysCtlMOSCConfigSet             
00000821  SysCtlPIOSCCalibrate            
00000871  SysCtlResetBehaviorSet          
00000881  SysCtlResetBehaviorGet          
000008d5  SysCtlClockFreqSet              
00000ba9  SysCtlClockSet                  
00000d79  SysCtlClockGet                  
00000f1f  SysCtlDeepSleepClockSet         
00000f3d  SysCtlDeepSleepClockConfigSet   
00000fc7  SysCtlPWMClockSet               
00000fe1  SysCtlPWMClockGet               
00000ff7  SysCtlGPIOAHBEnable             
00001013  SysCtlGPIOAHBDisable            
0000102f  SysCtlUSBPLLEnable              
0000103b  SysCtlUSBPLLDisable             
0000104d  SysCtlVoltageEventConfig        
0000105d  SysCtlVoltageEventStatus        
00001069  SysCtlVoltageEventClear         
00001081  SysCtlVCOGet                    
0000113d  SysCtlNMIStatus                 
00001151  SysCtlNMIClear                  
0000116d  SysCtlClockOutConfig            
00001189  SysCtlAltClkConfig              
0000122f  GPIODirModeSet                  
0000128b  GPIODirModeGet                  
000012d7  GPIOIntTypeSet                  
0000137b  GPIOIntTypeGet                  
00001419  GPIOPadConfigSet                
00001653  GPIOPadConfigGet                
000017a5  GPIOIntEnable                   
000017bf  GPIOIntDisable                  
000017d9  GPIOIntStatus                   
000017fb  GPIOIntClear                    
0000180f  GPIOIntRegister                 
0000182d  GPIOIntUnregister               
00001847  GPIOPinRead                     
0000185f  GPIOPinWrite                    
0000187f  GPIOPinTypeADC                  
000018a3  GPIOPinTypeCAN                  
000018c7  GPIOPinTypeComparator           
000018eb  GPIOPinTypeComparatorOutput     
0000190f  GPIOPinTypeDIVSCLK              
00001933  GPIOPinTypeEPI                  
00001957  GPIOPinTypeEthernetLED          
0000197b  GPIOPinTypeEthernetMII          
0000199f  GPIOPinTypeGPIOInput            
000019c3  GPIOPinTypeGPIOOutput           
000019e7  GPIOPinTypeGPIOOutputOD         
00001a0b  GPIOPinTypeHibernateRTCCLK      
00001a2f  GPIOPinTypeI2C                  
00001a53  GPIOPinTypeI2CSCL               
00001a77  GPIOPinTypeLCD                  
00001a9b  GPIOPinTypeOneWire              
00001abf  GPIOPinTypePWM                  
00001ae3  GPIOPinTypeQEI                  
00001b07  GPIOPinTypeSSI                  
00001b2b  GPIOPinTypeTimer                
00001b4f  GPIOPinTypeTrace                
00001b73  GPIOPinTypeUART                 
00001b97  GPIOPinTypeUSBAnalog            
00001bbb  GPIOPinTypeUSBDigital           
00001bdf  GPIOPinTypeWakeHigh             
00001c05  GPIOPinTypeWakeLow              
00001c2b  GPIOPinWakeStatus               
00001c3b  GPIOPinConfigure                
00001c99  GPIODMATriggerEnable            
00001cb7  GPIODMATriggerDisable           
00001cd5  GPIOADCTriggerEnable            
00001cf3  GPIOADCTriggerDisable           
00001d19  main                            
00001d7d  enablePeripherals               
00001dff  configurePWM                    
00001f91  setUpTonesTimers                
00001ffd  playTone                        
000020c1  setUpMasterTimer                
00002161  MasterTimerIntHandler           
00002229  Tone1TimerHandler               
00002249  Tone2TimerHandler               
0000225f  Tone3TimerHandler               
00002275  Tone4TimerHandler               
00002291  LickPortAIntHandler             
00002301  openValve                       
00002313  enableValveTimer                
00002347  valveInterruptHandler           
00002361  enableUART                      
000023c5  UART0IntHandler                 
00002529  RLSendMessage                   
000025b5  PWMGenConfigure                 
000025ff  PWMGenPeriodSet                 
0000262f  PWMGenPeriodGet                 
00002659  PWMGenEnable                    
00002673  PWMGenDisable                   
0000268d  PWMPulseWidthSet                
000026d7  PWMPulseWidthGet                
00002721  PWMDeadBandEnable               
00002759  PWMDeadBandDisable              
00002775  PWMSyncUpdate                   
00002787  PWMSyncTimeBase                 
00002799  PWMOutputState                  
000027cb  PWMOutputInvert                 
000027fd  PWMOutputFaultLevel             
0000282f  PWMOutputFault                  
00002961  PWMGenIntRegister               
00002989  PWMGenIntUnregister             
000029ef  PWMFaultIntRegister             
00002a0d  PWMFaultIntUnregister           
00002a27  PWMGenIntTrigEnable             
00002a45  PWMGenIntTrigDisable            
00002a63  PWMGenIntStatus                 
00002a8d  PWMGenIntClear                  
00002aa5  PWMIntEnable                    
00002abd  PWMIntDisable                   
00002ad5  PWMFaultIntClear                
00002ae7  PWMIntStatus                    
00002b07  PWMFaultIntClearExt             
00002b25  PWMGenFaultConfigure            
00002b55  PWMGenFaultTriggerSet           
00002b7f  PWMGenFaultTriggerGet           
00002ba3  PWMGenFaultStatus               
00002bd9  PWMGenFaultClear                
00002c0f  PWMClockSet                     
00002c2f  PWMClockGet                     
00002c59  PWMOutputUpdateMode             
00002d43  TimerEnable                     
00002d61  TimerDisable                    
00002d7f  TimerConfigure                  
00002dfb  TimerControlLevel               
00002e31  TimerControlTrigger             
00002e9f  TimerControlEvent               
00002ec9  TimerControlStall               
00002eff  TimerControlWaitOnTrigger       
00002f5f  TimerRTCEnable                  
00002f75  TimerRTCDisable                 
00002fa1  TimerClockSourceSet             
00002fbd  TimerClockSourceGet             
00002fcd  TimerPrescaleSet                
00002ff7  TimerPrescaleGet                
00003013  TimerPrescaleMatchSet           
00003041  TimerPrescaleMatchGet           
0000305d  TimerLoadSet                    
00003087  TimerLoadGet                    
000030a3  TimerLoadSet64                  
000030c1  TimerLoadGet64                  
000030f3  TimerValueGet                   
0000310f  TimerValueGet64                 
00003141  TimerMatchSet                   
0000316b  TimerMatchGet                   
00003187  TimerMatchSet64                 
000031a5  TimerMatchGet64                 
000031d7  TimerIntRegister                
000031ff  TimerIntUnregister              
0000321d  TimerIntEnable                  
00003235  TimerIntDisable                 
0000324d  TimerIntStatus                  
0000326b  TimerIntClear                   
0000327d  TimerSynchronize                
0000328f  TimerADCEventSet                
000032a1  TimerADCEventGet                
000032af  TimerDMAEventSet                
000032c1  TimerDMAEventGet                
000032cf  TimerUpdateMode                 
00003323  __mpu_init                      
00003387  UARTParityModeSet               
000033a3  UARTParityModeGet               
000033b5  UARTFIFOLevelSet                
000033cd  UARTFIFOLevelGet                
000033f5  UARTConfigSetExpClk             
0000346b  UARTConfigGetExpClk             
000034b7  UARTEnable                      
000034db  UARTDisable                     
00003505  UARTFIFOEnable                  
0000351b  UARTFIFODisable                 
00003531  UARTEnableSIR                   
0000355f  UARTDisableSIR                  
00003575  UARTSmartCardEnable             
000035a7  UARTSmartCardDisable            
000035bd  UARTModemControlSet             
000035fd  UARTModemControlClear           
00003621  UARTModemControlGet             
00003633  UARTModemStatusGet              
00003647  UARTFlowControlSet              
00003663  UARTFlowControlGet              
00003675  UARTTxIntModeSet                
00003691  UARTTxIntModeGet                
000036a3  UARTCharsAvail                  
000036c1  UARTSpaceAvail                  
000036df  UARTCharGetNonBlocking          
000036fb  UARTCharGet                     
00003711  UARTCharPutNonBlocking          
00003735  UARTCharPut                     
00003753  UARTBreakCtl                    
0000377d  UARTBusy                        
0000379b  UARTIntRegister                 
000037bd  UARTIntUnregister               
000037d7  UARTIntEnable                   
000037ef  UARTIntDisable                  
00003807  UARTIntStatus                   
00003825  UARTIntClear                    
00003837  UARTDMAEnable                   
0000384f  UARTDMADisable                  
00003867  UARTRxErrorGet                  
00003879  UARTRxErrorClear                
00003889  UARTClockSourceSet              
0000389d  UARTClockSourceGet              
000038ad  UART9BitEnable                  
000038c3  UART9BitDisable                 
000038d9  UART9BitAddrSet                 
000038ff  UART9BitAddrSend                
00003947  UARTLoopbackEnable              
0000395f  IntMasterEnable                 
0000396f  IntMasterDisable                
0000397f  IntRegister                     
000039d1  IntUnregister                   
000039e5  IntPriorityGroupingSet          
000039ff  IntPriorityGroupingGet          
00003a37  IntPrioritySet                  
00003a87  IntPriorityGet                  
00003aab  IntEnable                       
00003b1d  IntDisable                      
00003b8f  IntIsEnabled                    
00003c15  IntPendSet                      
00003c85  IntPendClear                    
00003cd3  IntPriorityMaskSet              
00003cdf  IntPriorityMaskGet              
00003ce7  IntTrigger                      
00003d1d  __aeabi_dsub                    
00003d27  __aeabi_dadd                    
00003ed3  __aeabi_ddiv                    
00004009  __aeabi_dmul                    
00004105  __aeabi_memcpy                  
00004105  __aeabi_memcpy4                 
00004105  __aeabi_memcpy8                 
00004105  memcpy                          
000041a1  __aeabi_memclr                  
000041a1  __aeabi_memclr4                 
000041a1  __aeabi_memclr8                 
000041a3  __aeabi_memset                  
000041a3  __aeabi_memset4                 
000041a3  __aeabi_memset8                 
000041a9  memset                          
0000421b  _system_post_cinit              
0000421d  __TI_auto_init                  
0000428d  __TI_decompress_lzss            
000042f5  _c_int00                        
00004349  C$$EXIT                         
0000434d  abort                           
00004355  exit                            
0000439d  copy_in                         
000043e9  __aeabi_d2uiz                   
0000442d  CPUcpsid                        
00004439  CPUprimask                      
00004443  CPUcpsie                        
0000444f  CPUwfi                          
00004453  CPUbasepriSet                   
00004461  CPUbasepriGet                   
0000446b  __aeabi_ui2d                    
0000448d  _args_main                      
000044a5  _register_unlock                
000044ab  _register_lock                  
000044b3  _nop                            
000044b9  __TI_decompress_none            
000044c7  __TI_zero_init                  
000044d3  ResetISR                        
000044df  SysCtlDelay                     
000044e5  _system_pre_init                
00004ba8  __TI_Handler_Table_Base         
00004bb4  __TI_Handler_Table_Limit        
00004bc8  __TI_CINIT_Base                 
00004be0  __TI_CINIT_Limit                
20000000  g_pfnRAMVectors                 
2000026c  __stack                         
2000046c  __STACK_END                     
2000046c  __STACK_TOP                     
2000046c  masterTimerCounter              
20000470  phase1                          
20000474  phase2                          
20000478  phase3                          
2000047c  i                               
20000480  play                            
20000484  lickWindow                      
20000488  __TI_cleanup_ptr                
2000048c  __TI_dtors_ptr                  
20000490  __TI_enable_exit_profile_output 
20000494  _lock                           
20000498  _unlock                         
2000049c  main_func_sp                    
200004a0  openDuration                    
200004a4  pwmLoad1                        
200004a8  pwmLoad2                        
200004ac  pwmLoad3                        
200004b0  pwmLoad4                        
200004b4  testChar                        
200004b8  ui32Length1                     
200004bc  ui32Length2                     
200004c0  ui32Length3                     
200004c4  ui32PWMClock                    
ffffffff  __TI_pprof_out_hndl             
ffffffff  __TI_prof_data_size             
ffffffff  __TI_prof_data_start            
ffffffff  __binit__                       
ffffffff  __c_args__                      
ffffffff  binit                           
UNDEFED   SHT$$INIT_ARRAY$$Base           
UNDEFED   SHT$$INIT_ARRAY$$Limit          

[339 symbols]
