<?xml version="1.0"?>
<link_info>
   <banner>TI ARM Linker PC v16.9.7.LTS</banner>
   <copyright>Copyright (c) 1996-2017 Texas Instruments Incorporated</copyright>
   <link_time>0x5ba2fabb</link_time>
   <link_errors>0x0</link_errors>
   <output_file>BehaviorPrototype.out</output_file>
   <entry_point>
      <name>_c_int00</name>
      <address>0x45a9</address>
   </entry_point>
   <input_file_list>
      <input_file id="fl-2">
         <path>.\</path>
         <kind>object</kind>
         <file>main.obj</file>
         <name>main.obj</name>
      </input_file>
      <input_file id="fl-3">
         <path>.\</path>
         <kind>object</kind>
         <file>tm4c123gh6pm_startup_ccs.obj</file>
         <name>tm4c123gh6pm_startup_ccs.obj</name>
      </input_file>
      <input_file id="fl-4">
         <path>.\driverlib\</path>
         <kind>object</kind>
         <file>adc.obj</file>
         <name>adc.obj</name>
      </input_file>
      <input_file id="fl-5">
         <path>.\driverlib\</path>
         <kind>object</kind>
         <file>aes.obj</file>
         <name>aes.obj</name>
      </input_file>
      <input_file id="fl-6">
         <path>.\driverlib\</path>
         <kind>object</kind>
         <file>can.obj</file>
         <name>can.obj</name>
      </input_file>
      <input_file id="fl-7">
         <path>.\driverlib\</path>
         <kind>object</kind>
         <file>comp.obj</file>
         <name>comp.obj</name>
      </input_file>
      <input_file id="fl-8">
         <path>.\driverlib\</path>
         <kind>object</kind>
         <file>cpu.obj</file>
         <name>cpu.obj</name>
      </input_file>
      <input_file id="fl-9">
         <path>.\driverlib\</path>
         <kind>object</kind>
         <file>crc.obj</file>
         <name>crc.obj</name>
      </input_file>
      <input_file id="fl-a">
         <path>.\driverlib\</path>
         <kind>object</kind>
         <file>des.obj</file>
         <name>des.obj</name>
      </input_file>
      <input_file id="fl-b">
         <path>.\driverlib\</path>
         <kind>object</kind>
         <file>eeprom.obj</file>
         <name>eeprom.obj</name>
      </input_file>
      <input_file id="fl-c">
         <path>.\driverlib\</path>
         <kind>object</kind>
         <file>emac.obj</file>
         <name>emac.obj</name>
      </input_file>
      <input_file id="fl-d">
         <path>.\driverlib\</path>
         <kind>object</kind>
         <file>epi.obj</file>
         <name>epi.obj</name>
      </input_file>
      <input_file id="fl-e">
         <path>.\driverlib\</path>
         <kind>object</kind>
         <file>epi_workaround_ccs.obj</file>
         <name>epi_workaround_ccs.obj</name>
      </input_file>
      <input_file id="fl-f">
         <path>.\driverlib\</path>
         <kind>object</kind>
         <file>flash.obj</file>
         <name>flash.obj</name>
      </input_file>
      <input_file id="fl-10">
         <path>.\driverlib\</path>
         <kind>object</kind>
         <file>fpu.obj</file>
         <name>fpu.obj</name>
      </input_file>
      <input_file id="fl-11">
         <path>.\driverlib\</path>
         <kind>object</kind>
         <file>gpio.obj</file>
         <name>gpio.obj</name>
      </input_file>
      <input_file id="fl-12">
         <path>.\driverlib\</path>
         <kind>object</kind>
         <file>hibernate.obj</file>
         <name>hibernate.obj</name>
      </input_file>
      <input_file id="fl-13">
         <path>.\driverlib\</path>
         <kind>object</kind>
         <file>i2c.obj</file>
         <name>i2c.obj</name>
      </input_file>
      <input_file id="fl-14">
         <path>.\driverlib\</path>
         <kind>object</kind>
         <file>interrupt.obj</file>
         <name>interrupt.obj</name>
      </input_file>
      <input_file id="fl-15">
         <path>.\driverlib\</path>
         <kind>object</kind>
         <file>lcd.obj</file>
         <name>lcd.obj</name>
      </input_file>
      <input_file id="fl-16">
         <path>.\driverlib\</path>
         <kind>object</kind>
         <file>mpu.obj</file>
         <name>mpu.obj</name>
      </input_file>
      <input_file id="fl-17">
         <path>.\driverlib\</path>
         <kind>object</kind>
         <file>onewire.obj</file>
         <name>onewire.obj</name>
      </input_file>
      <input_file id="fl-18">
         <path>.\driverlib\</path>
         <kind>object</kind>
         <file>pwm.obj</file>
         <name>pwm.obj</name>
      </input_file>
      <input_file id="fl-19">
         <path>.\driverlib\</path>
         <kind>object</kind>
         <file>qei.obj</file>
         <name>qei.obj</name>
      </input_file>
      <input_file id="fl-1a">
         <path>.\driverlib\</path>
         <kind>object</kind>
         <file>shamd5.obj</file>
         <name>shamd5.obj</name>
      </input_file>
      <input_file id="fl-1b">
         <path>.\driverlib\</path>
         <kind>object</kind>
         <file>ssi.obj</file>
         <name>ssi.obj</name>
      </input_file>
      <input_file id="fl-1c">
         <path>.\driverlib\</path>
         <kind>object</kind>
         <file>sw_crc.obj</file>
         <name>sw_crc.obj</name>
      </input_file>
      <input_file id="fl-1d">
         <path>.\driverlib\</path>
         <kind>object</kind>
         <file>sysctl.obj</file>
         <name>sysctl.obj</name>
      </input_file>
      <input_file id="fl-1e">
         <path>.\driverlib\</path>
         <kind>object</kind>
         <file>sysexc.obj</file>
         <name>sysexc.obj</name>
      </input_file>
      <input_file id="fl-1f">
         <path>.\driverlib\</path>
         <kind>object</kind>
         <file>systick.obj</file>
         <name>systick.obj</name>
      </input_file>
      <input_file id="fl-20">
         <path>.\driverlib\</path>
         <kind>object</kind>
         <file>timer.obj</file>
         <name>timer.obj</name>
      </input_file>
      <input_file id="fl-21">
         <path>.\driverlib\</path>
         <kind>object</kind>
         <file>uart.obj</file>
         <name>uart.obj</name>
      </input_file>
      <input_file id="fl-22">
         <path>.\driverlib\</path>
         <kind>object</kind>
         <file>udma.obj</file>
         <name>udma.obj</name>
      </input_file>
      <input_file id="fl-23">
         <path>.\driverlib\</path>
         <kind>object</kind>
         <file>usb.obj</file>
         <name>usb.obj</name>
      </input_file>
      <input_file id="fl-24">
         <path>.\driverlib\</path>
         <kind>object</kind>
         <file>watchdog.obj</file>
         <name>watchdog.obj</name>
      </input_file>
      <input_file id="fl-2c">
         <kind>object</kind>
         <file>&lt;internal&gt;</file>
         <name>&lt;internal&gt;</name>
      </input_file>
      <input_file id="fl-e2">
         <path>C:\ti\ccsv7\tools\compiler\ti-cgt-arm_16.9.7.LTS\lib\</path>
         <kind>archive</kind>
         <file>rtsv7M4_T_le_v4SPD16_eabi.lib</file>
         <name>boot.obj</name>
      </input_file>
      <input_file id="fl-e3">
         <path>C:\ti\ccsv7\tools\compiler\ti-cgt-arm_16.9.7.LTS\lib\</path>
         <kind>archive</kind>
         <file>rtsv7M4_T_le_v4SPD16_eabi.lib</file>
         <name>copy_decompress_lzss.obj</name>
      </input_file>
      <input_file id="fl-e4">
         <path>C:\ti\ccsv7\tools\compiler\ti-cgt-arm_16.9.7.LTS\lib\</path>
         <kind>archive</kind>
         <file>rtsv7M4_T_le_v4SPD16_eabi.lib</file>
         <name>copy_decompress_none.obj</name>
      </input_file>
      <input_file id="fl-e5">
         <path>C:\ti\ccsv7\tools\compiler\ti-cgt-arm_16.9.7.LTS\lib\</path>
         <kind>archive</kind>
         <file>rtsv7M4_T_le_v4SPD16_eabi.lib</file>
         <name>copy_zero_init.obj</name>
      </input_file>
      <input_file id="fl-e6">
         <path>C:\ti\ccsv7\tools\compiler\ti-cgt-arm_16.9.7.LTS\lib\</path>
         <kind>archive</kind>
         <file>rtsv7M4_T_le_v4SPD16_eabi.lib</file>
         <name>exit.obj</name>
      </input_file>
      <input_file id="fl-e7">
         <path>C:\ti\ccsv7\tools\compiler\ti-cgt-arm_16.9.7.LTS\lib\</path>
         <kind>archive</kind>
         <file>rtsv7M4_T_le_v4SPD16_eabi.lib</file>
         <name>fd_mul_t2.obj</name>
      </input_file>
      <input_file id="fl-e8">
         <path>C:\ti\ccsv7\tools\compiler\ti-cgt-arm_16.9.7.LTS\lib\</path>
         <kind>archive</kind>
         <file>rtsv7M4_T_le_v4SPD16_eabi.lib</file>
         <name>fd_tou_t2.obj</name>
      </input_file>
      <input_file id="fl-e9">
         <path>C:\ti\ccsv7\tools\compiler\ti-cgt-arm_16.9.7.LTS\lib\</path>
         <kind>archive</kind>
         <file>rtsv7M4_T_le_v4SPD16_eabi.lib</file>
         <name>memcpy_t2.obj</name>
      </input_file>
      <input_file id="fl-ea">
         <path>C:\ti\ccsv7\tools\compiler\ti-cgt-arm_16.9.7.LTS\lib\</path>
         <kind>archive</kind>
         <file>rtsv7M4_T_le_v4SPD16_eabi.lib</file>
         <name>memset_t2.obj</name>
      </input_file>
      <input_file id="fl-eb">
         <path>C:\ti\ccsv7\tools\compiler\ti-cgt-arm_16.9.7.LTS\lib\</path>
         <kind>archive</kind>
         <file>rtsv7M4_T_le_v4SPD16_eabi.lib</file>
         <name>mpu_init.obj</name>
      </input_file>
      <input_file id="fl-ec">
         <path>C:\ti\ccsv7\tools\compiler\ti-cgt-arm_16.9.7.LTS\lib\</path>
         <kind>archive</kind>
         <file>rtsv7M4_T_le_v4SPD16_eabi.lib</file>
         <name>pre_init.obj</name>
      </input_file>
      <input_file id="fl-ed">
         <path>C:\ti\ccsv7\tools\compiler\ti-cgt-arm_16.9.7.LTS\lib\</path>
         <kind>archive</kind>
         <file>rtsv7M4_T_le_v4SPD16_eabi.lib</file>
         <name>rand.obj</name>
      </input_file>
      <input_file id="fl-ee">
         <path>C:\ti\ccsv7\tools\compiler\ti-cgt-arm_16.9.7.LTS\lib\</path>
         <kind>archive</kind>
         <file>rtsv7M4_T_le_v4SPD16_eabi.lib</file>
         <name>stkdepth_vars.obj</name>
      </input_file>
      <input_file id="fl-ef">
         <path>C:\ti\ccsv7\tools\compiler\ti-cgt-arm_16.9.7.LTS\lib\</path>
         <kind>archive</kind>
         <file>rtsv7M4_T_le_v4SPD16_eabi.lib</file>
         <name>u_tofd_t2.obj</name>
      </input_file>
      <input_file id="fl-f0">
         <path>C:\ti\ccsv7\tools\compiler\ti-cgt-arm_16.9.7.LTS\lib\</path>
         <kind>archive</kind>
         <file>rtsv7M4_T_le_v4SPD16_eabi.lib</file>
         <name>_lock.obj</name>
      </input_file>
      <input_file id="fl-f1">
         <path>C:\ti\ccsv7\tools\compiler\ti-cgt-arm_16.9.7.LTS\lib\</path>
         <kind>archive</kind>
         <file>rtsv7M4_T_le_v4SPD16_eabi.lib</file>
         <name>args_main.obj</name>
      </input_file>
      <input_file id="fl-f2">
         <path>C:\ti\ccsv7\tools\compiler\ti-cgt-arm_16.9.7.LTS\lib\</path>
         <kind>archive</kind>
         <file>rtsv7M4_T_le_v4SPD16_eabi.lib</file>
         <name>autoinit.obj</name>
      </input_file>
      <input_file id="fl-f3">
         <path>C:\ti\ccsv7\tools\compiler\ti-cgt-arm_16.9.7.LTS\lib\</path>
         <kind>archive</kind>
         <file>rtsv7M4_T_le_v4SPD16_eabi.lib</file>
         <name>cpy_tbl.obj</name>
      </input_file>
      <input_file id="fl-f4">
         <path>C:\ti\ccsv7\tools\compiler\ti-cgt-arm_16.9.7.LTS\lib\</path>
         <kind>archive</kind>
         <file>rtsv7M4_T_le_v4SPD16_eabi.lib</file>
         <name>startup.obj</name>
      </input_file>
   </input_file_list>
   <object_component_list>
      <object_component id="oc-f">
         <name>.intvecs</name>
         <load_address>0x0</load_address>
         <run_address>0x0</run_address>
         <size>0x26c</size>
         <input_file_ref idref="fl-3"/>
      </object_component>
      <object_component id="oc-80">
         <name>.text</name>
         <load_address>0x26c</load_address>
         <run_address>0x26c</run_address>
         <size>0xf60</size>
         <input_file_ref idref="fl-1d"/>
      </object_component>
      <object_component id="oc-31">
         <name>.text</name>
         <load_address>0x11cc</load_address>
         <run_address>0x11cc</run_address>
         <size>0xe3c</size>
         <input_file_ref idref="fl-2"/>
      </object_component>
      <object_component id="oc-95">
         <name>.text</name>
         <load_address>0x2008</load_address>
         <run_address>0x2008</run_address>
         <size>0xb4c</size>
         <input_file_ref idref="fl-11"/>
      </object_component>
      <object_component id="oc-9b">
         <name>.text</name>
         <load_address>0x2b54</load_address>
         <run_address>0x2b54</run_address>
         <size>0x718</size>
         <input_file_ref idref="fl-18"/>
      </object_component>
      <object_component id="oc-ae">
         <name>.text</name>
         <load_address>0x326c</load_address>
         <run_address>0x326c</run_address>
         <size>0x656</size>
         <input_file_ref idref="fl-20"/>
      </object_component>
      <object_component id="oc-5d">
         <name>.text</name>
         <load_address>0x38c2</load_address>
         <run_address>0x38c2</run_address>
         <size>0x2</size>
         <input_file_ref idref="fl-eb"/>
      </object_component>
      <object_component id="oc-c9">
         <name>.text</name>
         <load_address>0x38c4</load_address>
         <run_address>0x38c4</run_address>
         <size>0x638</size>
         <input_file_ref idref="fl-21"/>
      </object_component>
      <object_component id="oc-b4">
         <name>.text</name>
         <load_address>0x3efc</load_address>
         <run_address>0x3efc</run_address>
         <size>0x3c0</size>
         <input_file_ref idref="fl-14"/>
      </object_component>
      <object_component id="oc-8b">
         <name>.text</name>
         <load_address>0x42bc</load_address>
         <run_address>0x42bc</run_address>
         <size>0xfc</size>
         <input_file_ref idref="fl-e7"/>
      </object_component>
      <object_component id="oc-45">
         <name>.text</name>
         <load_address>0x43b8</load_address>
         <run_address>0x43b8</run_address>
         <size>0x9c</size>
         <input_file_ref idref="fl-e9"/>
      </object_component>
      <object_component id="oc-51">
         <name>.text</name>
         <load_address>0x4454</load_address>
         <run_address>0x4454</run_address>
         <size>0x7a</size>
         <input_file_ref idref="fl-ea"/>
      </object_component>
      <object_component id="oc-fd">
         <name>.text</name>
         <load_address>0x44ce</load_address>
         <run_address>0x44ce</run_address>
         <size>0x2</size>
         <input_file_ref idref="fl-f4"/>
      </object_component>
      <object_component id="oc-69">
         <name>.text</name>
         <load_address>0x44d0</load_address>
         <run_address>0x44d0</run_address>
         <size>0x70</size>
         <input_file_ref idref="fl-f2"/>
      </object_component>
      <object_component id="oc-12">
         <name>.text:decompress:lzss</name>
         <load_address>0x4540</load_address>
         <run_address>0x4540</run_address>
         <size>0x68</size>
         <input_file_ref idref="fl-e3"/>
      </object_component>
      <object_component id="oc-24">
         <name>.text</name>
         <load_address>0x45a8</load_address>
         <run_address>0x45a8</run_address>
         <size>0x54</size>
         <input_file_ref idref="fl-e2"/>
      </object_component>
      <object_component id="oc-75">
         <name>.text</name>
         <load_address>0x45fc</load_address>
         <run_address>0x45fc</run_address>
         <size>0x54</size>
         <input_file_ref idref="fl-e6"/>
      </object_component>
      <object_component id="oc-f7">
         <name>.text</name>
         <load_address>0x4650</load_address>
         <run_address>0x4650</run_address>
         <size>0x4c</size>
         <input_file_ref idref="fl-f3"/>
      </object_component>
      <object_component id="oc-a1">
         <name>.text</name>
         <load_address>0x469c</load_address>
         <run_address>0x469c</run_address>
         <size>0x4c</size>
         <input_file_ref idref="fl-ed"/>
      </object_component>
      <object_component id="oc-90">
         <name>.text</name>
         <load_address>0x46e8</load_address>
         <run_address>0x46e8</run_address>
         <size>0x44</size>
         <input_file_ref idref="fl-e8"/>
      </object_component>
      <object_component id="oc-115">
         <name>.text</name>
         <load_address>0x472c</load_address>
         <run_address>0x472c</run_address>
         <size>0x3e</size>
         <input_file_ref idref="fl-8"/>
      </object_component>
      <object_component id="oc-86">
         <name>.text</name>
         <load_address>0x476a</load_address>
         <run_address>0x476a</run_address>
         <size>0x20</size>
         <input_file_ref idref="fl-ef"/>
      </object_component>
      <object_component id="oc-6f">
         <name>.text</name>
         <load_address>0x478c</load_address>
         <run_address>0x478c</run_address>
         <size>0x18</size>
         <input_file_ref idref="fl-f1"/>
      </object_component>
      <object_component id="oc-190">
         <name>.text</name>
         <load_address>0x47a4</load_address>
         <run_address>0x47a4</run_address>
         <size>0x14</size>
         <input_file_ref idref="fl-f0"/>
      </object_component>
      <object_component id="oc-18">
         <name>.text:decompress:none</name>
         <load_address>0x47b8</load_address>
         <run_address>0x47b8</run_address>
         <size>0xe</size>
         <input_file_ref idref="fl-e4"/>
      </object_component>
      <object_component id="oc-1e">
         <name>.text:decompress:ZI</name>
         <load_address>0x47c6</load_address>
         <run_address>0x47c6</run_address>
         <size>0xc</size>
         <input_file_ref idref="fl-e5"/>
      </object_component>
      <object_component id="oc-2b">
         <name>.text</name>
         <load_address>0x47d2</load_address>
         <run_address>0x47d2</run_address>
         <size>0xc</size>
         <input_file_ref idref="fl-3"/>
      </object_component>
      <object_component id="oc-124">
         <name>.text:SysCtlDelay</name>
         <load_address>0x47de</load_address>
         <run_address>0x47de</run_address>
         <size>0x6</size>
         <input_file_ref idref="fl-1d"/>
      </object_component>
      <object_component id="oc-63">
         <name>.text</name>
         <load_address>0x47e4</load_address>
         <run_address>0x47e4</run_address>
         <size>0x4</size>
         <input_file_ref idref="fl-ec"/>
      </object_component>
      <object_component id="oc-121">
         <name>.const:g_pppui32XTALtoVCO</name>
         <load_address>0x47e8</load_address>
         <run_address>0x47e8</run_address>
         <size>0x1b0</size>
         <input_file_ref idref="fl-1d"/>
      </object_component>
      <object_component id="oc-12a">
         <name>.const:g_ppui32GPIOIntMapBlizzard</name>
         <load_address>0x4998</load_address>
         <run_address>0x4998</run_address>
         <size>0xc0</size>
         <input_file_ref idref="fl-11"/>
      </object_component>
      <object_component id="oc-130">
         <name>.const:g_ppui32GPIOIntMapSnowflake</name>
         <load_address>0x4a58</load_address>
         <run_address>0x4a58</run_address>
         <size>0xc0</size>
         <input_file_ref idref="fl-11"/>
      </object_component>
      <object_component id="oc-154">
         <name>.const:g_pui32Regs</name>
         <load_address>0x4b18</load_address>
         <run_address>0x4b18</run_address>
         <size>0x9c</size>
         <input_file_ref idref="fl-14"/>
      </object_component>
      <object_component id="oc-133">
         <name>.const:g_pui32GPIOBaseAddrs</name>
         <load_address>0x4bb4</load_address>
         <run_address>0x4bb4</run_address>
         <size>0x90</size>
         <input_file_ref idref="fl-11"/>
      </object_component>
      <object_component id="oc-11b">
         <name>.const:g_pui32Xtals</name>
         <load_address>0x4c44</load_address>
         <run_address>0x4c44</run_address>
         <size>0x6c</size>
         <input_file_ref idref="fl-1d"/>
      </object_component>
      <object_component id="oc-143">
         <name>.const:g_ppui32TimerIntMap</name>
         <load_address>0x4cb0</load_address>
         <run_address>0x4cb0</run_address>
         <size>0x60</size>
         <input_file_ref idref="fl-20"/>
      </object_component>
      <object_component id="oc-149">
         <name>.const:g_ppui32TimerIntMapSnowflake</name>
         <load_address>0x4d10</load_address>
         <run_address>0x4d10</run_address>
         <size>0x40</size>
         <input_file_ref idref="fl-20"/>
      </object_component>
      <object_component id="oc-16b">
         <name>.const:g_ppui32UARTIntMap</name>
         <load_address>0x4d50</load_address>
         <run_address>0x4d50</run_address>
         <size>0x40</size>
         <input_file_ref idref="fl-21"/>
      </object_component>
      <object_component id="oc-171">
         <name>.const:g_ppui32UARTIntMapSnowflake</name>
         <load_address>0x4d90</load_address>
         <run_address>0x4d90</run_address>
         <size>0x40</size>
         <input_file_ref idref="fl-21"/>
      </object_component>
      <object_component id="oc-112">
         <name>.const:g_sXTALtoMEMTIM</name>
         <load_address>0x4dd0</load_address>
         <run_address>0x4dd0</run_address>
         <size>0x30</size>
         <input_file_ref idref="fl-1d"/>
      </object_component>
      <object_component id="oc-151">
         <name>.const:g_pui32Priority</name>
         <load_address>0x4e00</load_address>
         <run_address>0x4e00</run_address>
         <size>0x20</size>
         <input_file_ref idref="fl-14"/>
      </object_component>
      <object_component id="oc-15a">
         <name>.const:g_pui32Dii16Regs</name>
         <load_address>0x4e20</load_address>
         <run_address>0x4e20</run_address>
         <size>0x14</size>
         <input_file_ref idref="fl-14"/>
      </object_component>
      <object_component id="oc-157">
         <name>.const:g_pui32EnRegs</name>
         <load_address>0x4e34</load_address>
         <run_address>0x4e34</run_address>
         <size>0x14</size>
         <input_file_ref idref="fl-14"/>
      </object_component>
      <object_component id="oc-15d">
         <name>.const:g_pui32PendRegs</name>
         <load_address>0x4e48</load_address>
         <run_address>0x4e48</run_address>
         <size>0x14</size>
         <input_file_ref idref="fl-14"/>
      </object_component>
      <object_component id="oc-160">
         <name>.const:g_pui32UnpendRegs</name>
         <load_address>0x4e5c</load_address>
         <run_address>0x4e5c</run_address>
         <size>0x14</size>
         <input_file_ref idref="fl-14"/>
      </object_component>
      <object_component id="oc-11e">
         <name>.const:g_pui32VCOFrequencies</name>
         <load_address>0x4e70</load_address>
         <run_address>0x4e70</run_address>
         <size>0x8</size>
         <input_file_ref idref="fl-1d"/>
      </object_component>
      <object_component id="oc-12d">
         <name>.const</name>
         <load_address>0x4e78</load_address>
         <run_address>0x4e78</run_address>
         <size>0x8</size>
         <input_file_ref idref="fl-11"/>
      </object_component>
      <object_component id="oc-146">
         <name>.const</name>
         <load_address>0x4e80</load_address>
         <run_address>0x4e80</run_address>
         <size>0x8</size>
         <input_file_ref idref="fl-20"/>
      </object_component>
      <object_component id="oc-16e">
         <name>.const</name>
         <load_address>0x4e88</load_address>
         <run_address>0x4e88</run_address>
         <size>0x8</size>
         <input_file_ref idref="fl-21"/>
      </object_component>
      <object_component id="oc-20c">
         <name>.cinit..data.load</name>
         <load_address>0x4e90</load_address>
         <run_address>0x4e90</run_address>
         <size>0x8b</size>
      </object_component>
      <object_component id="oc-209">
         <name>__TI_handler_table</name>
         <load_address>0x4f1c</load_address>
         <run_address>0x4f1c</run_address>
         <size>0xc</size>
      </object_component>
      <object_component id="oc-20d">
         <name>.cinit..bss.load</name>
         <load_address>0x4f28</load_address>
         <run_address>0x4f28</run_address>
         <size>0x8</size>
      </object_component>
      <object_component id="oc-20b">
         <name>.cinit..vtable.load</name>
         <load_address>0x4f30</load_address>
         <run_address>0x4f30</run_address>
         <size>0x8</size>
      </object_component>
      <object_component id="oc-20a">
         <name>__TI_cinit_table</name>
         <load_address>0x4f38</load_address>
         <run_address>0x4f38</run_address>
         <size>0x18</size>
      </object_component>
      <object_component id="oc-14e">
         <name>.vtable</name>
         <uninitialized>true</uninitialized>
         <run_address>0x20000000</run_address>
         <size>0x26c</size>
         <input_file_ref idref="fl-14"/>
      </object_component>
      <object_component id="oc-a7">
         <name>.data</name>
         <load_address>0x20000470</load_address>
         <run_address>0x20000470</run_address>
         <size>0x94</size>
         <input_file_ref idref="fl-2"/>
      </object_component>
      <object_component id="oc-bf">
         <name>.data:tones</name>
         <load_address>0x20000504</load_address>
         <run_address>0x20000504</run_address>
         <size>0x40</size>
         <input_file_ref idref="fl-2"/>
      </object_component>
      <object_component id="oc-bc">
         <name>.data:song</name>
         <load_address>0x2000055c</load_address>
         <run_address>0x2000055c</run_address>
         <size>0x10</size>
         <input_file_ref idref="fl-2"/>
      </object_component>
      <object_component id="oc-c2">
         <name>.data:templateSong</name>
         <load_address>0x20000544</load_address>
         <run_address>0x20000544</run_address>
         <size>0x18</size>
         <input_file_ref idref="fl-2"/>
      </object_component>
      <object_component id="oc-107">
         <name>.data:$O1$$</name>
         <load_address>0x2000056c</load_address>
         <run_address>0x2000056c</run_address>
         <size>0xc</size>
         <input_file_ref idref="fl-e6"/>
      </object_component>
      <object_component id="oc-13a">
         <name>.data</name>
         <load_address>0x20000580</load_address>
         <run_address>0x20000580</run_address>
         <size>0x4</size>
         <input_file_ref idref="fl-ed"/>
      </object_component>
      <object_component id="oc-7b">
         <name>.data</name>
         <load_address>0x20000584</load_address>
         <run_address>0x20000584</run_address>
         <size>0x4</size>
         <input_file_ref idref="fl-ee"/>
      </object_component>
      <object_component id="oc-10a">
         <name>.data:$O1$$</name>
         <load_address>0x20000578</load_address>
         <run_address>0x20000578</run_address>
         <size>0x8</size>
         <input_file_ref idref="fl-f0"/>
      </object_component>
      <object_component id="oc-cf">
         <name>.common:leftLick</name>
         <uninitialized>true</uninitialized>
         <run_address>0x200005b8</run_address>
         <size>0x4</size>
      </object_component>
      <object_component id="oc-d0">
         <name>.common:rightLick</name>
         <uninitialized>true</uninitialized>
         <run_address>0x200005c0</run_address>
         <size>0x4</size>
      </object_component>
      <object_component id="oc-c5">
         <name>.common:sum</name>
         <uninitialized>true</uninitialized>
         <run_address>0x200005c4</run_address>
         <size>0x4</size>
      </object_component>
      <object_component id="oc-aa">
         <name>.common:ui32Length1</name>
         <uninitialized>true</uninitialized>
         <run_address>0x200005cc</run_address>
         <size>0x4</size>
      </object_component>
      <object_component id="oc-c7">
         <name>.common:ui32Length2</name>
         <uninitialized>true</uninitialized>
         <run_address>0x200005d0</run_address>
         <size>0x4</size>
      </object_component>
      <object_component id="oc-c8">
         <name>.common:ui32Length3</name>
         <uninitialized>true</uninitialized>
         <run_address>0x200005d4</run_address>
         <size>0x4</size>
      </object_component>
      <object_component id="oc-ad">
         <name>.common:openDuration</name>
         <uninitialized>true</uninitialized>
         <run_address>0x200005bc</run_address>
         <size>0x4</size>
      </object_component>
      <object_component id="oc-ba">
         <name>.common:ui32PWMClock</name>
         <uninitialized>true</uninitialized>
         <run_address>0x200005d8</run_address>
         <size>0x4</size>
      </object_component>
      <object_component id="oc-bb">
         <name>.common:tonesIndex</name>
         <uninitialized>true</uninitialized>
         <run_address>0x200005a0</run_address>
         <size>0x18</size>
      </object_component>
      <object_component id="oc-d1">
         <name>.common:testChar</name>
         <uninitialized>true</uninitialized>
         <run_address>0x200005c8</run_address>
         <size>0x4</size>
      </object_component>
      <object_component id="oc-c6">
         <name>.common:pwmLoad</name>
         <uninitialized>true</uninitialized>
         <run_address>0x20000588</run_address>
         <size>0x18</size>
      </object_component>
      <object_component id="oc-2a">
         <name>.stack</name>
         <uninitialized>true</uninitialized>
         <run_address>0x2000026c</run_address>
         <size>0x0</size>
         <input_file_ref idref="fl-e2"/>
      </object_component>
      <object_component id="oc-20e">
         <name>.stack</name>
         <uninitialized>true</uninitialized>
         <run_address>0x2000026c</run_address>
         <size>0x0</size>
      </object_component>
      <object_component id="oc-ab">
         <name>.debug_info</name>
         <load_address>0x0</load_address>
         <run_address>0x0</run_address>
         <size>0xcb4</size>
         <input_file_ref idref="fl-2"/>
      </object_component>
      <object_component id="oc-a8">
         <name>.debug_info</name>
         <load_address>0xcb4</load_address>
         <run_address>0xcb4</run_address>
         <size>0x677</size>
         <input_file_ref idref="fl-2"/>
      </object_component>
      <object_component id="oc-c0">
         <name>.debug_info</name>
         <load_address>0x132b</load_address>
         <run_address>0x132b</run_address>
         <size>0xd2</size>
         <input_file_ref idref="fl-2"/>
      </object_component>
      <object_component id="oc-bd">
         <name>.debug_info</name>
         <load_address>0x13fd</load_address>
         <run_address>0x13fd</run_address>
         <size>0xd0</size>
         <input_file_ref idref="fl-2"/>
      </object_component>
      <object_component id="oc-c3">
         <name>.debug_info</name>
         <load_address>0x14cd</load_address>
         <run_address>0x14cd</run_address>
         <size>0xe0</size>
         <input_file_ref idref="fl-2"/>
      </object_component>
      <object_component id="oc-32">
         <name>.debug_info</name>
         <load_address>0x15ad</load_address>
         <run_address>0x15ad</run_address>
         <size>0x1ae5</size>
         <input_file_ref idref="fl-2"/>
      </object_component>
      <object_component id="oc-d3">
         <name>.debug_info</name>
         <load_address>0x3092</load_address>
         <run_address>0x3092</run_address>
         <size>0x8b</size>
         <input_file_ref idref="fl-2"/>
      </object_component>
      <object_component id="oc-d8">
         <name>.debug_info</name>
         <load_address>0x311d</load_address>
         <run_address>0x311d</run_address>
         <size>0x18b</size>
         <input_file_ref idref="fl-2"/>
      </object_component>
      <object_component id="oc-39">
         <name>.debug_info</name>
         <load_address>0x32a8</load_address>
         <run_address>0x32a8</run_address>
         <size>0x403</size>
         <input_file_ref idref="fl-3"/>
      </object_component>
      <object_component id="oc-10">
         <name>.debug_info</name>
         <load_address>0x36ab</load_address>
         <run_address>0x36ab</run_address>
         <size>0xf4</size>
         <input_file_ref idref="fl-3"/>
      </object_component>
      <object_component id="oc-2c">
         <name>.debug_info</name>
         <load_address>0x379f</load_address>
         <run_address>0x379f</run_address>
         <size>0x270</size>
         <input_file_ref idref="fl-3"/>
      </object_component>
      <object_component id="oc-40">
         <name>.debug_info</name>
         <load_address>0x3a0f</load_address>
         <run_address>0x3a0f</run_address>
         <size>0x84</size>
         <input_file_ref idref="fl-3"/>
      </object_component>
      <object_component id="oc-116">
         <name>.debug_info</name>
         <load_address>0x3a93</load_address>
         <run_address>0x3a93</run_address>
         <size>0x4d4</size>
         <input_file_ref idref="fl-8"/>
      </object_component>
      <object_component id="oc-137">
         <name>.debug_info</name>
         <load_address>0x3f67</load_address>
         <run_address>0x3f67</run_address>
         <size>0x367</size>
         <input_file_ref idref="fl-11"/>
      </object_component>
      <object_component id="oc-12b">
         <name>.debug_info</name>
         <load_address>0x42ce</load_address>
         <run_address>0x42ce</run_address>
         <size>0x124</size>
         <input_file_ref idref="fl-11"/>
      </object_component>
      <object_component id="oc-12e">
         <name>.debug_info</name>
         <load_address>0x43f2</load_address>
         <run_address>0x43f2</run_address>
         <size>0x172</size>
         <input_file_ref idref="fl-11"/>
      </object_component>
      <object_component id="oc-131">
         <name>.debug_info</name>
         <load_address>0x4564</load_address>
         <run_address>0x4564</run_address>
         <size>0x126</size>
         <input_file_ref idref="fl-11"/>
      </object_component>
      <object_component id="oc-134">
         <name>.debug_info</name>
         <load_address>0x468a</load_address>
         <run_address>0x468a</run_address>
         <size>0x118</size>
         <input_file_ref idref="fl-11"/>
      </object_component>
      <object_component id="oc-96">
         <name>.debug_info</name>
         <load_address>0x47a2</load_address>
         <run_address>0x47a2</run_address>
         <size>0x3a16</size>
         <input_file_ref idref="fl-11"/>
      </object_component>
      <object_component id="oc-164">
         <name>.debug_info</name>
         <load_address>0x81b8</load_address>
         <run_address>0x81b8</run_address>
         <size>0x34f</size>
         <input_file_ref idref="fl-14"/>
      </object_component>
      <object_component id="oc-152">
         <name>.debug_info</name>
         <load_address>0x8507</load_address>
         <run_address>0x8507</run_address>
         <size>0x113</size>
         <input_file_ref idref="fl-14"/>
      </object_component>
      <object_component id="oc-155">
         <name>.debug_info</name>
         <load_address>0x861a</load_address>
         <run_address>0x861a</run_address>
         <size>0x10b</size>
         <input_file_ref idref="fl-14"/>
      </object_component>
      <object_component id="oc-158">
         <name>.debug_info</name>
         <load_address>0x8725</load_address>
         <run_address>0x8725</run_address>
         <size>0x10f</size>
         <input_file_ref idref="fl-14"/>
      </object_component>
      <object_component id="oc-15b">
         <name>.debug_info</name>
         <load_address>0x8834</load_address>
         <run_address>0x8834</run_address>
         <size>0x115</size>
         <input_file_ref idref="fl-14"/>
      </object_component>
      <object_component id="oc-15e">
         <name>.debug_info</name>
         <load_address>0x8949</load_address>
         <run_address>0x8949</run_address>
         <size>0x113</size>
         <input_file_ref idref="fl-14"/>
      </object_component>
      <object_component id="oc-161">
         <name>.debug_info</name>
         <load_address>0x8a5c</load_address>
         <run_address>0x8a5c</run_address>
         <size>0x117</size>
         <input_file_ref idref="fl-14"/>
      </object_component>
      <object_component id="oc-14f">
         <name>.debug_info</name>
         <load_address>0x8b73</load_address>
         <run_address>0x8b73</run_address>
         <size>0x114</size>
         <input_file_ref idref="fl-14"/>
      </object_component>
      <object_component id="oc-b5">
         <name>.debug_info</name>
         <load_address>0x8c87</load_address>
         <run_address>0x8c87</run_address>
         <size>0x1132</size>
         <input_file_ref idref="fl-14"/>
      </object_component>
      <object_component id="oc-139">
         <name>.debug_info</name>
         <load_address>0x9db9</load_address>
         <run_address>0x9db9</run_address>
         <size>0x324</size>
         <input_file_ref idref="fl-18"/>
      </object_component>
      <object_component id="oc-9c">
         <name>.debug_info</name>
         <load_address>0xa0dd</load_address>
         <run_address>0xa0dd</run_address>
         <size>0x30d9</size>
         <input_file_ref idref="fl-18"/>
      </object_component>
      <object_component id="oc-126">
         <name>.debug_info</name>
         <load_address>0xd1b6</load_address>
         <run_address>0xd1b6</run_address>
         <size>0x3d4</size>
         <input_file_ref idref="fl-1d"/>
      </object_component>
      <object_component id="oc-11c">
         <name>.debug_info</name>
         <load_address>0xd58a</load_address>
         <run_address>0xd58a</run_address>
         <size>0x10a</size>
         <input_file_ref idref="fl-1d"/>
      </object_component>
      <object_component id="oc-122">
         <name>.debug_info</name>
         <load_address>0xd694</load_address>
         <run_address>0xd694</run_address>
         <size>0x116</size>
         <input_file_ref idref="fl-1d"/>
      </object_component>
      <object_component id="oc-113">
         <name>.debug_info</name>
         <load_address>0xd7aa</load_address>
         <run_address>0xd7aa</run_address>
         <size>0x110</size>
         <input_file_ref idref="fl-1d"/>
      </object_component>
      <object_component id="oc-11f">
         <name>.debug_info</name>
         <load_address>0xd8ba</load_address>
         <run_address>0xd8ba</run_address>
         <size>0x11d</size>
         <input_file_ref idref="fl-1d"/>
      </object_component>
      <object_component id="oc-81">
         <name>.debug_info</name>
         <load_address>0xd9d7</load_address>
         <run_address>0xd9d7</run_address>
         <size>0x390c</size>
         <input_file_ref idref="fl-1d"/>
      </object_component>
      <object_component id="oc-1a7">
         <name>.debug_info</name>
         <load_address>0x112e3</load_address>
         <run_address>0x112e3</run_address>
         <size>0x51</size>
         <input_file_ref idref="fl-1d"/>
      </object_component>
      <object_component id="oc-14d">
         <name>.debug_info</name>
         <load_address>0x11334</load_address>
         <run_address>0x11334</run_address>
         <size>0x364</size>
         <input_file_ref idref="fl-20"/>
      </object_component>
      <object_component id="oc-144">
         <name>.debug_info</name>
         <load_address>0x11698</load_address>
         <run_address>0x11698</run_address>
         <size>0x117</size>
         <input_file_ref idref="fl-20"/>
      </object_component>
      <object_component id="oc-147">
         <name>.debug_info</name>
         <load_address>0x117af</load_address>
         <run_address>0x117af</run_address>
         <size>0x163</size>
         <input_file_ref idref="fl-20"/>
      </object_component>
      <object_component id="oc-14a">
         <name>.debug_info</name>
         <load_address>0x11912</load_address>
         <run_address>0x11912</run_address>
         <size>0x129</size>
         <input_file_ref idref="fl-20"/>
      </object_component>
      <object_component id="oc-af">
         <name>.debug_info</name>
         <load_address>0x11a3b</load_address>
         <run_address>0x11a3b</run_address>
         <size>0x2e11</size>
         <input_file_ref idref="fl-20"/>
      </object_component>
      <object_component id="oc-175">
         <name>.debug_info</name>
         <load_address>0x1484c</load_address>
         <run_address>0x1484c</run_address>
         <size>0x359</size>
         <input_file_ref idref="fl-21"/>
      </object_component>
      <object_component id="oc-16c">
         <name>.debug_info</name>
         <load_address>0x14ba5</load_address>
         <run_address>0x14ba5</run_address>
         <size>0x114</size>
         <input_file_ref idref="fl-21"/>
      </object_component>
      <object_component id="oc-16f">
         <name>.debug_info</name>
         <load_address>0x14cb9</load_address>
         <run_address>0x14cb9</run_address>
         <size>0x15e</size>
         <input_file_ref idref="fl-21"/>
      </object_component>
      <object_component id="oc-172">
         <name>.debug_info</name>
         <load_address>0x14e17</load_address>
         <run_address>0x14e17</run_address>
         <size>0x126</size>
         <input_file_ref idref="fl-21"/>
      </object_component>
      <object_component id="oc-ca">
         <name>.debug_info</name>
         <load_address>0x14f3d</load_address>
         <run_address>0x14f3d</run_address>
         <size>0x32c6</size>
         <input_file_ref idref="fl-21"/>
      </object_component>
      <object_component id="oc-26">
         <name>.debug_info</name>
         <load_address>0x18203</load_address>
         <run_address>0x18203</run_address>
         <size>0x160</size>
         <input_file_ref idref="fl-e2"/>
      </object_component>
      <object_component id="oc-e4">
         <name>.debug_info</name>
         <load_address>0x18363</load_address>
         <run_address>0x18363</run_address>
         <size>0x293</size>
         <input_file_ref idref="fl-e3"/>
      </object_component>
      <object_component id="oc-16">
         <name>.debug_info</name>
         <load_address>0x185f6</load_address>
         <run_address>0x185f6</run_address>
         <size>0x245</size>
         <input_file_ref idref="fl-e3"/>
      </object_component>
      <object_component id="oc-3b">
         <name>.debug_info</name>
         <load_address>0x1883b</load_address>
         <run_address>0x1883b</run_address>
         <size>0x60</size>
         <input_file_ref idref="fl-e3"/>
      </object_component>
      <object_component id="oc-df">
         <name>.debug_info</name>
         <load_address>0x1889b</load_address>
         <run_address>0x1889b</run_address>
         <size>0x46</size>
         <input_file_ref idref="fl-e3"/>
      </object_component>
      <object_component id="oc-50">
         <name>.debug_info</name>
         <load_address>0x188e1</load_address>
         <run_address>0x188e1</run_address>
         <size>0x2da</size>
         <input_file_ref idref="fl-e4"/>
      </object_component>
      <object_component id="oc-1c">
         <name>.debug_info</name>
         <load_address>0x18bbb</load_address>
         <run_address>0x18bbb</run_address>
         <size>0x1df</size>
         <input_file_ref idref="fl-e4"/>
      </object_component>
      <object_component id="oc-4b">
         <name>.debug_info</name>
         <load_address>0x18d9a</load_address>
         <run_address>0x18d9a</run_address>
         <size>0x46</size>
         <input_file_ref idref="fl-e4"/>
      </object_component>
      <object_component id="oc-e6">
         <name>.debug_info</name>
         <load_address>0x18de0</load_address>
         <run_address>0x18de0</run_address>
         <size>0x2c</size>
         <input_file_ref idref="fl-e4"/>
      </object_component>
      <object_component id="oc-5c">
         <name>.debug_info</name>
         <load_address>0x18e0c</load_address>
         <run_address>0x18e0c</run_address>
         <size>0x2c9</size>
         <input_file_ref idref="fl-e5"/>
      </object_component>
      <object_component id="oc-22">
         <name>.debug_info</name>
         <load_address>0x190d5</load_address>
         <run_address>0x190d5</run_address>
         <size>0x1aa</size>
         <input_file_ref idref="fl-e5"/>
      </object_component>
      <object_component id="oc-57">
         <name>.debug_info</name>
         <load_address>0x1927f</load_address>
         <run_address>0x1927f</run_address>
         <size>0x46</size>
         <input_file_ref idref="fl-e5"/>
      </object_component>
      <object_component id="oc-ee">
         <name>.debug_info</name>
         <load_address>0x192c5</load_address>
         <run_address>0x192c5</run_address>
         <size>0x2c</size>
         <input_file_ref idref="fl-e5"/>
      </object_component>
      <object_component id="oc-10e">
         <name>.debug_info</name>
         <load_address>0x192f1</load_address>
         <run_address>0x192f1</run_address>
         <size>0x3ce</size>
         <input_file_ref idref="fl-e6"/>
      </object_component>
      <object_component id="oc-108">
         <name>.debug_info</name>
         <load_address>0x196bf</load_address>
         <run_address>0x196bf</run_address>
         <size>0x185</size>
         <input_file_ref idref="fl-e6"/>
      </object_component>
      <object_component id="oc-79">
         <name>.debug_info</name>
         <load_address>0x19844</load_address>
         <run_address>0x19844</run_address>
         <size>0x214</size>
         <input_file_ref idref="fl-e6"/>
      </object_component>
      <object_component id="oc-8e">
         <name>.debug_info</name>
         <load_address>0x19a58</load_address>
         <run_address>0x19a58</run_address>
         <size>0x132</size>
         <input_file_ref idref="fl-e7"/>
      </object_component>
      <object_component id="oc-93">
         <name>.debug_info</name>
         <load_address>0x19b8a</load_address>
         <run_address>0x19b8a</run_address>
         <size>0x131</size>
         <input_file_ref idref="fl-e8"/>
      </object_component>
      <object_component id="oc-46">
         <name>.debug_info</name>
         <load_address>0x19cbb</load_address>
         <run_address>0x19cbb</run_address>
         <size>0x111</size>
         <input_file_ref idref="fl-e9"/>
      </object_component>
      <object_component id="oc-53">
         <name>.debug_info</name>
         <load_address>0x19dcc</load_address>
         <run_address>0x19dcc</run_address>
         <size>0x13f</size>
         <input_file_ref idref="fl-ea"/>
      </object_component>
      <object_component id="oc-5e">
         <name>.debug_info</name>
         <load_address>0x19f0b</load_address>
         <run_address>0x19f0b</run_address>
         <size>0x138</size>
         <input_file_ref idref="fl-eb"/>
      </object_component>
      <object_component id="oc-66">
         <name>.debug_info</name>
         <load_address>0x1a043</load_address>
         <run_address>0x1a043</run_address>
         <size>0x148</size>
         <input_file_ref idref="fl-ec"/>
      </object_component>
      <object_component id="oc-13e">
         <name>.debug_info</name>
         <load_address>0x1a18b</load_address>
         <run_address>0x1a18b</run_address>
         <size>0x2af</size>
         <input_file_ref idref="fl-ed"/>
      </object_component>
      <object_component id="oc-13b">
         <name>.debug_info</name>
         <load_address>0x1a43a</load_address>
         <run_address>0x1a43a</run_address>
         <size>0xf0</size>
         <input_file_ref idref="fl-ed"/>
      </object_component>
      <object_component id="oc-a5">
         <name>.debug_info</name>
         <load_address>0x1a52a</load_address>
         <run_address>0x1a52a</run_address>
         <size>0x1a4</size>
         <input_file_ref idref="fl-ed"/>
      </object_component>
      <object_component id="oc-7c">
         <name>.debug_info</name>
         <load_address>0x1a6ce</load_address>
         <run_address>0x1a6ce</run_address>
         <size>0x109</size>
         <input_file_ref idref="fl-ee"/>
      </object_component>
      <object_component id="oc-88">
         <name>.debug_info</name>
         <load_address>0x1a7d7</load_address>
         <run_address>0x1a7d7</run_address>
         <size>0x126</size>
         <input_file_ref idref="fl-ef"/>
      </object_component>
      <object_component id="oc-198">
         <name>.debug_info</name>
         <load_address>0x1a8fd</load_address>
         <run_address>0x1a8fd</run_address>
         <size>0x2be</size>
         <input_file_ref idref="fl-f0"/>
      </object_component>
      <object_component id="oc-10b">
         <name>.debug_info</name>
         <load_address>0x1abbb</load_address>
         <run_address>0x1abbb</run_address>
         <size>0x113</size>
         <input_file_ref idref="fl-f0"/>
      </object_component>
      <object_component id="oc-193">
         <name>.debug_info</name>
         <load_address>0x1acce</load_address>
         <run_address>0x1acce</run_address>
         <size>0x21f</size>
         <input_file_ref idref="fl-f0"/>
      </object_component>
      <object_component id="oc-106">
         <name>.debug_info</name>
         <load_address>0x1aeed</load_address>
         <run_address>0x1aeed</run_address>
         <size>0x300</size>
         <input_file_ref idref="fl-f1"/>
      </object_component>
      <object_component id="oc-70">
         <name>.debug_info</name>
         <load_address>0x1b1ed</load_address>
         <run_address>0x1b1ed</run_address>
         <size>0x167</size>
         <input_file_ref idref="fl-f1"/>
      </object_component>
      <object_component id="oc-189">
         <name>.debug_info</name>
         <load_address>0x1b354</load_address>
         <run_address>0x1b354</run_address>
         <size>0x5e</size>
         <input_file_ref idref="fl-f1"/>
      </object_component>
      <object_component id="oc-104">
         <name>.debug_info</name>
         <load_address>0x1b3b2</load_address>
         <run_address>0x1b3b2</run_address>
         <size>0x483</size>
         <input_file_ref idref="fl-f2"/>
      </object_component>
      <object_component id="oc-6a">
         <name>.debug_info</name>
         <load_address>0x1b835</load_address>
         <run_address>0x1b835</run_address>
         <size>0x190</size>
         <input_file_ref idref="fl-f2"/>
      </object_component>
      <object_component id="oc-17d">
         <name>.debug_info</name>
         <load_address>0x1b9c5</load_address>
         <run_address>0x1b9c5</run_address>
         <size>0x39</size>
         <input_file_ref idref="fl-f2"/>
      </object_component>
      <object_component id="oc-1e2">
         <name>.debug_info</name>
         <load_address>0x1b9fe</load_address>
         <run_address>0x1b9fe</run_address>
         <size>0x39</size>
         <input_file_ref idref="fl-f2"/>
      </object_component>
      <object_component id="oc-182">
         <name>.debug_info</name>
         <load_address>0x1ba37</load_address>
         <run_address>0x1ba37</run_address>
         <size>0xcd</size>
         <input_file_ref idref="fl-f2"/>
      </object_component>
      <object_component id="oc-179">
         <name>.debug_info</name>
         <load_address>0x1bb04</load_address>
         <run_address>0x1bb04</run_address>
         <size>0x37a</size>
         <input_file_ref idref="fl-f3"/>
      </object_component>
      <object_component id="oc-f8">
         <name>.debug_info</name>
         <load_address>0x1be7e</load_address>
         <run_address>0x1be7e</run_address>
         <size>0x183</size>
         <input_file_ref idref="fl-f3"/>
      </object_component>
      <object_component id="oc-1dd">
         <name>.debug_info</name>
         <load_address>0x1c001</load_address>
         <run_address>0x1c001</run_address>
         <size>0x2c</size>
         <input_file_ref idref="fl-f3"/>
      </object_component>
      <object_component id="oc-ff">
         <name>.debug_info</name>
         <load_address>0x1c02d</load_address>
         <run_address>0x1c02d</run_address>
         <size>0x145</size>
         <input_file_ref idref="fl-f4"/>
      </object_component>
      <object_component id="oc-20f">
         <name>.debug_info</name>
         <load_address>0x1c172</load_address>
         <run_address>0x1c172</run_address>
         <size>0xaa</size>
      </object_component>
      <object_component id="oc-142">
         <name>.debug_line</name>
         <load_address>0x0</load_address>
         <run_address>0x0</run_address>
         <size>0x1bd</size>
         <input_file_ref idref="fl-2"/>
      </object_component>
      <object_component id="oc-140">
         <name>.debug_line</name>
         <load_address>0x1bd</load_address>
         <run_address>0x1bd</run_address>
         <size>0x2d</size>
         <input_file_ref idref="fl-2"/>
      </object_component>
      <object_component id="oc-168">
         <name>.debug_line</name>
         <load_address>0x1ea</load_address>
         <run_address>0x1ea</run_address>
         <size>0x2d</size>
         <input_file_ref idref="fl-2"/>
      </object_component>
      <object_component id="oc-166">
         <name>.debug_line</name>
         <load_address>0x217</load_address>
         <run_address>0x217</run_address>
         <size>0x2d</size>
         <input_file_ref idref="fl-2"/>
      </object_component>
      <object_component id="oc-16a">
         <name>.debug_line</name>
         <load_address>0x244</load_address>
         <run_address>0x244</run_address>
         <size>0x2d</size>
         <input_file_ref idref="fl-2"/>
      </object_component>
      <object_component id="oc-35">
         <name>.debug_line</name>
         <load_address>0x271</load_address>
         <run_address>0x271</run_address>
         <size>0x4ef</size>
         <input_file_ref idref="fl-2"/>
      </object_component>
      <object_component id="oc-d6">
         <name>.debug_line</name>
         <load_address>0x760</load_address>
         <run_address>0x760</run_address>
         <size>0x20</size>
         <input_file_ref idref="fl-2"/>
      </object_component>
      <object_component id="oc-db">
         <name>.debug_line</name>
         <load_address>0x780</load_address>
         <run_address>0x780</run_address>
         <size>0x65</size>
         <input_file_ref idref="fl-2"/>
      </object_component>
      <object_component id="oc-de">
         <name>.debug_line</name>
         <load_address>0x7e5</load_address>
         <run_address>0x7e5</run_address>
         <size>0x41</size>
         <input_file_ref idref="fl-3"/>
      </object_component>
      <object_component id="oc-38">
         <name>.debug_line</name>
         <load_address>0x826</load_address>
         <run_address>0x826</run_address>
         <size>0x41</size>
         <input_file_ref idref="fl-3"/>
      </object_component>
      <object_component id="oc-2f">
         <name>.debug_line</name>
         <load_address>0x867</load_address>
         <run_address>0x867</run_address>
         <size>0xa1</size>
         <input_file_ref idref="fl-3"/>
      </object_component>
      <object_component id="oc-43">
         <name>.debug_line</name>
         <load_address>0x908</load_address>
         <run_address>0x908</run_address>
         <size>0x20</size>
         <input_file_ref idref="fl-3"/>
      </object_component>
      <object_component id="oc-119">
         <name>.debug_line</name>
         <load_address>0x928</load_address>
         <run_address>0x928</run_address>
         <size>0xf8</size>
         <input_file_ref idref="fl-8"/>
      </object_component>
      <object_component id="oc-1b4">
         <name>.debug_line</name>
         <load_address>0xa20</load_address>
         <run_address>0xa20</run_address>
         <size>0x5b</size>
         <input_file_ref idref="fl-11"/>
      </object_component>
      <object_component id="oc-1ac">
         <name>.debug_line</name>
         <load_address>0xa7b</load_address>
         <run_address>0xa7b</run_address>
         <size>0x56</size>
         <input_file_ref idref="fl-11"/>
      </object_component>
      <object_component id="oc-1ae">
         <name>.debug_line</name>
         <load_address>0xad1</load_address>
         <run_address>0xad1</run_address>
         <size>0x56</size>
         <input_file_ref idref="fl-11"/>
      </object_component>
      <object_component id="oc-1b0">
         <name>.debug_line</name>
         <load_address>0xb27</load_address>
         <run_address>0xb27</run_address>
         <size>0x56</size>
         <input_file_ref idref="fl-11"/>
      </object_component>
      <object_component id="oc-1b2">
         <name>.debug_line</name>
         <load_address>0xb7d</load_address>
         <run_address>0xb7d</run_address>
         <size>0x56</size>
         <input_file_ref idref="fl-11"/>
      </object_component>
      <object_component id="oc-99">
         <name>.debug_line</name>
         <load_address>0xbd3</load_address>
         <run_address>0xbd3</run_address>
         <size>0x617</size>
         <input_file_ref idref="fl-11"/>
      </object_component>
      <object_component id="oc-1d2">
         <name>.debug_line</name>
         <load_address>0x11ea</load_address>
         <run_address>0x11ea</run_address>
         <size>0x55</size>
         <input_file_ref idref="fl-14"/>
      </object_component>
      <object_component id="oc-1c6">
         <name>.debug_line</name>
         <load_address>0x123f</load_address>
         <run_address>0x123f</run_address>
         <size>0x5b</size>
         <input_file_ref idref="fl-14"/>
      </object_component>
      <object_component id="oc-1c8">
         <name>.debug_line</name>
         <load_address>0x129a</load_address>
         <run_address>0x129a</run_address>
         <size>0x5b</size>
         <input_file_ref idref="fl-14"/>
      </object_component>
      <object_component id="oc-1ca">
         <name>.debug_line</name>
         <load_address>0x12f5</load_address>
         <run_address>0x12f5</run_address>
         <size>0x5b</size>
         <input_file_ref idref="fl-14"/>
      </object_component>
      <object_component id="oc-1cc">
         <name>.debug_line</name>
         <load_address>0x1350</load_address>
         <run_address>0x1350</run_address>
         <size>0x5b</size>
         <input_file_ref idref="fl-14"/>
      </object_component>
      <object_component id="oc-1ce">
         <name>.debug_line</name>
         <load_address>0x13ab</load_address>
         <run_address>0x13ab</run_address>
         <size>0x5b</size>
         <input_file_ref idref="fl-14"/>
      </object_component>
      <object_component id="oc-1d0">
         <name>.debug_line</name>
         <load_address>0x1406</load_address>
         <run_address>0x1406</run_address>
         <size>0x5b</size>
         <input_file_ref idref="fl-14"/>
      </object_component>
      <object_component id="oc-1c4">
         <name>.debug_line</name>
         <load_address>0x1461</load_address>
         <run_address>0x1461</run_address>
         <size>0x5b</size>
         <input_file_ref idref="fl-14"/>
      </object_component>
      <object_component id="oc-b8">
         <name>.debug_line</name>
         <load_address>0x14bc</load_address>
         <run_address>0x14bc</run_address>
         <size>0x30c</size>
         <input_file_ref idref="fl-14"/>
      </object_component>
      <object_component id="oc-1b6">
         <name>.debug_line</name>
         <load_address>0x17c8</load_address>
         <run_address>0x17c8</run_address>
         <size>0x5b</size>
         <input_file_ref idref="fl-18"/>
      </object_component>
      <object_component id="oc-9f">
         <name>.debug_line</name>
         <load_address>0x1823</load_address>
         <run_address>0x1823</run_address>
         <size>0x576</size>
         <input_file_ref idref="fl-18"/>
      </object_component>
      <object_component id="oc-1a6">
         <name>.debug_line</name>
         <load_address>0x1d99</load_address>
         <run_address>0x1d99</run_address>
         <size>0xc8</size>
         <input_file_ref idref="fl-1d"/>
      </object_component>
      <object_component id="oc-1a0">
         <name>.debug_line</name>
         <load_address>0x1e61</load_address>
         <run_address>0x1e61</run_address>
         <size>0x58</size>
         <input_file_ref idref="fl-1d"/>
      </object_component>
      <object_component id="oc-1a4">
         <name>.debug_line</name>
         <load_address>0x1eb9</load_address>
         <run_address>0x1eb9</run_address>
         <size>0x58</size>
         <input_file_ref idref="fl-1d"/>
      </object_component>
      <object_component id="oc-19d">
         <name>.debug_line</name>
         <load_address>0x1f11</load_address>
         <run_address>0x1f11</run_address>
         <size>0x58</size>
         <input_file_ref idref="fl-1d"/>
      </object_component>
      <object_component id="oc-1a2">
         <name>.debug_line</name>
         <load_address>0x1f69</load_address>
         <run_address>0x1f69</run_address>
         <size>0x58</size>
         <input_file_ref idref="fl-1d"/>
      </object_component>
      <object_component id="oc-84">
         <name>.debug_line</name>
         <load_address>0x1fc1</load_address>
         <run_address>0x1fc1</run_address>
         <size>0x9b8</size>
         <input_file_ref idref="fl-1d"/>
      </object_component>
      <object_component id="oc-1a9">
         <name>.debug_line</name>
         <load_address>0x2979</load_address>
         <run_address>0x2979</run_address>
         <size>0x58</size>
         <input_file_ref idref="fl-1d"/>
      </object_component>
      <object_component id="oc-1c2">
         <name>.debug_line</name>
         <load_address>0x29d1</load_address>
         <run_address>0x29d1</run_address>
         <size>0x5b</size>
         <input_file_ref idref="fl-20"/>
      </object_component>
      <object_component id="oc-1bc">
         <name>.debug_line</name>
         <load_address>0x2a2c</load_address>
         <run_address>0x2a2c</run_address>
         <size>0x57</size>
         <input_file_ref idref="fl-20"/>
      </object_component>
      <object_component id="oc-1be">
         <name>.debug_line</name>
         <load_address>0x2a83</load_address>
         <run_address>0x2a83</run_address>
         <size>0x57</size>
         <input_file_ref idref="fl-20"/>
      </object_component>
      <object_component id="oc-1c0">
         <name>.debug_line</name>
         <load_address>0x2ada</load_address>
         <run_address>0x2ada</run_address>
         <size>0x57</size>
         <input_file_ref idref="fl-20"/>
      </object_component>
      <object_component id="oc-b2">
         <name>.debug_line</name>
         <load_address>0x2b31</load_address>
         <run_address>0x2b31</run_address>
         <size>0x538</size>
         <input_file_ref idref="fl-20"/>
      </object_component>
      <object_component id="oc-1da">
         <name>.debug_line</name>
         <load_address>0x3069</load_address>
         <run_address>0x3069</run_address>
         <size>0x5b</size>
         <input_file_ref idref="fl-21"/>
      </object_component>
      <object_component id="oc-1d4">
         <name>.debug_line</name>
         <load_address>0x30c4</load_address>
         <run_address>0x30c4</run_address>
         <size>0x56</size>
         <input_file_ref idref="fl-21"/>
      </object_component>
      <object_component id="oc-1d6">
         <name>.debug_line</name>
         <load_address>0x311a</load_address>
         <run_address>0x311a</run_address>
         <size>0x56</size>
         <input_file_ref idref="fl-21"/>
      </object_component>
      <object_component id="oc-1d8">
         <name>.debug_line</name>
         <load_address>0x3170</load_address>
         <run_address>0x3170</run_address>
         <size>0x56</size>
         <input_file_ref idref="fl-21"/>
      </object_component>
      <object_component id="oc-cd">
         <name>.debug_line</name>
         <load_address>0x31c6</load_address>
         <run_address>0x31c6</run_address>
         <size>0x5d5</size>
         <input_file_ref idref="fl-21"/>
      </object_component>
      <object_component id="oc-25">
         <name>.debug_line</name>
         <load_address>0x379b</load_address>
         <run_address>0x379b</run_address>
         <size>0x53</size>
         <input_file_ref idref="fl-e2"/>
      </object_component>
      <object_component id="oc-177">
         <name>.debug_line</name>
         <load_address>0x37ee</load_address>
         <run_address>0x37ee</run_address>
         <size>0x20</size>
         <input_file_ref idref="fl-e3"/>
      </object_component>
      <object_component id="oc-15">
         <name>.debug_line</name>
         <load_address>0x380e</load_address>
         <run_address>0x380e</run_address>
         <size>0xa9</size>
         <input_file_ref idref="fl-e3"/>
      </object_component>
      <object_component id="oc-3e">
         <name>.debug_line</name>
         <load_address>0x38b7</load_address>
         <run_address>0x38b7</run_address>
         <size>0x3a</size>
         <input_file_ref idref="fl-e3"/>
      </object_component>
      <object_component id="oc-e2">
         <name>.debug_line</name>
         <load_address>0x38f1</load_address>
         <run_address>0x38f1</run_address>
         <size>0x8a</size>
         <input_file_ref idref="fl-e3"/>
      </object_component>
      <object_component id="oc-ec">
         <name>.debug_line</name>
         <load_address>0x397b</load_address>
         <run_address>0x397b</run_address>
         <size>0x8a</size>
         <input_file_ref idref="fl-e4"/>
      </object_component>
      <object_component id="oc-1b">
         <name>.debug_line</name>
         <load_address>0x3a05</load_address>
         <run_address>0x3a05</run_address>
         <size>0x55</size>
         <input_file_ref idref="fl-e4"/>
      </object_component>
      <object_component id="oc-4e">
         <name>.debug_line</name>
         <load_address>0x3a5a</load_address>
         <run_address>0x3a5a</run_address>
         <size>0x3a</size>
         <input_file_ref idref="fl-e4"/>
      </object_component>
      <object_component id="oc-e9">
         <name>.debug_line</name>
         <load_address>0x3a94</load_address>
         <run_address>0x3a94</run_address>
         <size>0x8a</size>
         <input_file_ref idref="fl-e4"/>
      </object_component>
      <object_component id="oc-f4">
         <name>.debug_line</name>
         <load_address>0x3b1e</load_address>
         <run_address>0x3b1e</run_address>
         <size>0x8a</size>
         <input_file_ref idref="fl-e5"/>
      </object_component>
      <object_component id="oc-1f">
         <name>.debug_line</name>
         <load_address>0x3ba8</load_address>
         <run_address>0x3ba8</run_address>
         <size>0x4f</size>
         <input_file_ref idref="fl-e5"/>
      </object_component>
      <object_component id="oc-5a">
         <name>.debug_line</name>
         <load_address>0x3bf7</load_address>
         <run_address>0x3bf7</run_address>
         <size>0x34</size>
         <input_file_ref idref="fl-e5"/>
      </object_component>
      <object_component id="oc-f1">
         <name>.debug_line</name>
         <load_address>0x3c2b</load_address>
         <run_address>0x3c2b</run_address>
         <size>0x8a</size>
         <input_file_ref idref="fl-e5"/>
      </object_component>
      <object_component id="oc-19b">
         <name>.debug_line</name>
         <load_address>0x3cb5</load_address>
         <run_address>0x3cb5</run_address>
         <size>0xf2</size>
         <input_file_ref idref="fl-e6"/>
      </object_component>
      <object_component id="oc-18f">
         <name>.debug_line</name>
         <load_address>0x3da7</load_address>
         <run_address>0x3da7</run_address>
         <size>0x2a</size>
         <input_file_ref idref="fl-e6"/>
      </object_component>
      <object_component id="oc-77">
         <name>.debug_line</name>
         <load_address>0x3dd1</load_address>
         <run_address>0x3dd1</run_address>
         <size>0x86</size>
         <input_file_ref idref="fl-e6"/>
      </object_component>
      <object_component id="oc-8d">
         <name>.debug_line</name>
         <load_address>0x3e57</load_address>
         <run_address>0x3e57</run_address>
         <size>0x8e</size>
         <input_file_ref idref="fl-e7"/>
      </object_component>
      <object_component id="oc-91">
         <name>.debug_line</name>
         <load_address>0x3ee5</load_address>
         <run_address>0x3ee5</run_address>
         <size>0x59</size>
         <input_file_ref idref="fl-e8"/>
      </object_component>
      <object_component id="oc-49">
         <name>.debug_line</name>
         <load_address>0x3f3e</load_address>
         <run_address>0x3f3e</run_address>
         <size>0x88</size>
         <input_file_ref idref="fl-e9"/>
      </object_component>
      <object_component id="oc-52">
         <name>.debug_line</name>
         <load_address>0x3fc6</load_address>
         <run_address>0x3fc6</run_address>
         <size>0x79</size>
         <input_file_ref idref="fl-ea"/>
      </object_component>
      <object_component id="oc-62">
         <name>.debug_line</name>
         <load_address>0x403f</load_address>
         <run_address>0x403f</run_address>
         <size>0x3d</size>
         <input_file_ref idref="fl-eb"/>
      </object_component>
      <object_component id="oc-68">
         <name>.debug_line</name>
         <load_address>0x407c</load_address>
         <run_address>0x407c</run_address>
         <size>0x40</size>
         <input_file_ref idref="fl-ec"/>
      </object_component>
      <object_component id="oc-1ba">
         <name>.debug_line</name>
         <load_address>0x40bc</load_address>
         <run_address>0x40bc</run_address>
         <size>0x89</size>
         <input_file_ref idref="fl-ed"/>
      </object_component>
      <object_component id="oc-1b8">
         <name>.debug_line</name>
         <load_address>0x4145</load_address>
         <run_address>0x4145</run_address>
         <size>0x2a</size>
         <input_file_ref idref="fl-ed"/>
      </object_component>
      <object_component id="oc-a4">
         <name>.debug_line</name>
         <load_address>0x416f</load_address>
         <run_address>0x416f</run_address>
         <size>0x62</size>
         <input_file_ref idref="fl-ed"/>
      </object_component>
      <object_component id="oc-111">
         <name>.debug_line</name>
         <load_address>0x41d1</load_address>
         <run_address>0x41d1</run_address>
         <size>0x33</size>
         <input_file_ref idref="fl-ee"/>
      </object_component>
      <object_component id="oc-8a">
         <name>.debug_line</name>
         <load_address>0x4204</load_address>
         <run_address>0x4204</run_address>
         <size>0x4c</size>
         <input_file_ref idref="fl-ef"/>
      </object_component>
      <object_component id="oc-1e9">
         <name>.debug_line</name>
         <load_address>0x4250</load_address>
         <run_address>0x4250</run_address>
         <size>0x20</size>
         <input_file_ref idref="fl-f0"/>
      </object_component>
      <object_component id="oc-197">
         <name>.debug_line</name>
         <load_address>0x4270</load_address>
         <run_address>0x4270</run_address>
         <size>0x2b</size>
         <input_file_ref idref="fl-f0"/>
      </object_component>
      <object_component id="oc-195">
         <name>.debug_line</name>
         <load_address>0x429b</load_address>
         <run_address>0x429b</run_address>
         <size>0x68</size>
         <input_file_ref idref="fl-f0"/>
      </object_component>
      <object_component id="oc-188">
         <name>.debug_line</name>
         <load_address>0x4303</load_address>
         <run_address>0x4303</run_address>
         <size>0x2b</size>
         <input_file_ref idref="fl-f1"/>
      </object_component>
      <object_component id="oc-73">
         <name>.debug_line</name>
         <load_address>0x432e</load_address>
         <run_address>0x432e</run_address>
         <size>0x4a</size>
         <input_file_ref idref="fl-f1"/>
      </object_component>
      <object_component id="oc-18c">
         <name>.debug_line</name>
         <load_address>0x4378</load_address>
         <run_address>0x4378</run_address>
         <size>0x2b</size>
         <input_file_ref idref="fl-f1"/>
      </object_component>
      <object_component id="oc-17c">
         <name>.debug_line</name>
         <load_address>0x43a3</load_address>
         <run_address>0x43a3</run_address>
         <size>0xa9</size>
         <input_file_ref idref="fl-f2"/>
      </object_component>
      <object_component id="oc-6d">
         <name>.debug_line</name>
         <load_address>0x444c</load_address>
         <run_address>0x444c</run_address>
         <size>0x8b</size>
         <input_file_ref idref="fl-f2"/>
      </object_component>
      <object_component id="oc-180">
         <name>.debug_line</name>
         <load_address>0x44d7</load_address>
         <run_address>0x44d7</run_address>
         <size>0x2e</size>
         <input_file_ref idref="fl-f2"/>
      </object_component>
      <object_component id="oc-1e5">
         <name>.debug_line</name>
         <load_address>0x4505</load_address>
         <run_address>0x4505</run_address>
         <size>0x8a</size>
         <input_file_ref idref="fl-f2"/>
      </object_component>
      <object_component id="oc-185">
         <name>.debug_line</name>
         <load_address>0x458f</load_address>
         <run_address>0x458f</run_address>
         <size>0x8b</size>
         <input_file_ref idref="fl-f2"/>
      </object_component>
      <object_component id="oc-1dc">
         <name>.debug_line</name>
         <load_address>0x461a</load_address>
         <run_address>0x461a</run_address>
         <size>0x98</size>
         <input_file_ref idref="fl-f3"/>
      </object_component>
      <object_component id="oc-fb">
         <name>.debug_line</name>
         <load_address>0x46b2</load_address>
         <run_address>0x46b2</run_address>
         <size>0x68</size>
         <input_file_ref idref="fl-f3"/>
      </object_component>
      <object_component id="oc-1e0">
         <name>.debug_line</name>
         <load_address>0x471a</load_address>
         <run_address>0x471a</run_address>
         <size>0x2e</size>
         <input_file_ref idref="fl-f3"/>
      </object_component>
      <object_component id="oc-fe">
         <name>.debug_line</name>
         <load_address>0x4748</load_address>
         <run_address>0x4748</run_address>
         <size>0x3c</size>
         <input_file_ref idref="fl-f4"/>
      </object_component>
      <object_component id="oc-36">
         <name>.debug_frame</name>
         <load_address>0x0</load_address>
         <run_address>0x0</run_address>
         <size>0x28c</size>
         <input_file_ref idref="fl-2"/>
      </object_component>
      <object_component id="oc-30">
         <name>.debug_frame</name>
         <load_address>0x28c</load_address>
         <run_address>0x28c</run_address>
         <size>0x90</size>
         <input_file_ref idref="fl-3"/>
      </object_component>
      <object_component id="oc-11a">
         <name>.debug_frame</name>
         <load_address>0x31c</load_address>
         <run_address>0x31c</run_address>
         <size>0xbc</size>
         <input_file_ref idref="fl-8"/>
      </object_component>
      <object_component id="oc-9a">
         <name>.debug_frame</name>
         <load_address>0x3d8</load_address>
         <run_address>0x3d8</run_address>
         <size>0x52c</size>
         <input_file_ref idref="fl-11"/>
      </object_component>
      <object_component id="oc-b9">
         <name>.debug_frame</name>
         <load_address>0x904</load_address>
         <run_address>0x904</run_address>
         <size>0x1d4</size>
         <input_file_ref idref="fl-14"/>
      </object_component>
      <object_component id="oc-a0">
         <name>.debug_frame</name>
         <load_address>0xad8</load_address>
         <run_address>0xad8</run_address>
         <size>0x3e0</size>
         <input_file_ref idref="fl-18"/>
      </object_component>
      <object_component id="oc-85">
         <name>.debug_frame</name>
         <load_address>0xeb8</load_address>
         <run_address>0xeb8</run_address>
         <size>0x5a8</size>
         <input_file_ref idref="fl-1d"/>
      </object_component>
      <object_component id="oc-b3">
         <name>.debug_frame</name>
         <load_address>0x1460</load_address>
         <run_address>0x1460</run_address>
         <size>0x3f8</size>
         <input_file_ref idref="fl-20"/>
      </object_component>
      <object_component id="oc-ce">
         <name>.debug_frame</name>
         <load_address>0x1858</load_address>
         <run_address>0x1858</run_address>
         <size>0x4cc</size>
         <input_file_ref idref="fl-21"/>
      </object_component>
      <object_component id="oc-13">
         <name>.debug_frame</name>
         <load_address>0x1d24</load_address>
         <run_address>0x1d24</run_address>
         <size>0x60</size>
         <input_file_ref idref="fl-e3"/>
      </object_component>
      <object_component id="oc-1a">
         <name>.debug_frame</name>
         <load_address>0x1d84</load_address>
         <run_address>0x1d84</run_address>
         <size>0x54</size>
         <input_file_ref idref="fl-e4"/>
      </object_component>
      <object_component id="oc-21">
         <name>.debug_frame</name>
         <load_address>0x1dd8</load_address>
         <run_address>0x1dd8</run_address>
         <size>0x54</size>
         <input_file_ref idref="fl-e5"/>
      </object_component>
      <object_component id="oc-78">
         <name>.debug_frame</name>
         <load_address>0x1e2c</load_address>
         <run_address>0x1e2c</run_address>
         <size>0x88</size>
         <input_file_ref idref="fl-e6"/>
      </object_component>
      <object_component id="oc-61">
         <name>.debug_frame</name>
         <load_address>0x1eb4</load_address>
         <run_address>0x1eb4</run_address>
         <size>0x54</size>
         <input_file_ref idref="fl-eb"/>
      </object_component>
      <object_component id="oc-65">
         <name>.debug_frame</name>
         <load_address>0x1f08</load_address>
         <run_address>0x1f08</run_address>
         <size>0x54</size>
         <input_file_ref idref="fl-ec"/>
      </object_component>
      <object_component id="oc-a2">
         <name>.debug_frame</name>
         <load_address>0x1f5c</load_address>
         <run_address>0x1f5c</run_address>
         <size>0x70</size>
         <input_file_ref idref="fl-ed"/>
      </object_component>
      <object_component id="oc-192">
         <name>.debug_frame</name>
         <load_address>0x1fcc</load_address>
         <run_address>0x1fcc</run_address>
         <size>0x7c</size>
         <input_file_ref idref="fl-f0"/>
      </object_component>
      <object_component id="oc-74">
         <name>.debug_frame</name>
         <load_address>0x2048</load_address>
         <run_address>0x2048</run_address>
[...]
      </symbol>
      <symbol id="sm-5eb">
         <name>TimerLoadSet</name>
         <value>0x35fd</value>
         <object_component_ref idref="oc-ae"/>
      </symbol>
      <symbol id="sm-5ec">
         <name>TimerDMAEventSet</name>
         <value>0x384f</value>
         <object_component_ref idref="oc-ae"/>
      </symbol>
      <symbol id="sm-5ed">
         <name>TimerADCEventSet</name>
         <value>0x382f</value>
         <object_component_ref idref="oc-ae"/>
      </symbol>
      <symbol id="sm-5ee">
         <name>TimerPrescaleMatchGet</name>
         <value>0x35e1</value>
         <object_component_ref idref="oc-ae"/>
      </symbol>
      <symbol id="sm-5ef">
         <name>TimerPrescaleGet</name>
         <value>0x3597</value>
         <object_component_ref idref="oc-ae"/>
      </symbol>
      <symbol id="sm-5f0">
         <name>TimerControlLevel</name>
         <value>0x339b</value>
         <object_component_ref idref="oc-ae"/>
      </symbol>
      <symbol id="sm-5f1">
         <name>TimerDisable</name>
         <value>0x3301</value>
         <object_component_ref idref="oc-ae"/>
      </symbol>
      <symbol id="sm-5f2">
         <name>TimerUpdateMode</name>
         <value>0x386f</value>
         <object_component_ref idref="oc-ae"/>
      </symbol>
      <symbol id="sm-5f3">
         <name>TimerIntRegister</name>
         <value>0x3777</value>
         <object_component_ref idref="oc-ae"/>
      </symbol>
      <symbol id="sm-5f4">
         <name>TimerMatchSet64</name>
         <value>0x3727</value>
         <object_component_ref idref="oc-ae"/>
      </symbol>
      <symbol id="sm-5f5">
         <name>TimerEnable</name>
         <value>0x32e3</value>
         <object_component_ref idref="oc-ae"/>
      </symbol>
      <symbol id="sm-5f6">
         <name>TimerLoadGet64</name>
         <value>0x3661</value>
         <object_component_ref idref="oc-ae"/>
      </symbol>
      <symbol id="sm-5f7">
         <name>TimerIntUnregister</name>
         <value>0x379f</value>
         <object_component_ref idref="oc-ae"/>
      </symbol>
      <symbol id="sm-5f8">
         <name>TimerValueGet64</name>
         <value>0x36af</value>
         <object_component_ref idref="oc-ae"/>
      </symbol>
      <symbol id="sm-5f9">
         <name>TimerMatchGet</name>
         <value>0x370b</value>
         <object_component_ref idref="oc-ae"/>
      </symbol>
      <symbol id="sm-5fa">
         <name>TimerIntStatus</name>
         <value>0x37ed</value>
         <object_component_ref idref="oc-ae"/>
      </symbol>
      <symbol id="sm-5fb">
         <name>TimerClockSourceGet</name>
         <value>0x355d</value>
         <object_component_ref idref="oc-ae"/>
      </symbol>
      <symbol id="sm-5fc">
         <name>TimerIntDisable</name>
         <value>0x37d5</value>
         <object_component_ref idref="oc-ae"/>
      </symbol>
      <symbol id="sm-5fd">
         <name>TimerValueGet</name>
         <value>0x3693</value>
         <object_component_ref idref="oc-ae"/>
      </symbol>
      <symbol id="sm-5fe">
         <name>TimerControlTrigger</name>
         <value>0x33d1</value>
         <object_component_ref idref="oc-ae"/>
      </symbol>
      <symbol id="sm-5ff">
         <name>TimerPrescaleSet</name>
         <value>0x356d</value>
         <object_component_ref idref="oc-ae"/>
      </symbol>
      <symbol id="sm-600">
         <name>TimerControlStall</name>
         <value>0x3469</value>
         <object_component_ref idref="oc-ae"/>
      </symbol>
      <symbol id="sm-601">
         <name>TimerMatchGet64</name>
         <value>0x3745</value>
         <object_component_ref idref="oc-ae"/>
      </symbol>
      <symbol id="sm-602">
         <name>TimerRTCEnable</name>
         <value>0x34ff</value>
         <object_component_ref idref="oc-ae"/>
      </symbol>
      <symbol id="sm-603">
         <name>TimerLoadGet</name>
         <value>0x3627</value>
         <object_component_ref idref="oc-ae"/>
      </symbol>
      <symbol id="sm-604">
         <name>TimerIntEnable</name>
         <value>0x37bd</value>
         <object_component_ref idref="oc-ae"/>
      </symbol>
      <symbol id="sm-605">
         <name>TimerClockSourceSet</name>
         <value>0x3541</value>
         <object_component_ref idref="oc-ae"/>
      </symbol>
      <symbol id="sm-606">
         <name>TimerLoadSet64</name>
         <value>0x3643</value>
         <object_component_ref idref="oc-ae"/>
      </symbol>
      <symbol id="sm-607">
         <name>TimerDMAEventGet</name>
         <value>0x3861</value>
         <object_component_ref idref="oc-ae"/>
      </symbol>
      <symbol id="sm-608">
         <name>TimerRTCDisable</name>
         <value>0x3515</value>
         <object_component_ref idref="oc-ae"/>
      </symbol>
      <symbol id="sm-609">
         <name>TimerADCEventGet</name>
         <value>0x3841</value>
         <object_component_ref idref="oc-ae"/>
      </symbol>
      <symbol id="sm-60a">
         <name>TimerPrescaleMatchSet</name>
         <value>0x35b3</value>
         <object_component_ref idref="oc-ae"/>
      </symbol>
      <symbol id="sm-60b">
         <name>TimerControlWaitOnTrigger</name>
         <value>0x349f</value>
         <object_component_ref idref="oc-ae"/>
      </symbol>
      <symbol id="sm-60c">
         <name>TimerConfigure</name>
         <value>0x331f</value>
         <object_component_ref idref="oc-ae"/>
      </symbol>
      <symbol id="sm-60d">
         <name>TimerControlEvent</name>
         <value>0x343f</value>
         <object_component_ref idref="oc-ae"/>
      </symbol>
      <symbol id="sm-60e">
         <name>TimerIntClear</name>
         <value>0x380b</value>
         <object_component_ref idref="oc-ae"/>
      </symbol>
      <symbol id="sm-60f">
         <name>TimerSynchronize</name>
         <value>0x381d</value>
         <object_component_ref idref="oc-ae"/>
      </symbol>
      <symbol id="sm-68d">
         <name>UARTClockSourceGet</name>
         <value>0x3e3d</value>
         <object_component_ref idref="oc-c9"/>
      </symbol>
      <symbol id="sm-68e">
         <name>UARTCharPutNonBlocking</name>
         <value>0x3cb1</value>
         <object_component_ref idref="oc-c9"/>
      </symbol>
      <symbol id="sm-68f">
         <name>UARTDMAEnable</name>
         <value>0x3dd7</value>
         <object_component_ref idref="oc-c9"/>
      </symbol>
      <symbol id="sm-690">
         <name>UARTTxIntModeSet</name>
         <value>0x3c15</value>
         <object_component_ref idref="oc-c9"/>
      </symbol>
      <symbol id="sm-691">
         <name>UARTFIFODisable</name>
         <value>0x3abb</value>
         <object_component_ref idref="oc-c9"/>
      </symbol>
      <symbol id="sm-692">
         <name>UARTIntUnregister</name>
         <value>0x3d5d</value>
         <object_component_ref idref="oc-c9"/>
      </symbol>
      <symbol id="sm-693">
         <name>UARTRxErrorClear</name>
         <value>0x3e19</value>
         <object_component_ref idref="oc-c9"/>
      </symbol>
      <symbol id="sm-694">
         <name>UARTModemControlSet</name>
         <value>0x3b5d</value>
         <object_component_ref idref="oc-c9"/>
      </symbol>
      <symbol id="sm-695">
         <name>UARTFlowControlSet</name>
         <value>0x3be7</value>
         <object_component_ref idref="oc-c9"/>
      </symbol>
      <symbol id="sm-696">
         <name>UARTConfigSetExpClk</name>
         <value>0x3995</value>
         <object_component_ref idref="oc-c9"/>
      </symbol>
      <symbol id="sm-697">
         <name>UARTSmartCardDisable</name>
         <value>0x3b47</value>
         <object_component_ref idref="oc-c9"/>
      </symbol>
      <symbol id="sm-698">
         <name>UARTDisable</name>
         <value>0x3a7b</value>
         <object_component_ref idref="oc-c9"/>
      </symbol>
      <symbol id="sm-699">
         <name>UART9BitDisable</name>
         <value>0x3e63</value>
         <object_component_ref idref="oc-c9"/>
      </symbol>
      <symbol id="sm-69a">
         <name>UARTFIFOLevelGet</name>
         <value>0x396d</value>
         <object_component_ref idref="oc-c9"/>
      </symbol>
      <symbol id="sm-69b">
         <name>UARTBusy</name>
         <value>0x3d1d</value>
         <object_component_ref idref="oc-c9"/>
      </symbol>
      <symbol id="sm-69c">
         <name>UARTDisableSIR</name>
         <value>0x3aff</value>
         <object_component_ref idref="oc-c9"/>
      </symbol>
      <symbol id="sm-69d">
         <name>UARTLoopbackEnable</name>
         <value>0x3ee7</value>
         <object_component_ref idref="oc-c9"/>
      </symbol>
      <symbol id="sm-69e">
         <name>UARTIntEnable</name>
         <value>0x3d77</value>
         <object_component_ref idref="oc-c9"/>
      </symbol>
      <symbol id="sm-69f">
         <name>UARTCharsAvail</name>
         <value>0x3c43</value>
         <object_component_ref idref="oc-c9"/>
      </symbol>
      <symbol id="sm-6a0">
         <name>UARTCharGetNonBlocking</name>
         <value>0x3c7f</value>
         <object_component_ref idref="oc-c9"/>
      </symbol>
      <symbol id="sm-6a1">
         <name>UARTClockSourceSet</name>
         <value>0x3e29</value>
         <object_component_ref idref="oc-c9"/>
      </symbol>
      <symbol id="sm-6a2">
         <name>UARTTxIntModeGet</name>
         <value>0x3c31</value>
         <object_component_ref idref="oc-c9"/>
      </symbol>
      <symbol id="sm-6a3">
         <name>UARTModemStatusGet</name>
         <value>0x3bd3</value>
         <object_component_ref idref="oc-c9"/>
      </symbol>
      <symbol id="sm-6a4">
         <name>UARTIntDisable</name>
         <value>0x3d8f</value>
         <object_component_ref idref="oc-c9"/>
      </symbol>
      <symbol id="sm-6a5">
         <name>UARTCharPut</name>
         <value>0x3cd5</value>
         <object_component_ref idref="oc-c9"/>
      </symbol>
      <symbol id="sm-6a6">
         <name>UARTParityModeSet</name>
         <value>0x3927</value>
         <object_component_ref idref="oc-c9"/>
      </symbol>
      <symbol id="sm-6a7">
         <name>UARTRxErrorGet</name>
         <value>0x3e07</value>
         <object_component_ref idref="oc-c9"/>
      </symbol>
      <symbol id="sm-6a8">
         <name>UARTConfigGetExpClk</name>
         <value>0x3a0b</value>
         <object_component_ref idref="oc-c9"/>
      </symbol>
      <symbol id="sm-6a9">
         <name>UARTEnableSIR</name>
         <value>0x3ad1</value>
         <object_component_ref idref="oc-c9"/>
      </symbol>
      <symbol id="sm-6aa">
         <name>UARTEnable</name>
         <value>0x3a57</value>
         <object_component_ref idref="oc-c9"/>
      </symbol>
      <symbol id="sm-6ab">
         <name>UART9BitAddrSend</name>
         <value>0x3e9f</value>
         <object_component_ref idref="oc-c9"/>
      </symbol>
      <symbol id="sm-6ac">
         <name>UARTModemControlGet</name>
         <value>0x3bc1</value>
         <object_component_ref idref="oc-c9"/>
      </symbol>
      <symbol id="sm-6ad">
         <name>UARTSmartCardEnable</name>
         <value>0x3b15</value>
         <object_component_ref idref="oc-c9"/>
      </symbol>
      <symbol id="sm-6ae">
         <name>UARTFlowControlGet</name>
         <value>0x3c03</value>
         <object_component_ref idref="oc-c9"/>
      </symbol>
      <symbol id="sm-6af">
         <name>UARTFIFOEnable</name>
         <value>0x3aa5</value>
         <object_component_ref idref="oc-c9"/>
      </symbol>
      <symbol id="sm-6b0">
         <name>UARTIntClear</name>
         <value>0x3dc5</value>
         <object_component_ref idref="oc-c9"/>
      </symbol>
      <symbol id="sm-6b1">
         <name>UARTIntStatus</name>
         <value>0x3da7</value>
         <object_component_ref idref="oc-c9"/>
      </symbol>
      <symbol id="sm-6b2">
         <name>UARTDMADisable</name>
         <value>0x3def</value>
         <object_component_ref idref="oc-c9"/>
      </symbol>
      <symbol id="sm-6b3">
         <name>UART9BitEnable</name>
         <value>0x3e4d</value>
         <object_component_ref idref="oc-c9"/>
      </symbol>
      <symbol id="sm-6b4">
         <name>UARTSpaceAvail</name>
         <value>0x3c61</value>
         <object_component_ref idref="oc-c9"/>
      </symbol>
      <symbol id="sm-6b5">
         <name>UARTCharGet</name>
         <value>0x3c9b</value>
         <object_component_ref idref="oc-c9"/>
      </symbol>
      <symbol id="sm-6b6">
         <name>UARTFIFOLevelSet</name>
         <value>0x3955</value>
         <object_component_ref idref="oc-c9"/>
      </symbol>
      <symbol id="sm-6b7">
         <name>UARTModemControlClear</name>
         <value>0x3b9d</value>
         <object_component_ref idref="oc-c9"/>
      </symbol>
      <symbol id="sm-6b8">
         <name>UARTParityModeGet</name>
         <value>0x3943</value>
         <object_component_ref idref="oc-c9"/>
      </symbol>
      <symbol id="sm-6b9">
         <name>UARTIntRegister</name>
         <value>0x3d3b</value>
         <object_component_ref idref="oc-c9"/>
      </symbol>
      <symbol id="sm-6ba">
         <name>UARTBreakCtl</name>
         <value>0x3cf3</value>
         <object_component_ref idref="oc-c9"/>
      </symbol>
      <symbol id="sm-6bb">
         <name>UART9BitAddrSet</name>
         <value>0x3e79</value>
         <object_component_ref idref="oc-c9"/>
      </symbol>
      <symbol id="sm-6cf">
         <name>_c_int00</name>
         <value>0x45a9</value>
         <object_component_ref idref="oc-24"/>
      </symbol>
      <symbol id="sm-6d0">
         <name>__stack</name>
         <value>0x2000026c</value>
         <object_component_ref idref="oc-2a"/>
      </symbol>
      <symbol id="sm-6ee">
         <name>__TI_decompress_lzss</name>
         <value>0x4541</value>
         <object_component_ref idref="oc-12"/>
      </symbol>
      <symbol id="sm-705">
         <name>__TI_decompress_none</name>
         <value>0x47b9</value>
         <object_component_ref idref="oc-18"/>
      </symbol>
      <symbol id="sm-71c">
         <name>__TI_zero_init</name>
         <value>0x47c7</value>
         <object_component_ref idref="oc-1e"/>
      </symbol>
      <symbol id="sm-73d">
         <name>C$$EXIT</name>
         <value>0x45fd</value>
         <object_component_ref idref="oc-75"/>
      </symbol>
      <symbol id="sm-73e">
         <name>abort</name>
         <value>0x4601</value>
         <object_component_ref idref="oc-75"/>
      </symbol>
      <symbol id="sm-73f">
         <name>exit</name>
         <value>0x4609</value>
         <object_component_ref idref="oc-75"/>
      </symbol>
      <symbol id="sm-740">
         <name>__TI_dtors_ptr</name>
         <value>0x20000570</value>
         <object_component_ref idref="oc-107"/>
      </symbol>
      <symbol id="sm-741">
         <name>__TI_cleanup_ptr</name>
         <value>0x2000056c</value>
         <object_component_ref idref="oc-107"/>
      </symbol>
      <symbol id="sm-742">
         <name>__TI_enable_exit_profile_output</name>
         <value>0x20000574</value>
         <object_component_ref idref="oc-107"/>
      </symbol>
      <symbol id="sm-74d">
         <name>__aeabi_dmul</name>
         <value>0x42bd</value>
         <object_component_ref idref="oc-8b"/>
      </symbol>
      <symbol id="sm-757">
         <name>__aeabi_d2uiz</name>
         <value>0x46e9</value>
         <object_component_ref idref="oc-90"/>
      </symbol>
      <symbol id="sm-772">
         <name>memcpy</name>
         <value>0x43b9</value>
         <object_component_ref idref="oc-45"/>
      </symbol>
      <symbol id="sm-773">
         <name>__aeabi_memcpy</name>
         <value>0x43b9</value>
         <object_component_ref idref="oc-45"/>
      </symbol>
      <symbol id="sm-774">
         <name>__aeabi_memcpy8</name>
         <value>0x43b9</value>
         <object_component_ref idref="oc-45"/>
      </symbol>
      <symbol id="sm-775">
         <name>__aeabi_memcpy4</name>
         <value>0x43b9</value>
         <object_component_ref idref="oc-45"/>
      </symbol>
      <symbol id="sm-784">
         <name>__aeabi_memset</name>
         <value>0x4457</value>
         <object_component_ref idref="oc-51"/>
      </symbol>
      <symbol id="sm-785">
         <name>memset</name>
         <value>0x445d</value>
         <object_component_ref idref="oc-51"/>
      </symbol>
      <symbol id="sm-786">
         <name>__aeabi_memset8</name>
         <value>0x4457</value>
         <object_component_ref idref="oc-51"/>
      </symbol>
      <symbol id="sm-787">
         <name>__aeabi_memset4</name>
         <value>0x4457</value>
         <object_component_ref idref="oc-51"/>
      </symbol>
      <symbol id="sm-788">
         <name>__aeabi_memclr8</name>
         <value>0x4455</value>
         <object_component_ref idref="oc-51"/>
      </symbol>
      <symbol id="sm-789">
         <name>__aeabi_memclr4</name>
         <value>0x4455</value>
         <object_component_ref idref="oc-51"/>
      </symbol>
      <symbol id="sm-78a">
         <name>__aeabi_memclr</name>
         <value>0x4455</value>
         <object_component_ref idref="oc-51"/>
      </symbol>
      <symbol id="sm-794">
         <name>__mpu_init</name>
         <value>0x38c3</value>
         <object_component_ref idref="oc-5d"/>
      </symbol>
      <symbol id="sm-79e">
         <name>_system_pre_init</name>
         <value>0x47e5</value>
         <object_component_ref idref="oc-63"/>
      </symbol>
      <symbol id="sm-7b8">
         <name>rand</name>
         <value>0x46b3</value>
         <object_component_ref idref="oc-a1"/>
      </symbol>
      <symbol id="sm-7b9">
         <name>srand</name>
         <value>0x469d</value>
         <object_component_ref idref="oc-a1"/>
      </symbol>
      <symbol id="sm-7c1">
         <name>main_func_sp</name>
         <value>0x20000584</value>
         <object_component_ref idref="oc-7b"/>
      </symbol>
      <symbol id="sm-7cb">
         <name>__aeabi_ui2d</name>
         <value>0x476b</value>
         <object_component_ref idref="oc-86"/>
      </symbol>
      <symbol id="sm-7e4">
         <name>_nop</name>
         <value>0x47b3</value>
         <object_component_ref idref="oc-190"/>
      </symbol>
      <symbol id="sm-7e5">
         <name>_lock</name>
         <value>0x20000578</value>
         <object_component_ref idref="oc-10a"/>
      </symbol>
      <symbol id="sm-7e6">
         <name>_unlock</name>
         <value>0x2000057c</value>
         <object_component_ref idref="oc-10a"/>
      </symbol>
      <symbol id="sm-7e7">
         <name>_register_lock</name>
         <value>0x47ab</value>
         <object_component_ref idref="oc-190"/>
      </symbol>
      <symbol id="sm-7e8">
         <name>_register_unlock</name>
         <value>0x47a5</value>
         <object_component_ref idref="oc-190"/>
      </symbol>
      <symbol id="sm-7fc">
         <name>_args_main</name>
         <value>0x478d</value>
         <object_component_ref idref="oc-6f"/>
      </symbol>
      <symbol id="sm-826">
         <name>__TI_auto_init</name>
         <value>0x44d1</value>
         <object_component_ref idref="oc-69"/>
      </symbol>
      <symbol id="sm-840">
         <name>copy_in</name>
         <value>0x4651</value>
         <object_component_ref idref="oc-f7"/>
      </symbol>
      <symbol id="sm-84a">
         <name>_system_post_cinit</name>
         <value>0x44cf</value>
         <object_component_ref idref="oc-fd"/>
      </symbol>
      <symbol id="sm-84b">
         <name>__TI_static_base__</name>
         <value>0x0</value>
      </symbol>
      <symbol id="sm-84e">
         <name>SHT$$INIT_ARRAY$$Limit</name>
         <value>0x0</value>
      </symbol>
      <symbol id="sm-84f">
         <name>SHT$$INIT_ARRAY$$Base</name>
         <value>0x0</value>
      </symbol>
   </symbol_table>
   <title>Link successful</title>
</link_info>
