******************************************************************************
                  TI ARM Linker PC v16.9.7                     
******************************************************************************
>> Linked Wed Sep 19 18:41:15 2018

OUTPUT FILE NAME:   <BehaviorPrototype.out>
ENTRY POINT SYMBOL: "_c_int00"  address: 000045a9


MEMORY CONFIGURATION

         name            origin    length      used     unused   attr    fill
----------------------  --------  ---------  --------  --------  ----  --------
  FLASH                 00000000   00040000  00004f50  0003b0b0  R  X
  SRAM                  20000000   00008000  000005d8  00007a28  RW X


SEGMENT ALLOCATION MAP

run origin  load origin   length   init length attrs members
----------  ----------- ---------- ----------- ----- -------
00000000    00000000    00004f50   00004f50    r-x
  00000000    00000000    0000026c   0000026c    r-- .intvecs
  0000026c    0000026c    0000457c   0000457c    r-x .text
  000047e8    000047e8    000006a8   000006a8    r-- .const
  00004e90    00004e90    000000c0   000000c0    r-- .cinit
20000000    20000000    000005dc   00000000    rw-
  20000000    20000000    0000026c   00000000    rw- .vtable
  2000026c    2000026c    00000200   00000000    rw- .stack
  20000470    20000470    00000118   00000000    rw- .data
  20000588    20000588    00000054   00000000    rw- .bss


SECTION ALLOCATION MAP

 output                                  attributes/
section   page    origin      length       input sections
--------  ----  ----------  ----------   ----------------
.intvecs   0    00000000    0000026c     
                  00000000    0000026c     tm4c123gh6pm_startup_ccs.obj (.intvecs)

.text      0    0000026c    0000457c     
                  0000026c    00000f60     sysctl.obj (.text)
                  000011cc    00000e3c     main.obj (.text)
                  00002008    00000b4c     gpio.obj (.text)
                  00002b54    00000718     pwm.obj (.text)
                  0000326c    00000656     timer.obj (.text)
                  000038c2    00000002     rtsv7M4_T_le_v4SPD16_eabi.lib : mpu_init.obj (.text)
                  000038c4    00000638     uart.obj (.text)
                  00003efc    000003c0     interrupt.obj (.text)
                  000042bc    000000fc     rtsv7M4_T_le_v4SPD16_eabi.lib : fd_mul_t2.obj (.text)
                  000043b8    0000009c                                   : memcpy_t2.obj (.text)
                  00004454    0000007a                                   : memset_t2.obj (.text)
                  000044ce    00000002                                   : startup.obj (.text)
                  000044d0    00000070                                   : autoinit.obj (.text)
                  00004540    00000068                                   : copy_decompress_lzss.obj (.text:decompress:lzss)
                  000045a8    00000054                                   : boot.obj (.text)
                  000045fc    00000054                                   : exit.obj (.text)
                  00004650    0000004c                                   : cpy_tbl.obj (.text)
                  0000469c    0000004c                                   : rand.obj (.text)
                  000046e8    00000044                                   : fd_tou_t2.obj (.text)
                  0000472c    0000003e     cpu.obj (.text)
                  0000476a    00000020     rtsv7M4_T_le_v4SPD16_eabi.lib : u_tofd_t2.obj (.text)
                  0000478a    00000002     --HOLE-- [fill = 0]
                  0000478c    00000018                                   : args_main.obj (.text)
                  000047a4    00000014                                   : _lock.obj (.text)
                  000047b8    0000000e                                   : copy_decompress_none.obj (.text:decompress:none)
                  000047c6    0000000c                                   : copy_zero_init.obj (.text:decompress:ZI)
                  000047d2    0000000c     tm4c123gh6pm_startup_ccs.obj (.text)
                  000047de    00000006     sysctl.obj (.text:SysCtlDelay)
                  000047e4    00000004     rtsv7M4_T_le_v4SPD16_eabi.lib : pre_init.obj (.text)

.const     0    000047e8    000006a8     
                  000047e8    000001b0     sysctl.obj (.const:g_pppui32XTALtoVCO)
                  00004998    000000c0     gpio.obj (.const:g_ppui32GPIOIntMapBlizzard)
                  00004a58    000000c0     gpio.obj (.const:g_ppui32GPIOIntMapSnowflake)
                  00004b18    0000009c     interrupt.obj (.const:g_pui32Regs)
                  00004bb4    00000090     gpio.obj (.const:g_pui32GPIOBaseAddrs)
                  00004c44    0000006c     sysctl.obj (.const:g_pui32Xtals)
                  00004cb0    00000060     timer.obj (.const:g_ppui32TimerIntMap)
                  00004d10    00000040     timer.obj (.const:g_ppui32TimerIntMapSnowflake)
                  00004d50    00000040     uart.obj (.const:g_ppui32UARTIntMap)
                  00004d90    00000040     uart.obj (.const:g_ppui32UARTIntMapSnowflake)
                  00004dd0    00000030     sysctl.obj (.const:g_sXTALtoMEMTIM)
                  00004e00    00000020     interrupt.obj (.const:g_pui32Priority)
                  00004e20    00000014     interrupt.obj (.const:g_pui32Dii16Regs)
                  00004e34    00000014     interrupt.obj (.const:g_pui32EnRegs)
                  00004e48    00000014     interrupt.obj (.const:g_pui32PendRegs)
                  00004e5c    00000014     interrupt.obj (.const:g_pui32UnpendRegs)
                  00004e70    00000008     sysctl.obj (.const:g_pui32VCOFrequencies)
                  00004e78    00000008     gpio.obj (.const)
                  00004e80    00000008     timer.obj (.const)
                  00004e88    00000008     uart.obj (.const)

.cinit     0    00004e90    000000c0     
                  00004e90    0000008b     (.cinit..data.load) [load image, compression = lzss]
                  00004f1b    00000001     --HOLE-- [fill = 0]
                  00004f1c    0000000c     (__TI_handler_table)
                  00004f28    00000008     (.cinit..bss.load) [load image, compression = zero_init]
                  00004f30    00000008     (.cinit..vtable.load) [load image, compression = zero_init]
                  00004f38    00000018     (__TI_cinit_table)

.init_array 
*          0    00000000    00000000     UNINITIALIZED

.vtable    0    20000000    0000026c     UNINITIALIZED
                  20000000    0000026c     interrupt.obj (.vtable)

.stack     0    2000026c    00000200     UNINITIALIZED
                  2000026c    00000200     --HOLE--

.data      0    20000470    00000118     UNINITIALIZED
                  20000470    00000094     main.obj (.data)
                  20000504    00000040     main.obj (.data:tones)
                  20000544    00000018     main.obj (.data:templateSong)
                  2000055c    00000010     main.obj (.data:song)
                  2000056c    0000000c     rtsv7M4_T_le_v4SPD16_eabi.lib : exit.obj (.data:$O1$$)
                  20000578    00000008                                   : _lock.obj (.data:$O1$$)
                  20000580    00000004                                   : rand.obj (.data)
                  20000584    00000004                                   : stkdepth_vars.obj (.data)

.bss       0    20000588    00000054     UNINITIALIZED
                  20000588    00000018     (.common:pwmLoad)
                  200005a0    00000018     (.common:tonesIndex)
                  200005b8    00000004     (.common:leftLick)
                  200005bc    00000004     (.common:openDuration)
                  200005c0    00000004     (.common:rightLick)
                  200005c4    00000004     (.common:sum)
                  200005c8    00000004     (.common:testChar)
                  200005cc    00000004     (.common:ui32Length1)
                  200005d0    00000004     (.common:ui32Length2)
                  200005d4    00000004     (.common:ui32Length3)
                  200005d8    00000004     (.common:ui32PWMClock)

MODULE SUMMARY

       Module                         code    ro data   rw data
       ------                         ----    -------   -------
    .\
       main.obj                       3644    0         336    
       tm4c123gh6pm_startup_ccs.obj   12      620       0      
    +--+------------------------------+-------+---------+---------+
       Total:                         3656    620       336    
                                                               
    .\driverlib\
       sysctl.obj                     3942    596       0      
       gpio.obj                       2892    536       0      
       interrupt.obj                  960     268       620    
       pwm.obj                        1816    0         0      
       timer.obj                      1622    168       0      
       uart.obj                       1592    136       0      
       cpu.obj                        62      0         0      
    +--+------------------------------+-------+---------+---------+
       Total:                         12886   1704      620    
                                                               
    C:\ti\ccsv7\tools\compiler\ti-cgt-arm_16.9.7.LTS\lib\rtsv7M4_T_le_v4SPD16_eabi.lib
       fd_mul_t2.obj                  252     0         0      
       memcpy_t2.obj                  156     0         0      
       memset_t2.obj                  122     0         0      
       autoinit.obj                   112     0         0      
       copy_decompress_lzss.obj       104     0         0      
       exit.obj                       84      0         12     
       boot.obj                       84      0         0      
       rand.obj                       76      0         4      
       cpy_tbl.obj                    76      0         0      
       fd_tou_t2.obj                  68      0         0      
       u_tofd_t2.obj                  32      0         0      
       _lock.obj                      20      0         8      
       args_main.obj                  24      0         0      
       copy_decompress_none.obj       14      0         0      
       copy_zero_init.obj             12      0         0      
       pre_init.obj                   4       0         0      
       stkdepth_vars.obj              0       0         4      
       mpu_init.obj                   2       0         0      
       startup.obj                    2       0         0      
    +--+------------------------------+-------+---------+---------+
       Total:                         1244    0         28     
                                                               
       Stack:                         0       0         512    
       Linker Generated:              0       191       0      
    +--+------------------------------+-------+---------+---------+
       Grand Total:                   17786   2515      1496   


LINKER GENERATED COPY TABLES

__TI_cinit_table @ 00004f38 records: 3, size/record: 8, table size: 24
	.data: load addr=00004e90, load size=0000008b bytes, run addr=20000470, run size=00000118 bytes, compression=lzss
	.bss: load addr=00004f28, load size=00000008 bytes, run addr=20000588, run size=00000054 bytes, compression=zero_init
	.vtable: load addr=00004f30, load size=00000008 bytes, run addr=20000000, run size=0000026c bytes, compression=zero_init


LINKER GENERATED HANDLER TABLE

__TI_handler_table @ 00004f1c records: 3, size/record: 4, table size: 12
	index: 0, handler: __TI_zero_init
	index: 1, handler: __TI_decompress_lzss
	index: 2, handler: __TI_decompress_none


GLOBAL SYMBOLS: SORTED ALPHABETICALLY BY Name 

address   name                            
-------   ----                            
000045fd  C$$EXIT                         
00004761  CPUbasepriGet                   
00004753  CPUbasepriSet                   
0000472d  CPUcpsid                        
00004743  CPUcpsie                        
00004739  CPUprimask                      
0000474f  CPUwfi                          
00002b2f  GPIOADCTriggerDisable           
00002b11  GPIOADCTriggerEnable            
00002af3  GPIODMATriggerDisable           
00002ad5  GPIODMATriggerEnable            
000020c7  GPIODirModeGet                  
0000206b  GPIODirModeSet                  
00002637  GPIOIntClear                    
000025fb  GPIOIntDisable                  
000025e1  GPIOIntEnable                   
0000264b  GPIOIntRegister                 
00002615  GPIOIntStatus                   
000021b7  GPIOIntTypeGet                  
00002113  GPIOIntTypeSet                  
00002669  GPIOIntUnregister               
0000248f  GPIOPadConfigGet                
00002255  GPIOPadConfigSet                
00002a77  GPIOPinConfigure                
00002683  GPIOPinRead                     
000026bb  GPIOPinTypeADC                  
000026df  GPIOPinTypeCAN                  
00002703  GPIOPinTypeComparator           
00002727  GPIOPinTypeComparatorOutput     
0000274b  GPIOPinTypeDIVSCLK              
0000276f  GPIOPinTypeEPI                  
00002793  GPIOPinTypeEthernetLED          
000027b7  GPIOPinTypeEthernetMII          
000027db  GPIOPinTypeGPIOInput            
000027ff  GPIOPinTypeGPIOOutput           
00002823  GPIOPinTypeGPIOOutputOD         
00002847  GPIOPinTypeHibernateRTCCLK      
0000286b  GPIOPinTypeI2C                  
0000288f  GPIOPinTypeI2CSCL               
000028b3  GPIOPinTypeLCD                  
000028d7  GPIOPinTypeOneWire              
000028fb  GPIOPinTypePWM                  
0000291f  GPIOPinTypeQEI                  
00002943  GPIOPinTypeSSI                  
00002967  GPIOPinTypeTimer                
0000298b  GPIOPinTypeTrace                
000029af  GPIOPinTypeUART                 
000029d3  GPIOPinTypeUSBAnalog            
000029f7  GPIOPinTypeUSBDigital           
00002a1b  GPIOPinTypeWakeHigh             
00002a41  GPIOPinTypeWakeLow              
00002a67  GPIOPinWakeStatus               
0000269b  GPIOPinWrite                    
000040bd  IntDisable                      
0000404b  IntEnable                       
0000412f  IntIsEnabled                    
00003f0f  IntMasterDisable                
00003eff  IntMasterEnable                 
00004225  IntPendClear                    
000041b5  IntPendSet                      
00004027  IntPriorityGet                  
00003f9f  IntPriorityGroupingGet          
00003f85  IntPriorityGroupingSet          
0000427f  IntPriorityMaskGet              
00004273  IntPriorityMaskSet              
00003fd7  IntPrioritySet                  
00003f1f  IntRegister                     
00004287  IntTrigger                      
00003f71  IntUnregister                   
00001bd5  LickPortAIntHandler             
00001941  MasterTimerIntHandler           
000031cf  PWMClockGet                     
000031af  PWMClockSet                     
00002cf9  PWMDeadBandDisable              
00002cc1  PWMDeadBandEnable               
00003075  PWMFaultIntClear                
000030a7  PWMFaultIntClearExt             
00002f8f  PWMFaultIntRegister             
00002fad  PWMFaultIntUnregister           
00002b55  PWMGenConfigure                 
00002c13  PWMGenDisable                   
00002bf9  PWMGenEnable                    
00003179  PWMGenFaultClear                
000030c5  PWMGenFaultConfigure            
00003143  PWMGenFaultStatus               
0000311f  PWMGenFaultTriggerGet           
000030f5  PWMGenFaultTriggerSet           
0000302d  PWMGenIntClear                  
00002f01  PWMGenIntRegister               
00003003  PWMGenIntStatus                 
00002fe5  PWMGenIntTrigDisable            
00002fc7  PWMGenIntTrigEnable             
00002f29  PWMGenIntUnregister             
00002bcf  PWMGenPeriodGet                 
00002b9f  PWMGenPeriodSet                 
0000305d  PWMIntDisable                   
00003045  PWMIntEnable                    
00003087  PWMIntStatus                    
00002dcf  PWMOutputFault                  
00002d9d  PWMOutputFaultLevel             
00002d6b  PWMOutputInvert                 
00002d39  PWMOutputState                  
000031f9  PWMOutputUpdateMode             
00002c77  PWMPulseWidthGet                
00002c2d  PWMPulseWidthSet                
00002d27  PWMSyncTimeBase                 
00002d15  PWMSyncUpdate                   
00001f59  RLSendMessage                   
000047d3  ResetISR                        
UNDEFED   SHT$$INIT_ARRAY$$Base           
UNDEFED   SHT$$INIT_ARRAY$$Limit          
00001189  SysCtlAltClkConfig              
000008d5  SysCtlClockFreqSet              
00000d79  SysCtlClockGet                  
0000116d  SysCtlClockOutConfig            
00000ba9  SysCtlClockSet                  
000007d5  SysCtlDeepSleep                 
00000f3d  SysCtlDeepSleepClockConfigSet   
00000f1f  SysCtlDeepSleepClockSet         
000007b5  SysCtlDeepSleepPowerSet         
000047df  SysCtlDelay                     
00000363  SysCtlFlashSectorSizeGet        
00000337  SysCtlFlashSizeGet              
00001013  SysCtlGPIOAHBDisable            
00000ff7  SysCtlGPIOAHBEnable             
00000749  SysCtlIntClear                  
00000731  SysCtlIntDisable                
0000071d  SysCtlIntEnable                 
000006f5  SysCtlIntRegister               
00000759  SysCtlIntStatus                 
0000070d  SysCtlIntUnregister             
0000079b  SysCtlLDODeepSleepGet           
0000078b  SysCtlLDODeepSleepSet           
00000785  SysCtlLDOSleepGet               
00000775  SysCtlLDOSleepSet               
0000080b  SysCtlMOSCConfigSet             
00001151  SysCtlNMIClear                  
0000113d  SysCtlNMIStatus                 
00000821  SysCtlPIOSCCalibrate            
00000fe1  SysCtlPWMClockGet               
00000fc7  SysCtlPWMClockSet               
000006a1  SysCtlPeripheralClockGating     
00000659  SysCtlPeripheralDeepSleepDisable
00000609  SysCtlPeripheralDeepSleepEnable 
00000545  SysCtlPeripheralDisable         
00000509  SysCtlPeripheralEnable          
00000445  SysCtlPeripheralPowerOff        
00000409  SysCtlPeripheralPowerOn         
00000389  SysCtlPeripheralPresent         
000003c9  SysCtlPeripheralReady           
00000481  SysCtlPeripheralReset           
000005cd  SysCtlPeripheralSleepDisable    
00000589  SysCtlPeripheralSleepEnable     
000007c5  SysCtlReset                     
00000881  SysCtlResetBehaviorGet          
00000871  SysCtlResetBehaviorSet          
000007f7  SysCtlResetCauseClear           
000007f1  SysCtlResetCauseGet             
0000032d  SysCtlSRAMSizeGet               
000007cd  SysCtlSleep                     
000007a1  SysCtlSleepPowerSet             
0000103b  SysCtlUSBPLLDisable             
0000102f  SysCtlUSBPLLEnable              
00001081  SysCtlVCOGet                    
00001069  SysCtlVoltageEventClear         
0000104d  SysCtlVoltageEventConfig        
0000105d  SysCtlVoltageEventStatus        
00003841  TimerADCEventGet                
0000382f  TimerADCEventSet                
0000355d  TimerClockSourceGet             
00003541  TimerClockSourceSet             
0000331f  TimerConfigure                  
0000343f  TimerControlEvent               
0000339b  TimerControlLevel               
00003469  TimerControlStall               
000033d1  TimerControlTrigger             
0000349f  TimerControlWaitOnTrigger       
00003861  TimerDMAEventGet                
0000384f  TimerDMAEventSet                
00003301  TimerDisable                    
000032e3  TimerEnable                     
0000380b  TimerIntClear                   
000037d5  TimerIntDisable                 
000037bd  TimerIntEnable                  
00003777  TimerIntRegister                
000037ed  TimerIntStatus                  
0000379f  TimerIntUnregister              
00003627  TimerLoadGet                    
00003661  TimerLoadGet64                  
000035fd  TimerLoadSet                    
00003643  TimerLoadSet64                  
0000370b  TimerMatchGet                   
00003745  TimerMatchGet64                 
000036e1  TimerMatchSet                   
00003727  TimerMatchSet64                 
00003597  TimerPrescaleGet                
000035e1  TimerPrescaleMatchGet           
000035b3  TimerPrescaleMatchSet           
0000356d  TimerPrescaleSet                
00003515  TimerRTCDisable                 
000034ff  TimerRTCEnable                  
0000381d  TimerSynchronize                
0000386f  TimerUpdateMode                 
00003693  TimerValueGet                   
000036af  TimerValueGet64                 
00001aeb  Tone1TimerHandler               
00001b47  Tone2TimerHandler               
00001b67  Tone3TimerHandler               
00001b87  Tone4TimerHandler               
00001dfd  UART0IntHandler                 
00003e9f  UART9BitAddrSend                
00003e79  UART9BitAddrSet                 
00003e63  UART9BitDisable                 
00003e4d  UART9BitEnable                  
00003cf3  UARTBreakCtl                    
00003d1d  UARTBusy                        
00003c9b  UARTCharGet                     
00003c7f  UARTCharGetNonBlocking          
00003cd5  UARTCharPut                     
00003cb1  UARTCharPutNonBlocking          
00003c43  UARTCharsAvail                  
00003e3d  UARTClockSourceGet              
00003e29  UARTClockSourceSet              
00003a0b  UARTConfigGetExpClk             
00003995  UARTConfigSetExpClk             
00003def  UARTDMADisable                  
00003dd7  UARTDMAEnable                   
00003a7b  UARTDisable                     
00003aff  UARTDisableSIR                  
00003a57  UARTEnable                      
00003ad1  UARTEnableSIR                   
00003abb  UARTFIFODisable                 
00003aa5  UARTFIFOEnable                  
0000396d  UARTFIFOLevelGet                
00003955  UARTFIFOLevelSet                
00003c03  UARTFlowControlGet              
00003be7  UARTFlowControlSet              
00003dc5  UARTIntClear                    
00003d8f  UARTIntDisable                  
00003d77  UARTIntEnable                   
00003d3b  UARTIntRegister                 
00003da7  UARTIntStatus                   
00003d5d  UARTIntUnregister               
00003ee7  UARTLoopbackEnable              
00003b9d  UARTModemControlClear           
00003bc1  UARTModemControlGet             
00003b5d  UARTModemControlSet             
00003bd3  UARTModemStatusGet              
00003943  UARTParityModeGet               
00003927  UARTParityModeSet               
00003e19  UARTRxErrorClear                
00003e07  UARTRxErrorGet                  
00003b47  UARTSmartCardDisable            
00003b15  UARTSmartCardEnable             
00003c61  UARTSpaceAvail                  
00003c31  UARTTxIntModeGet                
00003c15  UARTTxIntModeSet                
2000046c  __STACK_END                     
00000200  __STACK_SIZE                    
2000046c  __STACK_TOP                     
00004f38  __TI_CINIT_Base                 
00004f50  __TI_CINIT_Limit                
00004f1c  __TI_Handler_Table_Base         
00004f28  __TI_Handler_Table_Limit        
000044d1  __TI_auto_init                  
2000056c  __TI_cleanup_ptr                
00004541  __TI_decompress_lzss            
000047b9  __TI_decompress_none            
20000570  __TI_dtors_ptr                  
20000574  __TI_enable_exit_profile_output 
ffffffff  __TI_pprof_out_hndl             
ffffffff  __TI_prof_data_size             
ffffffff  __TI_prof_data_start            
00000000  __TI_static_base__              
000047c7  __TI_zero_init                  
000046e9  __aeabi_d2uiz                   
000042bd  __aeabi_dmul                    
00004455  __aeabi_memclr                  
00004455  __aeabi_memclr4                 
00004455  __aeabi_memclr8                 
000043b9  __aeabi_memcpy                  
000043b9  __aeabi_memcpy4                 
000043b9  __aeabi_memcpy8                 
00004457  __aeabi_memset                  
00004457  __aeabi_memset4                 
00004457  __aeabi_memset8                 
0000476b  __aeabi_ui2d                    
ffffffff  __binit__                       
ffffffff  __c_args__                      
000038c3  __mpu_init                      
2000026c  __stack                         
0000478d  _args_main                      
000045a9  _c_int00                        
20000578  _lock                           
000047b3  _nop                            
000047ab  _register_lock                  
000047a5  _register_unlock                
000044cf  _system_post_cinit              
000047e5  _system_pre_init                
2000057c  _unlock                         
00004601  abort                           
20000490  atLeastOneCorrect               
20000494  biasCounter                     
ffffffff  binit                           
00001451  coinFlip                        
000014d5  computeSongDeviation            
000012e7  configurePWM                    
000012c3  configureSinglePWM              
00004651  copy_in                         
200004a4  correct                         
200004c4  cycleCounter                    
00001237  enablePeripherals               
00001d89  enableUART                      
00001d09  enableValveTimer                
00004609  exit                            
20000480  finalTask                       
20000000  g_pfnRAMVectors                 
00000000  g_pfnVectors                    
200004b8  i                               
200005b8  leftLick                        
20000498  leftValveOpen                   
200004f4  leftValveOpenTime               
200004c0  lickWindow                      
200004cc  lickWindowDuration              
000011cd  main                            
20000584  main_func_sp                    
200004a8  masterTimerCounter              
000043b9  memcpy                          
0000445d  memset                          
2000048c  nonTemplateBlock                
20000488  nonTemplatePlayed               
200005bc  openDuration                    
00001ce5  openLeftValve                   
00001cbd  openRightValve                  
200004a0  openedOnce                      
20000470  outerPhase0                     
20000474  outerPhase1                     
20000478  outerPhase2                     
2000047c  outerPhase3                     
200004ac  phase1                          
200004b0  phase2                          
200004e4  phase2CounterTime               
200004b4  phase3                          
200004e8  phase3CounterTime               
200004ec  phase4CounterTime               
200004bc  play                            
00001619  playTone                        
200004e0  playToneCounter                 
20000588  pwmLoad                         
000046b3  rand                            
200005c0  rightLick                       
2000049c  rightValveOpen                  
200004f0  rightValveOpenTime              
000018d9  setUpMasterTimer                
00001545  setUpTonesTimers                
0000134d  shuffleSong                     
2000055c  song                            
20000500  songDeviation                   
0000469d  srand                           
200005c4  sum                             
20000484  templatePlayed                  
20000544  templateSong                    
200005c8  testChar                        
200004d8  timeBetweenTones                
200004dc  timeRes                         
200004d0  toneDuration                    
20000504  tones                           
200005a0  tonesIndex                      
200004c8  tonesPerSong                    
200004f8  totalTrials                     
200004fc  trial                           
200005cc  ui32Length1                     
200005d0  ui32Length2                     
200005d4  ui32Length3                     
200005d8  ui32PWMClock                    
00001d49  valveInterruptHandler           


GLOBAL SYMBOLS: SORTED BY Symbol Address 

address   name                            
-------   ----                            
00000000  __TI_static_base__              
00000000  g_pfnVectors                    
00000200  __STACK_SIZE                    
0000032d  SysCtlSRAMSizeGet               
00000337  SysCtlFlashSizeGet              
00000363  SysCtlFlashSectorSizeGet        
00000389  SysCtlPeripheralPresent         
000003c9  SysCtlPeripheralReady           
00000409  SysCtlPeripheralPowerOn         
00000445  SysCtlPeripheralPowerOff        
00000481  SysCtlPeripheralReset           
00000509  SysCtlPeripheralEnable          
00000545  SysCtlPeripheralDisable         
00000589  SysCtlPeripheralSleepEnable     
000005cd  SysCtlPeripheralSleepDisable    
00000609  SysCtlPeripheralDeepSleepEnable 
00000659  SysCtlPeripheralDeepSleepDisable
000006a1  SysCtlPeripheralClockGating     
000006f5  SysCtlIntRegister               
0000070d  SysCtlIntUnregister             
0000071d  SysCtlIntEnable                 
00000731  SysCtlIntDisable                
00000749  SysCtlIntClear                  
00000759  SysCtlIntStatus                 
00000775  SysCtlLDOSleepSet               
00000785  SysCtlLDOSleepGet               
0000078b  SysCtlLDODeepSleepSet           
0000079b  SysCtlLDODeepSleepGet           
000007a1  SysCtlSleepPowerSet             
000007b5  SysCtlDeepSleepPowerSet         
000007c5  SysCtlReset                     
000007cd  SysCtlSleep                     
000007d5  SysCtlDeepSleep                 
000007f1  SysCtlResetCauseGet             
000007f7  SysCtlResetCauseClear           
0000080b  SysCtlMOSCConfigSet             
00000821  SysCtlPIOSCCalibrate            
00000871  SysCtlResetBehaviorSet          
00000881  SysCtlResetBehaviorGet          
000008d5  SysCtlClockFreqSet              
00000ba9  SysCtlClockSet                  
00000d79  SysCtlClockGet                  
00000f1f  SysCtlDeepSleepClockSet         
00000f3d  SysCtlDeepSleepClockConfigSet   
00000fc7  SysCtlPWMClockSet               
00000fe1  SysCtlPWMClockGet               
00000ff7  SysCtlGPIOAHBEnable             
00001013  SysCtlGPIOAHBDisable            
0000102f  SysCtlUSBPLLEnable              
0000103b  SysCtlUSBPLLDisable             
0000104d  SysCtlVoltageEventConfig        
0000105d  SysCtlVoltageEventStatus        
00001069  SysCtlVoltageEventClear         
00001081  SysCtlVCOGet                    
0000113d  SysCtlNMIStatus                 
00001151  SysCtlNMIClear                  
0000116d  SysCtlClockOutConfig            
00001189  SysCtlAltClkConfig              
000011cd  main                            
00001237  enablePeripherals               
000012c3  configureSinglePWM              
000012e7  configurePWM                    
0000134d  shuffleSong                     
00001451  coinFlip                        
000014d5  computeSongDeviation            
00001545  setUpTonesTimers                
00001619  playTone                        
000018d9  setUpMasterTimer                
00001941  MasterTimerIntHandler           
00001aeb  Tone1TimerHandler               
00001b47  Tone2TimerHandler               
00001b67  Tone3TimerHandler               
00001b87  Tone4TimerHandler               
00001bd5  LickPortAIntHandler             
00001cbd  openRightValve                  
00001ce5  openLeftValve                   
00001d09  enableValveTimer                
00001d49  valveInterruptHandler           
00001d89  enableUART                      
00001dfd  UART0IntHandler                 
00001f59  RLSendMessage                   
0000206b  GPIODirModeSet                  
000020c7  GPIODirModeGet                  
00002113  GPIOIntTypeSet                  
000021b7  GPIOIntTypeGet                  
00002255  GPIOPadConfigSet                
0000248f  GPIOPadConfigGet                
000025e1  GPIOIntEnable                   
000025fb  GPIOIntDisable                  
00002615  GPIOIntStatus                   
00002637  GPIOIntClear                    
0000264b  GPIOIntRegister                 
00002669  GPIOIntUnregister               
00002683  GPIOPinRead                     
0000269b  GPIOPinWrite                    
000026bb  GPIOPinTypeADC                  
000026df  GPIOPinTypeCAN                  
00002703  GPIOPinTypeComparator           
00002727  GPIOPinTypeComparatorOutput     
0000274b  GPIOPinTypeDIVSCLK              
0000276f  GPIOPinTypeEPI                  
00002793  GPIOPinTypeEthernetLED          
000027b7  GPIOPinTypeEthernetMII          
000027db  GPIOPinTypeGPIOInput            
000027ff  GPIOPinTypeGPIOOutput           
00002823  GPIOPinTypeGPIOOutputOD         
00002847  GPIOPinTypeHibernateRTCCLK      
0000286b  GPIOPinTypeI2C                  
0000288f  GPIOPinTypeI2CSCL               
000028b3  GPIOPinTypeLCD                  
000028d7  GPIOPinTypeOneWire              
000028fb  GPIOPinTypePWM                  
0000291f  GPIOPinTypeQEI                  
00002943  GPIOPinTypeSSI                  
00002967  GPIOPinTypeTimer                
0000298b  GPIOPinTypeTrace                
000029af  GPIOPinTypeUART                 
000029d3  GPIOPinTypeUSBAnalog            
000029f7  GPIOPinTypeUSBDigital           
00002a1b  GPIOPinTypeWakeHigh             
00002a41  GPIOPinTypeWakeLow              
00002a67  GPIOPinWakeStatus               
00002a77  GPIOPinConfigure                
00002ad5  GPIODMATriggerEnable            
00002af3  GPIODMATriggerDisable           
00002b11  GPIOADCTriggerEnable            
00002b2f  GPIOADCTriggerDisable           
00002b55  PWMGenConfigure                 
00002b9f  PWMGenPeriodSet                 
00002bcf  PWMGenPeriodGet                 
00002bf9  PWMGenEnable                    
00002c13  PWMGenDisable                   
00002c2d  PWMPulseWidthSet                
00002c77  PWMPulseWidthGet                
00002cc1  PWMDeadBandEnable               
00002cf9  PWMDeadBandDisable              
00002d15  PWMSyncUpdate                   
00002d27  PWMSyncTimeBase                 
00002d39  PWMOutputState                  
00002d6b  PWMOutputInvert                 
00002d9d  PWMOutputFaultLevel             
00002dcf  PWMOutputFault                  
00002f01  PWMGenIntRegister               
00002f29  PWMGenIntUnregister             
00002f8f  PWMFaultIntRegister             
00002fad  PWMFaultIntUnregister           
00002fc7  PWMGenIntTrigEnable             
00002fe5  PWMGenIntTrigDisable            
00003003  PWMGenIntStatus                 
0000302d  PWMGenIntClear                  
00003045  PWMIntEnable                    
0000305d  PWMIntDisable                   
00003075  PWMFaultIntClear                
00003087  PWMIntStatus                    
000030a7  PWMFaultIntClearExt             
000030c5  PWMGenFaultConfigure            
000030f5  PWMGenFaultTriggerSet           
0000311f  PWMGenFaultTriggerGet           
00003143  PWMGenFaultStatus               
00003179  PWMGenFaultClear                
000031af  PWMClockSet                     
000031cf  PWMClockGet                     
000031f9  PWMOutputUpdateMode             
000032e3  TimerEnable                     
00003301  TimerDisable                    
0000331f  TimerConfigure                  
0000339b  TimerControlLevel               
000033d1  TimerControlTrigger             
0000343f  TimerControlEvent               
00003469  TimerControlStall               
0000349f  TimerControlWaitOnTrigger       
000034ff  TimerRTCEnable                  
00003515  TimerRTCDisable                 
00003541  TimerClockSourceSet             
0000355d  TimerClockSourceGet             
0000356d  TimerPrescaleSet                
00003597  TimerPrescaleGet                
000035b3  TimerPrescaleMatchSet           
000035e1  TimerPrescaleMatchGet           
000035fd  TimerLoadSet                    
00003627  TimerLoadGet                    
00003643  TimerLoadSet64                  
00003661  TimerLoadGet64                  
00003693  TimerValueGet                   
000036af  TimerValueGet64                 
000036e1  TimerMatchSet                   
0000370b  TimerMatchGet                   
00003727  TimerMatchSet64                 
00003745  TimerMatchGet64                 
00003777  TimerIntRegister                
0000379f  TimerIntUnregister              
000037bd  TimerIntEnable                  
000037d5  TimerIntDisable                 
000037ed  TimerIntStatus                  
0000380b  TimerIntClear                   
0000381d  TimerSynchronize                
0000382f  TimerADCEventSet                
00003841  TimerADCEventGet                
0000384f  TimerDMAEventSet                
00003861  TimerDMAEventGet                
0000386f  TimerUpdateMode                 
000038c3  __mpu_init                      
00003927  UARTParityModeSet               
00003943  UARTParityModeGet               
00003955  UARTFIFOLevelSet                
0000396d  UARTFIFOLevelGet                
00003995  UARTConfigSetExpClk             
00003a0b  UARTConfigGetExpClk             
00003a57  UARTEnable                      
00003a7b  UARTDisable                     
00003aa5  UARTFIFOEnable                  
00003abb  UARTFIFODisable                 
00003ad1  UARTEnableSIR                   
00003aff  UARTDisableSIR                  
00003b15  UARTSmartCardEnable             
00003b47  UARTSmartCardDisable            
00003b5d  UARTModemControlSet             
00003b9d  UARTModemControlClear           
00003bc1  UARTModemControlGet             
00003bd3  UARTModemStatusGet              
00003be7  UARTFlowControlSet              
00003c03  UARTFlowControlGet              
00003c15  UARTTxIntModeSet                
00003c31  UARTTxIntModeGet                
00003c43  UARTCharsAvail                  
00003c61  UARTSpaceAvail                  
00003c7f  UARTCharGetNonBlocking          
00003c9b  UARTCharGet                     
00003cb1  UARTCharPutNonBlocking          
00003cd5  UARTCharPut                     
00003cf3  UARTBreakCtl                    
00003d1d  UARTBusy                        
00003d3b  UARTIntRegister                 
00003d5d  UARTIntUnregister               
00003d77  UARTIntEnable                   
00003d8f  UARTIntDisable                  
00003da7  UARTIntStatus                   
00003dc5  UARTIntClear                    
00003dd7  UARTDMAEnable                   
00003def  UARTDMADisable                  
00003e07  UARTRxErrorGet                  
00003e19  UARTRxErrorClear                
00003e29  UARTClockSourceSet              
00003e3d  UARTClockSourceGet              
00003e4d  UART9BitEnable                  
00003e63  UART9BitDisable                 
00003e79  UART9BitAddrSet                 
00003e9f  UART9BitAddrSend                
00003ee7  UARTLoopbackEnable              
00003eff  IntMasterEnable                 
00003f0f  IntMasterDisable                
00003f1f  IntRegister                     
00003f71  IntUnregister                   
00003f85  IntPriorityGroupingSet          
00003f9f  IntPriorityGroupingGet          
00003fd7  IntPrioritySet                  
00004027  IntPriorityGet                  
0000404b  IntEnable                       
000040bd  IntDisable                      
0000412f  IntIsEnabled                    
000041b5  IntPendSet                      
00004225  IntPendClear                    
00004273  IntPriorityMaskSet              
0000427f  IntPriorityMaskGet              
00004287  IntTrigger                      
000042bd  __aeabi_dmul                    
000043b9  __aeabi_memcpy                  
000043b9  __aeabi_memcpy4                 
000043b9  __aeabi_memcpy8                 
000043b9  memcpy                          
00004455  __aeabi_memclr                  
00004455  __aeabi_memclr4                 
00004455  __aeabi_memclr8                 
00004457  __aeabi_memset                  
00004457  __aeabi_memset4                 
00004457  __aeabi_memset8                 
0000445d  memset                          
000044cf  _system_post_cinit              
000044d1  __TI_auto_init                  
00004541  __TI_decompress_lzss            
000045a9  _c_int00                        
000045fd  C$$EXIT                         
00004601  abort                           
00004609  exit                            
00004651  copy_in                         
0000469d  srand                           
000046b3  rand                            
000046e9  __aeabi_d2uiz                   
0000472d  CPUcpsid                        
00004739  CPUprimask                      
00004743  CPUcpsie                        
0000474f  CPUwfi                          
00004753  CPUbasepriSet                   
00004761  CPUbasepriGet                   
0000476b  __aeabi_ui2d                    
0000478d  _args_main                      
000047a5  _register_unlock                
000047ab  _register_lock                  
000047b3  _nop                            
000047b9  __TI_decompress_none            
000047c7  __TI_zero_init                  
000047d3  ResetISR                        
000047df  SysCtlDelay                     
000047e5  _system_pre_init                
00004f1c  __TI_Handler_Table_Base         
00004f28  __TI_Handler_Table_Limit        
00004f38  __TI_CINIT_Base                 
00004f50  __TI_CINIT_Limit                
20000000  g_pfnRAMVectors                 
2000026c  __stack                         
2000046c  __STACK_END                     
2000046c  __STACK_TOP                     
20000470  outerPhase0                     
20000474  outerPhase1                     
20000478  outerPhase2                     
2000047c  outerPhase3                     
20000480  finalTask                       
20000484  templatePlayed                  
20000488  nonTemplatePlayed               
2000048c  nonTemplateBlock                
20000490  atLeastOneCorrect               
20000494  biasCounter                     
20000498  leftValveOpen                   
2000049c  rightValveOpen                  
200004a0  openedOnce                      
200004a4  correct                         
200004a8  masterTimerCounter              
200004ac  phase1                          
200004b0  phase2                          
200004b4  phase3                          
200004b8  i                               
200004bc  play                            
200004c0  lickWindow                      
200004c4  cycleCounter                    
200004c8  tonesPerSong                    
200004cc  lickWindowDuration              
200004d0  toneDuration                    
200004d8  timeBetweenTones                
200004dc  timeRes                         
200004e0  playToneCounter                 
200004e4  phase2CounterTime               
200004e8  phase3CounterTime               
200004ec  phase4CounterTime               
200004f0  rightValveOpenTime              
200004f4  leftValveOpenTime               
200004f8  totalTrials                     
200004fc  trial                           
20000500  songDeviation                   
20000504  tones                           
20000544  templateSong                    
2000055c  song                            
2000056c  __TI_cleanup_ptr                
20000570  __TI_dtors_ptr                  
20000574  __TI_enable_exit_profile_output 
20000578  _lock                           
2000057c  _unlock                         
20000584  main_func_sp                    
20000588  pwmLoad                         
200005a0  tonesIndex                      
200005b8  leftLick                        
200005bc  openDuration                    
200005c0  rightLick                       
200005c4  sum                             
200005c8  testChar                        
200005cc  ui32Length1                     
200005d0  ui32Length2                     
200005d4  ui32Length3                     
200005d8  ui32PWMClock                    
ffffffff  __TI_pprof_out_hndl             
ffffffff  __TI_prof_data_size             
ffffffff  __TI_prof_data_start            
ffffffff  __binit__                       
ffffffff  __c_args__                      
ffffffff  binit                           
UNDEFED   SHT$$INIT_ARRAY$$Base           
UNDEFED   SHT$$INIT_ARRAY$$Limit          

[376 symbols]
